DRIFT_FIELD_LOW
DRIFT_FIELD_LOW
DRIFT_FIELD_LOW
DRIFT_FIELD_LOW
DRIFT_FIELD_LOW
DRIFT_FIELD_LOW
DRIFT_FIELD_LOW
DRIFT_FIELD_LOW
DRIFT_FIELD_LOW
DRIFT_FIELD_LOW
DRIFT_FIELD_LOW
DRIFT_FIELD_LOW
DRIFT_FIELD_LOW
DRIFT_FIELD_LOW
DRIFT_FIELD_LOW
DRIFT_FIELD_LOW
DRIFT_FIELD_LOW
DRIFT_FIELD_LOW
DRIFT_FIELD_LOW
DRIFT_FIELD_LOW
DRIFT_FIELD_LOW
DRIFT_FIELD_LOW
DRIFT_FIELD_LOW
DRIFT_FIELD_LOW
DRIFT_FIELD_LOW
DRIFT_FIELD_LOW
DRIFT_FIELD_LOW
DRIFT_FIELD_LOW
DRIFT_FIELD_LOW
DRIFT_FIELD_LOW
DRIFT_FIELD_LOW
DRIFT_FIELD_LOW
DRIFT_FIELD_LOW
DRIFT_FIELD_LOW
DRIFT_FIELD_LOW
DRIFT_FIELD_LOW
DRIFT_FIELD_LOW
DRIFT_FIELD_LOW
DRIFT_FIELD_LOW
DRIFT_FIELD_LOW
DRIFT_FIELD_LOW
DRIFT_FIELD_LOW
DRIFT_FIELD_LOW
DRIFT_FIELD_LOW
DRIFT_FIELD_LOW
DRIFT_FIELD_LOW
DRIFT_FIELD_LOW
DRIFT_FIELD_LOW
DRIFT_FIELD_LOW
DRIFT_FIELD_LOW
DRIFT_FIELD_LOW
DRIFT_FIELD_LOW
DRIFT_FIELD_LOW
DRIFT_FIELD_LOW
DRIFT_FIELD_LOW
DRIFT_FIELD_LOW
DRIFT_FIELD_LOW
DRIFT_FIELD_LOW
DRIFT_FIELD_LOW
DRIFT_FIELD_LOW
DRIFT_FIELD_LOW
DRIFT_FIELD_LOW
DRIFT_FIELD_LOW
DRIFT_FIELD_LOW
DRIFT_FIELD_LOW
DRIFT_FIELD_LOW
DRIFT_FIELD_LOW
DRIFT_FIELD_LOW
DRIFT_FIELD_LOW
DRIFT_FIELD_LOW
DRIFT_FIELD_LOW
DRIFT_FIELD_LOW
DRIFT_FIELD_LOW
DRIFT_FIELD_LOW
DRIFT_FIELD_LOW
DRIFT_FIELD_LOW
DRIFT_FIELD_LOW
DRIFT_FIELD_LOW
DRIFT_FIELD_LOW
DRIFT_FIELD_LOW
DRIFT_FIELD_LOW
DRIFT_FIELD_LOW
DRIFT_FIELD_LOW
DRIFT_FIELD_LOW
DRIFT_FIELD_LOW
DRIFT_FIELD_LOW
DRIFT_FIELD_LOW
DRIFT_FIELD_LOW
DRIFT_FIELD_LOW
DRIFT_FIELD_LOW
DRIFT_FIELD_LOW
DRIFT_FIELD_LOW
DRIFT_FIELD_LOW
DRIFT_FIELD_LOW
DRIFT_FIELD_LOW
DRIFT_FIELD_LOW
DRIFT_FIELD_LOW
DRIFT_FIELD_LOW
DRIFT_FIELD_LOW
DRIFT_FIELD_LOW
DRIFT_FIELD_LOW
DRIFT_FIELD_LOW
DRIFT_FIELD_LOW
DRIFT_FIELD_LOW
DRIFT_FIELD_LOW
DRIFT_FIELD_LOW
DRIFT_FIELD_LOW
DRIFT_FIELD_LOW
DRIFT_FIELD_LOW
DRIFT_FIELD_LOW
DRIFT_FIELD_LOW
DRIFT_FIELD_LOW
DRIFT_FIELD_LOW
DRIFT_FIELD_LOW
DRIFT_FIELD_LOW
DRIFT_FIELD_LOW
DRIFT_FIELD_LOW
DRIFT_FIELD_LOW
DRIFT_FIELD_LOW
DRIFT_FIELD_LOW
DRIFT_FIELD_LOW
DRIFT_FIELD_LOW
DRIFT_FIELD_LOW
DRIFT_FIELD_LOW
DRIFT_FIELD_LOW
DRIFT_FIELD_LOW
DRIFT_FIELD_LOW
DRIFT_FIELD_LOW
DRIFT_FIELD_LOW
DRIFT_FIELD_LOW
DRIFT_FIELD_LOW
DRIFT_FIELD_LOW
DRIFT_FIELD_LOW
DRIFT_FIELD_LOW
DRIFT_FIELD_LOW
DRIFT_FIELD_LOW
DRIFT_FIELD_LOW
DRIFT_FIELD_LOW
DRIFT_FIELD_LOW
DRIFT_FIELD_LOW
DRIFT_FIELD_LOW
DRIFT_FIELD_LOW
DRIFT_FIELD_LOW
DRIFT_FIELD_LOW
DRIFT_FIELD_LOW
DRIFT_FIELD_LOW
DRIFT_FIELD_LOW
DRIFT_FIELD_LOW
DRIFT_FIELD_LOW
DRIFT_FIELD_LOW
DRIFT_FIELD_LOW
DRIFT_FIELD_LOW
DRIFT_FIELD_LOW
DRIFT_FIELD_LOW
DRIFT_FIELD_LOW
DRIFT_FIELD_LOW
DRIFT_FIELD_LOW
DRIFT_FIELD_LOW
DRIFT_FIELD_LOW
DRIFT_FIELD_LOW
DRIFT_FIELD_LOW
DRIFT_FIELD_LOW
DRIFT_FIELD_LOW
DRIFT_FIELD_LOW
DRIFT_FIELD_LOW
DRIFT_FIELD_LOW
DRIFT_FIELD_LOW
DRIFT_FIELD_LOW
DRIFT_FIELD_LOW
DRIFT_FIELD_LOW
DRIFT_FIELD_LOW
DRIFT_FIELD_LOW
DRIFT_FIELD_LOW
DRIFT_FIELD_LOW
DRIFT_FIELD_LOW
DRIFT_FIELD_LOW
DRIFT_FIELD_LOW
DRIFT_FIELD_LOW
DRIFT_FIELD_LOW
DRIFT_FIELD_LOW
DRIFT_FIELD_LOW
DRIFT_FIELD_LOW
DRIFT_FIELD_LOW
DRIFT_FIELD_LOW
DRIFT_FIELD_LOW
DRIFT_FIELD_LOW
DRIFT_FIELD_LOW
DRIFT_FIELD_LOW
DRIFT_FIELD_LOW
DRIFT_FIELD_LOW
DRIFT_FIELD_LOW
DRIFT_FIELD_LOW
DRIFT_FIELD_LOW
DRIFT_FIELD_LOW
DRIFT_FIELD_LOW
DRIFT_FIELD_LOW
DRIFT_FIELD_LOW
DRIFT_FIELD_LOW
DRIFT_FIELD_LOW
DRIFT_FIELD_LOW
DRIFT_FIELD_LOW
DRIFT_FIELD_LOW
DRIFT_FIELD_LOW
DRIFT_FIELD_LOW
DRIFT_FIELD_LOW
DRIFT_FIELD_LOW
DRIFT_FIELD_LOW
DRIFT_FIELD_LOW
DRIFT_FIELD_LOW
DRIFT_FIELD_LOW
DRIFT_FIELD_LOW
DRIFT_FIELD_LOW
DRIFT_FIELD_LOW
DRIFT_FIELD_LOW
DRIFT_FIELD_LOW
DRIFT_FIELD_LOW
DRIFT_FIELD_LOW
DRIFT_FIELD_LOW
DRIFT_FIELD_LOW
DRIFT_FIELD_LOW
DRIFT_FIELD_LOW
DRIFT_FIELD_LOW
DRIFT_FIELD_LOW
DRIFT_FIELD_LOW
DRIFT_FIELD_LOW
DRIFT_FIELD_LOW
DRIFT_FIELD_LOW
DRIFT_FIELD_LOW
DRIFT_FIELD_LOW
DRIFT_EDGE_uniq_0230_xray_534_node
DRIFT_EDGE_SHIFT
DRIFT_EDGE_uniq_0232_xray_608_node
DRIFT_EDGE_SHIFT
DRIFT_EDGE_SHIFT
DRIFT_EDGE_uniq_0235_xray_719_node
DRIFT_EDGE_SHIFT
DRIFT_EDGE_uniq_0237_xray_793_node
DRIFT_EDGE_THIN
DRIFT_EDGE_THIN
DRIFT_EDGE_SHIFT
DRIFT_EDGE_SHIFT
DRIFT_EDGE_SHIFT
DRIFT_EDGE_THIN
DRIFT_EDGE_THIN
DRIFT_EDGE_SHIFT
DRIFT_EDGE_SHIFT
DRIFT_EDGE_uniq_0247_xray_166_node
DRIFT_EDGE_SHIFT
DRIFT_EDGE_uniq_0249_xray_240_node
DRIFT_FIELD_MID
DRIFT_FIELD_MID
DRIFT_FIELD_MID
DRIFT_FIELD_MID
DRIFT_FIELD_MID
DRIFT_FIELD_MID
DRIFT_FIELD_MID
DRIFT_FIELD_MID
DRIFT_FIELD_MID
DRIFT_FIELD_MID
DRIFT_FIELD_MID
DRIFT_FIELD_MID
DRIFT_FIELD_MID
DRIFT_FIELD_MID
DRIFT_FIELD_MID
DRIFT_FIELD_MID
DRIFT_FIELD_MID
DRIFT_FIELD_MID
DRIFT_FIELD_MID
DRIFT_FIELD_MID
DRIFT_FIELD_MID
DRIFT_FIELD_MID
DRIFT_FIELD_MID
DRIFT_FIELD_MID
DRIFT_FIELD_MID
DRIFT_FIELD_MID
DRIFT_FIELD_MID
DRIFT_FIELD_MID
DRIFT_FIELD_MID
DRIFT_FIELD_MID
DRIFT_FIELD_MID
DRIFT_FIELD_MID
DRIFT_FIELD_MID
DRIFT_FIELD_MID
DRIFT_FIELD_MID
DRIFT_FIELD_MID
DRIFT_FIELD_MID
DRIFT_FIELD_MID
DRIFT_FIELD_MID
DRIFT_FIELD_MID
DRIFT_FIELD_MID
DRIFT_FIELD_MID
DRIFT_FIELD_MID
DRIFT_FIELD_MID
DRIFT_FIELD_MID
DRIFT_FIELD_MID
DRIFT_FIELD_MID
DRIFT_FIELD_MID
DRIFT_FIELD_MID
DRIFT_FIELD_MID
DRIFT_FIELD_MID
DRIFT_FIELD_MID
DRIFT_FIELD_MID
DRIFT_FIELD_MID
DRIFT_FIELD_MID
DRIFT_FIELD_MID
DRIFT_FIELD_MID
DRIFT_FIELD_MID
DRIFT_FIELD_MID
DRIFT_FIELD_MID
DRIFT_FIELD_MID
DRIFT_FIELD_MID
DRIFT_FIELD_MID
DRIFT_FIELD_MID
DRIFT_FIELD_MID
DRIFT_FIELD_MID
DRIFT_FIELD_MID
DRIFT_FIELD_MID
DRIFT_FIELD_MID
DRIFT_FIELD_MID
DRIFT_FIELD_MID
DRIFT_FIELD_MID
DRIFT_FIELD_MID
DRIFT_FIELD_MID
DRIFT_FIELD_MID
DRIFT_FIELD_MID
DRIFT_FIELD_MID
DRIFT_FIELD_MID
DRIFT_FIELD_MID
DRIFT_FIELD_MID
DRIFT_FIELD_MID
DRIFT_FIELD_MID
DRIFT_FIELD_MID
DRIFT_FIELD_MID
DRIFT_FIELD_MID
DRIFT_FIELD_MID
DRIFT_FIELD_MID
DRIFT_FIELD_MID
DRIFT_FIELD_MID
DRIFT_FIELD_MID
DRIFT_FIELD_MID
DRIFT_FIELD_MID
DRIFT_FIELD_MID
DRIFT_FIELD_MID
DRIFT_FIELD_MID
DRIFT_FIELD_MID
DRIFT_FIELD_MID
DRIFT_FIELD_MID
DRIFT_FIELD_MID
DRIFT_FIELD_MID
DRIFT_FIELD_MID
DRIFT_FIELD_MID
DRIFT_FIELD_MID
DRIFT_FIELD_MID
DRIFT_FIELD_MID
DRIFT_FIELD_MID
DRIFT_FIELD_MID
DRIFT_FIELD_MID
DRIFT_FIELD_MID
DRIFT_FIELD_MID
DRIFT_FIELD_MID
DRIFT_FIELD_MID
DRIFT_FIELD_MID
DRIFT_FIELD_MID
DRIFT_FIELD_MID
DRIFT_FIELD_MID
DRIFT_FIELD_MID
DRIFT_FIELD_MID
DRIFT_FIELD_MID
DRIFT_FIELD_MID
DRIFT_FIELD_MID
DRIFT_FIELD_MID
DRIFT_FIELD_MID
DRIFT_FIELD_MID
DRIFT_FIELD_MID
DRIFT_FIELD_MID
DRIFT_FIELD_MID
DRIFT_FIELD_MID
DRIFT_FIELD_MID
DRIFT_FIELD_MID
DRIFT_FIELD_MID
DRIFT_FIELD_MID
DRIFT_FIELD_MID
DRIFT_FIELD_MID
DRIFT_FIELD_MID
DRIFT_FIELD_MID
DRIFT_FIELD_MID
DRIFT_FIELD_MID
DRIFT_FIELD_MID
DRIFT_FIELD_MID
DRIFT_FIELD_MID
DRIFT_FIELD_MID
DRIFT_FIELD_MID
DRIFT_FIELD_MID
DRIFT_FIELD_MID
DRIFT_FIELD_MID
DRIFT_FIELD_MID
DRIFT_FIELD_MID
DRIFT_FIELD_MID
DRIFT_FIELD_MID
DRIFT_FIELD_MID
DRIFT_FIELD_MID
DRIFT_FIELD_MID
DRIFT_FIELD_MID
DRIFT_FIELD_MID
DRIFT_FIELD_MID
DRIFT_FIELD_MID
DRIFT_FIELD_MID
DRIFT_FIELD_MID
DRIFT_FIELD_MID
DRIFT_FIELD_MID
DRIFT_FIELD_MID
DRIFT_FIELD_MID
DRIFT_FIELD_MID
DRIFT_FIELD_MID
DRIFT_FIELD_MID
DRIFT_FIELD_MID
DRIFT_FIELD_MID
DRIFT_FIELD_MID
DRIFT_FIELD_MID
DRIFT_FIELD_MID
DRIFT_FIELD_MID
DRIFT_FIELD_MID
DRIFT_FIELD_MID
DRIFT_FIELD_MID
DRIFT_FIELD_MID
DRIFT_FIELD_MID
DRIFT_FIELD_MID
DRIFT_FIELD_MID
DRIFT_FIELD_MID
DRIFT_FIELD_MID
DRIFT_FIELD_MID
DRIFT_FIELD_MID
DRIFT_FIELD_MID
DRIFT_FIELD_MID
DRIFT_FIELD_MID
DRIFT_FIELD_MID
DRIFT_FIELD_MID
DRIFT_FIELD_MID
DRIFT_FIELD_MID
DRIFT_FIELD_MID
DRIFT_FIELD_MID
DRIFT_FIELD_MID
DRIFT_FIELD_MID
DRIFT_FIELD_MID
DRIFT_FIELD_MID
DRIFT_FIELD_MID
DRIFT_FIELD_MID
DRIFT_FIELD_MID
DRIFT_FIELD_MID
DRIFT_FIELD_MID
DRIFT_FIELD_MID
DRIFT_FIELD_MID
DRIFT_FIELD_MID
DRIFT_FIELD_MID
DRIFT_FIELD_MID
DRIFT_FIELD_MID
DRIFT_FIELD_MID
DRIFT_FIELD_MID
DRIFT_FIELD_MID
DRIFT_FIELD_MID
DRIFT_FIELD_MID
DRIFT_FIELD_MID
DRIFT_FIELD_MID
DRIFT_FIELD_MID
DRIFT_FIELD_MID
DRIFT_FIELD_MID
DRIFT_FIELD_MID
DRIFT_FIELD_MID
DRIFT_FIELD_MID
DRIFT_FIELD_MID
DRIFT_FIELD_MID
DRIFT_FIELD_MID
DRIFT_FIELD_MID
DRIFT_FIELD_MID
DRIFT_FIELD_MID
DRIFT_FIELD_MID
DRIFT_FIELD_MID
DRIFT_FIELD_MID
DRIFT_FIELD_MID
DRIFT_EDGE_uniq_0480_xray_811_node
DRIFT_EDGE_SHIFT
DRIFT_EDGE_THIN
DRIFT_EDGE_uniq_0483_xray_922_node
DRIFT_EDGE_uniq_0484_xray_959_node
DRIFT_EDGE_uniq_0485_xray_996_node
DRIFT_EDGE_uniq_0486_xray_36_node
DRIFT_EDGE_uniq_0487_xray_73_node
DRIFT_EDGE_uniq_0488_xray_110_node
DRIFT_EDGE_uniq_0489_xray_147_node
DRIFT_EDGE_SHIFT
DRIFT_EDGE_uniq_0491_xray_221_node
DRIFT_EDGE_THIN
DRIFT_EDGE_THIN
DRIFT_EDGE_uniq_0494_xray_332_node
DRIFT_EDGE_uniq_0495_xray_369_node
DRIFT_EDGE_SHIFT
DRIFT_EDGE_THIN
DRIFT_EDGE_SHIFT
DRIFT_EDGE_uniq_0499_xray_517_node
DRIFT_FIELD_HIGH
DRIFT_FIELD_HIGH
DRIFT_FIELD_HIGH
DRIFT_FIELD_HIGH
DRIFT_FIELD_HIGH
DRIFT_FIELD_HIGH
DRIFT_FIELD_HIGH
DRIFT_FIELD_HIGH
DRIFT_FIELD_HIGH
DRIFT_FIELD_HIGH
DRIFT_FIELD_HIGH
DRIFT_FIELD_HIGH
DRIFT_FIELD_HIGH
DRIFT_FIELD_HIGH
DRIFT_FIELD_HIGH
DRIFT_FIELD_HIGH
DRIFT_FIELD_HIGH
DRIFT_FIELD_HIGH
DRIFT_FIELD_HIGH
DRIFT_FIELD_HIGH
DRIFT_FIELD_HIGH
DRIFT_FIELD_HIGH
DRIFT_FIELD_HIGH
DRIFT_FIELD_HIGH
DRIFT_FIELD_HIGH
DRIFT_FIELD_HIGH
DRIFT_FIELD_HIGH
DRIFT_FIELD_HIGH
DRIFT_FIELD_HIGH
DRIFT_FIELD_HIGH
DRIFT_FIELD_HIGH
DRIFT_FIELD_HIGH
DRIFT_FIELD_HIGH
DRIFT_FIELD_HIGH
DRIFT_FIELD_HIGH
DRIFT_FIELD_HIGH
DRIFT_FIELD_HIGH
DRIFT_FIELD_HIGH
DRIFT_FIELD_HIGH
DRIFT_FIELD_HIGH
DRIFT_FIELD_HIGH
DRIFT_FIELD_HIGH
DRIFT_FIELD_HIGH
DRIFT_FIELD_HIGH
DRIFT_FIELD_HIGH
DRIFT_FIELD_HIGH
DRIFT_FIELD_HIGH
DRIFT_FIELD_HIGH
DRIFT_FIELD_HIGH
DRIFT_FIELD_HIGH
DRIFT_FIELD_HIGH
DRIFT_FIELD_HIGH
DRIFT_FIELD_HIGH
DRIFT_FIELD_HIGH
DRIFT_FIELD_HIGH
DRIFT_FIELD_HIGH
DRIFT_FIELD_HIGH
DRIFT_FIELD_HIGH
DRIFT_FIELD_HIGH
DRIFT_FIELD_HIGH
DRIFT_FIELD_HIGH
DRIFT_FIELD_HIGH
DRIFT_FIELD_HIGH
DRIFT_FIELD_HIGH
DRIFT_FIELD_HIGH
DRIFT_FIELD_HIGH
DRIFT_FIELD_HIGH
DRIFT_FIELD_HIGH
DRIFT_FIELD_HIGH
DRIFT_FIELD_HIGH
DRIFT_FIELD_HIGH
DRIFT_FIELD_HIGH
DRIFT_FIELD_HIGH
DRIFT_FIELD_HIGH
DRIFT_FIELD_HIGH
DRIFT_FIELD_HIGH
DRIFT_FIELD_HIGH
DRIFT_FIELD_HIGH
DRIFT_FIELD_HIGH
DRIFT_FIELD_HIGH
DRIFT_FIELD_HIGH
DRIFT_FIELD_HIGH
DRIFT_FIELD_HIGH
DRIFT_FIELD_HIGH
DRIFT_FIELD_HIGH
DRIFT_FIELD_HIGH
DRIFT_FIELD_HIGH
DRIFT_FIELD_HIGH
DRIFT_FIELD_HIGH
DRIFT_FIELD_HIGH
DRIFT_FIELD_HIGH
DRIFT_FIELD_HIGH
DRIFT_FIELD_HIGH
DRIFT_FIELD_HIGH
DRIFT_FIELD_HIGH
DRIFT_FIELD_HIGH
DRIFT_FIELD_HIGH
DRIFT_FIELD_HIGH
DRIFT_FIELD_HIGH
DRIFT_FIELD_HIGH
DRIFT_FIELD_HIGH
DRIFT_FIELD_HIGH
DRIFT_FIELD_HIGH
DRIFT_FIELD_HIGH
DRIFT_FIELD_HIGH
DRIFT_FIELD_HIGH
DRIFT_FIELD_HIGH
DRIFT_FIELD_HIGH
DRIFT_FIELD_HIGH
DRIFT_FIELD_HIGH
DRIFT_FIELD_HIGH
DRIFT_FIELD_HIGH
DRIFT_FIELD_HIGH
DRIFT_FIELD_HIGH
DRIFT_FIELD_HIGH
DRIFT_FIELD_HIGH
DRIFT_FIELD_HIGH
DRIFT_FIELD_HIGH
DRIFT_FIELD_HIGH
DRIFT_FIELD_HIGH
DRIFT_FIELD_HIGH
DRIFT_FIELD_HIGH
DRIFT_FIELD_HIGH
DRIFT_FIELD_HIGH
DRIFT_FIELD_HIGH
DRIFT_FIELD_HIGH
DRIFT_FIELD_HIGH
DRIFT_FIELD_HIGH
DRIFT_FIELD_HIGH
DRIFT_FIELD_HIGH
DRIFT_FIELD_HIGH
DRIFT_FIELD_HIGH
DRIFT_FIELD_HIGH
DRIFT_FIELD_HIGH
DRIFT_FIELD_HIGH
DRIFT_FIELD_HIGH
DRIFT_FIELD_HIGH
DRIFT_FIELD_HIGH
DRIFT_FIELD_HIGH
DRIFT_FIELD_HIGH
DRIFT_FIELD_HIGH
DRIFT_FIELD_HIGH
DRIFT_FIELD_HIGH
DRIFT_FIELD_HIGH
DRIFT_FIELD_HIGH
DRIFT_FIELD_HIGH
DRIFT_FIELD_HIGH
DRIFT_FIELD_HIGH
DRIFT_FIELD_HIGH
DRIFT_FIELD_HIGH
DRIFT_FIELD_HIGH
DRIFT_FIELD_HIGH
DRIFT_FIELD_HIGH
DRIFT_FIELD_HIGH
DRIFT_FIELD_HIGH
DRIFT_FIELD_HIGH
DRIFT_FIELD_HIGH
DRIFT_FIELD_HIGH
DRIFT_FIELD_HIGH
DRIFT_FIELD_HIGH
DRIFT_FIELD_HIGH
DRIFT_FIELD_HIGH
DRIFT_FIELD_HIGH
DRIFT_FIELD_HIGH
DRIFT_FIELD_HIGH
DRIFT_FIELD_HIGH
DRIFT_FIELD_HIGH
DRIFT_FIELD_HIGH
DRIFT_FIELD_HIGH
DRIFT_FIELD_HIGH
DRIFT_FIELD_HIGH
DRIFT_FIELD_HIGH
DRIFT_FIELD_HIGH
DRIFT_FIELD_HIGH
DRIFT_FIELD_HIGH
DRIFT_FIELD_HIGH
DRIFT_FIELD_HIGH
DRIFT_FIELD_HIGH
DRIFT_FIELD_HIGH
DRIFT_FIELD_HIGH
DRIFT_FIELD_HIGH
DRIFT_FIELD_HIGH
DRIFT_FIELD_HIGH
DRIFT_FIELD_HIGH
DRIFT_FIELD_HIGH
DRIFT_FIELD_HIGH
DRIFT_FIELD_HIGH
DRIFT_FIELD_HIGH
DRIFT_FIELD_HIGH
DRIFT_FIELD_HIGH
DRIFT_FIELD_HIGH
DRIFT_FIELD_HIGH
DRIFT_FIELD_HIGH
DRIFT_FIELD_HIGH
DRIFT_FIELD_HIGH
DRIFT_FIELD_HIGH
DRIFT_FIELD_HIGH
DRIFT_FIELD_HIGH
DRIFT_FIELD_HIGH
DRIFT_FIELD_HIGH
DRIFT_FIELD_HIGH
DRIFT_FIELD_HIGH
DRIFT_FIELD_HIGH
DRIFT_FIELD_HIGH
DRIFT_FIELD_HIGH
DRIFT_FIELD_HIGH
DRIFT_FIELD_HIGH
DRIFT_FIELD_HIGH
DRIFT_FIELD_HIGH
DRIFT_FIELD_HIGH
DRIFT_FIELD_HIGH
DRIFT_FIELD_HIGH
DRIFT_FIELD_HIGH
DRIFT_FIELD_HIGH
DRIFT_FIELD_HIGH
DRIFT_FIELD_HIGH
DRIFT_FIELD_HIGH
DRIFT_FIELD_HIGH
DRIFT_FIELD_HIGH
DRIFT_FIELD_HIGH
DRIFT_FIELD_HIGH
DRIFT_FIELD_HIGH
DRIFT_FIELD_HIGH
DRIFT_FIELD_HIGH
DRIFT_FIELD_HIGH
DRIFT_FIELD_HIGH
DRIFT_FIELD_HIGH
DRIFT_FIELD_HIGH
DRIFT_FIELD_HIGH
DRIFT_FIELD_HIGH
DRIFT_EDGE_SHIFT
DRIFT_EDGE_THIN
DRIFT_EDGE_THIN
DRIFT_EDGE_SHIFT
DRIFT_EDGE_uniq_0734_xray_239_node
DRIFT_EDGE_uniq_0735_xray_276_node
DRIFT_EDGE_uniq_0736_xray_313_node
DRIFT_EDGE_uniq_0737_xray_350_node
DRIFT_EDGE_uniq_0738_xray_387_node
DRIFT_EDGE_uniq_0739_xray_424_node
DRIFT_EDGE_SHIFT
DRIFT_EDGE_THIN
DRIFT_EDGE_SHIFT
DRIFT_EDGE_uniq_0743_xray_572_node
DRIFT_EDGE_SHIFT
DRIFT_EDGE_THIN
DRIFT_EDGE_THIN
DRIFT_EDGE_SHIFT
DRIFT_EDGE_uniq_0748_xray_757_node
DRIFT_EDGE_THIN
DRIFT_FIELD_RETURN
DRIFT_FIELD_RETURN
DRIFT_FIELD_RETURN
DRIFT_FIELD_RETURN
DRIFT_FIELD_RETURN
DRIFT_FIELD_RETURN
DRIFT_FIELD_RETURN
DRIFT_FIELD_RETURN
DRIFT_FIELD_RETURN
DRIFT_FIELD_RETURN
DRIFT_FIELD_RETURN
DRIFT_FIELD_RETURN
DRIFT_FIELD_RETURN
DRIFT_FIELD_RETURN
DRIFT_FIELD_RETURN
DRIFT_FIELD_RETURN
DRIFT_FIELD_RETURN
DRIFT_FIELD_RETURN
DRIFT_FIELD_RETURN
DRIFT_FIELD_RETURN
DRIFT_FIELD_RETURN
DRIFT_FIELD_RETURN
DRIFT_FIELD_RETURN
DRIFT_FIELD_RETURN
DRIFT_FIELD_RETURN
DRIFT_FIELD_RETURN
DRIFT_FIELD_RETURN
DRIFT_FIELD_RETURN
DRIFT_FIELD_RETURN
DRIFT_FIELD_RETURN
DRIFT_FIELD_RETURN
DRIFT_FIELD_RETURN
DRIFT_FIELD_RETURN
DRIFT_FIELD_RETURN
DRIFT_FIELD_RETURN
DRIFT_FIELD_RETURN
DRIFT_FIELD_RETURN
DRIFT_FIELD_RETURN
DRIFT_FIELD_RETURN
DRIFT_FIELD_RETURN
DRIFT_FIELD_RETURN
DRIFT_FIELD_RETURN
DRIFT_FIELD_RETURN
DRIFT_FIELD_RETURN
DRIFT_FIELD_RETURN
DRIFT_FIELD_RETURN
DRIFT_FIELD_RETURN
DRIFT_FIELD_RETURN
DRIFT_FIELD_RETURN
DRIFT_FIELD_RETURN
DRIFT_FIELD_RETURN
DRIFT_FIELD_RETURN
DRIFT_FIELD_RETURN
DRIFT_FIELD_RETURN
DRIFT_FIELD_RETURN
DRIFT_FIELD_RETURN
DRIFT_FIELD_RETURN
DRIFT_FIELD_RETURN
DRIFT_FIELD_RETURN
DRIFT_FIELD_RETURN
DRIFT_FIELD_RETURN
DRIFT_FIELD_RETURN
DRIFT_FIELD_RETURN
DRIFT_FIELD_RETURN
DRIFT_FIELD_RETURN
DRIFT_FIELD_RETURN
DRIFT_FIELD_RETURN
DRIFT_FIELD_RETURN
DRIFT_FIELD_RETURN
DRIFT_FIELD_RETURN
DRIFT_FIELD_RETURN
DRIFT_FIELD_RETURN
DRIFT_FIELD_RETURN
DRIFT_FIELD_RETURN
DRIFT_FIELD_RETURN
DRIFT_FIELD_RETURN
DRIFT_FIELD_RETURN
DRIFT_FIELD_RETURN
DRIFT_FIELD_RETURN
DRIFT_FIELD_RETURN
DRIFT_FIELD_RETURN
DRIFT_FIELD_RETURN
DRIFT_FIELD_RETURN
DRIFT_FIELD_RETURN
DRIFT_FIELD_RETURN
DRIFT_FIELD_RETURN
DRIFT_FIELD_RETURN
DRIFT_FIELD_RETURN
DRIFT_FIELD_RETURN
DRIFT_FIELD_RETURN
DRIFT_FIELD_RETURN
DRIFT_FIELD_RETURN
DRIFT_FIELD_RETURN
DRIFT_FIELD_RETURN
DRIFT_FIELD_RETURN
DRIFT_FIELD_RETURN
DRIFT_FIELD_RETURN
DRIFT_FIELD_RETURN
DRIFT_FIELD_RETURN
DRIFT_FIELD_RETURN
DRIFT_FIELD_RETURN
DRIFT_FIELD_RETURN
DRIFT_FIELD_RETURN
DRIFT_FIELD_RETURN
DRIFT_FIELD_RETURN
DRIFT_FIELD_RETURN
DRIFT_FIELD_RETURN
DRIFT_FIELD_RETURN
DRIFT_FIELD_RETURN
DRIFT_FIELD_RETURN
DRIFT_FIELD_RETURN
DRIFT_FIELD_RETURN
DRIFT_FIELD_RETURN
DRIFT_FIELD_RETURN
DRIFT_FIELD_RETURN
DRIFT_FIELD_RETURN
DRIFT_FIELD_RETURN
DRIFT_FIELD_RETURN
DRIFT_FIELD_RETURN
DRIFT_FIELD_RETURN
DRIFT_FIELD_RETURN
DRIFT_FIELD_RETURN
DRIFT_FIELD_RETURN
DRIFT_FIELD_RETURN
DRIFT_FIELD_RETURN
DRIFT_FIELD_RETURN
DRIFT_FIELD_RETURN
DRIFT_FIELD_RETURN
DRIFT_FIELD_RETURN
DRIFT_FIELD_RETURN
DRIFT_FIELD_RETURN
DRIFT_FIELD_RETURN
DRIFT_FIELD_RETURN
DRIFT_FIELD_RETURN
DRIFT_FIELD_RETURN
DRIFT_FIELD_RETURN
DRIFT_FIELD_RETURN
DRIFT_FIELD_RETURN
DRIFT_FIELD_RETURN
DRIFT_FIELD_RETURN
DRIFT_FIELD_RETURN
DRIFT_FIELD_RETURN
DRIFT_FIELD_RETURN
DRIFT_FIELD_RETURN
DRIFT_FIELD_RETURN
DRIFT_FIELD_RETURN
DRIFT_FIELD_RETURN
DRIFT_FIELD_RETURN
DRIFT_FIELD_RETURN
DRIFT_FIELD_RETURN
DRIFT_FIELD_RETURN
DRIFT_FIELD_RETURN
DRIFT_FIELD_RETURN
DRIFT_FIELD_RETURN
DRIFT_FIELD_RETURN
DRIFT_FIELD_RETURN
DRIFT_FIELD_RETURN
DRIFT_FIELD_RETURN
DRIFT_FIELD_RETURN
DRIFT_FIELD_RETURN
DRIFT_FIELD_RETURN
DRIFT_FIELD_RETURN
DRIFT_FIELD_RETURN
DRIFT_FIELD_RETURN
DRIFT_FIELD_RETURN
DRIFT_FIELD_RETURN
DRIFT_FIELD_RETURN
DRIFT_FIELD_RETURN
DRIFT_FIELD_RETURN
DRIFT_FIELD_RETURN
DRIFT_FIELD_RETURN
DRIFT_FIELD_RETURN
DRIFT_FIELD_RETURN
DRIFT_FIELD_RETURN
DRIFT_FIELD_RETURN
DRIFT_FIELD_RETURN
DRIFT_FIELD_RETURN
DRIFT_FIELD_RETURN
DRIFT_FIELD_RETURN
DRIFT_FIELD_RETURN
DRIFT_FIELD_RETURN
DRIFT_FIELD_RETURN
DRIFT_FIELD_RETURN
DRIFT_FIELD_RETURN
DRIFT_FIELD_RETURN
DRIFT_FIELD_RETURN
DRIFT_FIELD_RETURN
DRIFT_FIELD_RETURN
DRIFT_FIELD_RETURN
DRIFT_FIELD_RETURN
DRIFT_FIELD_RETURN
DRIFT_FIELD_RETURN
DRIFT_FIELD_RETURN
DRIFT_FIELD_RETURN
DRIFT_FIELD_RETURN
DRIFT_FIELD_RETURN
DRIFT_FIELD_RETURN
DRIFT_FIELD_RETURN
DRIFT_FIELD_RETURN
DRIFT_FIELD_RETURN
DRIFT_FIELD_RETURN
DRIFT_FIELD_RETURN
DRIFT_FIELD_RETURN
DRIFT_FIELD_RETURN
DRIFT_FIELD_RETURN
DRIFT_FIELD_RETURN
DRIFT_FIELD_RETURN
DRIFT_FIELD_RETURN
DRIFT_FIELD_RETURN
DRIFT_FIELD_RETURN
DRIFT_FIELD_RETURN
DRIFT_FIELD_RETURN
DRIFT_FIELD_RETURN
DRIFT_FIELD_RETURN
DRIFT_FIELD_RETURN
DRIFT_FIELD_RETURN
DRIFT_FIELD_RETURN
DRIFT_FIELD_RETURN
DRIFT_FIELD_RETURN
DRIFT_FIELD_RETURN
DRIFT_FIELD_RETURN
DRIFT_FIELD_RETURN
DRIFT_FIELD_RETURN
DRIFT_FIELD_RETURN
DRIFT_FIELD_RETURN
DRIFT_FIELD_RETURN
DRIFT_FIELD_RETURN
DRIFT_FIELD_RETURN
DRIFT_FIELD_RETURN
DRIFT_FIELD_RETURN
DRIFT_EDGE_SHIFT
DRIFT_EDGE_SHIFT
DRIFT_EDGE_uniq_0982_xray_442_node
DRIFT_EDGE_uniq_0983_xray_479_node
DRIFT_EDGE_THIN
DRIFT_EDGE_SHIFT
DRIFT_EDGE_SHIFT
DRIFT_EDGE_uniq_0987_xray_627_node
DRIFT_EDGE_THIN
DRIFT_EDGE_uniq_0989_xray_701_node
DRIFT_EDGE_SHIFT
DRIFT_EDGE_SHIFT
DRIFT_EDGE_uniq_0992_xray_812_node
DRIFT_EDGE_uniq_0993_xray_849_node
DRIFT_EDGE_THIN
DRIFT_EDGE_THIN
DRIFT_EDGE_SHIFT
DRIFT_EDGE_SHIFT
DRIFT_EDGE_SHIFT
DRIFT_EDGE_uniq_0999_xray_74_node
DRIFT_FIELD_LOW
DRIFT_FIELD_LOW
DRIFT_FIELD_LOW
DRIFT_FIELD_LOW
DRIFT_FIELD_LOW
DRIFT_FIELD_LOW
DRIFT_FIELD_LOW
DRIFT_FIELD_LOW
DRIFT_FIELD_LOW
DRIFT_FIELD_LOW
DRIFT_FIELD_LOW
DRIFT_FIELD_LOW
DRIFT_FIELD_LOW
DRIFT_FIELD_LOW
DRIFT_FIELD_LOW
DRIFT_FIELD_LOW
DRIFT_FIELD_LOW
DRIFT_FIELD_LOW
DRIFT_FIELD_LOW
DRIFT_FIELD_LOW
DRIFT_FIELD_LOW
DRIFT_FIELD_LOW
DRIFT_FIELD_LOW
DRIFT_FIELD_LOW
DRIFT_FIELD_LOW
DRIFT_FIELD_LOW
DRIFT_FIELD_LOW
DRIFT_FIELD_LOW
DRIFT_FIELD_LOW
DRIFT_FIELD_LOW
DRIFT_FIELD_LOW
DRIFT_FIELD_LOW
DRIFT_FIELD_LOW
DRIFT_FIELD_LOW
DRIFT_FIELD_LOW
DRIFT_FIELD_LOW
DRIFT_FIELD_LOW
DRIFT_FIELD_LOW
DRIFT_FIELD_LOW
DRIFT_FIELD_LOW
DRIFT_FIELD_LOW
DRIFT_FIELD_LOW
DRIFT_FIELD_LOW
DRIFT_FIELD_LOW
DRIFT_FIELD_LOW
DRIFT_FIELD_LOW
DRIFT_FIELD_LOW
DRIFT_FIELD_LOW
DRIFT_FIELD_LOW
DRIFT_FIELD_LOW
DRIFT_FIELD_LOW
DRIFT_FIELD_LOW
DRIFT_FIELD_LOW
DRIFT_FIELD_LOW
DRIFT_FIELD_LOW
DRIFT_FIELD_LOW
DRIFT_FIELD_LOW
DRIFT_FIELD_LOW
DRIFT_FIELD_LOW
DRIFT_FIELD_LOW
DRIFT_FIELD_LOW
DRIFT_FIELD_LOW
DRIFT_FIELD_LOW
DRIFT_FIELD_LOW
DRIFT_FIELD_LOW
DRIFT_FIELD_LOW
DRIFT_FIELD_LOW
DRIFT_FIELD_LOW
DRIFT_FIELD_LOW
DRIFT_FIELD_LOW
DRIFT_FIELD_LOW
DRIFT_FIELD_LOW
DRIFT_FIELD_LOW
DRIFT_FIELD_LOW
DRIFT_FIELD_LOW
DRIFT_FIELD_LOW
DRIFT_FIELD_LOW
DRIFT_FIELD_LOW
DRIFT_FIELD_LOW
DRIFT_FIELD_LOW
DRIFT_FIELD_LOW
DRIFT_FIELD_LOW
DRIFT_FIELD_LOW
DRIFT_FIELD_LOW
DRIFT_FIELD_LOW
DRIFT_FIELD_LOW
DRIFT_FIELD_LOW
DRIFT_FIELD_LOW
DRIFT_FIELD_LOW
DRIFT_FIELD_LOW
DRIFT_FIELD_LOW
DRIFT_FIELD_LOW
DRIFT_FIELD_LOW
DRIFT_FIELD_LOW
DRIFT_FIELD_LOW
DRIFT_FIELD_LOW
DRIFT_FIELD_LOW
DRIFT_FIELD_LOW
DRIFT_FIELD_LOW
DRIFT_FIELD_LOW
DRIFT_FIELD_LOW
DRIFT_FIELD_LOW
DRIFT_FIELD_LOW
DRIFT_FIELD_LOW
DRIFT_FIELD_LOW
DRIFT_FIELD_LOW
DRIFT_FIELD_LOW
DRIFT_FIELD_LOW
DRIFT_FIELD_LOW
DRIFT_FIELD_LOW
DRIFT_FIELD_LOW
DRIFT_FIELD_LOW
DRIFT_FIELD_LOW
DRIFT_FIELD_LOW
DRIFT_FIELD_LOW
DRIFT_FIELD_LOW
DRIFT_FIELD_LOW
DRIFT_FIELD_LOW
DRIFT_FIELD_LOW
DRIFT_FIELD_LOW
DRIFT_FIELD_LOW
DRIFT_FIELD_LOW
DRIFT_FIELD_LOW
DRIFT_FIELD_LOW
DRIFT_FIELD_LOW
DRIFT_FIELD_LOW
DRIFT_FIELD_LOW
DRIFT_FIELD_LOW
DRIFT_FIELD_LOW
DRIFT_FIELD_LOW
DRIFT_FIELD_LOW
DRIFT_FIELD_LOW
DRIFT_FIELD_LOW
DRIFT_FIELD_LOW
DRIFT_FIELD_LOW
DRIFT_FIELD_LOW
DRIFT_FIELD_LOW
DRIFT_FIELD_LOW
DRIFT_FIELD_LOW
DRIFT_FIELD_LOW
DRIFT_FIELD_LOW
DRIFT_FIELD_LOW
DRIFT_FIELD_LOW
DRIFT_FIELD_LOW
DRIFT_FIELD_LOW
DRIFT_FIELD_LOW
DRIFT_FIELD_LOW
DRIFT_FIELD_LOW
DRIFT_FIELD_LOW
DRIFT_FIELD_LOW
DRIFT_FIELD_LOW
DRIFT_FIELD_LOW
DRIFT_FIELD_LOW
DRIFT_FIELD_LOW
DRIFT_FIELD_LOW
DRIFT_FIELD_LOW
DRIFT_FIELD_LOW
DRIFT_FIELD_LOW
DRIFT_FIELD_LOW
DRIFT_FIELD_LOW
DRIFT_FIELD_LOW
DRIFT_FIELD_LOW
DRIFT_FIELD_LOW
DRIFT_FIELD_LOW
DRIFT_FIELD_LOW
DRIFT_FIELD_LOW
DRIFT_FIELD_LOW
DRIFT_FIELD_LOW
DRIFT_FIELD_LOW
DRIFT_FIELD_LOW
DRIFT_FIELD_LOW
DRIFT_FIELD_LOW
DRIFT_FIELD_LOW
DRIFT_FIELD_LOW
DRIFT_FIELD_LOW
DRIFT_FIELD_LOW
DRIFT_FIELD_LOW
DRIFT_FIELD_LOW
DRIFT_FIELD_LOW
DRIFT_FIELD_LOW
DRIFT_FIELD_LOW
DRIFT_FIELD_LOW
DRIFT_FIELD_LOW
DRIFT_FIELD_LOW
DRIFT_FIELD_LOW
DRIFT_FIELD_LOW
DRIFT_FIELD_LOW
DRIFT_FIELD_LOW
DRIFT_FIELD_LOW
DRIFT_FIELD_LOW
DRIFT_FIELD_LOW
DRIFT_FIELD_LOW
DRIFT_FIELD_LOW
DRIFT_FIELD_LOW
DRIFT_FIELD_LOW
DRIFT_FIELD_LOW
DRIFT_FIELD_LOW
DRIFT_FIELD_LOW
DRIFT_FIELD_LOW
DRIFT_FIELD_LOW
DRIFT_FIELD_LOW
DRIFT_FIELD_LOW
DRIFT_FIELD_LOW
DRIFT_FIELD_LOW
DRIFT_FIELD_LOW
DRIFT_FIELD_LOW
DRIFT_FIELD_LOW
DRIFT_FIELD_LOW
DRIFT_FIELD_LOW
DRIFT_FIELD_LOW
DRIFT_FIELD_LOW
DRIFT_FIELD_LOW
DRIFT_FIELD_LOW
DRIFT_FIELD_LOW
DRIFT_FIELD_LOW
DRIFT_FIELD_LOW
DRIFT_FIELD_LOW
DRIFT_FIELD_LOW
DRIFT_FIELD_LOW
DRIFT_FIELD_LOW
DRIFT_FIELD_LOW
DRIFT_FIELD_LOW
DRIFT_FIELD_LOW
DRIFT_FIELD_LOW
DRIFT_FIELD_LOW
DRIFT_FIELD_LOW
DRIFT_FIELD_LOW
DRIFT_FIELD_LOW
DRIFT_FIELD_LOW
DRIFT_FIELD_LOW
DRIFT_EDGE_uniq_1230_xray_645_node
DRIFT_EDGE_THIN
DRIFT_EDGE_uniq_1232_xray_719_node
DRIFT_EDGE_uniq_1233_xray_756_node
DRIFT_EDGE_THIN
DRIFT_EDGE_SHIFT
DRIFT_EDGE_SHIFT
DRIFT_EDGE_THIN
DRIFT_EDGE_THIN
DRIFT_EDGE_THIN
DRIFT_EDGE_SHIFT
DRIFT_EDGE_uniq_1241_xray_55_node
DRIFT_EDGE_THIN
DRIFT_EDGE_THIN
DRIFT_EDGE_THIN
DRIFT_EDGE_THIN
DRIFT_EDGE_THIN
DRIFT_EDGE_SHIFT
DRIFT_EDGE_uniq_1248_xray_314_node
DRIFT_EDGE_THIN
DRIFT_FIELD_MID
DRIFT_FIELD_MID
DRIFT_FIELD_MID
DRIFT_FIELD_MID
DRIFT_FIELD_MID
DRIFT_FIELD_MID
DRIFT_FIELD_MID
DRIFT_FIELD_MID
DRIFT_FIELD_MID
DRIFT_FIELD_MID
DRIFT_FIELD_MID
DRIFT_FIELD_MID
DRIFT_FIELD_MID
DRIFT_FIELD_MID
DRIFT_FIELD_MID
DRIFT_FIELD_MID
DRIFT_FIELD_MID
DRIFT_FIELD_MID
DRIFT_FIELD_MID
DRIFT_FIELD_MID
DRIFT_FIELD_MID
DRIFT_FIELD_MID
DRIFT_FIELD_MID
DRIFT_FIELD_MID
DRIFT_FIELD_MID
DRIFT_FIELD_MID
DRIFT_FIELD_MID
DRIFT_FIELD_MID
DRIFT_FIELD_MID
DRIFT_FIELD_MID
DRIFT_FIELD_MID
DRIFT_FIELD_MID
DRIFT_FIELD_MID
DRIFT_FIELD_MID
DRIFT_FIELD_MID
DRIFT_FIELD_MID
DRIFT_FIELD_MID
DRIFT_FIELD_MID
DRIFT_FIELD_MID
DRIFT_FIELD_MID
DRIFT_FIELD_MID
DRIFT_FIELD_MID
DRIFT_FIELD_MID
DRIFT_FIELD_MID
DRIFT_FIELD_MID
DRIFT_FIELD_MID
DRIFT_FIELD_MID
DRIFT_FIELD_MID
DRIFT_FIELD_MID
DRIFT_FIELD_MID
DRIFT_FIELD_MID
DRIFT_FIELD_MID
DRIFT_FIELD_MID
DRIFT_FIELD_MID
DRIFT_FIELD_MID
DRIFT_FIELD_MID
DRIFT_FIELD_MID
DRIFT_FIELD_MID
DRIFT_FIELD_MID
DRIFT_FIELD_MID
DRIFT_FIELD_MID
DRIFT_FIELD_MID
DRIFT_FIELD_MID
DRIFT_FIELD_MID
DRIFT_FIELD_MID
DRIFT_FIELD_MID
DRIFT_FIELD_MID
DRIFT_FIELD_MID
DRIFT_FIELD_MID
DRIFT_FIELD_MID
DRIFT_FIELD_MID
DRIFT_FIELD_MID
DRIFT_FIELD_MID
DRIFT_FIELD_MID
DRIFT_FIELD_MID
DRIFT_FIELD_MID
DRIFT_FIELD_MID
DRIFT_FIELD_MID
DRIFT_FIELD_MID
DRIFT_FIELD_MID
DRIFT_FIELD_MID
DRIFT_FIELD_MID
DRIFT_FIELD_MID
DRIFT_FIELD_MID
DRIFT_FIELD_MID
DRIFT_FIELD_MID
DRIFT_FIELD_MID
DRIFT_FIELD_MID
DRIFT_FIELD_MID
DRIFT_FIELD_MID
DRIFT_FIELD_MID
DRIFT_FIELD_MID
DRIFT_FIELD_MID
DRIFT_FIELD_MID
DRIFT_FIELD_MID
DRIFT_FIELD_MID
DRIFT_FIELD_MID
DRIFT_FIELD_MID
DRIFT_FIELD_MID
DRIFT_FIELD_MID
DRIFT_FIELD_MID
DRIFT_FIELD_MID
DRIFT_FIELD_MID
DRIFT_FIELD_MID
DRIFT_FIELD_MID
DRIFT_FIELD_MID
DRIFT_FIELD_MID
DRIFT_FIELD_MID
DRIFT_FIELD_MID
DRIFT_FIELD_MID
DRIFT_FIELD_MID
DRIFT_FIELD_MID
DRIFT_FIELD_MID
DRIFT_FIELD_MID
DRIFT_FIELD_MID
DRIFT_FIELD_MID
DRIFT_FIELD_MID
DRIFT_FIELD_MID
DRIFT_FIELD_MID
DRIFT_FIELD_MID
DRIFT_FIELD_MID
DRIFT_FIELD_MID
DRIFT_FIELD_MID
DRIFT_FIELD_MID
DRIFT_FIELD_MID
DRIFT_FIELD_MID
DRIFT_FIELD_MID
DRIFT_FIELD_MID
DRIFT_FIELD_MID
DRIFT_FIELD_MID
DRIFT_FIELD_MID
DRIFT_FIELD_MID
DRIFT_FIELD_MID
DRIFT_FIELD_MID
DRIFT_FIELD_MID
DRIFT_FIELD_MID
DRIFT_FIELD_MID
DRIFT_FIELD_MID
DRIFT_FIELD_MID
DRIFT_FIELD_MID
DRIFT_FIELD_MID
DRIFT_FIELD_MID
DRIFT_FIELD_MID
DRIFT_FIELD_MID
DRIFT_FIELD_MID
DRIFT_FIELD_MID
DRIFT_FIELD_MID
DRIFT_FIELD_MID
DRIFT_FIELD_MID
DRIFT_FIELD_MID
DRIFT_FIELD_MID
DRIFT_FIELD_MID
DRIFT_FIELD_MID
DRIFT_FIELD_MID
DRIFT_FIELD_MID
DRIFT_FIELD_MID
DRIFT_FIELD_MID
DRIFT_FIELD_MID
DRIFT_FIELD_MID
DRIFT_FIELD_MID
DRIFT_FIELD_MID
DRIFT_FIELD_MID
DRIFT_FIELD_MID
DRIFT_FIELD_MID
DRIFT_FIELD_MID
DRIFT_FIELD_MID
DRIFT_FIELD_MID
DRIFT_FIELD_MID
DRIFT_FIELD_MID
DRIFT_FIELD_MID
DRIFT_FIELD_MID
DRIFT_FIELD_MID
DRIFT_FIELD_MID
DRIFT_FIELD_MID
DRIFT_FIELD_MID
DRIFT_FIELD_MID
DRIFT_FIELD_MID
DRIFT_FIELD_MID
DRIFT_FIELD_MID
DRIFT_FIELD_MID
DRIFT_FIELD_MID
DRIFT_FIELD_MID
DRIFT_FIELD_MID
DRIFT_FIELD_MID
DRIFT_FIELD_MID
DRIFT_FIELD_MID
DRIFT_FIELD_MID
DRIFT_FIELD_MID
DRIFT_FIELD_MID
DRIFT_FIELD_MID
DRIFT_FIELD_MID
DRIFT_FIELD_MID
DRIFT_FIELD_MID
DRIFT_FIELD_MID
DRIFT_FIELD_MID
DRIFT_FIELD_MID
DRIFT_FIELD_MID
DRIFT_FIELD_MID
DRIFT_FIELD_MID
DRIFT_FIELD_MID
DRIFT_FIELD_MID
DRIFT_FIELD_MID
DRIFT_FIELD_MID
DRIFT_FIELD_MID
DRIFT_FIELD_MID
DRIFT_FIELD_MID
DRIFT_FIELD_MID
DRIFT_FIELD_MID
DRIFT_FIELD_MID
DRIFT_FIELD_MID
DRIFT_FIELD_MID
DRIFT_FIELD_MID
DRIFT_FIELD_MID
DRIFT_FIELD_MID
DRIFT_FIELD_MID
DRIFT_FIELD_MID
DRIFT_FIELD_MID
DRIFT_FIELD_MID
DRIFT_FIELD_MID
DRIFT_FIELD_MID
DRIFT_FIELD_MID
DRIFT_FIELD_MID
DRIFT_FIELD_MID
DRIFT_FIELD_MID
DRIFT_FIELD_MID
DRIFT_FIELD_MID
DRIFT_FIELD_MID
DRIFT_FIELD_MID
DRIFT_FIELD_MID
DRIFT_FIELD_MID
DRIFT_EDGE_SHIFT
DRIFT_EDGE_THIN
DRIFT_EDGE_THIN
DRIFT_EDGE_uniq_1483_xray_36_node
DRIFT_EDGE_THIN
DRIFT_EDGE_THIN
DRIFT_EDGE_uniq_1486_xray_147_node
DRIFT_EDGE_SHIFT
DRIFT_EDGE_uniq_1488_xray_221_node
DRIFT_EDGE_THIN
DRIFT_EDGE_THIN
DRIFT_EDGE_SHIFT
DRIFT_EDGE_THIN
DRIFT_EDGE_SHIFT
DRIFT_EDGE_SHIFT
DRIFT_EDGE_uniq_1495_xray_480_node
DRIFT_EDGE_uniq_1496_xray_517_node
DRIFT_EDGE_SHIFT
DRIFT_EDGE_uniq_1498_xray_591_node
DRIFT_EDGE_SHIFT
DRIFT_FIELD_HIGH
DRIFT_FIELD_HIGH
DRIFT_FIELD_HIGH
DRIFT_FIELD_HIGH
DRIFT_FIELD_HIGH
DRIFT_FIELD_HIGH
DRIFT_FIELD_HIGH
DRIFT_FIELD_HIGH
DRIFT_FIELD_HIGH
DRIFT_FIELD_HIGH
DRIFT_FIELD_HIGH
DRIFT_FIELD_HIGH
DRIFT_FIELD_HIGH
DRIFT_FIELD_HIGH
DRIFT_FIELD_HIGH
DRIFT_FIELD_HIGH
DRIFT_FIELD_HIGH
DRIFT_FIELD_HIGH
DRIFT_FIELD_HIGH
DRIFT_FIELD_HIGH
DRIFT_FIELD_HIGH
DRIFT_FIELD_HIGH
DRIFT_FIELD_HIGH
DRIFT_FIELD_HIGH
DRIFT_FIELD_HIGH
DRIFT_FIELD_HIGH
DRIFT_FIELD_HIGH
DRIFT_FIELD_HIGH
DRIFT_FIELD_HIGH
DRIFT_FIELD_HIGH
DRIFT_FIELD_HIGH
DRIFT_FIELD_HIGH
DRIFT_FIELD_HIGH
DRIFT_FIELD_HIGH
DRIFT_FIELD_HIGH
DRIFT_FIELD_HIGH
DRIFT_FIELD_HIGH
DRIFT_FIELD_HIGH
DRIFT_FIELD_HIGH
DRIFT_FIELD_HIGH
DRIFT_FIELD_HIGH
DRIFT_FIELD_HIGH
DRIFT_FIELD_HIGH
DRIFT_FIELD_HIGH
DRIFT_FIELD_HIGH
DRIFT_FIELD_HIGH
DRIFT_FIELD_HIGH
DRIFT_FIELD_HIGH
DRIFT_FIELD_HIGH
DRIFT_FIELD_HIGH
DRIFT_FIELD_HIGH
DRIFT_FIELD_HIGH
DRIFT_FIELD_HIGH
DRIFT_FIELD_HIGH
DRIFT_FIELD_HIGH
DRIFT_FIELD_HIGH
DRIFT_FIELD_HIGH
DRIFT_FIELD_HIGH
DRIFT_FIELD_HIGH
DRIFT_FIELD_HIGH
DRIFT_FIELD_HIGH
DRIFT_FIELD_HIGH
DRIFT_FIELD_HIGH
DRIFT_FIELD_HIGH
DRIFT_FIELD_HIGH
DRIFT_FIELD_HIGH
DRIFT_FIELD_HIGH
DRIFT_FIELD_HIGH
DRIFT_FIELD_HIGH
DRIFT_FIELD_HIGH
DRIFT_FIELD_HIGH
DRIFT_FIELD_HIGH
DRIFT_FIELD_HIGH
DRIFT_FIELD_HIGH
DRIFT_FIELD_HIGH
DRIFT_FIELD_HIGH
DRIFT_FIELD_HIGH
DRIFT_FIELD_HIGH
DRIFT_FIELD_HIGH
DRIFT_FIELD_HIGH
DRIFT_FIELD_HIGH
DRIFT_FIELD_HIGH
DRIFT_FIELD_HIGH
DRIFT_FIELD_HIGH
DRIFT_FIELD_HIGH
DRIFT_FIELD_HIGH
DRIFT_FIELD_HIGH
DRIFT_FIELD_HIGH
DRIFT_FIELD_HIGH
DRIFT_FIELD_HIGH
DRIFT_FIELD_HIGH
DRIFT_FIELD_HIGH
DRIFT_FIELD_HIGH
DRIFT_FIELD_HIGH
DRIFT_FIELD_HIGH
DRIFT_FIELD_HIGH
DRIFT_FIELD_HIGH
DRIFT_FIELD_HIGH
DRIFT_FIELD_HIGH
DRIFT_FIELD_HIGH
DRIFT_FIELD_HIGH
DRIFT_FIELD_HIGH
DRIFT_FIELD_HIGH
DRIFT_FIELD_HIGH
DRIFT_FIELD_HIGH
DRIFT_FIELD_HIGH
DRIFT_FIELD_HIGH
DRIFT_FIELD_HIGH
DRIFT_FIELD_HIGH
DRIFT_FIELD_HIGH
DRIFT_FIELD_HIGH
DRIFT_FIELD_HIGH
DRIFT_FIELD_HIGH
DRIFT_FIELD_HIGH
DRIFT_FIELD_HIGH
DRIFT_FIELD_HIGH
DRIFT_FIELD_HIGH
DRIFT_FIELD_HIGH
DRIFT_FIELD_HIGH
DRIFT_FIELD_HIGH
DRIFT_FIELD_HIGH
DRIFT_FIELD_HIGH
DRIFT_FIELD_HIGH
DRIFT_FIELD_HIGH
DRIFT_FIELD_HIGH
DRIFT_FIELD_HIGH
DRIFT_FIELD_HIGH
DRIFT_FIELD_HIGH
DRIFT_FIELD_HIGH
DRIFT_FIELD_HIGH
DRIFT_FIELD_HIGH
DRIFT_FIELD_HIGH
DRIFT_FIELD_HIGH
DRIFT_FIELD_HIGH
DRIFT_FIELD_HIGH
DRIFT_FIELD_HIGH
DRIFT_FIELD_HIGH
DRIFT_FIELD_HIGH
DRIFT_FIELD_HIGH
DRIFT_FIELD_HIGH
DRIFT_FIELD_HIGH
DRIFT_FIELD_HIGH
DRIFT_FIELD_HIGH
DRIFT_FIELD_HIGH
DRIFT_FIELD_HIGH
DRIFT_FIELD_HIGH
DRIFT_FIELD_HIGH
DRIFT_FIELD_HIGH
DRIFT_FIELD_HIGH
DRIFT_FIELD_HIGH
DRIFT_FIELD_HIGH
DRIFT_FIELD_HIGH
DRIFT_FIELD_HIGH
DRIFT_FIELD_HIGH
DRIFT_FIELD_HIGH
DRIFT_FIELD_HIGH
DRIFT_FIELD_HIGH
DRIFT_FIELD_HIGH
DRIFT_FIELD_HIGH
DRIFT_FIELD_HIGH
DRIFT_FIELD_HIGH
DRIFT_FIELD_HIGH
DRIFT_FIELD_HIGH
DRIFT_FIELD_HIGH
DRIFT_FIELD_HIGH
DRIFT_FIELD_HIGH
DRIFT_FIELD_HIGH
DRIFT_FIELD_HIGH
DRIFT_FIELD_HIGH
DRIFT_FIELD_HIGH
DRIFT_FIELD_HIGH
DRIFT_FIELD_HIGH
DRIFT_FIELD_HIGH
DRIFT_FIELD_HIGH
DRIFT_FIELD_HIGH
DRIFT_FIELD_HIGH
DRIFT_FIELD_HIGH
DRIFT_FIELD_HIGH
DRIFT_FIELD_HIGH
DRIFT_FIELD_HIGH
DRIFT_FIELD_HIGH
DRIFT_FIELD_HIGH
DRIFT_FIELD_HIGH
DRIFT_FIELD_HIGH
DRIFT_FIELD_HIGH
DRIFT_FIELD_HIGH
DRIFT_FIELD_HIGH
DRIFT_FIELD_HIGH
DRIFT_FIELD_HIGH
DRIFT_FIELD_HIGH
DRIFT_FIELD_HIGH
DRIFT_FIELD_HIGH
DRIFT_FIELD_HIGH
DRIFT_FIELD_HIGH
DRIFT_FIELD_HIGH
DRIFT_FIELD_HIGH
DRIFT_FIELD_HIGH
DRIFT_FIELD_HIGH
DRIFT_FIELD_HIGH
DRIFT_FIELD_HIGH
DRIFT_FIELD_HIGH
DRIFT_FIELD_HIGH
DRIFT_FIELD_HIGH
DRIFT_FIELD_HIGH
DRIFT_FIELD_HIGH
DRIFT_FIELD_HIGH
DRIFT_FIELD_HIGH
DRIFT_FIELD_HIGH
DRIFT_FIELD_HIGH
DRIFT_FIELD_HIGH
DRIFT_FIELD_HIGH
DRIFT_FIELD_HIGH
DRIFT_FIELD_HIGH
DRIFT_FIELD_HIGH
DRIFT_FIELD_HIGH
DRIFT_FIELD_HIGH
DRIFT_FIELD_HIGH
DRIFT_FIELD_HIGH
DRIFT_FIELD_HIGH
DRIFT_FIELD_HIGH
DRIFT_FIELD_HIGH
DRIFT_FIELD_HIGH
DRIFT_FIELD_HIGH
DRIFT_FIELD_HIGH
DRIFT_FIELD_HIGH
DRIFT_FIELD_HIGH
DRIFT_FIELD_HIGH
DRIFT_FIELD_HIGH
DRIFT_FIELD_HIGH
DRIFT_FIELD_HIGH
DRIFT_EDGE_THIN
DRIFT_EDGE_uniq_1731_xray_239_node
DRIFT_EDGE_SHIFT
DRIFT_EDGE_THIN
DRIFT_EDGE_SHIFT
DRIFT_EDGE_SHIFT
DRIFT_EDGE_SHIFT
DRIFT_EDGE_THIN
DRIFT_EDGE_SHIFT
DRIFT_EDGE_SHIFT
DRIFT_EDGE_uniq_1740_xray_572_node
DRIFT_EDGE_uniq_1741_xray_609_node
DRIFT_EDGE_SHIFT
DRIFT_EDGE_THIN
DRIFT_EDGE_uniq_1744_xray_720_node
DRIFT_EDGE_THIN
DRIFT_EDGE_uniq_1746_xray_794_node
DRIFT_EDGE_uniq_1747_xray_831_node
DRIFT_EDGE_THIN
DRIFT_EDGE_SHIFT
DRIFT_FIELD_RETURN
DRIFT_FIELD_RETURN
DRIFT_FIELD_RETURN
DRIFT_FIELD_RETURN
DRIFT_FIELD_RETURN
DRIFT_FIELD_RETURN
DRIFT_FIELD_RETURN
DRIFT_FIELD_RETURN
DRIFT_FIELD_RETURN
DRIFT_FIELD_RETURN
DRIFT_FIELD_RETURN
DRIFT_FIELD_RETURN
DRIFT_FIELD_RETURN
DRIFT_FIELD_RETURN
DRIFT_FIELD_RETURN
DRIFT_FIELD_RETURN
DRIFT_FIELD_RETURN
DRIFT_FIELD_RETURN
DRIFT_FIELD_RETURN
DRIFT_FIELD_RETURN
DRIFT_FIELD_RETURN
DRIFT_FIELD_RETURN
DRIFT_FIELD_RETURN
DRIFT_FIELD_RETURN
DRIFT_FIELD_RETURN
DRIFT_FIELD_RETURN
DRIFT_FIELD_RETURN
DRIFT_FIELD_RETURN
DRIFT_FIELD_RETURN
DRIFT_FIELD_RETURN
DRIFT_FIELD_RETURN
DRIFT_FIELD_RETURN
DRIFT_FIELD_RETURN
DRIFT_FIELD_RETURN
DRIFT_FIELD_RETURN
DRIFT_FIELD_RETURN
DRIFT_FIELD_RETURN
DRIFT_FIELD_RETURN
DRIFT_FIELD_RETURN
DRIFT_FIELD_RETURN
DRIFT_FIELD_RETURN
DRIFT_FIELD_RETURN
DRIFT_FIELD_RETURN
DRIFT_FIELD_RETURN
DRIFT_FIELD_RETURN
DRIFT_FIELD_RETURN
DRIFT_FIELD_RETURN
DRIFT_FIELD_RETURN
DRIFT_FIELD_RETURN
DRIFT_FIELD_RETURN
DRIFT_FIELD_RETURN
DRIFT_FIELD_RETURN
DRIFT_FIELD_RETURN
DRIFT_FIELD_RETURN
DRIFT_FIELD_RETURN
DRIFT_FIELD_RETURN
DRIFT_FIELD_RETURN
DRIFT_FIELD_RETURN
DRIFT_FIELD_RETURN
DRIFT_FIELD_RETURN
DRIFT_FIELD_RETURN
DRIFT_FIELD_RETURN
DRIFT_FIELD_RETURN
DRIFT_FIELD_RETURN
DRIFT_FIELD_RETURN
DRIFT_FIELD_RETURN
DRIFT_FIELD_RETURN
DRIFT_FIELD_RETURN
DRIFT_FIELD_RETURN
DRIFT_FIELD_RETURN
DRIFT_FIELD_RETURN
DRIFT_FIELD_RETURN
DRIFT_FIELD_RETURN
DRIFT_FIELD_RETURN
DRIFT_FIELD_RETURN
DRIFT_FIELD_RETURN
DRIFT_FIELD_RETURN
DRIFT_FIELD_RETURN
DRIFT_FIELD_RETURN
DRIFT_FIELD_RETURN
DRIFT_FIELD_RETURN
DRIFT_FIELD_RETURN
DRIFT_FIELD_RETURN
DRIFT_FIELD_RETURN
DRIFT_FIELD_RETURN
DRIFT_FIELD_RETURN
DRIFT_FIELD_RETURN
DRIFT_FIELD_RETURN
DRIFT_FIELD_RETURN
DRIFT_FIELD_RETURN
DRIFT_FIELD_RETURN
DRIFT_FIELD_RETURN
DRIFT_FIELD_RETURN
DRIFT_FIELD_RETURN
DRIFT_FIELD_RETURN
DRIFT_FIELD_RETURN
DRIFT_FIELD_RETURN
DRIFT_FIELD_RETURN
DRIFT_FIELD_RETURN
DRIFT_FIELD_RETURN
DRIFT_FIELD_RETURN
DRIFT_FIELD_RETURN
DRIFT_FIELD_RETURN
DRIFT_FIELD_RETURN
DRIFT_FIELD_RETURN
DRIFT_FIELD_RETURN
DRIFT_FIELD_RETURN
DRIFT_FIELD_RETURN
DRIFT_FIELD_RETURN
DRIFT_FIELD_RETURN
DRIFT_FIELD_RETURN
DRIFT_FIELD_RETURN
DRIFT_FIELD_RETURN
DRIFT_FIELD_RETURN
DRIFT_FIELD_RETURN
DRIFT_FIELD_RETURN
DRIFT_FIELD_RETURN
DRIFT_FIELD_RETURN
DRIFT_FIELD_RETURN
DRIFT_FIELD_RETURN
DRIFT_FIELD_RETURN
DRIFT_FIELD_RETURN
DRIFT_FIELD_RETURN
DRIFT_FIELD_RETURN
DRIFT_FIELD_RETURN
DRIFT_FIELD_RETURN
DRIFT_FIELD_RETURN
DRIFT_FIELD_RETURN
DRIFT_FIELD_RETURN
DRIFT_FIELD_RETURN
DRIFT_FIELD_RETURN
DRIFT_FIELD_RETURN
DRIFT_FIELD_RETURN
DRIFT_FIELD_RETURN
DRIFT_FIELD_RETURN
DRIFT_FIELD_RETURN
DRIFT_FIELD_RETURN
DRIFT_FIELD_RETURN
DRIFT_FIELD_RETURN
DRIFT_FIELD_RETURN
DRIFT_FIELD_RETURN
DRIFT_FIELD_RETURN
DRIFT_FIELD_RETURN
DRIFT_FIELD_RETURN
DRIFT_FIELD_RETURN
DRIFT_FIELD_RETURN
DRIFT_FIELD_RETURN
DRIFT_FIELD_RETURN
DRIFT_FIELD_RETURN
DRIFT_FIELD_RETURN
DRIFT_FIELD_RETURN
DRIFT_FIELD_RETURN
DRIFT_FIELD_RETURN
DRIFT_FIELD_RETURN
DRIFT_FIELD_RETURN
DRIFT_FIELD_RETURN
DRIFT_FIELD_RETURN
DRIFT_FIELD_RETURN
DRIFT_FIELD_RETURN
DRIFT_FIELD_RETURN
DRIFT_FIELD_RETURN
DRIFT_FIELD_RETURN
DRIFT_FIELD_RETURN
DRIFT_FIELD_RETURN
DRIFT_FIELD_RETURN
DRIFT_FIELD_RETURN
DRIFT_FIELD_RETURN
DRIFT_FIELD_RETURN
DRIFT_FIELD_RETURN
DRIFT_FIELD_RETURN
DRIFT_FIELD_RETURN
DRIFT_FIELD_RETURN
DRIFT_FIELD_RETURN
DRIFT_FIELD_RETURN
DRIFT_FIELD_RETURN
DRIFT_FIELD_RETURN
DRIFT_FIELD_RETURN
DRIFT_FIELD_RETURN
DRIFT_FIELD_RETURN
DRIFT_FIELD_RETURN
DRIFT_FIELD_RETURN
DRIFT_FIELD_RETURN
DRIFT_FIELD_RETURN
DRIFT_FIELD_RETURN
DRIFT_FIELD_RETURN
DRIFT_FIELD_RETURN
DRIFT_FIELD_RETURN
DRIFT_FIELD_RETURN
DRIFT_FIELD_RETURN
DRIFT_FIELD_RETURN
DRIFT_FIELD_RETURN
DRIFT_FIELD_RETURN
DRIFT_FIELD_RETURN
DRIFT_FIELD_RETURN
DRIFT_FIELD_RETURN
DRIFT_FIELD_RETURN
DRIFT_FIELD_RETURN
DRIFT_FIELD_RETURN
DRIFT_FIELD_RETURN
DRIFT_FIELD_RETURN
DRIFT_FIELD_RETURN
DRIFT_FIELD_RETURN
DRIFT_FIELD_RETURN
DRIFT_FIELD_RETURN
DRIFT_FIELD_RETURN
DRIFT_FIELD_RETURN
DRIFT_FIELD_RETURN
DRIFT_FIELD_RETURN
DRIFT_FIELD_RETURN
DRIFT_FIELD_RETURN
DRIFT_FIELD_RETURN
DRIFT_FIELD_RETURN
DRIFT_FIELD_RETURN
DRIFT_FIELD_RETURN
DRIFT_FIELD_RETURN
DRIFT_FIELD_RETURN
DRIFT_FIELD_RETURN
DRIFT_FIELD_RETURN
DRIFT_FIELD_RETURN
DRIFT_FIELD_RETURN
DRIFT_FIELD_RETURN
DRIFT_FIELD_RETURN
DRIFT_FIELD_RETURN
DRIFT_FIELD_RETURN
DRIFT_FIELD_RETURN
DRIFT_FIELD_RETURN
DRIFT_FIELD_RETURN
DRIFT_FIELD_RETURN
DRIFT_FIELD_RETURN
DRIFT_FIELD_RETURN
DRIFT_EDGE_THIN
DRIFT_EDGE_SHIFT
DRIFT_EDGE_uniq_1982_xray_553_node
DRIFT_EDGE_uniq_1983_xray_590_node
DRIFT_EDGE_SHIFT
DRIFT_EDGE_THIN
DRIFT_EDGE_uniq_1986_xray_701_node
DRIFT_EDGE_THIN
DRIFT_EDGE_SHIFT
DRIFT_EDGE_uniq_1989_xray_812_node
DRIFT_EDGE_SHIFT
DRIFT_EDGE_uniq_1991_xray_886_node
DRIFT_EDGE_uniq_1992_xray_923_node
DRIFT_EDGE_uniq_1993_xray_960_node
DRIFT_EDGE_SHIFT
DRIFT_EDGE_THIN
DRIFT_EDGE_SHIFT
DRIFT_EDGE_uniq_1997_xray_111_node
DRIFT_EDGE_THIN
DRIFT_EDGE_uniq_1999_xray_185_node
DRIFT_FIELD_LOW
