SPARSE_STABLE_FIELD
SPARSE_STABLE_FIELD
SPARSE_STABLE_FIELD
SPARSE_STABLE_FIELD
SPARSE_STABLE_FIELD
SPARSE_STABLE_FIELD
SPARSE_STABLE_FIELD
SPARSE_STABLE_FIELD
SPARSE_STABLE_FIELD
SPARSE_STABLE_FIELD
SPARSE_STABLE_FIELD
SPARSE_STABLE_FIELD
SPARSE_STABLE_FIELD
SPARSE_STABLE_FIELD
SPARSE_STABLE_FIELD
SPARSE_STABLE_FIELD
SPARSE_STABLE_FIELD
SPARSE_STABLE_FIELD
SPARSE_STABLE_FIELD
SPARSE_STABLE_FIELD
SPARSE_STABLE_FIELD
SPARSE_STABLE_FIELD
SPARSE_STABLE_FIELD
SPARSE_STABLE_FIELD
SPARSE_STABLE_FIELD
SPARSE_STABLE_FIELD
SPARSE_STABLE_FIELD
SPARSE_STABLE_FIELD
SPARSE_STABLE_FIELD
SPARSE_STABLE_FIELD
SPARSE_STABLE_FIELD
SPARSE_STABLE_FIELD
SPARSE_STABLE_FIELD
SPARSE_STABLE_FIELD
SPARSE_STABLE_FIELD
SPARSE_STABLE_FIELD
SPARSE_STABLE_FIELD
SPARSE_STABLE_FIELD
SPARSE_STABLE_FIELD
SPARSE_STABLE_FIELD
SPARSE_STABLE_FIELD
SPARSE_STABLE_FIELD
SPARSE_STABLE_FIELD
SPARSE_STABLE_FIELD
SPARSE_STABLE_FIELD
SPARSE_STABLE_FIELD
SPARSE_STABLE_FIELD
SPARSE_STABLE_FIELD
SPARSE_STABLE_FIELD
SPARSE_STABLE_FIELD
SPARSE_STABLE_FIELD
SPARSE_STABLE_FIELD
SPARSE_STABLE_FIELD
SPARSE_STABLE_FIELD
SPARSE_STABLE_FIELD
SPARSE_STABLE_FIELD
SPARSE_STABLE_FIELD
SPARSE_STABLE_FIELD
SPARSE_STABLE_FIELD
PULSE_PEAK
PULSE_FALL
PULSE_RISE
PULSE_FALL
PULSE_RISE
PULSE_FALL
PULSE_PEAK
PULSE_PEAK
PULSE_FALL
PULSE_PEAK
PULSE_FALL
PULSE_RISE
PULSE_RISE
PULSE_PEAK
PULSE_PEAK
PULSE_RISE
PULSE_FALL
PULSE_RISE
PULSE_PEAK
PULSE_PEAK
PULSE_PEAK
PULSE_RISE
PULSE_PEAK
PULSE_FALL
PULSE_RISE
PULSE_FALL
PULSE_RISE
PULSE_PEAK
PULSE_RESIDUE_uniq_0088_xray_265_node
PULSE_RESIDUE_uniq_0089_xray_302_node
PULSE_RESIDUE_uniq_0090_xray_339_node
PULSE_RESIDUE_uniq_0091_xray_376_node
PULSE_RESIDUE_uniq_0092_xray_413_node
PULSE_RESIDUE_uniq_0093_xray_450_node
PULSE_RESIDUE_uniq_0094_xray_487_node
PULSE_RESIDUE_uniq_0095_xray_524_node
PULSE_RESIDUE_uniq_0096_xray_561_node
PULSE_RESIDUE_uniq_0097_xray_598_node
PULSE_RESIDUE_uniq_0098_xray_635_node
PULSE_RESIDUE_uniq_0099_xray_672_node
PULSE_RESIDUE_uniq_0100_xray_709_node
PULSE_RESIDUE_uniq_0101_xray_746_node
PULSE_RESIDUE_uniq_0102_xray_783_node
PULSE_RESIDUE_uniq_0103_xray_820_node
PULSE_RESIDUE_uniq_0104_xray_857_node
SPARSE_STABLE_FIELD
SPARSE_STABLE_FIELD
SPARSE_STABLE_FIELD
SPARSE_STABLE_FIELD
SPARSE_STABLE_FIELD
SPARSE_STABLE_FIELD
SPARSE_STABLE_FIELD
SPARSE_STABLE_FIELD
SPARSE_STABLE_FIELD
SPARSE_STABLE_FIELD
SPARSE_STABLE_FIELD
SPARSE_STABLE_FIELD
SPARSE_STABLE_FIELD
SPARSE_STABLE_FIELD
SPARSE_STABLE_FIELD
SPARSE_STABLE_FIELD
SPARSE_STABLE_FIELD
SPARSE_STABLE_FIELD
SPARSE_STABLE_FIELD
SPARSE_STABLE_FIELD
SPARSE_STABLE_FIELD
SPARSE_STABLE_FIELD
SPARSE_STABLE_FIELD
SPARSE_STABLE_FIELD
SPARSE_STABLE_FIELD
SPARSE_STABLE_FIELD
SPARSE_STABLE_FIELD
SPARSE_STABLE_FIELD
SPARSE_STABLE_FIELD
SPARSE_STABLE_FIELD
SPARSE_STABLE_FIELD
SPARSE_STABLE_FIELD
SPARSE_STABLE_FIELD
SPARSE_STABLE_FIELD
SPARSE_STABLE_FIELD
SPARSE_STABLE_FIELD
SPARSE_STABLE_FIELD
SPARSE_STABLE_FIELD
SPARSE_STABLE_FIELD
SPARSE_STABLE_FIELD
SPARSE_STABLE_FIELD
SPARSE_STABLE_FIELD
SPARSE_STABLE_FIELD
SPARSE_STABLE_FIELD
SPARSE_STABLE_FIELD
SPARSE_STABLE_FIELD
SPARSE_STABLE_FIELD
SPARSE_STABLE_FIELD
SPARSE_STABLE_FIELD
SPARSE_STABLE_FIELD
SPARSE_STABLE_FIELD
SPARSE_STABLE_FIELD
SPARSE_STABLE_FIELD
SPARSE_STABLE_FIELD
SPARSE_STABLE_FIELD
SPARSE_STABLE_FIELD
SPARSE_STABLE_FIELD
SPARSE_STABLE_FIELD
SPARSE_STABLE_FIELD
SPARSE_STABLE_FIELD
SPARSE_STABLE_FIELD
SPARSE_STABLE_FIELD
SPARSE_STABLE_FIELD
SPARSE_STABLE_FIELD
SPARSE_STABLE_FIELD
SPARSE_STABLE_FIELD
SPARSE_STABLE_FIELD
SPARSE_STABLE_FIELD
SPARSE_STABLE_FIELD
SPARSE_STABLE_FIELD
SPARSE_STABLE_FIELD
SPARSE_STABLE_FIELD
SPARSE_STABLE_FIELD
SPARSE_STABLE_FIELD
SPARSE_STABLE_FIELD
SPARSE_STABLE_FIELD
SPARSE_STABLE_FIELD
SPARSE_STABLE_FIELD
SPARSE_STABLE_FIELD
SPARSE_STABLE_FIELD
SPARSE_STABLE_FIELD
SPARSE_STABLE_FIELD
SPARSE_STABLE_FIELD
SPARSE_STABLE_FIELD
SPARSE_STABLE_FIELD
SPARSE_STABLE_FIELD
SPARSE_STABLE_FIELD
SPARSE_STABLE_FIELD
SPARSE_STABLE_FIELD
SPARSE_STABLE_FIELD
SPARSE_STABLE_FIELD
SPARSE_STABLE_FIELD
SPARSE_STABLE_FIELD
SPARSE_STABLE_FIELD
SPARSE_STABLE_FIELD
SPARSE_STABLE_FIELD
SPARSE_STABLE_FIELD
SPARSE_STABLE_FIELD
SPARSE_STABLE_FIELD
SPARSE_STABLE_FIELD
SPARSE_STABLE_FIELD
SPARSE_STABLE_FIELD
SPARSE_STABLE_FIELD
SPARSE_STABLE_FIELD
SPARSE_STABLE_FIELD
SPARSE_STABLE_FIELD
SPARSE_STABLE_FIELD
SPARSE_STABLE_FIELD
SPARSE_STABLE_FIELD
SPARSE_STABLE_FIELD
SPARSE_STABLE_FIELD
SPARSE_STABLE_FIELD
SPARSE_STABLE_FIELD
SPARSE_STABLE_FIELD
SPARSE_STABLE_FIELD
SPARSE_STABLE_FIELD
SPARSE_STABLE_FIELD
SPARSE_STABLE_FIELD
SPARSE_STABLE_FIELD
SPARSE_STABLE_FIELD
SPARSE_STABLE_FIELD
SPARSE_STABLE_FIELD
SPARSE_STABLE_FIELD
SPARSE_STABLE_FIELD
SPARSE_STABLE_FIELD
SPARSE_STABLE_FIELD
SPARSE_STABLE_FIELD
SPARSE_STABLE_FIELD
SPARSE_STABLE_FIELD
SPARSE_STABLE_FIELD
SPARSE_STABLE_FIELD
SPARSE_STABLE_FIELD
SPARSE_STABLE_FIELD
SPARSE_STABLE_FIELD
SPARSE_STABLE_FIELD
SPARSE_STABLE_FIELD
SPARSE_STABLE_FIELD
SPARSE_STABLE_FIELD
SPARSE_STABLE_FIELD
SPARSE_STABLE_FIELD
SPARSE_STABLE_FIELD
SPARSE_STABLE_FIELD
SPARSE_STABLE_FIELD
SPARSE_STABLE_FIELD
SPARSE_STABLE_FIELD
SPARSE_STABLE_FIELD
SPARSE_STABLE_FIELD
SPARSE_STABLE_FIELD
SPARSE_STABLE_FIELD
SPARSE_STABLE_FIELD
SPARSE_STABLE_FIELD
SPARSE_STABLE_FIELD
SPARSE_STABLE_FIELD
SPARSE_STABLE_FIELD
SPARSE_STABLE_FIELD
SPARSE_STABLE_FIELD
SPARSE_STABLE_FIELD
SPARSE_STABLE_FIELD
SPARSE_STABLE_FIELD
SPARSE_STABLE_FIELD
SPARSE_STABLE_FIELD
SPARSE_STABLE_FIELD
SPARSE_STABLE_FIELD
SPARSE_STABLE_FIELD
SPARSE_STABLE_FIELD
SPARSE_STABLE_FIELD
SPARSE_STABLE_FIELD
SPARSE_STABLE_FIELD
SPARSE_STABLE_FIELD
SPARSE_STABLE_FIELD
SPARSE_STABLE_FIELD
SPARSE_STABLE_FIELD
SPARSE_STABLE_FIELD
SPARSE_STABLE_FIELD
SPARSE_STABLE_FIELD
SPARSE_STABLE_FIELD
SPARSE_STABLE_FIELD
SPARSE_STABLE_FIELD
SPARSE_STABLE_FIELD
SPARSE_STABLE_FIELD
SPARSE_STABLE_FIELD
SPARSE_STABLE_FIELD
SPARSE_STABLE_FIELD
SPARSE_STABLE_FIELD
SPARSE_STABLE_FIELD
SPARSE_STABLE_FIELD
SPARSE_STABLE_FIELD
SPARSE_STABLE_FIELD
SPARSE_STABLE_FIELD
SPARSE_STABLE_FIELD
SPARSE_STABLE_FIELD
SPARSE_STABLE_FIELD
SPARSE_STABLE_FIELD
SPARSE_STABLE_FIELD
SPARSE_STABLE_FIELD
SPARSE_STABLE_FIELD
SPARSE_STABLE_FIELD
SPARSE_STABLE_FIELD
SPARSE_STABLE_FIELD
SPARSE_STABLE_FIELD
SPARSE_STABLE_FIELD
SPARSE_STABLE_FIELD
SPARSE_STABLE_FIELD
SPARSE_STABLE_FIELD
SPARSE_STABLE_FIELD
SPARSE_STABLE_FIELD
SPARSE_STABLE_FIELD
SPARSE_STABLE_FIELD
SPARSE_STABLE_FIELD
SPARSE_STABLE_FIELD
SPARSE_STABLE_FIELD
SPARSE_STABLE_FIELD
SPARSE_STABLE_FIELD
SPARSE_STABLE_FIELD
SPARSE_STABLE_FIELD
SPARSE_STABLE_FIELD
SPARSE_STABLE_FIELD
SPARSE_STABLE_FIELD
SPARSE_STABLE_FIELD
SPARSE_STABLE_FIELD
SPARSE_STABLE_FIELD
SPARSE_STABLE_FIELD
SPARSE_STABLE_FIELD
SPARSE_STABLE_FIELD
SPARSE_STABLE_FIELD
SPARSE_STABLE_FIELD
SPARSE_STABLE_FIELD
SPARSE_STABLE_FIELD
SPARSE_STABLE_FIELD
SPARSE_STABLE_FIELD
SPARSE_STABLE_FIELD
SPARSE_STABLE_FIELD
SPARSE_STABLE_FIELD
SPARSE_STABLE_FIELD
SPARSE_STABLE_FIELD
SPARSE_STABLE_FIELD
SPARSE_STABLE_FIELD
SPARSE_STABLE_FIELD
SPARSE_STABLE_FIELD
SPARSE_STABLE_FIELD
SPARSE_STABLE_FIELD
SPARSE_STABLE_FIELD
SPARSE_STABLE_FIELD
SPARSE_STABLE_FIELD
SPARSE_STABLE_FIELD
SPARSE_STABLE_FIELD
SPARSE_STABLE_FIELD
SPARSE_STABLE_FIELD
SPARSE_STABLE_FIELD
SPARSE_STABLE_FIELD
SPARSE_STABLE_FIELD
SPARSE_STABLE_FIELD
SPARSE_STABLE_FIELD
SPARSE_STABLE_FIELD
SPARSE_STABLE_FIELD
SPARSE_STABLE_FIELD
SPARSE_STABLE_FIELD
SPARSE_STABLE_FIELD
SPARSE_STABLE_FIELD
SPARSE_STABLE_FIELD
SPARSE_STABLE_FIELD
SPARSE_STABLE_FIELD
SPARSE_STABLE_FIELD
SPARSE_STABLE_FIELD
SPARSE_STABLE_FIELD
SPARSE_STABLE_FIELD
SPARSE_STABLE_FIELD
SPARSE_STABLE_FIELD
SPARSE_STABLE_FIELD
SPARSE_STABLE_FIELD
SPARSE_STABLE_FIELD
SPARSE_STABLE_FIELD
SPARSE_STABLE_FIELD
SPARSE_STABLE_FIELD
SPARSE_STABLE_FIELD
SPARSE_STABLE_FIELD
SPARSE_STABLE_FIELD
SPARSE_STABLE_FIELD
SPARSE_STABLE_FIELD
SPARSE_STABLE_FIELD
SPARSE_STABLE_FIELD
SPARSE_STABLE_FIELD
SPARSE_STABLE_FIELD
SPARSE_STABLE_FIELD
SPARSE_STABLE_FIELD
SPARSE_STABLE_FIELD
SPARSE_STABLE_FIELD
SPARSE_STABLE_FIELD
SPARSE_STABLE_FIELD
SPARSE_STABLE_FIELD
SPARSE_STABLE_FIELD
SPARSE_STABLE_FIELD
SPARSE_STABLE_FIELD
SPARSE_STABLE_FIELD
SPARSE_STABLE_FIELD
PULSE_PEAK
PULSE_RISE
PULSE_PEAK
PULSE_RISE
PULSE_FALL
PULSE_RISE
PULSE_PEAK
PULSE_RISE
PULSE_RISE
PULSE_FALL
PULSE_RISE
PULSE_PEAK
PULSE_RISE
PULSE_FALL
PULSE_PEAK
PULSE_RISE
PULSE_PEAK
PULSE_FALL
PULSE_RISE
PULSE_RISE
PULSE_PEAK
PULSE_RISE
PULSE_PEAK
PULSE_RISE
PULSE_PEAK
PULSE_FALL
PULSE_PEAK
PULSE_PEAK
PULSE_RESIDUE_uniq_0428_xray_881_node
PULSE_RESIDUE_uniq_0429_xray_918_node
PULSE_RESIDUE_uniq_0430_xray_955_node
PULSE_RESIDUE_uniq_0431_xray_992_node
PULSE_RESIDUE_uniq_0432_xray_32_node
PULSE_RESIDUE_uniq_0433_xray_69_node
PULSE_RESIDUE_uniq_0434_xray_106_node
PULSE_RESIDUE_uniq_0435_xray_143_node
PULSE_RESIDUE_uniq_0436_xray_180_node
PULSE_RESIDUE_uniq_0437_xray_217_node
PULSE_RESIDUE_uniq_0438_xray_254_node
PULSE_RESIDUE_uniq_0439_xray_291_node
PULSE_RESIDUE_uniq_0440_xray_328_node
PULSE_RESIDUE_uniq_0441_xray_365_node
PULSE_RESIDUE_uniq_0442_xray_402_node
PULSE_RESIDUE_uniq_0443_xray_439_node
PULSE_RESIDUE_uniq_0444_xray_476_node
SPARSE_STABLE_FIELD
SPARSE_STABLE_FIELD
SPARSE_STABLE_FIELD
SPARSE_STABLE_FIELD
SPARSE_STABLE_FIELD
SPARSE_STABLE_FIELD
SPARSE_STABLE_FIELD
SPARSE_STABLE_FIELD
SPARSE_STABLE_FIELD
SPARSE_STABLE_FIELD
SPARSE_STABLE_FIELD
SPARSE_STABLE_FIELD
SPARSE_STABLE_FIELD
SPARSE_STABLE_FIELD
SPARSE_STABLE_FIELD
SPARSE_STABLE_FIELD
SPARSE_STABLE_FIELD
SPARSE_STABLE_FIELD
SPARSE_STABLE_FIELD
SPARSE_STABLE_FIELD
SPARSE_STABLE_FIELD
SPARSE_STABLE_FIELD
SPARSE_STABLE_FIELD
SPARSE_STABLE_FIELD
SPARSE_STABLE_FIELD
SPARSE_STABLE_FIELD
SPARSE_STABLE_FIELD
SPARSE_STABLE_FIELD
SPARSE_STABLE_FIELD
SPARSE_STABLE_FIELD
SPARSE_STABLE_FIELD
SPARSE_STABLE_FIELD
SPARSE_STABLE_FIELD
SPARSE_STABLE_FIELD
SPARSE_STABLE_FIELD
SPARSE_STABLE_FIELD
SPARSE_STABLE_FIELD
SPARSE_STABLE_FIELD
SPARSE_STABLE_FIELD
SPARSE_STABLE_FIELD
SPARSE_STABLE_FIELD
SPARSE_STABLE_FIELD
SPARSE_STABLE_FIELD
SPARSE_STABLE_FIELD
SPARSE_STABLE_FIELD
SPARSE_STABLE_FIELD
SPARSE_STABLE_FIELD
SPARSE_STABLE_FIELD
SPARSE_STABLE_FIELD
SPARSE_STABLE_FIELD
SPARSE_STABLE_FIELD
SPARSE_STABLE_FIELD
SPARSE_STABLE_FIELD
SPARSE_STABLE_FIELD
SPARSE_STABLE_FIELD
SPARSE_STABLE_FIELD
SPARSE_STABLE_FIELD
SPARSE_STABLE_FIELD
SPARSE_STABLE_FIELD
SPARSE_STABLE_FIELD
SPARSE_STABLE_FIELD
SPARSE_STABLE_FIELD
SPARSE_STABLE_FIELD
SPARSE_STABLE_FIELD
SPARSE_STABLE_FIELD
SPARSE_STABLE_FIELD
SPARSE_STABLE_FIELD
SPARSE_STABLE_FIELD
SPARSE_STABLE_FIELD
SPARSE_STABLE_FIELD
SPARSE_STABLE_FIELD
SPARSE_STABLE_FIELD
SPARSE_STABLE_FIELD
SPARSE_STABLE_FIELD
SPARSE_STABLE_FIELD
SPARSE_STABLE_FIELD
SPARSE_STABLE_FIELD
SPARSE_STABLE_FIELD
SPARSE_STABLE_FIELD
SPARSE_STABLE_FIELD
SPARSE_STABLE_FIELD
SPARSE_STABLE_FIELD
SPARSE_STABLE_FIELD
SPARSE_STABLE_FIELD
SPARSE_STABLE_FIELD
SPARSE_STABLE_FIELD
SPARSE_STABLE_FIELD
SPARSE_STABLE_FIELD
SPARSE_STABLE_FIELD
SPARSE_STABLE_FIELD
SPARSE_STABLE_FIELD
SPARSE_STABLE_FIELD
SPARSE_STABLE_FIELD
SPARSE_STABLE_FIELD
SPARSE_STABLE_FIELD
SPARSE_STABLE_FIELD
SPARSE_STABLE_FIELD
SPARSE_STABLE_FIELD
SPARSE_STABLE_FIELD
SPARSE_STABLE_FIELD
SPARSE_STABLE_FIELD
SPARSE_STABLE_FIELD
SPARSE_STABLE_FIELD
SPARSE_STABLE_FIELD
SPARSE_STABLE_FIELD
SPARSE_STABLE_FIELD
SPARSE_STABLE_FIELD
SPARSE_STABLE_FIELD
SPARSE_STABLE_FIELD
SPARSE_STABLE_FIELD
SPARSE_STABLE_FIELD
SPARSE_STABLE_FIELD
SPARSE_STABLE_FIELD
SPARSE_STABLE_FIELD
SPARSE_STABLE_FIELD
SPARSE_STABLE_FIELD
SPARSE_STABLE_FIELD
SPARSE_STABLE_FIELD
SPARSE_STABLE_FIELD
SPARSE_STABLE_FIELD
SPARSE_STABLE_FIELD
SPARSE_STABLE_FIELD
SPARSE_STABLE_FIELD
SPARSE_STABLE_FIELD
SPARSE_STABLE_FIELD
SPARSE_STABLE_FIELD
SPARSE_STABLE_FIELD
SPARSE_STABLE_FIELD
SPARSE_STABLE_FIELD
SPARSE_STABLE_FIELD
SPARSE_STABLE_FIELD
SPARSE_STABLE_FIELD
SPARSE_STABLE_FIELD
SPARSE_STABLE_FIELD
SPARSE_STABLE_FIELD
SPARSE_STABLE_FIELD
SPARSE_STABLE_FIELD
SPARSE_STABLE_FIELD
SPARSE_STABLE_FIELD
SPARSE_STABLE_FIELD
SPARSE_STABLE_FIELD
SPARSE_STABLE_FIELD
SPARSE_STABLE_FIELD
SPARSE_STABLE_FIELD
SPARSE_STABLE_FIELD
SPARSE_STABLE_FIELD
SPARSE_STABLE_FIELD
SPARSE_STABLE_FIELD
SPARSE_STABLE_FIELD
SPARSE_STABLE_FIELD
SPARSE_STABLE_FIELD
SPARSE_STABLE_FIELD
SPARSE_STABLE_FIELD
SPARSE_STABLE_FIELD
SPARSE_STABLE_FIELD
SPARSE_STABLE_FIELD
SPARSE_STABLE_FIELD
SPARSE_STABLE_FIELD
SPARSE_STABLE_FIELD
SPARSE_STABLE_FIELD
SPARSE_STABLE_FIELD
SPARSE_STABLE_FIELD
SPARSE_STABLE_FIELD
SPARSE_STABLE_FIELD
SPARSE_STABLE_FIELD
SPARSE_STABLE_FIELD
SPARSE_STABLE_FIELD
SPARSE_STABLE_FIELD
SPARSE_STABLE_FIELD
SPARSE_STABLE_FIELD
SPARSE_STABLE_FIELD
SPARSE_STABLE_FIELD
SPARSE_STABLE_FIELD
SPARSE_STABLE_FIELD
SPARSE_STABLE_FIELD
SPARSE_STABLE_FIELD
SPARSE_STABLE_FIELD
SPARSE_STABLE_FIELD
SPARSE_STABLE_FIELD
SPARSE_STABLE_FIELD
SPARSE_STABLE_FIELD
SPARSE_STABLE_FIELD
SPARSE_STABLE_FIELD
SPARSE_STABLE_FIELD
SPARSE_STABLE_FIELD
SPARSE_STABLE_FIELD
SPARSE_STABLE_FIELD
SPARSE_STABLE_FIELD
SPARSE_STABLE_FIELD
SPARSE_STABLE_FIELD
SPARSE_STABLE_FIELD
SPARSE_STABLE_FIELD
SPARSE_STABLE_FIELD
SPARSE_STABLE_FIELD
SPARSE_STABLE_FIELD
SPARSE_STABLE_FIELD
SPARSE_STABLE_FIELD
SPARSE_STABLE_FIELD
SPARSE_STABLE_FIELD
SPARSE_STABLE_FIELD
SPARSE_STABLE_FIELD
SPARSE_STABLE_FIELD
SPARSE_STABLE_FIELD
SPARSE_STABLE_FIELD
SPARSE_STABLE_FIELD
SPARSE_STABLE_FIELD
SPARSE_STABLE_FIELD
SPARSE_STABLE_FIELD
SPARSE_STABLE_FIELD
SPARSE_STABLE_FIELD
SPARSE_STABLE_FIELD
SPARSE_STABLE_FIELD
SPARSE_STABLE_FIELD
SPARSE_STABLE_FIELD
SPARSE_STABLE_FIELD
SPARSE_STABLE_FIELD
SPARSE_STABLE_FIELD
SPARSE_STABLE_FIELD
SPARSE_STABLE_FIELD
SPARSE_STABLE_FIELD
SPARSE_STABLE_FIELD
SPARSE_STABLE_FIELD
SPARSE_STABLE_FIELD
SPARSE_STABLE_FIELD
SPARSE_STABLE_FIELD
SPARSE_STABLE_FIELD
SPARSE_STABLE_FIELD
SPARSE_STABLE_FIELD
SPARSE_STABLE_FIELD
SPARSE_STABLE_FIELD
SPARSE_STABLE_FIELD
SPARSE_STABLE_FIELD
SPARSE_STABLE_FIELD
SPARSE_STABLE_FIELD
SPARSE_STABLE_FIELD
SPARSE_STABLE_FIELD
SPARSE_STABLE_FIELD
SPARSE_STABLE_FIELD
SPARSE_STABLE_FIELD
SPARSE_STABLE_FIELD
SPARSE_STABLE_FIELD
SPARSE_STABLE_FIELD
SPARSE_STABLE_FIELD
SPARSE_STABLE_FIELD
SPARSE_STABLE_FIELD
SPARSE_STABLE_FIELD
SPARSE_STABLE_FIELD
SPARSE_STABLE_FIELD
SPARSE_STABLE_FIELD
SPARSE_STABLE_FIELD
SPARSE_STABLE_FIELD
SPARSE_STABLE_FIELD
SPARSE_STABLE_FIELD
SPARSE_STABLE_FIELD
SPARSE_STABLE_FIELD
SPARSE_STABLE_FIELD
SPARSE_STABLE_FIELD
SPARSE_STABLE_FIELD
SPARSE_STABLE_FIELD
SPARSE_STABLE_FIELD
SPARSE_STABLE_FIELD
SPARSE_STABLE_FIELD
SPARSE_STABLE_FIELD
SPARSE_STABLE_FIELD
SPARSE_STABLE_FIELD
SPARSE_STABLE_FIELD
SPARSE_STABLE_FIELD
SPARSE_STABLE_FIELD
SPARSE_STABLE_FIELD
SPARSE_STABLE_FIELD
SPARSE_STABLE_FIELD
SPARSE_STABLE_FIELD
SPARSE_STABLE_FIELD
SPARSE_STABLE_FIELD
SPARSE_STABLE_FIELD
SPARSE_STABLE_FIELD
SPARSE_STABLE_FIELD
SPARSE_STABLE_FIELD
SPARSE_STABLE_FIELD
SPARSE_STABLE_FIELD
SPARSE_STABLE_FIELD
SPARSE_STABLE_FIELD
SPARSE_STABLE_FIELD
SPARSE_STABLE_FIELD
SPARSE_STABLE_FIELD
SPARSE_STABLE_FIELD
SPARSE_STABLE_FIELD
SPARSE_STABLE_FIELD
SPARSE_STABLE_FIELD
SPARSE_STABLE_FIELD
SPARSE_STABLE_FIELD
SPARSE_STABLE_FIELD
SPARSE_STABLE_FIELD
SPARSE_STABLE_FIELD
SPARSE_STABLE_FIELD
PULSE_FALL
PULSE_PEAK
PULSE_PEAK
PULSE_FALL
PULSE_FALL
PULSE_FALL
PULSE_FALL
PULSE_RISE
PULSE_FALL
PULSE_PEAK
PULSE_RISE
PULSE_FALL
PULSE_RISE
PULSE_PEAK
PULSE_RISE
PULSE_RISE
PULSE_PEAK
PULSE_FALL
PULSE_RISE
PULSE_PEAK
PULSE_PEAK
PULSE_PEAK
PULSE_RISE
PULSE_PEAK
PULSE_PEAK
PULSE_FALL
PULSE_RISE
PULSE_PEAK
PULSE_RESIDUE_uniq_0768_xray_500_node
PULSE_RESIDUE_uniq_0769_xray_537_node
PULSE_RESIDUE_uniq_0770_xray_574_node
PULSE_RESIDUE_uniq_0771_xray_611_node
PULSE_RESIDUE_uniq_0772_xray_648_node
PULSE_RESIDUE_uniq_0773_xray_685_node
PULSE_RESIDUE_uniq_0774_xray_722_node
PULSE_RESIDUE_uniq_0775_xray_759_node
PULSE_RESIDUE_uniq_0776_xray_796_node
PULSE_RESIDUE_uniq_0777_xray_833_node
PULSE_RESIDUE_uniq_0778_xray_870_node
PULSE_RESIDUE_uniq_0779_xray_907_node
PULSE_RESIDUE_uniq_0780_xray_944_node
PULSE_RESIDUE_uniq_0781_xray_981_node
PULSE_RESIDUE_uniq_0782_xray_21_node
PULSE_RESIDUE_uniq_0783_xray_58_node
PULSE_RESIDUE_uniq_0784_xray_95_node
SPARSE_STABLE_FIELD
SPARSE_STABLE_FIELD
SPARSE_STABLE_FIELD
SPARSE_STABLE_FIELD
SPARSE_STABLE_FIELD
SPARSE_STABLE_FIELD
SPARSE_STABLE_FIELD
SPARSE_STABLE_FIELD
SPARSE_STABLE_FIELD
SPARSE_STABLE_FIELD
SPARSE_STABLE_FIELD
SPARSE_STABLE_FIELD
SPARSE_STABLE_FIELD
SPARSE_STABLE_FIELD
SPARSE_STABLE_FIELD
SPARSE_STABLE_FIELD
SPARSE_STABLE_FIELD
SPARSE_STABLE_FIELD
SPARSE_STABLE_FIELD
SPARSE_STABLE_FIELD
SPARSE_STABLE_FIELD
SPARSE_STABLE_FIELD
SPARSE_STABLE_FIELD
SPARSE_STABLE_FIELD
SPARSE_STABLE_FIELD
SPARSE_STABLE_FIELD
SPARSE_STABLE_FIELD
SPARSE_STABLE_FIELD
SPARSE_STABLE_FIELD
SPARSE_STABLE_FIELD
SPARSE_STABLE_FIELD
SPARSE_STABLE_FIELD
SPARSE_STABLE_FIELD
SPARSE_STABLE_FIELD
SPARSE_STABLE_FIELD
SPARSE_STABLE_FIELD
SPARSE_STABLE_FIELD
SPARSE_STABLE_FIELD
SPARSE_STABLE_FIELD
SPARSE_STABLE_FIELD
SPARSE_STABLE_FIELD
SPARSE_STABLE_FIELD
SPARSE_STABLE_FIELD
SPARSE_STABLE_FIELD
SPARSE_STABLE_FIELD
SPARSE_STABLE_FIELD
SPARSE_STABLE_FIELD
SPARSE_STABLE_FIELD
SPARSE_STABLE_FIELD
SPARSE_STABLE_FIELD
SPARSE_STABLE_FIELD
SPARSE_STABLE_FIELD
SPARSE_STABLE_FIELD
SPARSE_STABLE_FIELD
SPARSE_STABLE_FIELD
SPARSE_STABLE_FIELD
SPARSE_STABLE_FIELD
SPARSE_STABLE_FIELD
SPARSE_STABLE_FIELD
SPARSE_STABLE_FIELD
SPARSE_STABLE_FIELD
SPARSE_STABLE_FIELD
SPARSE_STABLE_FIELD
SPARSE_STABLE_FIELD
SPARSE_STABLE_FIELD
SPARSE_STABLE_FIELD
SPARSE_STABLE_FIELD
SPARSE_STABLE_FIELD
SPARSE_STABLE_FIELD
SPARSE_STABLE_FIELD
SPARSE_STABLE_FIELD
SPARSE_STABLE_FIELD
SPARSE_STABLE_FIELD
SPARSE_STABLE_FIELD
SPARSE_STABLE_FIELD
SPARSE_STABLE_FIELD
SPARSE_STABLE_FIELD
SPARSE_STABLE_FIELD
SPARSE_STABLE_FIELD
SPARSE_STABLE_FIELD
SPARSE_STABLE_FIELD
SPARSE_STABLE_FIELD
SPARSE_STABLE_FIELD
SPARSE_STABLE_FIELD
SPARSE_STABLE_FIELD
SPARSE_STABLE_FIELD
SPARSE_STABLE_FIELD
SPARSE_STABLE_FIELD
SPARSE_STABLE_FIELD
SPARSE_STABLE_FIELD
SPARSE_STABLE_FIELD
SPARSE_STABLE_FIELD
SPARSE_STABLE_FIELD
SPARSE_STABLE_FIELD
SPARSE_STABLE_FIELD
SPARSE_STABLE_FIELD
SPARSE_STABLE_FIELD
SPARSE_STABLE_FIELD
SPARSE_STABLE_FIELD
SPARSE_STABLE_FIELD
SPARSE_STABLE_FIELD
SPARSE_STABLE_FIELD
SPARSE_STABLE_FIELD
SPARSE_STABLE_FIELD
SPARSE_STABLE_FIELD
SPARSE_STABLE_FIELD
SPARSE_STABLE_FIELD
SPARSE_STABLE_FIELD
SPARSE_STABLE_FIELD
SPARSE_STABLE_FIELD
SPARSE_STABLE_FIELD
SPARSE_STABLE_FIELD
SPARSE_STABLE_FIELD
SPARSE_STABLE_FIELD
SPARSE_STABLE_FIELD
SPARSE_STABLE_FIELD
SPARSE_STABLE_FIELD
SPARSE_STABLE_FIELD
SPARSE_STABLE_FIELD
SPARSE_STABLE_FIELD
SPARSE_STABLE_FIELD
SPARSE_STABLE_FIELD
SPARSE_STABLE_FIELD
SPARSE_STABLE_FIELD
SPARSE_STABLE_FIELD
SPARSE_STABLE_FIELD
SPARSE_STABLE_FIELD
SPARSE_STABLE_FIELD
SPARSE_STABLE_FIELD
SPARSE_STABLE_FIELD
SPARSE_STABLE_FIELD
SPARSE_STABLE_FIELD
SPARSE_STABLE_FIELD
SPARSE_STABLE_FIELD
SPARSE_STABLE_FIELD
SPARSE_STABLE_FIELD
SPARSE_STABLE_FIELD
SPARSE_STABLE_FIELD
SPARSE_STABLE_FIELD
SPARSE_STABLE_FIELD
SPARSE_STABLE_FIELD
SPARSE_STABLE_FIELD
SPARSE_STABLE_FIELD
SPARSE_STABLE_FIELD
SPARSE_STABLE_FIELD
SPARSE_STABLE_FIELD
SPARSE_STABLE_FIELD
SPARSE_STABLE_FIELD
SPARSE_STABLE_FIELD
SPARSE_STABLE_FIELD
SPARSE_STABLE_FIELD
SPARSE_STABLE_FIELD
SPARSE_STABLE_FIELD
SPARSE_STABLE_FIELD
SPARSE_STABLE_FIELD
SPARSE_STABLE_FIELD
SPARSE_STABLE_FIELD
SPARSE_STABLE_FIELD
SPARSE_STABLE_FIELD
SPARSE_STABLE_FIELD
SPARSE_STABLE_FIELD
SPARSE_STABLE_FIELD
SPARSE_STABLE_FIELD
SPARSE_STABLE_FIELD
SPARSE_STABLE_FIELD
SPARSE_STABLE_FIELD
SPARSE_STABLE_FIELD
SPARSE_STABLE_FIELD
SPARSE_STABLE_FIELD
SPARSE_STABLE_FIELD
SPARSE_STABLE_FIELD
SPARSE_STABLE_FIELD
SPARSE_STABLE_FIELD
SPARSE_STABLE_FIELD
SPARSE_STABLE_FIELD
SPARSE_STABLE_FIELD
SPARSE_STABLE_FIELD
SPARSE_STABLE_FIELD
SPARSE_STABLE_FIELD
SPARSE_STABLE_FIELD
SPARSE_STABLE_FIELD
SPARSE_STABLE_FIELD
SPARSE_STABLE_FIELD
SPARSE_STABLE_FIELD
SPARSE_STABLE_FIELD
SPARSE_STABLE_FIELD
SPARSE_STABLE_FIELD
SPARSE_STABLE_FIELD
SPARSE_STABLE_FIELD
SPARSE_STABLE_FIELD
SPARSE_STABLE_FIELD
SPARSE_STABLE_FIELD
SPARSE_STABLE_FIELD
SPARSE_STABLE_FIELD
SPARSE_STABLE_FIELD
SPARSE_STABLE_FIELD
SPARSE_STABLE_FIELD
SPARSE_STABLE_FIELD
SPARSE_STABLE_FIELD
SPARSE_STABLE_FIELD
SPARSE_STABLE_FIELD
SPARSE_STABLE_FIELD
SPARSE_STABLE_FIELD
SPARSE_STABLE_FIELD
SPARSE_STABLE_FIELD
SPARSE_STABLE_FIELD
SPARSE_STABLE_FIELD
SPARSE_STABLE_FIELD
SPARSE_STABLE_FIELD
SPARSE_STABLE_FIELD
SPARSE_STABLE_FIELD
SPARSE_STABLE_FIELD
SPARSE_STABLE_FIELD
SPARSE_STABLE_FIELD
SPARSE_STABLE_FIELD
SPARSE_STABLE_FIELD
SPARSE_STABLE_FIELD
SPARSE_STABLE_FIELD
SPARSE_STABLE_FIELD
SPARSE_STABLE_FIELD
SPARSE_STABLE_FIELD
SPARSE_STABLE_FIELD
SPARSE_STABLE_FIELD
SPARSE_STABLE_FIELD
SPARSE_STABLE_FIELD
SPARSE_STABLE_FIELD
SPARSE_STABLE_FIELD
SPARSE_STABLE_FIELD
SPARSE_STABLE_FIELD
SPARSE_STABLE_FIELD
SPARSE_STABLE_FIELD
SPARSE_STABLE_FIELD
SPARSE_STABLE_FIELD
SPARSE_STABLE_FIELD
SPARSE_STABLE_FIELD
SPARSE_STABLE_FIELD
SPARSE_STABLE_FIELD
SPARSE_STABLE_FIELD
SPARSE_STABLE_FIELD
SPARSE_STABLE_FIELD
SPARSE_STABLE_FIELD
SPARSE_STABLE_FIELD
SPARSE_STABLE_FIELD
SPARSE_STABLE_FIELD
SPARSE_STABLE_FIELD
SPARSE_STABLE_FIELD
SPARSE_STABLE_FIELD
SPARSE_STABLE_FIELD
SPARSE_STABLE_FIELD
SPARSE_STABLE_FIELD
SPARSE_STABLE_FIELD
SPARSE_STABLE_FIELD
SPARSE_STABLE_FIELD
SPARSE_STABLE_FIELD
SPARSE_STABLE_FIELD
SPARSE_STABLE_FIELD
SPARSE_STABLE_FIELD
SPARSE_STABLE_FIELD
SPARSE_STABLE_FIELD
SPARSE_STABLE_FIELD
SPARSE_STABLE_FIELD
SPARSE_STABLE_FIELD
SPARSE_STABLE_FIELD
SPARSE_STABLE_FIELD
SPARSE_STABLE_FIELD
SPARSE_STABLE_FIELD
SPARSE_STABLE_FIELD
SPARSE_STABLE_FIELD
SPARSE_STABLE_FIELD
SPARSE_STABLE_FIELD
SPARSE_STABLE_FIELD
SPARSE_STABLE_FIELD
SPARSE_STABLE_FIELD
SPARSE_STABLE_FIELD
SPARSE_STABLE_FIELD
SPARSE_STABLE_FIELD
SPARSE_STABLE_FIELD
SPARSE_STABLE_FIELD
SPARSE_STABLE_FIELD
SPARSE_STABLE_FIELD
SPARSE_STABLE_FIELD
SPARSE_STABLE_FIELD
SPARSE_STABLE_FIELD
SPARSE_STABLE_FIELD
SPARSE_STABLE_FIELD
SPARSE_STABLE_FIELD
SPARSE_STABLE_FIELD
SPARSE_STABLE_FIELD
SPARSE_STABLE_FIELD
SPARSE_STABLE_FIELD
SPARSE_STABLE_FIELD
SPARSE_STABLE_FIELD
SPARSE_STABLE_FIELD
SPARSE_STABLE_FIELD
SPARSE_STABLE_FIELD
PULSE_PEAK
PULSE_PEAK
PULSE_PEAK
PULSE_RISE
PULSE_FALL
PULSE_PEAK
PULSE_PEAK
PULSE_FALL
PULSE_FALL
PULSE_RISE
PULSE_FALL
PULSE_FALL
PULSE_RISE
PULSE_PEAK
PULSE_PEAK
PULSE_FALL
PULSE_PEAK
PULSE_FALL
PULSE_FALL
PULSE_RISE
PULSE_PEAK
PULSE_RISE
PULSE_PEAK
PULSE_PEAK
PULSE_PEAK
PULSE_PEAK
PULSE_PEAK
PULSE_FALL
PULSE_RESIDUE_uniq_1108_xray_119_node
PULSE_RESIDUE_uniq_1109_xray_156_node
PULSE_RESIDUE_uniq_1110_xray_193_node
PULSE_RESIDUE_uniq_1111_xray_230_node
PULSE_RESIDUE_uniq_1112_xray_267_node
PULSE_RESIDUE_uniq_1113_xray_304_node
PULSE_RESIDUE_uniq_1114_xray_341_node
PULSE_RESIDUE_uniq_1115_xray_378_node
PULSE_RESIDUE_uniq_1116_xray_415_node
PULSE_RESIDUE_uniq_1117_xray_452_node
PULSE_RESIDUE_uniq_1118_xray_489_node
PULSE_RESIDUE_uniq_1119_xray_526_node
PULSE_RESIDUE_uniq_1120_xray_563_node
PULSE_RESIDUE_uniq_1121_xray_600_node
PULSE_RESIDUE_uniq_1122_xray_637_node
PULSE_RESIDUE_uniq_1123_xray_674_node
PULSE_RESIDUE_uniq_1124_xray_711_node
SPARSE_STABLE_FIELD
SPARSE_STABLE_FIELD
SPARSE_STABLE_FIELD
SPARSE_STABLE_FIELD
SPARSE_STABLE_FIELD
SPARSE_STABLE_FIELD
SPARSE_STABLE_FIELD
SPARSE_STABLE_FIELD
SPARSE_STABLE_FIELD
SPARSE_STABLE_FIELD
SPARSE_STABLE_FIELD
SPARSE_STABLE_FIELD
SPARSE_STABLE_FIELD
SPARSE_STABLE_FIELD
SPARSE_STABLE_FIELD
SPARSE_STABLE_FIELD
SPARSE_STABLE_FIELD
SPARSE_STABLE_FIELD
SPARSE_STABLE_FIELD
SPARSE_STABLE_FIELD
SPARSE_STABLE_FIELD
SPARSE_STABLE_FIELD
SPARSE_STABLE_FIELD
SPARSE_STABLE_FIELD
SPARSE_STABLE_FIELD
SPARSE_STABLE_FIELD
SPARSE_STABLE_FIELD
SPARSE_STABLE_FIELD
SPARSE_STABLE_FIELD
SPARSE_STABLE_FIELD
SPARSE_STABLE_FIELD
SPARSE_STABLE_FIELD
SPARSE_STABLE_FIELD
SPARSE_STABLE_FIELD
SPARSE_STABLE_FIELD
SPARSE_STABLE_FIELD
SPARSE_STABLE_FIELD
SPARSE_STABLE_FIELD
SPARSE_STABLE_FIELD
SPARSE_STABLE_FIELD
SPARSE_STABLE_FIELD
SPARSE_STABLE_FIELD
SPARSE_STABLE_FIELD
SPARSE_STABLE_FIELD
SPARSE_STABLE_FIELD
SPARSE_STABLE_FIELD
SPARSE_STABLE_FIELD
SPARSE_STABLE_FIELD
SPARSE_STABLE_FIELD
SPARSE_STABLE_FIELD
SPARSE_STABLE_FIELD
SPARSE_STABLE_FIELD
SPARSE_STABLE_FIELD
SPARSE_STABLE_FIELD
SPARSE_STABLE_FIELD
SPARSE_STABLE_FIELD
SPARSE_STABLE_FIELD
SPARSE_STABLE_FIELD
SPARSE_STABLE_FIELD
SPARSE_STABLE_FIELD
SPARSE_STABLE_FIELD
SPARSE_STABLE_FIELD
SPARSE_STABLE_FIELD
SPARSE_STABLE_FIELD
SPARSE_STABLE_FIELD
SPARSE_STABLE_FIELD
SPARSE_STABLE_FIELD
SPARSE_STABLE_FIELD
SPARSE_STABLE_FIELD
SPARSE_STABLE_FIELD
SPARSE_STABLE_FIELD
SPARSE_STABLE_FIELD
SPARSE_STABLE_FIELD
SPARSE_STABLE_FIELD
SPARSE_STABLE_FIELD
SPARSE_STABLE_FIELD
SPARSE_STABLE_FIELD
SPARSE_STABLE_FIELD
SPARSE_STABLE_FIELD
SPARSE_STABLE_FIELD
SPARSE_STABLE_FIELD
SPARSE_STABLE_FIELD
SPARSE_STABLE_FIELD
SPARSE_STABLE_FIELD
SPARSE_STABLE_FIELD
SPARSE_STABLE_FIELD
SPARSE_STABLE_FIELD
SPARSE_STABLE_FIELD
SPARSE_STABLE_FIELD
SPARSE_STABLE_FIELD
SPARSE_STABLE_FIELD
SPARSE_STABLE_FIELD
SPARSE_STABLE_FIELD
SPARSE_STABLE_FIELD
SPARSE_STABLE_FIELD
SPARSE_STABLE_FIELD
SPARSE_STABLE_FIELD
SPARSE_STABLE_FIELD
SPARSE_STABLE_FIELD
SPARSE_STABLE_FIELD
SPARSE_STABLE_FIELD
SPARSE_STABLE_FIELD
SPARSE_STABLE_FIELD
SPARSE_STABLE_FIELD
SPARSE_STABLE_FIELD
SPARSE_STABLE_FIELD
SPARSE_STABLE_FIELD
SPARSE_STABLE_FIELD
SPARSE_STABLE_FIELD
SPARSE_STABLE_FIELD
SPARSE_STABLE_FIELD
SPARSE_STABLE_FIELD
SPARSE_STABLE_FIELD
SPARSE_STABLE_FIELD
SPARSE_STABLE_FIELD
SPARSE_STABLE_FIELD
SPARSE_STABLE_FIELD
SPARSE_STABLE_FIELD
SPARSE_STABLE_FIELD
SPARSE_STABLE_FIELD
SPARSE_STABLE_FIELD
SPARSE_STABLE_FIELD
SPARSE_STABLE_FIELD
SPARSE_STABLE_FIELD
SPARSE_STABLE_FIELD
SPARSE_STABLE_FIELD
SPARSE_STABLE_FIELD
SPARSE_STABLE_FIELD
SPARSE_STABLE_FIELD
SPARSE_STABLE_FIELD
SPARSE_STABLE_FIELD
SPARSE_STABLE_FIELD
SPARSE_STABLE_FIELD
SPARSE_STABLE_FIELD
SPARSE_STABLE_FIELD
SPARSE_STABLE_FIELD
SPARSE_STABLE_FIELD
SPARSE_STABLE_FIELD
SPARSE_STABLE_FIELD
SPARSE_STABLE_FIELD
SPARSE_STABLE_FIELD
SPARSE_STABLE_FIELD
SPARSE_STABLE_FIELD
SPARSE_STABLE_FIELD
SPARSE_STABLE_FIELD
SPARSE_STABLE_FIELD
SPARSE_STABLE_FIELD
SPARSE_STABLE_FIELD
SPARSE_STABLE_FIELD
SPARSE_STABLE_FIELD
SPARSE_STABLE_FIELD
SPARSE_STABLE_FIELD
SPARSE_STABLE_FIELD
SPARSE_STABLE_FIELD
SPARSE_STABLE_FIELD
SPARSE_STABLE_FIELD
SPARSE_STABLE_FIELD
SPARSE_STABLE_FIELD
SPARSE_STABLE_FIELD
SPARSE_STABLE_FIELD
SPARSE_STABLE_FIELD
SPARSE_STABLE_FIELD
SPARSE_STABLE_FIELD
SPARSE_STABLE_FIELD
SPARSE_STABLE_FIELD
SPARSE_STABLE_FIELD
SPARSE_STABLE_FIELD
SPARSE_STABLE_FIELD
SPARSE_STABLE_FIELD
SPARSE_STABLE_FIELD
SPARSE_STABLE_FIELD
SPARSE_STABLE_FIELD
SPARSE_STABLE_FIELD
SPARSE_STABLE_FIELD
SPARSE_STABLE_FIELD
SPARSE_STABLE_FIELD
SPARSE_STABLE_FIELD
SPARSE_STABLE_FIELD
SPARSE_STABLE_FIELD
SPARSE_STABLE_FIELD
SPARSE_STABLE_FIELD
SPARSE_STABLE_FIELD
SPARSE_STABLE_FIELD
SPARSE_STABLE_FIELD
SPARSE_STABLE_FIELD
SPARSE_STABLE_FIELD
SPARSE_STABLE_FIELD
SPARSE_STABLE_FIELD
SPARSE_STABLE_FIELD
SPARSE_STABLE_FIELD
SPARSE_STABLE_FIELD
SPARSE_STABLE_FIELD
SPARSE_STABLE_FIELD
SPARSE_STABLE_FIELD
SPARSE_STABLE_FIELD
SPARSE_STABLE_FIELD
SPARSE_STABLE_FIELD
SPARSE_STABLE_FIELD
SPARSE_STABLE_FIELD
SPARSE_STABLE_FIELD
SPARSE_STABLE_FIELD
SPARSE_STABLE_FIELD
SPARSE_STABLE_FIELD
SPARSE_STABLE_FIELD
SPARSE_STABLE_FIELD
SPARSE_STABLE_FIELD
SPARSE_STABLE_FIELD
SPARSE_STABLE_FIELD
SPARSE_STABLE_FIELD
SPARSE_STABLE_FIELD
SPARSE_STABLE_FIELD
SPARSE_STABLE_FIELD
SPARSE_STABLE_FIELD
SPARSE_STABLE_FIELD
SPARSE_STABLE_FIELD
SPARSE_STABLE_FIELD
SPARSE_STABLE_FIELD
SPARSE_STABLE_FIELD
SPARSE_STABLE_FIELD
SPARSE_STABLE_FIELD
SPARSE_STABLE_FIELD
SPARSE_STABLE_FIELD
SPARSE_STABLE_FIELD
SPARSE_STABLE_FIELD
SPARSE_STABLE_FIELD
SPARSE_STABLE_FIELD
SPARSE_STABLE_FIELD
SPARSE_STABLE_FIELD
SPARSE_STABLE_FIELD
SPARSE_STABLE_FIELD
SPARSE_STABLE_FIELD
SPARSE_STABLE_FIELD
SPARSE_STABLE_FIELD
SPARSE_STABLE_FIELD
SPARSE_STABLE_FIELD
SPARSE_STABLE_FIELD
SPARSE_STABLE_FIELD
SPARSE_STABLE_FIELD
SPARSE_STABLE_FIELD
SPARSE_STABLE_FIELD
SPARSE_STABLE_FIELD
SPARSE_STABLE_FIELD
SPARSE_STABLE_FIELD
SPARSE_STABLE_FIELD
SPARSE_STABLE_FIELD
SPARSE_STABLE_FIELD
SPARSE_STABLE_FIELD
SPARSE_STABLE_FIELD
SPARSE_STABLE_FIELD
SPARSE_STABLE_FIELD
SPARSE_STABLE_FIELD
SPARSE_STABLE_FIELD
SPARSE_STABLE_FIELD
SPARSE_STABLE_FIELD
SPARSE_STABLE_FIELD
SPARSE_STABLE_FIELD
SPARSE_STABLE_FIELD
SPARSE_STABLE_FIELD
SPARSE_STABLE_FIELD
SPARSE_STABLE_FIELD
SPARSE_STABLE_FIELD
SPARSE_STABLE_FIELD
SPARSE_STABLE_FIELD
SPARSE_STABLE_FIELD
SPARSE_STABLE_FIELD
SPARSE_STABLE_FIELD
SPARSE_STABLE_FIELD
SPARSE_STABLE_FIELD
SPARSE_STABLE_FIELD
SPARSE_STABLE_FIELD
SPARSE_STABLE_FIELD
SPARSE_STABLE_FIELD
SPARSE_STABLE_FIELD
SPARSE_STABLE_FIELD
SPARSE_STABLE_FIELD
SPARSE_STABLE_FIELD
SPARSE_STABLE_FIELD
SPARSE_STABLE_FIELD
SPARSE_STABLE_FIELD
SPARSE_STABLE_FIELD
SPARSE_STABLE_FIELD
SPARSE_STABLE_FIELD
SPARSE_STABLE_FIELD
SPARSE_STABLE_FIELD
SPARSE_STABLE_FIELD
SPARSE_STABLE_FIELD
SPARSE_STABLE_FIELD
SPARSE_STABLE_FIELD
SPARSE_STABLE_FIELD
SPARSE_STABLE_FIELD
SPARSE_STABLE_FIELD
SPARSE_STABLE_FIELD
SPARSE_STABLE_FIELD
SPARSE_STABLE_FIELD
SPARSE_STABLE_FIELD
PULSE_FALL
PULSE_FALL
PULSE_PEAK
PULSE_FALL
PULSE_RISE
PULSE_FALL
PULSE_PEAK
PULSE_PEAK
PULSE_RISE
PULSE_PEAK
PULSE_PEAK
PULSE_FALL
PULSE_RISE
PULSE_PEAK
PULSE_PEAK
PULSE_RISE
PULSE_RISE
PULSE_FALL
PULSE_FALL
PULSE_FALL
PULSE_RISE
PULSE_FALL
PULSE_FALL
PULSE_RISE
PULSE_RISE
PULSE_RISE
PULSE_FALL
PULSE_RISE
PULSE_RESIDUE_uniq_1448_xray_735_node
PULSE_RESIDUE_uniq_1449_xray_772_node
PULSE_RESIDUE_uniq_1450_xray_809_node
PULSE_RESIDUE_uniq_1451_xray_846_node
PULSE_RESIDUE_uniq_1452_xray_883_node
PULSE_RESIDUE_uniq_1453_xray_920_node
PULSE_RESIDUE_uniq_1454_xray_957_node
PULSE_RESIDUE_uniq_1455_xray_994_node
PULSE_RESIDUE_uniq_1456_xray_34_node
PULSE_RESIDUE_uniq_1457_xray_71_node
PULSE_RESIDUE_uniq_1458_xray_108_node
PULSE_RESIDUE_uniq_1459_xray_145_node
PULSE_RESIDUE_uniq_1460_xray_182_node
PULSE_RESIDUE_uniq_1461_xray_219_node
PULSE_RESIDUE_uniq_1462_xray_256_node
PULSE_RESIDUE_uniq_1463_xray_293_node
PULSE_RESIDUE_uniq_1464_xray_330_node
SPARSE_STABLE_FIELD
SPARSE_STABLE_FIELD
SPARSE_STABLE_FIELD
SPARSE_STABLE_FIELD
SPARSE_STABLE_FIELD
SPARSE_STABLE_FIELD
SPARSE_STABLE_FIELD
SPARSE_STABLE_FIELD
SPARSE_STABLE_FIELD
SPARSE_STABLE_FIELD
SPARSE_STABLE_FIELD
SPARSE_STABLE_FIELD
SPARSE_STABLE_FIELD
SPARSE_STABLE_FIELD
SPARSE_STABLE_FIELD
SPARSE_STABLE_FIELD
SPARSE_STABLE_FIELD
SPARSE_STABLE_FIELD
SPARSE_STABLE_FIELD
SPARSE_STABLE_FIELD
SPARSE_STABLE_FIELD
SPARSE_STABLE_FIELD
SPARSE_STABLE_FIELD
SPARSE_STABLE_FIELD
SPARSE_STABLE_FIELD
SPARSE_STABLE_FIELD
SPARSE_STABLE_FIELD
SPARSE_STABLE_FIELD
SPARSE_STABLE_FIELD
SPARSE_STABLE_FIELD
SPARSE_STABLE_FIELD
SPARSE_STABLE_FIELD
SPARSE_STABLE_FIELD
SPARSE_STABLE_FIELD
SPARSE_STABLE_FIELD
SPARSE_STABLE_FIELD
SPARSE_STABLE_FIELD
SPARSE_STABLE_FIELD
SPARSE_STABLE_FIELD
SPARSE_STABLE_FIELD
SPARSE_STABLE_FIELD
SPARSE_STABLE_FIELD
SPARSE_STABLE_FIELD
SPARSE_STABLE_FIELD
SPARSE_STABLE_FIELD
SPARSE_STABLE_FIELD
SPARSE_STABLE_FIELD
SPARSE_STABLE_FIELD
SPARSE_STABLE_FIELD
SPARSE_STABLE_FIELD
SPARSE_STABLE_FIELD
SPARSE_STABLE_FIELD
SPARSE_STABLE_FIELD
SPARSE_STABLE_FIELD
SPARSE_STABLE_FIELD
SPARSE_STABLE_FIELD
SPARSE_STABLE_FIELD
SPARSE_STABLE_FIELD
SPARSE_STABLE_FIELD
SPARSE_STABLE_FIELD
SPARSE_STABLE_FIELD
SPARSE_STABLE_FIELD
SPARSE_STABLE_FIELD
SPARSE_STABLE_FIELD
SPARSE_STABLE_FIELD
SPARSE_STABLE_FIELD
SPARSE_STABLE_FIELD
SPARSE_STABLE_FIELD
SPARSE_STABLE_FIELD
SPARSE_STABLE_FIELD
SPARSE_STABLE_FIELD
SPARSE_STABLE_FIELD
SPARSE_STABLE_FIELD
SPARSE_STABLE_FIELD
SPARSE_STABLE_FIELD
SPARSE_STABLE_FIELD
SPARSE_STABLE_FIELD
SPARSE_STABLE_FIELD
SPARSE_STABLE_FIELD
SPARSE_STABLE_FIELD
SPARSE_STABLE_FIELD
SPARSE_STABLE_FIELD
SPARSE_STABLE_FIELD
SPARSE_STABLE_FIELD
SPARSE_STABLE_FIELD
SPARSE_STABLE_FIELD
SPARSE_STABLE_FIELD
SPARSE_STABLE_FIELD
SPARSE_STABLE_FIELD
SPARSE_STABLE_FIELD
SPARSE_STABLE_FIELD
SPARSE_STABLE_FIELD
SPARSE_STABLE_FIELD
SPARSE_STABLE_FIELD
SPARSE_STABLE_FIELD
SPARSE_STABLE_FIELD
SPARSE_STABLE_FIELD
SPARSE_STABLE_FIELD
SPARSE_STABLE_FIELD
SPARSE_STABLE_FIELD
SPARSE_STABLE_FIELD
SPARSE_STABLE_FIELD
SPARSE_STABLE_FIELD
SPARSE_STABLE_FIELD
SPARSE_STABLE_FIELD
SPARSE_STABLE_FIELD
SPARSE_STABLE_FIELD
SPARSE_STABLE_FIELD
SPARSE_STABLE_FIELD
SPARSE_STABLE_FIELD
SPARSE_STABLE_FIELD
SPARSE_STABLE_FIELD
SPARSE_STABLE_FIELD
SPARSE_STABLE_FIELD
SPARSE_STABLE_FIELD
SPARSE_STABLE_FIELD
SPARSE_STABLE_FIELD
SPARSE_STABLE_FIELD
SPARSE_STABLE_FIELD
SPARSE_STABLE_FIELD
SPARSE_STABLE_FIELD
SPARSE_STABLE_FIELD
SPARSE_STABLE_FIELD
SPARSE_STABLE_FIELD
SPARSE_STABLE_FIELD
SPARSE_STABLE_FIELD
SPARSE_STABLE_FIELD
SPARSE_STABLE_FIELD
SPARSE_STABLE_FIELD
SPARSE_STABLE_FIELD
SPARSE_STABLE_FIELD
SPARSE_STABLE_FIELD
SPARSE_STABLE_FIELD
SPARSE_STABLE_FIELD
SPARSE_STABLE_FIELD
SPARSE_STABLE_FIELD
SPARSE_STABLE_FIELD
SPARSE_STABLE_FIELD
SPARSE_STABLE_FIELD
SPARSE_STABLE_FIELD
SPARSE_STABLE_FIELD
SPARSE_STABLE_FIELD
SPARSE_STABLE_FIELD
SPARSE_STABLE_FIELD
SPARSE_STABLE_FIELD
SPARSE_STABLE_FIELD
SPARSE_STABLE_FIELD
SPARSE_STABLE_FIELD
SPARSE_STABLE_FIELD
SPARSE_STABLE_FIELD
SPARSE_STABLE_FIELD
SPARSE_STABLE_FIELD
SPARSE_STABLE_FIELD
SPARSE_STABLE_FIELD
SPARSE_STABLE_FIELD
SPARSE_STABLE_FIELD
SPARSE_STABLE_FIELD
SPARSE_STABLE_FIELD
SPARSE_STABLE_FIELD
SPARSE_STABLE_FIELD
SPARSE_STABLE_FIELD
SPARSE_STABLE_FIELD
SPARSE_STABLE_FIELD
SPARSE_STABLE_FIELD
SPARSE_STABLE_FIELD
SPARSE_STABLE_FIELD
SPARSE_STABLE_FIELD
SPARSE_STABLE_FIELD
SPARSE_STABLE_FIELD
SPARSE_STABLE_FIELD
SPARSE_STABLE_FIELD
SPARSE_STABLE_FIELD
SPARSE_STABLE_FIELD
SPARSE_STABLE_FIELD
SPARSE_STABLE_FIELD
SPARSE_STABLE_FIELD
SPARSE_STABLE_FIELD
SPARSE_STABLE_FIELD
SPARSE_STABLE_FIELD
SPARSE_STABLE_FIELD
SPARSE_STABLE_FIELD
SPARSE_STABLE_FIELD
SPARSE_STABLE_FIELD
SPARSE_STABLE_FIELD
SPARSE_STABLE_FIELD
SPARSE_STABLE_FIELD
SPARSE_STABLE_FIELD
SPARSE_STABLE_FIELD
SPARSE_STABLE_FIELD
SPARSE_STABLE_FIELD
SPARSE_STABLE_FIELD
SPARSE_STABLE_FIELD
SPARSE_STABLE_FIELD
SPARSE_STABLE_FIELD
SPARSE_STABLE_FIELD
SPARSE_STABLE_FIELD
SPARSE_STABLE_FIELD
SPARSE_STABLE_FIELD
SPARSE_STABLE_FIELD
SPARSE_STABLE_FIELD
SPARSE_STABLE_FIELD
SPARSE_STABLE_FIELD
SPARSE_STABLE_FIELD
SPARSE_STABLE_FIELD
SPARSE_STABLE_FIELD
SPARSE_STABLE_FIELD
SPARSE_STABLE_FIELD
SPARSE_STABLE_FIELD
SPARSE_STABLE_FIELD
SPARSE_STABLE_FIELD
SPARSE_STABLE_FIELD
SPARSE_STABLE_FIELD
SPARSE_STABLE_FIELD
SPARSE_STABLE_FIELD
SPARSE_STABLE_FIELD
SPARSE_STABLE_FIELD
SPARSE_STABLE_FIELD
SPARSE_STABLE_FIELD
SPARSE_STABLE_FIELD
SPARSE_STABLE_FIELD
SPARSE_STABLE_FIELD
SPARSE_STABLE_FIELD
SPARSE_STABLE_FIELD
SPARSE_STABLE_FIELD
SPARSE_STABLE_FIELD
SPARSE_STABLE_FIELD
SPARSE_STABLE_FIELD
SPARSE_STABLE_FIELD
SPARSE_STABLE_FIELD
SPARSE_STABLE_FIELD
SPARSE_STABLE_FIELD
SPARSE_STABLE_FIELD
SPARSE_STABLE_FIELD
SPARSE_STABLE_FIELD
SPARSE_STABLE_FIELD
SPARSE_STABLE_FIELD
SPARSE_STABLE_FIELD
SPARSE_STABLE_FIELD
SPARSE_STABLE_FIELD
SPARSE_STABLE_FIELD
SPARSE_STABLE_FIELD
SPARSE_STABLE_FIELD
SPARSE_STABLE_FIELD
SPARSE_STABLE_FIELD
SPARSE_STABLE_FIELD
SPARSE_STABLE_FIELD
SPARSE_STABLE_FIELD
SPARSE_STABLE_FIELD
SPARSE_STABLE_FIELD
SPARSE_STABLE_FIELD
SPARSE_STABLE_FIELD
SPARSE_STABLE_FIELD
SPARSE_STABLE_FIELD
SPARSE_STABLE_FIELD
SPARSE_STABLE_FIELD
SPARSE_STABLE_FIELD
SPARSE_STABLE_FIELD
SPARSE_STABLE_FIELD
SPARSE_STABLE_FIELD
SPARSE_STABLE_FIELD
SPARSE_STABLE_FIELD
SPARSE_STABLE_FIELD
SPARSE_STABLE_FIELD
SPARSE_STABLE_FIELD
SPARSE_STABLE_FIELD
SPARSE_STABLE_FIELD
SPARSE_STABLE_FIELD
SPARSE_STABLE_FIELD
SPARSE_STABLE_FIELD
SPARSE_STABLE_FIELD
SPARSE_STABLE_FIELD
SPARSE_STABLE_FIELD
SPARSE_STABLE_FIELD
SPARSE_STABLE_FIELD
SPARSE_STABLE_FIELD
SPARSE_STABLE_FIELD
SPARSE_STABLE_FIELD
SPARSE_STABLE_FIELD
SPARSE_STABLE_FIELD
SPARSE_STABLE_FIELD
SPARSE_STABLE_FIELD
SPARSE_STABLE_FIELD
SPARSE_STABLE_FIELD
SPARSE_STABLE_FIELD
SPARSE_STABLE_FIELD
SPARSE_STABLE_FIELD
SPARSE_STABLE_FIELD
SPARSE_STABLE_FIELD
SPARSE_STABLE_FIELD
SPARSE_STABLE_FIELD
SPARSE_STABLE_FIELD
SPARSE_STABLE_FIELD
SPARSE_STABLE_FIELD
SPARSE_STABLE_FIELD
SPARSE_STABLE_FIELD
PULSE_PEAK
PULSE_PEAK
PULSE_FALL
PULSE_RISE
PULSE_PEAK
PULSE_RISE
PULSE_FALL
PULSE_RISE
PULSE_RISE
PULSE_RISE
PULSE_RISE
PULSE_RISE
PULSE_RISE
PULSE_PEAK
PULSE_FALL
PULSE_PEAK
PULSE_PEAK
PULSE_FALL
PULSE_FALL
PULSE_RISE
PULSE_RISE
PULSE_RISE
PULSE_FALL
PULSE_FALL
PULSE_RISE
PULSE_RISE
PULSE_FALL
PULSE_FALL
PULSE_RESIDUE_uniq_1788_xray_354_node
PULSE_RESIDUE_uniq_1789_xray_391_node
PULSE_RESIDUE_uniq_1790_xray_428_node
PULSE_RESIDUE_uniq_1791_xray_465_node
PULSE_RESIDUE_uniq_1792_xray_502_node
PULSE_RESIDUE_uniq_1793_xray_539_node
PULSE_RESIDUE_uniq_1794_xray_576_node
PULSE_RESIDUE_uniq_1795_xray_613_node
PULSE_RESIDUE_uniq_1796_xray_650_node
PULSE_RESIDUE_uniq_1797_xray_687_node
PULSE_RESIDUE_uniq_1798_xray_724_node
PULSE_RESIDUE_uniq_1799_xray_761_node
PULSE_RESIDUE_uniq_1800_xray_798_node
PULSE_RESIDUE_uniq_1801_xray_835_node
PULSE_RESIDUE_uniq_1802_xray_872_node
PULSE_RESIDUE_uniq_1803_xray_909_node
PULSE_RESIDUE_uniq_1804_xray_946_node
SPARSE_STABLE_FIELD
SPARSE_STABLE_FIELD
SPARSE_STABLE_FIELD
SPARSE_STABLE_FIELD
SPARSE_STABLE_FIELD
SPARSE_STABLE_FIELD
SPARSE_STABLE_FIELD
SPARSE_STABLE_FIELD
SPARSE_STABLE_FIELD
SPARSE_STABLE_FIELD
SPARSE_STABLE_FIELD
SPARSE_STABLE_FIELD
SPARSE_STABLE_FIELD
SPARSE_STABLE_FIELD
SPARSE_STABLE_FIELD
SPARSE_STABLE_FIELD
SPARSE_STABLE_FIELD
SPARSE_STABLE_FIELD
SPARSE_STABLE_FIELD
SPARSE_STABLE_FIELD
SPARSE_STABLE_FIELD
SPARSE_STABLE_FIELD
SPARSE_STABLE_FIELD
SPARSE_STABLE_FIELD
SPARSE_STABLE_FIELD
SPARSE_STABLE_FIELD
SPARSE_STABLE_FIELD
SPARSE_STABLE_FIELD
SPARSE_STABLE_FIELD
SPARSE_STABLE_FIELD
SPARSE_STABLE_FIELD
SPARSE_STABLE_FIELD
SPARSE_STABLE_FIELD
SPARSE_STABLE_FIELD
SPARSE_STABLE_FIELD
SPARSE_STABLE_FIELD
SPARSE_STABLE_FIELD
SPARSE_STABLE_FIELD
SPARSE_STABLE_FIELD
SPARSE_STABLE_FIELD
SPARSE_STABLE_FIELD
SPARSE_STABLE_FIELD
SPARSE_STABLE_FIELD
SPARSE_STABLE_FIELD
SPARSE_STABLE_FIELD
SPARSE_STABLE_FIELD
SPARSE_STABLE_FIELD
SPARSE_STABLE_FIELD
SPARSE_STABLE_FIELD
SPARSE_STABLE_FIELD
SPARSE_STABLE_FIELD
SPARSE_STABLE_FIELD
SPARSE_STABLE_FIELD
SPARSE_STABLE_FIELD
SPARSE_STABLE_FIELD
SPARSE_STABLE_FIELD
SPARSE_STABLE_FIELD
SPARSE_STABLE_FIELD
SPARSE_STABLE_FIELD
SPARSE_STABLE_FIELD
SPARSE_STABLE_FIELD
SPARSE_STABLE_FIELD
SPARSE_STABLE_FIELD
SPARSE_STABLE_FIELD
SPARSE_STABLE_FIELD
SPARSE_STABLE_FIELD
SPARSE_STABLE_FIELD
SPARSE_STABLE_FIELD
SPARSE_STABLE_FIELD
SPARSE_STABLE_FIELD
SPARSE_STABLE_FIELD
SPARSE_STABLE_FIELD
SPARSE_STABLE_FIELD
SPARSE_STABLE_FIELD
SPARSE_STABLE_FIELD
SPARSE_STABLE_FIELD
SPARSE_STABLE_FIELD
SPARSE_STABLE_FIELD
SPARSE_STABLE_FIELD
SPARSE_STABLE_FIELD
SPARSE_STABLE_FIELD
SPARSE_STABLE_FIELD
SPARSE_STABLE_FIELD
SPARSE_STABLE_FIELD
SPARSE_STABLE_FIELD
SPARSE_STABLE_FIELD
SPARSE_STABLE_FIELD
SPARSE_STABLE_FIELD
SPARSE_STABLE_FIELD
SPARSE_STABLE_FIELD
SPARSE_STABLE_FIELD
SPARSE_STABLE_FIELD
SPARSE_STABLE_FIELD
SPARSE_STABLE_FIELD
SPARSE_STABLE_FIELD
SPARSE_STABLE_FIELD
SPARSE_STABLE_FIELD
SPARSE_STABLE_FIELD
SPARSE_STABLE_FIELD
SPARSE_STABLE_FIELD
SPARSE_STABLE_FIELD
SPARSE_STABLE_FIELD
SPARSE_STABLE_FIELD
SPARSE_STABLE_FIELD
SPARSE_STABLE_FIELD
SPARSE_STABLE_FIELD
SPARSE_STABLE_FIELD
SPARSE_STABLE_FIELD
SPARSE_STABLE_FIELD
SPARSE_STABLE_FIELD
SPARSE_STABLE_FIELD
SPARSE_STABLE_FIELD
SPARSE_STABLE_FIELD
SPARSE_STABLE_FIELD
SPARSE_STABLE_FIELD
SPARSE_STABLE_FIELD
SPARSE_STABLE_FIELD
SPARSE_STABLE_FIELD
SPARSE_STABLE_FIELD
SPARSE_STABLE_FIELD
SPARSE_STABLE_FIELD
SPARSE_STABLE_FIELD
SPARSE_STABLE_FIELD
SPARSE_STABLE_FIELD
SPARSE_STABLE_FIELD
SPARSE_STABLE_FIELD
SPARSE_STABLE_FIELD
SPARSE_STABLE_FIELD
SPARSE_STABLE_FIELD
SPARSE_STABLE_FIELD
SPARSE_STABLE_FIELD
SPARSE_STABLE_FIELD
SPARSE_STABLE_FIELD
SPARSE_STABLE_FIELD
SPARSE_STABLE_FIELD
SPARSE_STABLE_FIELD
SPARSE_STABLE_FIELD
SPARSE_STABLE_FIELD
SPARSE_STABLE_FIELD
SPARSE_STABLE_FIELD
SPARSE_STABLE_FIELD
SPARSE_STABLE_FIELD
SPARSE_STABLE_FIELD
SPARSE_STABLE_FIELD
SPARSE_STABLE_FIELD
SPARSE_STABLE_FIELD
SPARSE_STABLE_FIELD
SPARSE_STABLE_FIELD
SPARSE_STABLE_FIELD
SPARSE_STABLE_FIELD
SPARSE_STABLE_FIELD
SPARSE_STABLE_FIELD
SPARSE_STABLE_FIELD
SPARSE_STABLE_FIELD
SPARSE_STABLE_FIELD
SPARSE_STABLE_FIELD
SPARSE_STABLE_FIELD
SPARSE_STABLE_FIELD
SPARSE_STABLE_FIELD
SPARSE_STABLE_FIELD
SPARSE_STABLE_FIELD
SPARSE_STABLE_FIELD
SPARSE_STABLE_FIELD
SPARSE_STABLE_FIELD
SPARSE_STABLE_FIELD
SPARSE_STABLE_FIELD
SPARSE_STABLE_FIELD
SPARSE_STABLE_FIELD
SPARSE_STABLE_FIELD
SPARSE_STABLE_FIELD
SPARSE_STABLE_FIELD
SPARSE_STABLE_FIELD
SPARSE_STABLE_FIELD
SPARSE_STABLE_FIELD
SPARSE_STABLE_FIELD
SPARSE_STABLE_FIELD
SPARSE_STABLE_FIELD
SPARSE_STABLE_FIELD
SPARSE_STABLE_FIELD
SPARSE_STABLE_FIELD
SPARSE_STABLE_FIELD
SPARSE_STABLE_FIELD
SPARSE_STABLE_FIELD
SPARSE_STABLE_FIELD
SPARSE_STABLE_FIELD
SPARSE_STABLE_FIELD
SPARSE_STABLE_FIELD
SPARSE_STABLE_FIELD
SPARSE_STABLE_FIELD
SPARSE_STABLE_FIELD
SPARSE_STABLE_FIELD
SPARSE_STABLE_FIELD
SPARSE_STABLE_FIELD
SPARSE_STABLE_FIELD
SPARSE_STABLE_FIELD
SPARSE_STABLE_FIELD
