WHITE_NOISE_uniq_0001_xray_37_node
MIDDLE_SEAM_RIGHT
MIDDLE_SEAM_LEFT
STABLE_RETURN_PATH
WHITE_NOISE_uniq_0005_xray_185_node
WHITE_NOISE_uniq_0006_xray_222_node
WHITE_NOISE_uniq_0007_xray_259_node
WHITE_NOISE_uniq_0008_xray_296_node
MIDDLE_SEAM_LEFT
WHITE_NOISE_uniq_0010_xray_370_node
WHITE_NOISE_uniq_0011_xray_407_node
WHITE_NOISE_uniq_0012_xray_444_node
MIDDLE_GATE_HOLD
MIDDLE_PULSE_BRIDGE
WHITE_NOISE_uniq_0015_xray_555_node
STABLE_RETURN_PATH
MIDDLE_PULSE_BRIDGE
WHITE_NOISE_uniq_0018_xray_666_node
WHITE_NOISE_uniq_0019_xray_703_node
WHITE_NOISE_uniq_0020_xray_740_node
WHITE_NOISE_uniq_0021_xray_777_node
WHITE_NOISE_uniq_0022_xray_814_node
WHITE_NOISE_uniq_0023_xray_851_node
MIDDLE_SEAM_LEFT
WHITE_NOISE_uniq_0025_xray_925_node
WHITE_NOISE_uniq_0026_xray_962_node
WHITE_NOISE_uniq_0027_xray_2_node
WHITE_NOISE_uniq_0028_xray_39_node
STABLE_CARRIER_ALPHA
MIDDLE_GATE_HOLD
WHITE_NOISE_uniq_0031_xray_150_node
MIDDLE_SEAM_LEFT
WHITE_NOISE_uniq_0033_xray_224_node
WHITE_NOISE_uniq_0034_xray_261_node
STABLE_CARRIER_BETA
WHITE_NOISE_uniq_0036_xray_335_node
WHITE_NOISE_uniq_0037_xray_372_node
MIDDLE_GATE_HOLD
WHITE_NOISE_uniq_0039_xray_446_node
STABLE_RETURN_PATH
WHITE_NOISE_uniq_0041_xray_520_node
WHITE_NOISE_uniq_0042_xray_557_node
STABLE_CARRIER_BETA
WHITE_NOISE_uniq_0044_xray_631_node
WHITE_NOISE_uniq_0045_xray_668_node
STABLE_CARRIER_BETA
MIDDLE_SEAM_RIGHT
STABLE_CARRIER_BETA
WHITE_NOISE_uniq_0049_xray_816_node
WHITE_NOISE_uniq_0050_xray_853_node
MIDDLE_PULSE_BRIDGE
WHITE_NOISE_uniq_0052_xray_927_node
MIDDLE_PULSE_BRIDGE
WHITE_NOISE_uniq_0054_xray_4_node
WHITE_NOISE_uniq_0055_xray_41_node
WHITE_NOISE_uniq_0056_xray_78_node
MIDDLE_PULSE_BRIDGE
MIDDLE_SEAM_LEFT
STABLE_CARRIER_BETA
WHITE_NOISE_uniq_0060_xray_226_node
WHITE_NOISE_uniq_0061_xray_263_node
WHITE_NOISE_uniq_0062_xray_300_node
WHITE_NOISE_uniq_0063_xray_337_node
WHITE_NOISE_uniq_0064_xray_374_node
MIDDLE_PULSE_BRIDGE
STABLE_RETURN_PATH
MIDDLE_SEAM_RIGHT
MIDDLE_SEAM_LEFT
WHITE_NOISE_uniq_0069_xray_559_node
WHITE_NOISE_uniq_0070_xray_596_node
WHITE_NOISE_uniq_0071_xray_633_node
WHITE_NOISE_uniq_0072_xray_670_node
WHITE_NOISE_uniq_0073_xray_707_node
WHITE_NOISE_uniq_0074_xray_744_node
WHITE_NOISE_uniq_0075_xray_781_node
STABLE_CARRIER_ALPHA
STABLE_CARRIER_ALPHA
MIDDLE_SEAM_LEFT
WHITE_NOISE_uniq_0079_xray_929_node
WHITE_NOISE_uniq_0080_xray_966_node
WHITE_NOISE_uniq_0081_xray_6_node
MIDDLE_PULSE_BRIDGE
WHITE_NOISE_uniq_0083_xray_80_node
WHITE_NOISE_uniq_0084_xray_117_node
WHITE_NOISE_uniq_0085_xray_154_node
WHITE_NOISE_uniq_0086_xray_191_node
WHITE_NOISE_uniq_0087_xray_228_node
WHITE_NOISE_uniq_0088_xray_265_node
WHITE_NOISE_uniq_0089_xray_302_node
WHITE_NOISE_uniq_0090_xray_339_node
STABLE_RETURN_PATH
MIDDLE_SEAM_RIGHT
WHITE_NOISE_uniq_0093_xray_450_node
MIDDLE_SEAM_RIGHT
WHITE_NOISE_uniq_0095_xray_524_node
WHITE_NOISE_uniq_0096_xray_561_node
MIDDLE_SEAM_RIGHT
WHITE_NOISE_uniq_0098_xray_635_node
WHITE_NOISE_uniq_0099_xray_672_node
WHITE_NOISE_uniq_0100_xray_709_node
WHITE_NOISE_uniq_0101_xray_746_node
WHITE_NOISE_uniq_0102_xray_783_node
STABLE_RETURN_PATH
STABLE_CARRIER_ALPHA
WHITE_NOISE_uniq_0105_xray_894_node
WHITE_NOISE_uniq_0106_xray_931_node
MIDDLE_GATE_HOLD
STABLE_RETURN_PATH
STABLE_CARRIER_BETA
WHITE_NOISE_uniq_0110_xray_82_node
STABLE_CARRIER_ALPHA
WHITE_NOISE_uniq_0112_xray_156_node
MIDDLE_SEAM_LEFT
WHITE_NOISE_uniq_0114_xray_230_node
WHITE_NOISE_uniq_0115_xray_267_node
STABLE_RETURN_PATH
MIDDLE_GATE_HOLD
STABLE_CARRIER_ALPHA
WHITE_NOISE_uniq_0119_xray_415_node
MIDDLE_SEAM_RIGHT
WHITE_NOISE_uniq_0121_xray_489_node
WHITE_NOISE_uniq_0122_xray_526_node
WHITE_NOISE_uniq_0123_xray_563_node
WHITE_NOISE_uniq_0124_xray_600_node
WHITE_NOISE_uniq_0125_xray_637_node
MIDDLE_SEAM_RIGHT
WHITE_NOISE_uniq_0127_xray_711_node
MIDDLE_PULSE_BRIDGE
STABLE_RETURN_PATH
WHITE_NOISE_uniq_0130_xray_822_node
WHITE_NOISE_uniq_0131_xray_859_node
WHITE_NOISE_uniq_0132_xray_896_node
WHITE_NOISE_uniq_0133_xray_933_node
WHITE_NOISE_uniq_0134_xray_970_node
WHITE_NOISE_uniq_0135_xray_10_node
WHITE_NOISE_uniq_0136_xray_47_node
WHITE_NOISE_uniq_0137_xray_84_node
WHITE_NOISE_uniq_0138_xray_121_node
WHITE_NOISE_uniq_0139_xray_158_node
WHITE_NOISE_uniq_0140_xray_195_node
MIDDLE_PULSE_BRIDGE
WHITE_NOISE_uniq_0142_xray_269_node
WHITE_NOISE_uniq_0143_xray_306_node
WHITE_NOISE_uniq_0144_xray_343_node
WHITE_NOISE_uniq_0145_xray_380_node
MIDDLE_SEAM_RIGHT
WHITE_NOISE_uniq_0147_xray_454_node
STABLE_CARRIER_ALPHA
WHITE_NOISE_uniq_0149_xray_528_node
WHITE_NOISE_uniq_0150_xray_565_node
MIDDLE_SEAM_RIGHT
WHITE_NOISE_uniq_0152_xray_639_node
MIDDLE_GATE_HOLD
WHITE_NOISE_uniq_0154_xray_713_node
WHITE_NOISE_uniq_0155_xray_750_node
WHITE_NOISE_uniq_0156_xray_787_node
STABLE_CARRIER_ALPHA
WHITE_NOISE_uniq_0158_xray_861_node
WHITE_NOISE_uniq_0159_xray_898_node
WHITE_NOISE_uniq_0160_xray_935_node
WHITE_NOISE_uniq_0161_xray_972_node
WHITE_NOISE_uniq_0162_xray_12_node
WHITE_NOISE_uniq_0163_xray_49_node
WHITE_NOISE_uniq_0164_xray_86_node
MIDDLE_PULSE_BRIDGE
MIDDLE_GATE_HOLD
WHITE_NOISE_uniq_0167_xray_197_node
STABLE_CARRIER_ALPHA
WHITE_NOISE_uniq_0169_xray_271_node
WHITE_NOISE_uniq_0170_xray_308_node
MIDDLE_SEAM_RIGHT
WHITE_NOISE_uniq_0172_xray_382_node
WHITE_NOISE_uniq_0173_xray_419_node
MIDDLE_SEAM_RIGHT
STABLE_RETURN_PATH
WHITE_NOISE_uniq_0176_xray_530_node
MIDDLE_PULSE_BRIDGE
WHITE_NOISE_uniq_0178_xray_604_node
MIDDLE_PULSE_BRIDGE
WHITE_NOISE_uniq_0180_xray_678_node
MIDDLE_SEAM_RIGHT
WHITE_NOISE_uniq_0182_xray_752_node
STABLE_RETURN_PATH
MIDDLE_SEAM_RIGHT
WHITE_NOISE_uniq_0185_xray_863_node
WHITE_NOISE_uniq_0186_xray_900_node
WHITE_NOISE_uniq_0187_xray_937_node
STABLE_RETURN_PATH
STABLE_RETURN_PATH
STABLE_CARRIER_ALPHA
WHITE_NOISE_uniq_0191_xray_88_node
STABLE_CARRIER_BETA
WHITE_NOISE_uniq_0193_xray_162_node
WHITE_NOISE_uniq_0194_xray_199_node
WHITE_NOISE_uniq_0195_xray_236_node
MIDDLE_SEAM_RIGHT
WHITE_NOISE_uniq_0197_xray_310_node
WHITE_NOISE_uniq_0198_xray_347_node
MIDDLE_PULSE_BRIDGE
WHITE_NOISE_uniq_0200_xray_421_node
WHITE_NOISE_uniq_0201_xray_458_node
MIDDLE_SEAM_RIGHT
WHITE_NOISE_uniq_0203_xray_532_node
WHITE_NOISE_uniq_0204_xray_569_node
WHITE_NOISE_uniq_0205_xray_606_node
WHITE_NOISE_uniq_0206_xray_643_node
WHITE_NOISE_uniq_0207_xray_680_node
WHITE_NOISE_uniq_0208_xray_717_node
MIDDLE_SEAM_LEFT
WHITE_NOISE_uniq_0210_xray_791_node
STABLE_CARRIER_BETA
WHITE_NOISE_uniq_0212_xray_865_node
MIDDLE_SEAM_RIGHT
WHITE_NOISE_uniq_0214_xray_939_node
WHITE_NOISE_uniq_0215_xray_976_node
WHITE_NOISE_uniq_0216_xray_16_node
WHITE_NOISE_uniq_0217_xray_53_node
MIDDLE_SEAM_LEFT
WHITE_NOISE_uniq_0219_xray_127_node
WHITE_NOISE_uniq_0220_xray_164_node
WHITE_NOISE_uniq_0221_xray_201_node
WHITE_NOISE_uniq_0222_xray_238_node
WHITE_NOISE_uniq_0223_xray_275_node
WHITE_NOISE_uniq_0224_xray_312_node
WHITE_NOISE_uniq_0225_xray_349_node
WHITE_NOISE_uniq_0226_xray_386_node
WHITE_NOISE_uniq_0227_xray_423_node
WHITE_NOISE_uniq_0228_xray_460_node
MIDDLE_SEAM_RIGHT
MIDDLE_GATE_HOLD
WHITE_NOISE_uniq_0231_xray_571_node
WHITE_NOISE_uniq_0232_xray_608_node
WHITE_NOISE_uniq_0233_xray_645_node
WHITE_NOISE_uniq_0234_xray_682_node
WHITE_NOISE_uniq_0235_xray_719_node
MIDDLE_SEAM_RIGHT
WHITE_NOISE_uniq_0237_xray_793_node
STABLE_CARRIER_BETA
WHITE_NOISE_uniq_0239_xray_867_node
WHITE_NOISE_uniq_0240_xray_904_node
MIDDLE_SEAM_RIGHT
STABLE_CARRIER_ALPHA
WHITE_NOISE_uniq_0243_xray_18_node
STABLE_CARRIER_BETA
WHITE_NOISE_uniq_0245_xray_92_node
WHITE_NOISE_uniq_0246_xray_129_node
WHITE_NOISE_uniq_0247_xray_166_node
WHITE_NOISE_uniq_0248_xray_203_node
WHITE_NOISE_uniq_0249_xray_240_node
MIDDLE_GATE_HOLD
WHITE_NOISE_uniq_0251_xray_314_node
WHITE_NOISE_uniq_0252_xray_351_node
MIDDLE_GATE_HOLD
WHITE_NOISE_uniq_0254_xray_425_node
WHITE_NOISE_uniq_0255_xray_462_node
MIDDLE_SEAM_RIGHT
MIDDLE_GATE_HOLD
WHITE_NOISE_uniq_0258_xray_573_node
WHITE_NOISE_uniq_0259_xray_610_node
WHITE_NOISE_uniq_0260_xray_647_node
WHITE_NOISE_uniq_0261_xray_684_node
WHITE_NOISE_uniq_0262_xray_721_node
WHITE_NOISE_uniq_0263_xray_758_node
WHITE_NOISE_uniq_0264_xray_795_node
STABLE_CARRIER_ALPHA
MIDDLE_PULSE_BRIDGE
MIDDLE_PULSE_BRIDGE
WHITE_NOISE_uniq_0268_xray_943_node
STABLE_RETURN_PATH
MIDDLE_PULSE_BRIDGE
WHITE_NOISE_uniq_0271_xray_57_node
WHITE_NOISE_uniq_0272_xray_94_node
WHITE_NOISE_uniq_0273_xray_131_node
STABLE_CARRIER_BETA
WHITE_NOISE_uniq_0275_xray_205_node
WHITE_NOISE_uniq_0276_xray_242_node
WHITE_NOISE_uniq_0277_xray_279_node
MIDDLE_SEAM_RIGHT
WHITE_NOISE_uniq_0279_xray_353_node
WHITE_NOISE_uniq_0280_xray_390_node
WHITE_NOISE_uniq_0281_xray_427_node
WHITE_NOISE_uniq_0282_xray_464_node
WHITE_NOISE_uniq_0283_xray_501_node
WHITE_NOISE_uniq_0284_xray_538_node
WHITE_NOISE_uniq_0285_xray_575_node
WHITE_NOISE_uniq_0286_xray_612_node
WHITE_NOISE_uniq_0287_xray_649_node
WHITE_NOISE_uniq_0288_xray_686_node
WHITE_NOISE_uniq_0289_xray_723_node
WHITE_NOISE_uniq_0290_xray_760_node
MIDDLE_GATE_HOLD
MIDDLE_SEAM_LEFT
WHITE_NOISE_uniq_0293_xray_871_node
WHITE_NOISE_uniq_0294_xray_908_node
WHITE_NOISE_uniq_0295_xray_945_node
MIDDLE_PULSE_BRIDGE
MIDDLE_GATE_HOLD
WHITE_NOISE_uniq_0298_xray_59_node
STABLE_RETURN_PATH
MIDDLE_SEAM_RIGHT
MIDDLE_GATE_HOLD
WHITE_NOISE_uniq_0302_xray_207_node
WHITE_NOISE_uniq_0303_xray_244_node
MIDDLE_PULSE_BRIDGE
STABLE_CARRIER_BETA
WHITE_NOISE_uniq_0306_xray_355_node
STABLE_RETURN_PATH
WHITE_NOISE_uniq_0308_xray_429_node
STABLE_CARRIER_ALPHA
WHITE_NOISE_uniq_0310_xray_503_node
MIDDLE_GATE_HOLD
WHITE_NOISE_uniq_0312_xray_577_node
WHITE_NOISE_uniq_0313_xray_614_node
WHITE_NOISE_uniq_0314_xray_651_node
MIDDLE_SEAM_RIGHT
WHITE_NOISE_uniq_0316_xray_725_node
MIDDLE_GATE_HOLD
MIDDLE_PULSE_BRIDGE
WHITE_NOISE_uniq_0319_xray_836_node
STABLE_RETURN_PATH
WHITE_NOISE_uniq_0321_xray_910_node
WHITE_NOISE_uniq_0322_xray_947_node
MIDDLE_GATE_HOLD
MIDDLE_PULSE_BRIDGE
MIDDLE_SEAM_LEFT
WHITE_NOISE_uniq_0326_xray_98_node
MIDDLE_SEAM_LEFT
WHITE_NOISE_uniq_0328_xray_172_node
MIDDLE_GATE_HOLD
STABLE_RETURN_PATH
WHITE_NOISE_uniq_0331_xray_283_node
MIDDLE_SEAM_RIGHT
WHITE_NOISE_uniq_0333_xray_357_node
WHITE_NOISE_uniq_0334_xray_394_node
MIDDLE_SEAM_RIGHT
WHITE_NOISE_uniq_0336_xray_468_node
WHITE_NOISE_uniq_0337_xray_505_node
WHITE_NOISE_uniq_0338_xray_542_node
WHITE_NOISE_uniq_0339_xray_579_node
WHITE_NOISE_uniq_0340_xray_616_node
STABLE_RETURN_PATH
WHITE_NOISE_uniq_0342_xray_690_node
MIDDLE_PULSE_BRIDGE
MIDDLE_PULSE_BRIDGE
STABLE_RETURN_PATH
STABLE_RETURN_PATH
WHITE_NOISE_uniq_0347_xray_875_node
WHITE_NOISE_uniq_0348_xray_912_node
WHITE_NOISE_uniq_0349_xray_949_node
STABLE_RETURN_PATH
MIDDLE_SEAM_LEFT
WHITE_NOISE_uniq_0352_xray_63_node
MIDDLE_GATE_HOLD
WHITE_NOISE_uniq_0354_xray_137_node
MIDDLE_PULSE_BRIDGE
MIDDLE_SEAM_LEFT
MIDDLE_SEAM_LEFT
WHITE_NOISE_uniq_0358_xray_285_node
WHITE_NOISE_uniq_0359_xray_322_node
WHITE_NOISE_uniq_0360_xray_359_node
STABLE_CARRIER_BETA
MIDDLE_PULSE_BRIDGE
WHITE_NOISE_uniq_0363_xray_470_node
WHITE_NOISE_uniq_0364_xray_507_node
MIDDLE_SEAM_LEFT
MIDDLE_GATE_HOLD
MIDDLE_GATE_HOLD
MIDDLE_SEAM_LEFT
WHITE_NOISE_uniq_0369_xray_692_node
WHITE_NOISE_uniq_0370_xray_729_node
WHITE_NOISE_uniq_0371_xray_766_node
WHITE_NOISE_uniq_0372_xray_803_node
MIDDLE_SEAM_RIGHT
STABLE_CARRIER_BETA
MIDDLE_SEAM_RIGHT
WHITE_NOISE_uniq_0376_xray_951_node
STABLE_CARRIER_BETA
WHITE_NOISE_uniq_0378_xray_28_node
STABLE_CARRIER_ALPHA
WHITE_NOISE_uniq_0380_xray_102_node
WHITE_NOISE_uniq_0381_xray_139_node
WHITE_NOISE_uniq_0382_xray_176_node
MIDDLE_GATE_HOLD
WHITE_NOISE_uniq_0384_xray_250_node
MIDDLE_PULSE_BRIDGE
WHITE_NOISE_uniq_0386_xray_324_node
MIDDLE_SEAM_LEFT
WHITE_NOISE_uniq_0388_xray_398_node
WHITE_NOISE_uniq_0389_xray_435_node
MIDDLE_PULSE_BRIDGE
WHITE_NOISE_uniq_0391_xray_509_node
WHITE_NOISE_uniq_0392_xray_546_node
MIDDLE_PULSE_BRIDGE
MIDDLE_SEAM_LEFT
MIDDLE_SEAM_RIGHT
WHITE_NOISE_uniq_0396_xray_694_node
WHITE_NOISE_uniq_0397_xray_731_node
WHITE_NOISE_uniq_0398_xray_768_node
WHITE_NOISE_uniq_0399_xray_805_node
MIDDLE_SEAM_LEFT
WHITE_NOISE_uniq_0401_xray_879_node
WHITE_NOISE_uniq_0402_xray_916_node
WHITE_NOISE_uniq_0403_xray_953_node
WHITE_NOISE_uniq_0404_xray_990_node
WHITE_NOISE_uniq_0405_xray_30_node
WHITE_NOISE_uniq_0406_xray_67_node
WHITE_NOISE_uniq_0407_xray_104_node
WHITE_NOISE_uniq_0408_xray_141_node
WHITE_NOISE_uniq_0409_xray_178_node
WHITE_NOISE_uniq_0410_xray_215_node
WHITE_NOISE_uniq_0411_xray_252_node
WHITE_NOISE_uniq_0412_xray_289_node
WHITE_NOISE_uniq_0413_xray_326_node
WHITE_NOISE_uniq_0414_xray_363_node
WHITE_NOISE_uniq_0415_xray_400_node
WHITE_NOISE_uniq_0416_xray_437_node
WHITE_NOISE_uniq_0417_xray_474_node
MIDDLE_GATE_HOLD
WHITE_NOISE_uniq_0419_xray_548_node
WHITE_NOISE_uniq_0420_xray_585_node
WHITE_NOISE_uniq_0421_xray_622_node
WHITE_NOISE_uniq_0422_xray_659_node
WHITE_NOISE_uniq_0423_xray_696_node
WHITE_NOISE_uniq_0424_xray_733_node
WHITE_NOISE_uniq_0425_xray_770_node
WHITE_NOISE_uniq_0426_xray_807_node
MIDDLE_SEAM_RIGHT
MIDDLE_PULSE_BRIDGE
WHITE_NOISE_uniq_0429_xray_918_node
MIDDLE_PULSE_BRIDGE
WHITE_NOISE_uniq_0431_xray_992_node
WHITE_NOISE_uniq_0432_xray_32_node
WHITE_NOISE_uniq_0433_xray_69_node
WHITE_NOISE_uniq_0434_xray_106_node
WHITE_NOISE_uniq_0435_xray_143_node
WHITE_NOISE_uniq_0436_xray_180_node
MIDDLE_PULSE_BRIDGE
WHITE_NOISE_uniq_0438_xray_254_node
WHITE_NOISE_uniq_0439_xray_291_node
MIDDLE_SEAM_LEFT
MIDDLE_GATE_HOLD
WHITE_NOISE_uniq_0442_xray_402_node
WHITE_NOISE_uniq_0443_xray_439_node
WHITE_NOISE_uniq_0444_xray_476_node
WHITE_NOISE_uniq_0445_xray_513_node
MIDDLE_GATE_HOLD
STABLE_RETURN_PATH
MIDDLE_PULSE_BRIDGE
WHITE_NOISE_uniq_0449_xray_661_node
MIDDLE_PULSE_BRIDGE
WHITE_NOISE_uniq_0451_xray_735_node
MIDDLE_SEAM_LEFT
WHITE_NOISE_uniq_0453_xray_809_node
WHITE_NOISE_uniq_0454_xray_846_node
MIDDLE_PULSE_BRIDGE
STABLE_CARRIER_BETA
MIDDLE_PULSE_BRIDGE
WHITE_NOISE_uniq_0458_xray_994_node
MIDDLE_SEAM_RIGHT
WHITE_NOISE_uniq_0460_xray_71_node
MIDDLE_GATE_HOLD
WHITE_NOISE_uniq_0462_xray_145_node
MIDDLE_GATE_HOLD
WHITE_NOISE_uniq_0464_xray_219_node
WHITE_NOISE_uniq_0465_xray_256_node
WHITE_NOISE_uniq_0466_xray_293_node
WHITE_NOISE_uniq_0467_xray_330_node
WHITE_NOISE_uniq_0468_xray_367_node
WHITE_NOISE_uniq_0469_xray_404_node
WHITE_NOISE_uniq_0470_xray_441_node
WHITE_NOISE_uniq_0471_xray_478_node
WHITE_NOISE_uniq_0472_xray_515_node
WHITE_NOISE_uniq_0473_xray_552_node
WHITE_NOISE_uniq_0474_xray_589_node
WHITE_NOISE_uniq_0475_xray_626_node
WHITE_NOISE_uniq_0476_xray_663_node
MIDDLE_GATE_HOLD
WHITE_NOISE_uniq_0478_xray_737_node
WHITE_NOISE_uniq_0479_xray_774_node
WHITE_NOISE_uniq_0480_xray_811_node
WHITE_NOISE_uniq_0481_xray_848_node
WHITE_NOISE_uniq_0482_xray_885_node
WHITE_NOISE_uniq_0483_xray_922_node
MIDDLE_PULSE_BRIDGE
WHITE_NOISE_uniq_0485_xray_996_node
WHITE_NOISE_uniq_0486_xray_36_node
WHITE_NOISE_uniq_0487_xray_73_node
WHITE_NOISE_uniq_0488_xray_110_node
MIDDLE_PULSE_BRIDGE
STABLE_RETURN_PATH
WHITE_NOISE_uniq_0491_xray_221_node
STABLE_CARRIER_BETA
WHITE_NOISE_uniq_0493_xray_295_node
WHITE_NOISE_uniq_0494_xray_332_node
WHITE_NOISE_uniq_0495_xray_369_node
WHITE_NOISE_uniq_0496_xray_406_node
WHITE_NOISE_uniq_0497_xray_443_node
WHITE_NOISE_uniq_0498_xray_480_node
MIDDLE_SEAM_RIGHT
MIDDLE_PULSE_BRIDGE
WHITE_NOISE_uniq_0501_xray_591_node
MIDDLE_PULSE_BRIDGE
MIDDLE_GATE_HOLD
WHITE_NOISE_uniq_0504_xray_702_node
WHITE_NOISE_uniq_0505_xray_739_node
WHITE_NOISE_uniq_0506_xray_776_node
WHITE_NOISE_uniq_0507_xray_813_node
WHITE_NOISE_uniq_0508_xray_850_node
STABLE_RETURN_PATH
WHITE_NOISE_uniq_0510_xray_924_node
WHITE_NOISE_uniq_0511_xray_961_node
WHITE_NOISE_uniq_0512_xray_1_node
MIDDLE_SEAM_RIGHT
STABLE_CARRIER_ALPHA
STABLE_CARRIER_BETA
MIDDLE_GATE_HOLD
WHITE_NOISE_uniq_0517_xray_186_node
WHITE_NOISE_uniq_0518_xray_223_node
MIDDLE_SEAM_RIGHT
STABLE_RETURN_PATH
MIDDLE_GATE_HOLD
WHITE_NOISE_uniq_0522_xray_371_node
WHITE_NOISE_uniq_0523_xray_408_node
WHITE_NOISE_uniq_0524_xray_445_node
MIDDLE_GATE_HOLD
WHITE_NOISE_uniq_0526_xray_519_node
MIDDLE_GATE_HOLD
WHITE_NOISE_uniq_0528_xray_593_node
WHITE_NOISE_uniq_0529_xray_630_node
WHITE_NOISE_uniq_0530_xray_667_node
WHITE_NOISE_uniq_0531_xray_704_node
WHITE_NOISE_uniq_0532_xray_741_node
MIDDLE_SEAM_LEFT
WHITE_NOISE_uniq_0534_xray_815_node
WHITE_NOISE_uniq_0535_xray_852_node
WHITE_NOISE_uniq_0536_xray_889_node
WHITE_NOISE_uniq_0537_xray_926_node
WHITE_NOISE_uniq_0538_xray_963_node
WHITE_NOISE_uniq_0539_xray_3_node
WHITE_NOISE_uniq_0540_xray_40_node
WHITE_NOISE_uniq_0541_xray_77_node
WHITE_NOISE_uniq_0542_xray_114_node
WHITE_NOISE_uniq_0543_xray_151_node
WHITE_NOISE_uniq_0544_xray_188_node
WHITE_NOISE_uniq_0545_xray_225_node
WHITE_NOISE_uniq_0546_xray_262_node
STABLE_CARRIER_BETA
WHITE_NOISE_uniq_0548_xray_336_node
WHITE_NOISE_uniq_0549_xray_373_node
WHITE_NOISE_uniq_0550_xray_410_node
STABLE_RETURN_PATH
MIDDLE_SEAM_LEFT
STABLE_CARRIER_ALPHA
MIDDLE_SEAM_LEFT
WHITE_NOISE_uniq_0555_xray_595_node
MIDDLE_SEAM_RIGHT
WHITE_NOISE_uniq_0557_xray_669_node
MIDDLE_PULSE_BRIDGE
WHITE_NOISE_uniq_0559_xray_743_node
MIDDLE_SEAM_RIGHT
WHITE_NOISE_uniq_0561_xray_817_node
WHITE_NOISE_uniq_0562_xray_854_node
WHITE_NOISE_uniq_0563_xray_891_node
MIDDLE_GATE_HOLD
MIDDLE_SEAM_LEFT
WHITE_NOISE_uniq_0566_xray_5_node
WHITE_NOISE_uniq_0567_xray_42_node
MIDDLE_SEAM_LEFT
WHITE_NOISE_uniq_0569_xray_116_node
WHITE_NOISE_uniq_0570_xray_153_node
MIDDLE_PULSE_BRIDGE
WHITE_NOISE_uniq_0572_xray_227_node
MIDDLE_SEAM_RIGHT
MIDDLE_SEAM_LEFT
WHITE_NOISE_uniq_0575_xray_338_node
WHITE_NOISE_uniq_0576_xray_375_node
STABLE_CARRIER_ALPHA
WHITE_NOISE_uniq_0578_xray_449_node
WHITE_NOISE_uniq_0579_xray_486_node
MIDDLE_PULSE_BRIDGE
WHITE_NOISE_uniq_0581_xray_560_node
WHITE_NOISE_uniq_0582_xray_597_node
WHITE_NOISE_uniq_0583_xray_634_node
WHITE_NOISE_uniq_0584_xray_671_node
WHITE_NOISE_uniq_0585_xray_708_node
WHITE_NOISE_uniq_0586_xray_745_node
MIDDLE_SEAM_LEFT
WHITE_NOISE_uniq_0588_xray_819_node
WHITE_NOISE_uniq_0589_xray_856_node
WHITE_NOISE_uniq_0590_xray_893_node
MIDDLE_GATE_HOLD
WHITE_NOISE_uniq_0592_xray_967_node
MIDDLE_PULSE_BRIDGE
STABLE_CARRIER_BETA
WHITE_NOISE_uniq_0595_xray_81_node
MIDDLE_GATE_HOLD
WHITE_NOISE_uniq_0597_xray_155_node
MIDDLE_SEAM_RIGHT
MIDDLE_SEAM_RIGHT
WHITE_NOISE_uniq_0600_xray_266_node
MIDDLE_SEAM_RIGHT
WHITE_NOISE_uniq_0602_xray_340_node
WHITE_NOISE_uniq_0603_xray_377_node
WHITE_NOISE_uniq_0604_xray_414_node
WHITE_NOISE_uniq_0605_xray_451_node
STABLE_RETURN_PATH
WHITE_NOISE_uniq_0607_xray_525_node
WHITE_NOISE_uniq_0608_xray_562_node
WHITE_NOISE_uniq_0609_xray_599_node
WHITE_NOISE_uniq_0610_xray_636_node
WHITE_NOISE_uniq_0611_xray_673_node
WHITE_NOISE_uniq_0612_xray_710_node
WHITE_NOISE_uniq_0613_xray_747_node
WHITE_NOISE_uniq_0614_xray_784_node
WHITE_NOISE_uniq_0615_xray_821_node
WHITE_NOISE_uniq_0616_xray_858_node
WHITE_NOISE_uniq_0617_xray_895_node
WHITE_NOISE_uniq_0618_xray_932_node
STABLE_RETURN_PATH
WHITE_NOISE_uniq_0620_xray_9_node
WHITE_NOISE_uniq_0621_xray_46_node
MIDDLE_SEAM_RIGHT
STABLE_RETURN_PATH
WHITE_NOISE_uniq_0624_xray_157_node
STABLE_CARRIER_BETA
WHITE_NOISE_uniq_0626_xray_231_node
WHITE_NOISE_uniq_0627_xray_268_node
WHITE_NOISE_uniq_0628_xray_305_node
WHITE_NOISE_uniq_0629_xray_342_node
WHITE_NOISE_uniq_0630_xray_379_node
WHITE_NOISE_uniq_0631_xray_416_node
MIDDLE_GATE_HOLD
MIDDLE_GATE_HOLD
MIDDLE_PULSE_BRIDGE
WHITE_NOISE_uniq_0635_xray_564_node
MIDDLE_SEAM_RIGHT
WHITE_NOISE_uniq_0637_xray_638_node
WHITE_NOISE_uniq_0638_xray_675_node
MIDDLE_SEAM_RIGHT
WHITE_NOISE_uniq_0640_xray_749_node
WHITE_NOISE_uniq_0641_xray_786_node
WHITE_NOISE_uniq_0642_xray_823_node
WHITE_NOISE_uniq_0643_xray_860_node
WHITE_NOISE_uniq_0644_xray_897_node
WHITE_NOISE_uniq_0645_xray_934_node
WHITE_NOISE_uniq_0646_xray_971_node
STABLE_CARRIER_BETA
MIDDLE_SEAM_RIGHT
WHITE_NOISE_uniq_0649_xray_85_node
WHITE_NOISE_uniq_0650_xray_122_node
WHITE_NOISE_uniq_0651_xray_159_node
MIDDLE_SEAM_RIGHT
WHITE_NOISE_uniq_0653_xray_233_node
WHITE_NOISE_uniq_0654_xray_270_node
MIDDLE_SEAM_LEFT
WHITE_NOISE_uniq_0656_xray_344_node
WHITE_NOISE_uniq_0657_xray_381_node
WHITE_NOISE_uniq_0658_xray_418_node
WHITE_NOISE_uniq_0659_xray_455_node
WHITE_NOISE_uniq_0660_xray_492_node
WHITE_NOISE_uniq_0661_xray_529_node
WHITE_NOISE_uniq_0662_xray_566_node
WHITE_NOISE_uniq_0663_xray_603_node
STABLE_RETURN_PATH
MIDDLE_PULSE_BRIDGE
MIDDLE_SEAM_LEFT
MIDDLE_PULSE_BRIDGE
WHITE_NOISE_uniq_0668_xray_788_node
STABLE_CARRIER_BETA
WHITE_NOISE_uniq_0670_xray_862_node
WHITE_NOISE_uniq_0671_xray_899_node
STABLE_CARRIER_BETA
MIDDLE_SEAM_RIGHT
MIDDLE_PULSE_BRIDGE
WHITE_NOISE_uniq_0675_xray_50_node
WHITE_NOISE_uniq_0676_xray_87_node
MIDDLE_PULSE_BRIDGE
WHITE_NOISE_uniq_0678_xray_161_node
STABLE_CARRIER_ALPHA
WHITE_NOISE_uniq_0680_xray_235_node
WHITE_NOISE_uniq_0681_xray_272_node
WHITE_NOISE_uniq_0682_xray_309_node
WHITE_NOISE_uniq_0683_xray_346_node
WHITE_NOISE_uniq_0684_xray_383_node
MIDDLE_GATE_HOLD
WHITE_NOISE_uniq_0686_xray_457_node
WHITE_NOISE_uniq_0687_xray_494_node
STABLE_CARRIER_BETA
WHITE_NOISE_uniq_0689_xray_568_node
WHITE_NOISE_uniq_0690_xray_605_node
WHITE_NOISE_uniq_0691_xray_642_node
WHITE_NOISE_uniq_0692_xray_679_node
WHITE_NOISE_uniq_0693_xray_716_node
WHITE_NOISE_uniq_0694_xray_753_node
WHITE_NOISE_uniq_0695_xray_790_node
WHITE_NOISE_uniq_0696_xray_827_node
MIDDLE_SEAM_LEFT
WHITE_NOISE_uniq_0698_xray_901_node
WHITE_NOISE_uniq_0699_xray_938_node
MIDDLE_SEAM_RIGHT
WHITE_NOISE_uniq_0701_xray_15_node
WHITE_NOISE_uniq_0702_xray_52_node
WHITE_NOISE_uniq_0703_xray_89_node
WHITE_NOISE_uniq_0704_xray_126_node
WHITE_NOISE_uniq_0705_xray_163_node
WHITE_NOISE_uniq_0706_xray_200_node
STABLE_RETURN_PATH
WHITE_NOISE_uniq_0708_xray_274_node
MIDDLE_PULSE_BRIDGE
WHITE_NOISE_uniq_0710_xray_348_node
WHITE_NOISE_uniq_0711_xray_385_node
WHITE_NOISE_uniq_0712_xray_422_node
WHITE_NOISE_uniq_0713_xray_459_node
WHITE_NOISE_uniq_0714_xray_496_node
WHITE_NOISE_uniq_0715_xray_533_node
WHITE_NOISE_uniq_0716_xray_570_node
WHITE_NOISE_uniq_0717_xray_607_node
WHITE_NOISE_uniq_0718_xray_644_node
WHITE_NOISE_uniq_0719_xray_681_node
STABLE_CARRIER_ALPHA
WHITE_NOISE_uniq_0721_xray_755_node
WHITE_NOISE_uniq_0722_xray_792_node
WHITE_NOISE_uniq_0723_xray_829_node
WHITE_NOISE_uniq_0724_xray_866_node
WHITE_NOISE_uniq_0725_xray_903_node
STABLE_CARRIER_ALPHA
WHITE_NOISE_uniq_0727_xray_977_node
MIDDLE_SEAM_LEFT
WHITE_NOISE_uniq_0729_xray_54_node
WHITE_NOISE_uniq_0730_xray_91_node
MIDDLE_PULSE_BRIDGE
WHITE_NOISE_uniq_0732_xray_165_node
WHITE_NOISE_uniq_0733_xray_202_node
MIDDLE_SEAM_RIGHT
WHITE_NOISE_uniq_0735_xray_276_node
MIDDLE_GATE_HOLD
WHITE_NOISE_uniq_0737_xray_350_node
WHITE_NOISE_uniq_0738_xray_387_node
MIDDLE_PULSE_BRIDGE
WHITE_NOISE_uniq_0740_xray_461_node
WHITE_NOISE_uniq_0741_xray_498_node
WHITE_NOISE_uniq_0742_xray_535_node
WHITE_NOISE_uniq_0743_xray_572_node
WHITE_NOISE_uniq_0744_xray_609_node
STABLE_RETURN_PATH
MIDDLE_PULSE_BRIDGE
STABLE_RETURN_PATH
WHITE_NOISE_uniq_0748_xray_757_node
MIDDLE_PULSE_BRIDGE
WHITE_NOISE_uniq_0750_xray_831_node
WHITE_NOISE_uniq_0751_xray_868_node
MIDDLE_SEAM_LEFT
WHITE_NOISE_uniq_0753_xray_942_node
WHITE_NOISE_uniq_0754_xray_979_node
STABLE_RETURN_PATH
MIDDLE_PULSE_BRIDGE
WHITE_NOISE_uniq_0757_xray_93_node
MIDDLE_PULSE_BRIDGE
WHITE_NOISE_uniq_0759_xray_167_node
MIDDLE_PULSE_BRIDGE
WHITE_NOISE_uniq_0761_xray_241_node
STABLE_CARRIER_ALPHA
WHITE_NOISE_uniq_0763_xray_315_node
WHITE_NOISE_uniq_0764_xray_352_node
WHITE_NOISE_uniq_0765_xray_389_node
WHITE_NOISE_uniq_0766_xray_426_node
WHITE_NOISE_uniq_0767_xray_463_node
MIDDLE_PULSE_BRIDGE
WHITE_NOISE_uniq_0769_xray_537_node
WHITE_NOISE_uniq_0770_xray_574_node
WHITE_NOISE_uniq_0771_xray_611_node
WHITE_NOISE_uniq_0772_xray_648_node
MIDDLE_PULSE_BRIDGE
WHITE_NOISE_uniq_0774_xray_722_node
WHITE_NOISE_uniq_0775_xray_759_node
WHITE_NOISE_uniq_0776_xray_796_node
STABLE_CARRIER_BETA
WHITE_NOISE_uniq_0778_xray_870_node
WHITE_NOISE_uniq_0779_xray_907_node
WHITE_NOISE_uniq_0780_xray_944_node
MIDDLE_SEAM_RIGHT
WHITE_NOISE_uniq_0782_xray_21_node
WHITE_NOISE_uniq_0783_xray_58_node
WHITE_NOISE_uniq_0784_xray_95_node
WHITE_NOISE_uniq_0785_xray_132_node
STABLE_CARRIER_BETA
WHITE_NOISE_uniq_0787_xray_206_node
WHITE_NOISE_uniq_0788_xray_243_node
MIDDLE_SEAM_RIGHT
WHITE_NOISE_uniq_0790_xray_317_node
WHITE_NOISE_uniq_0791_xray_354_node
WHITE_NOISE_uniq_0792_xray_391_node
MIDDLE_PULSE_BRIDGE
STABLE_RETURN_PATH
WHITE_NOISE_uniq_0795_xray_502_node
WHITE_NOISE_uniq_0796_xray_539_node
WHITE_NOISE_uniq_0797_xray_576_node
MIDDLE_PULSE_BRIDGE
WHITE_NOISE_uniq_0799_xray_650_node
WHITE_NOISE_uniq_0800_xray_687_node
WHITE_NOISE_uniq_0801_xray_724_node
STABLE_CARRIER_ALPHA
MIDDLE_GATE_HOLD
WHITE_NOISE_uniq_0804_xray_835_node
WHITE_NOISE_uniq_0805_xray_872_node
WHITE_NOISE_uniq_0806_xray_909_node
WHITE_NOISE_uniq_0807_xray_946_node
WHITE_NOISE_uniq_0808_xray_983_node
WHITE_NOISE_uniq_0809_xray_23_node
STABLE_CARRIER_BETA
WHITE_NOISE_uniq_0811_xray_97_node
WHITE_NOISE_uniq_0812_xray_134_node
WHITE_NOISE_uniq_0813_xray_171_node
STABLE_CARRIER_BETA
WHITE_NOISE_uniq_0815_xray_245_node
MIDDLE_SEAM_LEFT
WHITE_NOISE_uniq_0817_xray_319_node
WHITE_NOISE_uniq_0818_xray_356_node
MIDDLE_GATE_HOLD
WHITE_NOISE_uniq_0820_xray_430_node
WHITE_NOISE_uniq_0821_xray_467_node
MIDDLE_SEAM_RIGHT
STABLE_RETURN_PATH
WHITE_NOISE_uniq_0824_xray_578_node
WHITE_NOISE_uniq_0825_xray_615_node
MIDDLE_SEAM_RIGHT
WHITE_NOISE_uniq_0827_xray_689_node
WHITE_NOISE_uniq_0828_xray_726_node
WHITE_NOISE_uniq_0829_xray_763_node
WHITE_NOISE_uniq_0830_xray_800_node
WHITE_NOISE_uniq_0831_xray_837_node
WHITE_NOISE_uniq_0832_xray_874_node
WHITE_NOISE_uniq_0833_xray_911_node
WHITE_NOISE_uniq_0834_xray_948_node
WHITE_NOISE_uniq_0835_xray_985_node
MIDDLE_SEAM_RIGHT
WHITE_NOISE_uniq_0837_xray_62_node
WHITE_NOISE_uniq_0838_xray_99_node
MIDDLE_GATE_HOLD
WHITE_NOISE_uniq_0840_xray_173_node
WHITE_NOISE_uniq_0841_xray_210_node
STABLE_CARRIER_ALPHA
WHITE_NOISE_uniq_0843_xray_284_node
WHITE_NOISE_uniq_0844_xray_321_node
STABLE_CARRIER_BETA
WHITE_NOISE_uniq_0846_xray_395_node
WHITE_NOISE_uniq_0847_xray_432_node
WHITE_NOISE_uniq_0848_xray_469_node
WHITE_NOISE_uniq_0849_xray_506_node
MIDDLE_SEAM_LEFT
WHITE_NOISE_uniq_0851_xray_580_node
WHITE_NOISE_uniq_0852_xray_617_node
MIDDLE_SEAM_LEFT
WHITE_NOISE_uniq_0854_xray_691_node
WHITE_NOISE_uniq_0855_xray_728_node
MIDDLE_SEAM_LEFT
WHITE_NOISE_uniq_0857_xray_802_node
WHITE_NOISE_uniq_0858_xray_839_node
WHITE_NOISE_uniq_0859_xray_876_node
WHITE_NOISE_uniq_0860_xray_913_node
MIDDLE_SEAM_LEFT
WHITE_NOISE_uniq_0862_xray_987_node
STABLE_CARRIER_BETA
STABLE_CARRIER_ALPHA
WHITE_NOISE_uniq_0865_xray_101_node
WHITE_NOISE_uniq_0866_xray_138_node
WHITE_NOISE_uniq_0867_xray_175_node
WHITE_NOISE_uniq_0868_xray_212_node
WHITE_NOISE_uniq_0869_xray_249_node
WHITE_NOISE_uniq_0870_xray_286_node
WHITE_NOISE_uniq_0871_xray_323_node
WHITE_NOISE_uniq_0872_xray_360_node
STABLE_CARRIER_ALPHA
STABLE_CARRIER_ALPHA
WHITE_NOISE_uniq_0875_xray_471_node
MIDDLE_GATE_HOLD
WHITE_NOISE_uniq_0877_xray_545_node
WHITE_NOISE_uniq_0878_xray_582_node
MIDDLE_SEAM_LEFT
WHITE_NOISE_uniq_0880_xray_656_node
WHITE_NOISE_uniq_0881_xray_693_node
MIDDLE_SEAM_RIGHT
WHITE_NOISE_uniq_0883_xray_767_node
WHITE_NOISE_uniq_0884_xray_804_node
MIDDLE_SEAM_RIGHT
WHITE_NOISE_uniq_0886_xray_878_node
WHITE_NOISE_uniq_0887_xray_915_node
STABLE_RETURN_PATH
WHITE_NOISE_uniq_0889_xray_989_node
WHITE_NOISE_uniq_0890_xray_29_node
WHITE_NOISE_uniq_0891_xray_66_node
MIDDLE_SEAM_RIGHT
WHITE_NOISE_uniq_0893_xray_140_node
MIDDLE_SEAM_RIGHT
WHITE_NOISE_uniq_0895_xray_214_node
MIDDLE_SEAM_RIGHT
WHITE_NOISE_uniq_0897_xray_288_node
STABLE_CARRIER_ALPHA
WHITE_NOISE_uniq_0899_xray_362_node
MIDDLE_GATE_HOLD
MIDDLE_PULSE_BRIDGE
WHITE_NOISE_uniq_0902_xray_473_node
WHITE_NOISE_uniq_0903_xray_510_node
MIDDLE_SEAM_RIGHT
WHITE_NOISE_uniq_0905_xray_584_node
MIDDLE_PULSE_BRIDGE
MIDDLE_SEAM_LEFT
WHITE_NOISE_uniq_0908_xray_695_node
WHITE_NOISE_uniq_0909_xray_732_node
MIDDLE_SEAM_LEFT
STABLE_CARRIER_ALPHA
MIDDLE_SEAM_LEFT
WHITE_NOISE_uniq_0913_xray_880_node
WHITE_NOISE_uniq_0914_xray_917_node
MIDDLE_PULSE_BRIDGE
WHITE_NOISE_uniq_0916_xray_991_node
WHITE_NOISE_uniq_0917_xray_31_node
STABLE_RETURN_PATH
STABLE_CARRIER_BETA
WHITE_NOISE_uniq_0920_xray_142_node
WHITE_NOISE_uniq_0921_xray_179_node
WHITE_NOISE_uniq_0922_xray_216_node
STABLE_CARRIER_BETA
STABLE_CARRIER_ALPHA
WHITE_NOISE_uniq_0925_xray_327_node
WHITE_NOISE_uniq_0926_xray_364_node
MIDDLE_PULSE_BRIDGE
WHITE_NOISE_uniq_0928_xray_438_node
MIDDLE_SEAM_LEFT
WHITE_NOISE_uniq_0930_xray_512_node
WHITE_NOISE_uniq_0931_xray_549_node
MIDDLE_PULSE_BRIDGE
STABLE_CARRIER_BETA
MIDDLE_GATE_HOLD
WHITE_NOISE_uniq_0935_xray_697_node
WHITE_NOISE_uniq_0936_xray_734_node
WHITE_NOISE_uniq_0937_xray_771_node
WHITE_NOISE_uniq_0938_xray_808_node
WHITE_NOISE_uniq_0939_xray_845_node
WHITE_NOISE_uniq_0940_xray_882_node
WHITE_NOISE_uniq_0941_xray_919_node
STABLE_CARRIER_BETA
WHITE_NOISE_uniq_0943_xray_993_node
WHITE_NOISE_uniq_0944_xray_33_node
WHITE_NOISE_uniq_0945_xray_70_node
WHITE_NOISE_uniq_0946_xray_107_node
STABLE_RETURN_PATH
WHITE_NOISE_uniq_0948_xray_181_node
MIDDLE_GATE_HOLD
MIDDLE_GATE_HOLD
WHITE_NOISE_uniq_0951_xray_292_node
WHITE_NOISE_uniq_0952_xray_329_node
STABLE_CARRIER_ALPHA
MIDDLE_SEAM_RIGHT
WHITE_NOISE_uniq_0955_xray_440_node
MIDDLE_SEAM_RIGHT
WHITE_NOISE_uniq_0957_xray_514_node
WHITE_NOISE_uniq_0958_xray_551_node
WHITE_NOISE_uniq_0959_xray_588_node
WHITE_NOISE_uniq_0960_xray_625_node
WHITE_NOISE_uniq_0961_xray_662_node
WHITE_NOISE_uniq_0962_xray_699_node
MIDDLE_GATE_HOLD
WHITE_NOISE_uniq_0964_xray_773_node
MIDDLE_PULSE_BRIDGE
WHITE_NOISE_uniq_0966_xray_847_node
WHITE_NOISE_uniq_0967_xray_884_node
WHITE_NOISE_uniq_0968_xray_921_node
WHITE_NOISE_uniq_0969_xray_958_node
WHITE_NOISE_uniq_0970_xray_995_node
MIDDLE_PULSE_BRIDGE
WHITE_NOISE_uniq_0972_xray_72_node
WHITE_NOISE_uniq_0973_xray_109_node
MIDDLE_SEAM_LEFT
WHITE_NOISE_uniq_0975_xray_183_node
WHITE_NOISE_uniq_0976_xray_220_node
MIDDLE_SEAM_RIGHT
WHITE_NOISE_uniq_0978_xray_294_node
MIDDLE_GATE_HOLD
WHITE_NOISE_uniq_0980_xray_368_node
WHITE_NOISE_uniq_0981_xray_405_node
MIDDLE_PULSE_BRIDGE
MIDDLE_SEAM_RIGHT
STABLE_CARRIER_BETA
MIDDLE_PULSE_BRIDGE
MIDDLE_SEAM_LEFT
WHITE_NOISE_uniq_0987_xray_627_node
WHITE_NOISE_uniq_0988_xray_664_node
WHITE_NOISE_uniq_0989_xray_701_node
STABLE_RETURN_PATH
STABLE_CARRIER_BETA
WHITE_NOISE_uniq_0992_xray_812_node
STABLE_CARRIER_BETA
MIDDLE_SEAM_LEFT
WHITE_NOISE_uniq_0995_xray_923_node
WHITE_NOISE_uniq_0996_xray_960_node
WHITE_NOISE_uniq_0997_xray_0_node
WHITE_NOISE_uniq_0998_xray_37_node
WHITE_NOISE_uniq_0999_xray_74_node
WHITE_NOISE_uniq_1000_xray_111_node
WHITE_NOISE_uniq_1001_xray_148_node
WHITE_NOISE_uniq_1002_xray_185_node
WHITE_NOISE_uniq_1003_xray_222_node
MIDDLE_PULSE_BRIDGE
WHITE_NOISE_uniq_1005_xray_296_node
MIDDLE_PULSE_BRIDGE
WHITE_NOISE_uniq_1007_xray_370_node
MIDDLE_SEAM_LEFT
WHITE_NOISE_uniq_1009_xray_444_node
MIDDLE_SEAM_LEFT
WHITE_NOISE_uniq_1011_xray_518_node
WHITE_NOISE_uniq_1012_xray_555_node
MIDDLE_PULSE_BRIDGE
WHITE_NOISE_uniq_1014_xray_629_node
WHITE_NOISE_uniq_1015_xray_666_node
WHITE_NOISE_uniq_1016_xray_703_node
MIDDLE_SEAM_LEFT
STABLE_CARRIER_ALPHA
WHITE_NOISE_uniq_1019_xray_814_node
MIDDLE_SEAM_RIGHT
WHITE_NOISE_uniq_1021_xray_888_node
STABLE_CARRIER_BETA
WHITE_NOISE_uniq_1023_xray_962_node
WHITE_NOISE_uniq_1024_xray_2_node
MIDDLE_PULSE_BRIDGE
WHITE_NOISE_uniq_1026_xray_76_node
WHITE_NOISE_uniq_1027_xray_113_node
MIDDLE_SEAM_LEFT
WHITE_NOISE_uniq_1029_xray_187_node
MIDDLE_SEAM_LEFT
WHITE_NOISE_uniq_1031_xray_261_node
MIDDLE_SEAM_LEFT
STABLE_RETURN_PATH
STABLE_RETURN_PATH
WHITE_NOISE_uniq_1035_xray_409_node
STABLE_CARRIER_BETA
WHITE_NOISE_uniq_1037_xray_483_node
MIDDLE_SEAM_RIGHT
STABLE_RETURN_PATH
WHITE_NOISE_uniq_1040_xray_594_node
MIDDLE_PULSE_BRIDGE
WHITE_NOISE_uniq_1042_xray_668_node
WHITE_NOISE_uniq_1043_xray_705_node
MIDDLE_GATE_HOLD
WHITE_NOISE_uniq_1045_xray_779_node
MIDDLE_PULSE_BRIDGE
WHITE_NOISE_uniq_1047_xray_853_node
WHITE_NOISE_uniq_1048_xray_890_node
MIDDLE_SEAM_LEFT
WHITE_NOISE_uniq_1050_xray_964_node
WHITE_NOISE_uniq_1051_xray_4_node
WHITE_NOISE_uniq_1052_xray_41_node
WHITE_NOISE_uniq_1053_xray_78_node
WHITE_NOISE_uniq_1054_xray_115_node
STABLE_CARRIER_ALPHA
MIDDLE_SEAM_RIGHT
WHITE_NOISE_uniq_1057_xray_226_node
WHITE_NOISE_uniq_1058_xray_263_node
MIDDLE_SEAM_RIGHT
STABLE_CARRIER_ALPHA
WHITE_NOISE_uniq_1061_xray_374_node
WHITE_NOISE_uniq_1062_xray_411_node
STABLE_CARRIER_BETA
WHITE_NOISE_uniq_1064_xray_485_node
WHITE_NOISE_uniq_1065_xray_522_node
WHITE_NOISE_uniq_1066_xray_559_node
MIDDLE_SEAM_LEFT
WHITE_NOISE_uniq_1068_xray_633_node
MIDDLE_SEAM_LEFT
MIDDLE_SEAM_RIGHT
STABLE_RETURN_PATH
STABLE_CARRIER_BETA
WHITE_NOISE_uniq_1073_xray_818_node
MIDDLE_GATE_HOLD
WHITE_NOISE_uniq_1075_xray_892_node
WHITE_NOISE_uniq_1076_xray_929_node
WHITE_NOISE_uniq_1077_xray_966_node
MIDDLE_SEAM_RIGHT
WHITE_NOISE_uniq_1079_xray_43_node
STABLE_CARRIER_BETA
STABLE_CARRIER_BETA
MIDDLE_PULSE_BRIDGE
MIDDLE_GATE_HOLD
MIDDLE_SEAM_RIGHT
STABLE_RETURN_PATH
WHITE_NOISE_uniq_1086_xray_302_node
WHITE_NOISE_uniq_1087_xray_339_node
WHITE_NOISE_uniq_1088_xray_376_node
STABLE_CARRIER_ALPHA
WHITE_NOISE_uniq_1090_xray_450_node
WHITE_NOISE_uniq_1091_xray_487_node
WHITE_NOISE_uniq_1092_xray_524_node
WHITE_NOISE_uniq_1093_xray_561_node
WHITE_NOISE_uniq_1094_xray_598_node
MIDDLE_SEAM_RIGHT
WHITE_NOISE_uniq_1096_xray_672_node
WHITE_NOISE_uniq_1097_xray_709_node
STABLE_CARRIER_ALPHA
STABLE_CARRIER_ALPHA
WHITE_NOISE_uniq_1100_xray_820_node
MIDDLE_PULSE_BRIDGE
WHITE_NOISE_uniq_1102_xray_894_node
WHITE_NOISE_uniq_1103_xray_931_node
WHITE_NOISE_uniq_1104_xray_968_node
WHITE_NOISE_uniq_1105_xray_8_node
WHITE_NOISE_uniq_1106_xray_45_node
WHITE_NOISE_uniq_1107_xray_82_node
MIDDLE_SEAM_RIGHT
MIDDLE_PULSE_BRIDGE
WHITE_NOISE_uniq_1110_xray_193_node
WHITE_NOISE_uniq_1111_xray_230_node
STABLE_RETURN_PATH
WHITE_NOISE_uniq_1113_xray_304_node
WHITE_NOISE_uniq_1114_xray_341_node
WHITE_NOISE_uniq_1115_xray_378_node
WHITE_NOISE_uniq_1116_xray_415_node
WHITE_NOISE_uniq_1117_xray_452_node
WHITE_NOISE_uniq_1118_xray_489_node
WHITE_NOISE_uniq_1119_xray_526_node
WHITE_NOISE_uniq_1120_xray_563_node
WHITE_NOISE_uniq_1121_xray_600_node
WHITE_NOISE_uniq_1122_xray_637_node
WHITE_NOISE_uniq_1123_xray_674_node
WHITE_NOISE_uniq_1124_xray_711_node
MIDDLE_SEAM_RIGHT
STABLE_CARRIER_ALPHA
WHITE_NOISE_uniq_1127_xray_822_node
WHITE_NOISE_uniq_1128_xray_859_node
WHITE_NOISE_uniq_1129_xray_896_node
WHITE_NOISE_uniq_1130_xray_933_node
WHITE_NOISE_uniq_1131_xray_970_node
WHITE_NOISE_uniq_1132_xray_10_node
WHITE_NOISE_uniq_1133_xray_47_node
WHITE_NOISE_uniq_1134_xray_84_node
WHITE_NOISE_uniq_1135_xray_121_node
WHITE_NOISE_uniq_1136_xray_158_node
WHITE_NOISE_uniq_1137_xray_195_node
WHITE_NOISE_uniq_1138_xray_232_node
WHITE_NOISE_uniq_1139_xray_269_node
WHITE_NOISE_uniq_1140_xray_306_node
MIDDLE_SEAM_LEFT
MIDDLE_SEAM_LEFT
WHITE_NOISE_uniq_1143_xray_417_node
WHITE_NOISE_uniq_1144_xray_454_node
WHITE_NOISE_uniq_1145_xray_491_node
WHITE_NOISE_uniq_1146_xray_528_node
WHITE_NOISE_uniq_1147_xray_565_node
WHITE_NOISE_uniq_1148_xray_602_node
WHITE_NOISE_uniq_1149_xray_639_node
WHITE_NOISE_uniq_1150_xray_676_node
WHITE_NOISE_uniq_1151_xray_713_node
WHITE_NOISE_uniq_1152_xray_750_node
WHITE_NOISE_uniq_1153_xray_787_node
MIDDLE_PULSE_BRIDGE
WHITE_NOISE_uniq_1155_xray_861_node
WHITE_NOISE_uniq_1156_xray_898_node
WHITE_NOISE_uniq_1157_xray_935_node
WHITE_NOISE_uniq_1158_xray_972_node
WHITE_NOISE_uniq_1159_xray_12_node
WHITE_NOISE_uniq_1160_xray_49_node
WHITE_NOISE_uniq_1161_xray_86_node
WHITE_NOISE_uniq_1162_xray_123_node
MIDDLE_SEAM_RIGHT
STABLE_CARRIER_BETA
WHITE_NOISE_uniq_1165_xray_234_node
WHITE_NOISE_uniq_1166_xray_271_node
WHITE_NOISE_uniq_1167_xray_308_node
STABLE_CARRIER_BETA
WHITE_NOISE_uniq_1169_xray_382_node
WHITE_NOISE_uniq_1170_xray_419_node
WHITE_NOISE_uniq_1171_xray_456_node
WHITE_NOISE_uniq_1172_xray_493_node
STABLE_CARRIER_BETA
WHITE_NOISE_uniq_1174_xray_567_node
MIDDLE_GATE_HOLD
WHITE_NOISE_uniq_1176_xray_641_node
MIDDLE_GATE_HOLD
WHITE_NOISE_uniq_1178_xray_715_node
WHITE_NOISE_uniq_1179_xray_752_node
MIDDLE_GATE_HOLD
MIDDLE_SEAM_RIGHT
WHITE_NOISE_uniq_1182_xray_863_node
STABLE_CARRIER_BETA
STABLE_CARRIER_BETA
WHITE_NOISE_uniq_1185_xray_974_node
WHITE_NOISE_uniq_1186_xray_14_node
WHITE_NOISE_uniq_1187_xray_51_node
WHITE_NOISE_uniq_1188_xray_88_node
MIDDLE_SEAM_LEFT
STABLE_CARRIER_ALPHA
WHITE_NOISE_uniq_1191_xray_199_node
WHITE_NOISE_uniq_1192_xray_236_node
WHITE_NOISE_uniq_1193_xray_273_node
MIDDLE_GATE_HOLD
WHITE_NOISE_uniq_1195_xray_347_node
MIDDLE_SEAM_LEFT
WHITE_NOISE_uniq_1197_xray_421_node
WHITE_NOISE_uniq_1198_xray_458_node
WHITE_NOISE_uniq_1199_xray_495_node
WHITE_NOISE_uniq_1200_xray_532_node
WHITE_NOISE_uniq_1201_xray_569_node
MIDDLE_SEAM_LEFT
MIDDLE_SEAM_RIGHT
WHITE_NOISE_uniq_1204_xray_680_node
WHITE_NOISE_uniq_1205_xray_717_node
WHITE_NOISE_uniq_1206_xray_754_node
WHITE_NOISE_uniq_1207_xray_791_node
WHITE_NOISE_uniq_1208_xray_828_node
MIDDLE_PULSE_BRIDGE
MIDDLE_SEAM_RIGHT
WHITE_NOISE_uniq_1211_xray_939_node
WHITE_NOISE_uniq_1212_xray_976_node
MIDDLE_PULSE_BRIDGE
WHITE_NOISE_uniq_1214_xray_53_node
WHITE_NOISE_uniq_1215_xray_90_node
WHITE_NOISE_uniq_1216_xray_127_node
WHITE_NOISE_uniq_1217_xray_164_node
WHITE_NOISE_uniq_1218_xray_201_node
WHITE_NOISE_uniq_1219_xray_238_node
STABLE_CARRIER_ALPHA
MIDDLE_GATE_HOLD
WHITE_NOISE_uniq_1222_xray_349_node
STABLE_CARRIER_BETA
WHITE_NOISE_uniq_1224_xray_423_node
STABLE_CARRIER_ALPHA
WHITE_NOISE_uniq_1226_xray_497_node
STABLE_CARRIER_ALPHA
STABLE_RETURN_PATH
WHITE_NOISE_uniq_1229_xray_608_node
STABLE_CARRIER_BETA
MIDDLE_SEAM_LEFT
WHITE_NOISE_uniq_1232_xray_719_node
WHITE_NOISE_uniq_1233_xray_756_node
MIDDLE_PULSE_BRIDGE
MIDDLE_GATE_HOLD
WHITE_NOISE_uniq_1236_xray_867_node
WHITE_NOISE_uniq_1237_xray_904_node
STABLE_CARRIER_BETA
STABLE_CARRIER_BETA
WHITE_NOISE_uniq_1240_xray_18_node
WHITE_NOISE_uniq_1241_xray_55_node
MIDDLE_GATE_HOLD
WHITE_NOISE_uniq_1243_xray_129_node
WHITE_NOISE_uniq_1244_xray_166_node
WHITE_NOISE_uniq_1245_xray_203_node
MIDDLE_GATE_HOLD
WHITE_NOISE_uniq_1247_xray_277_node
WHITE_NOISE_uniq_1248_xray_314_node
WHITE_NOISE_uniq_1249_xray_351_node
WHITE_NOISE_uniq_1250_xray_388_node
WHITE_NOISE_uniq_1251_xray_425_node
WHITE_NOISE_uniq_1252_xray_462_node
WHITE_NOISE_uniq_1253_xray_499_node
WHITE_NOISE_uniq_1254_xray_536_node
STABLE_CARRIER_ALPHA
WHITE_NOISE_uniq_1256_xray_610_node
STABLE_CARRIER_ALPHA
MIDDLE_SEAM_LEFT
WHITE_NOISE_uniq_1259_xray_721_node
WHITE_NOISE_uniq_1260_xray_758_node
WHITE_NOISE_uniq_1261_xray_795_node
STABLE_CARRIER_BETA
MIDDLE_SEAM_LEFT
WHITE_NOISE_uniq_1264_xray_906_node
MIDDLE_PULSE_BRIDGE
MIDDLE_PULSE_BRIDGE
STABLE_CARRIER_BETA
WHITE_NOISE_uniq_1268_xray_57_node
STABLE_CARRIER_BETA
MIDDLE_PULSE_BRIDGE
MIDDLE_SEAM_RIGHT
WHITE_NOISE_uniq_1272_xray_205_node
WHITE_NOISE_uniq_1273_xray_242_node
WHITE_NOISE_uniq_1274_xray_279_node
STABLE_CARRIER_BETA
STABLE_RETURN_PATH
MIDDLE_SEAM_RIGHT
WHITE_NOISE_uniq_1278_xray_427_node
WHITE_NOISE_uniq_1279_xray_464_node
WHITE_NOISE_uniq_1280_xray_501_node
STABLE_CARRIER_BETA
WHITE_NOISE_uniq_1282_xray_575_node
WHITE_NOISE_uniq_1283_xray_612_node
WHITE_NOISE_uniq_1284_xray_649_node
MIDDLE_PULSE_BRIDGE
WHITE_NOISE_uniq_1286_xray_723_node
MIDDLE_SEAM_LEFT
WHITE_NOISE_uniq_1288_xray_797_node
WHITE_NOISE_uniq_1289_xray_834_node
WHITE_NOISE_uniq_1290_xray_871_node
MIDDLE_SEAM_LEFT
WHITE_NOISE_uniq_1292_xray_945_node
WHITE_NOISE_uniq_1293_xray_982_node
WHITE_NOISE_uniq_1294_xray_22_node
WHITE_NOISE_uniq_1295_xray_59_node
MIDDLE_SEAM_LEFT
MIDDLE_SEAM_RIGHT
STABLE_CARRIER_ALPHA
STABLE_CARRIER_ALPHA
WHITE_NOISE_uniq_1300_xray_244_node
WHITE_NOISE_uniq_1301_xray_281_node
WHITE_NOISE_uniq_1302_xray_318_node
WHITE_NOISE_uniq_1303_xray_355_node
STABLE_RETURN_PATH
STABLE_CARRIER_ALPHA
WHITE_NOISE_uniq_1306_xray_466_node
MIDDLE_GATE_HOLD
WHITE_NOISE_uniq_1308_xray_540_node
MIDDLE_SEAM_LEFT
WHITE_NOISE_uniq_1310_xray_614_node
STABLE_CARRIER_ALPHA
WHITE_NOISE_uniq_1312_xray_688_node
WHITE_NOISE_uniq_1313_xray_725_node
MIDDLE_GATE_HOLD
STABLE_CARRIER_BETA
STABLE_RETURN_PATH
STABLE_CARRIER_BETA
WHITE_NOISE_uniq_1318_xray_910_node
MIDDLE_SEAM_LEFT
MIDDLE_SEAM_LEFT
WHITE_NOISE_uniq_1321_xray_24_node
MIDDLE_PULSE_BRIDGE
WHITE_NOISE_uniq_1323_xray_98_node
MIDDLE_SEAM_RIGHT
WHITE_NOISE_uniq_1325_xray_172_node
WHITE_NOISE_uniq_1326_xray_209_node
WHITE_NOISE_uniq_1327_xray_246_node
WHITE_NOISE_uniq_1328_xray_283_node
WHITE_NOISE_uniq_1329_xray_320_node
WHITE_NOISE_uniq_1330_xray_357_node
WHITE_NOISE_uniq_1331_xray_394_node
WHITE_NOISE_uniq_1332_xray_431_node
MIDDLE_SEAM_RIGHT
WHITE_NOISE_uniq_1334_xray_505_node
STABLE_CARRIER_ALPHA
MIDDLE_SEAM_LEFT
STABLE_RETURN_PATH
WHITE_NOISE_uniq_1338_xray_653_node
WHITE_NOISE_uniq_1339_xray_690_node
MIDDLE_SEAM_RIGHT
STABLE_CARRIER_BETA
MIDDLE_PULSE_BRIDGE
WHITE_NOISE_uniq_1343_xray_838_node
WHITE_NOISE_uniq_1344_xray_875_node
STABLE_CARRIER_BETA
STABLE_CARRIER_ALPHA
WHITE_NOISE_uniq_1347_xray_986_node
STABLE_CARRIER_BETA
MIDDLE_PULSE_BRIDGE
STABLE_CARRIER_ALPHA
WHITE_NOISE_uniq_1351_xray_137_node
STABLE_RETURN_PATH
WHITE_NOISE_uniq_1353_xray_211_node
WHITE_NOISE_uniq_1354_xray_248_node
STABLE_CARRIER_ALPHA
WHITE_NOISE_uniq_1356_xray_322_node
STABLE_CARRIER_BETA
WHITE_NOISE_uniq_1358_xray_396_node
MIDDLE_SEAM_LEFT
WHITE_NOISE_uniq_1360_xray_470_node
WHITE_NOISE_uniq_1361_xray_507_node
WHITE_NOISE_uniq_1362_xray_544_node
WHITE_NOISE_uniq_1363_xray_581_node
STABLE_CARRIER_BETA
WHITE_NOISE_uniq_1365_xray_655_node
MIDDLE_SEAM_RIGHT
MIDDLE_GATE_HOLD
WHITE_NOISE_uniq_1368_xray_766_node
WHITE_NOISE_uniq_1369_xray_803_node
MIDDLE_SEAM_RIGHT
MIDDLE_SEAM_LEFT
WHITE_NOISE_uniq_1372_xray_914_node
WHITE_NOISE_uniq_1373_xray_951_node
WHITE_NOISE_uniq_1374_xray_988_node
WHITE_NOISE_uniq_1375_xray_28_node
WHITE_NOISE_uniq_1376_xray_65_node
WHITE_NOISE_uniq_1377_xray_102_node
MIDDLE_SEAM_RIGHT
WHITE_NOISE_uniq_1379_xray_176_node
WHITE_NOISE_uniq_1380_xray_213_node
WHITE_NOISE_uniq_1381_xray_250_node
WHITE_NOISE_uniq_1382_xray_287_node
WHITE_NOISE_uniq_1383_xray_324_node
WHITE_NOISE_uniq_1384_xray_361_node
STABLE_CARRIER_ALPHA
WHITE_NOISE_uniq_1386_xray_435_node
WHITE_NOISE_uniq_1387_xray_472_node
STABLE_CARRIER_BETA
WHITE_NOISE_uniq_1389_xray_546_node
STABLE_CARRIER_BETA
WHITE_NOISE_uniq_1391_xray_620_node
WHITE_NOISE_uniq_1392_xray_657_node
STABLE_RETURN_PATH
WHITE_NOISE_uniq_1394_xray_731_node
WHITE_NOISE_uniq_1395_xray_768_node
MIDDLE_SEAM_LEFT
MIDDLE_PULSE_BRIDGE
MIDDLE_GATE_HOLD
MIDDLE_SEAM_LEFT
WHITE_NOISE_uniq_1400_xray_953_node
MIDDLE_PULSE_BRIDGE
WHITE_NOISE_uniq_1402_xray_30_node
WHITE_NOISE_uniq_1403_xray_67_node
WHITE_NOISE_uniq_1404_xray_104_node
STABLE_CARRIER_ALPHA
WHITE_NOISE_uniq_1406_xray_178_node
STABLE_CARRIER_ALPHA
WHITE_NOISE_uniq_1408_xray_252_node
WHITE_NOISE_uniq_1409_xray_289_node
WHITE_NOISE_uniq_1410_xray_326_node
WHITE_NOISE_uniq_1411_xray_363_node
WHITE_NOISE_uniq_1412_xray_400_node
STABLE_CARRIER_ALPHA
WHITE_NOISE_uniq_1414_xray_474_node
MIDDLE_GATE_HOLD
MIDDLE_SEAM_RIGHT
WHITE_NOISE_uniq_1417_xray_585_node
WHITE_NOISE_uniq_1418_xray_622_node
WHITE_NOISE_uniq_1419_xray_659_node
STABLE_CARRIER_BETA
STABLE_CARRIER_ALPHA
STABLE_CARRIER_ALPHA
WHITE_NOISE_uniq_1423_xray_807_node
WHITE_NOISE_uniq_1424_xray_844_node
WHITE_NOISE_uniq_1425_xray_881_node
WHITE_NOISE_uniq_1426_xray_918_node
WHITE_NOISE_uniq_1427_xray_955_node
WHITE_NOISE_uniq_1428_xray_992_node
MIDDLE_GATE_HOLD
WHITE_NOISE_uniq_1430_xray_69_node
WHITE_NOISE_uniq_1431_xray_106_node
WHITE_NOISE_uniq_1432_xray_143_node
WHITE_NOISE_uniq_1433_xray_180_node
WHITE_NOISE_uniq_1434_xray_217_node
WHITE_NOISE_uniq_1435_xray_254_node
WHITE_NOISE_uniq_1436_xray_291_node
WHITE_NOISE_uniq_1437_xray_328_node
MIDDLE_SEAM_RIGHT
WHITE_NOISE_uniq_1439_xray_402_node
WHITE_NOISE_uniq_1440_xray_439_node
MIDDLE_GATE_HOLD
MIDDLE_SEAM_LEFT
WHITE_NOISE_uniq_1443_xray_550_node
WHITE_NOISE_uniq_1444_xray_587_node
WHITE_NOISE_uniq_1445_xray_624_node
WHITE_NOISE_uniq_1446_xray_661_node
WHITE_NOISE_uniq_1447_xray_698_node
WHITE_NOISE_uniq_1448_xray_735_node
WHITE_NOISE_uniq_1449_xray_772_node
MIDDLE_PULSE_BRIDGE
WHITE_NOISE_uniq_1451_xray_846_node
WHITE_NOISE_uniq_1452_xray_883_node
WHITE_NOISE_uniq_1453_xray_920_node
WHITE_NOISE_uniq_1454_xray_957_node
WHITE_NOISE_uniq_1455_xray_994_node
MIDDLE_SEAM_LEFT
WHITE_NOISE_uniq_1457_xray_71_node
WHITE_NOISE_uniq_1458_xray_108_node
WHITE_NOISE_uniq_1459_xray_145_node
WHITE_NOISE_uniq_1460_xray_182_node
MIDDLE_PULSE_BRIDGE
MIDDLE_SEAM_RIGHT
WHITE_NOISE_uniq_1463_xray_293_node
WHITE_NOISE_uniq_1464_xray_330_node
MIDDLE_PULSE_BRIDGE
STABLE_CARRIER_BETA
WHITE_NOISE_uniq_1467_xray_441_node
STABLE_CARRIER_ALPHA
WHITE_NOISE_uniq_1469_xray_515_node
WHITE_NOISE_uniq_1470_xray_552_node
STABLE_CARRIER_ALPHA
WHITE_NOISE_uniq_1472_xray_626_node
WHITE_NOISE_uniq_1473_xray_663_node
WHITE_NOISE_uniq_1474_xray_700_node
MIDDLE_GATE_HOLD
STABLE_RETURN_PATH
WHITE_NOISE_uniq_1477_xray_811_node
WHITE_NOISE_uniq_1478_xray_848_node
STABLE_RETURN_PATH
WHITE_NOISE_uniq_1480_xray_922_node
MIDDLE_PULSE_BRIDGE
MIDDLE_GATE_HOLD
WHITE_NOISE_uniq_1483_xray_36_node
WHITE_NOISE_uniq_1484_xray_73_node
WHITE_NOISE_uniq_1485_xray_110_node
WHITE_NOISE_uniq_1486_xray_147_node
WHITE_NOISE_uniq_1487_xray_184_node
WHITE_NOISE_uniq_1488_xray_221_node
MIDDLE_PULSE_BRIDGE
WHITE_NOISE_uniq_1490_xray_295_node
WHITE_NOISE_uniq_1491_xray_332_node
WHITE_NOISE_uniq_1492_xray_369_node
WHITE_NOISE_uniq_1493_xray_406_node
MIDDLE_SEAM_LEFT
WHITE_NOISE_uniq_1495_xray_480_node
WHITE_NOISE_uniq_1496_xray_517_node
WHITE_NOISE_uniq_1497_xray_554_node
STABLE_RETURN_PATH
MIDDLE_GATE_HOLD
MIDDLE_SEAM_LEFT
MIDDLE_SEAM_RIGHT
WHITE_NOISE_uniq_1502_xray_739_node
WHITE_NOISE_uniq_1503_xray_776_node
MIDDLE_PULSE_BRIDGE
WHITE_NOISE_uniq_1505_xray_850_node
WHITE_NOISE_uniq_1506_xray_887_node
WHITE_NOISE_uniq_1507_xray_924_node
STABLE_CARRIER_BETA
STABLE_CARRIER_ALPHA
WHITE_NOISE_uniq_1510_xray_38_node
MIDDLE_GATE_HOLD
WHITE_NOISE_uniq_1512_xray_112_node
WHITE_NOISE_uniq_1513_xray_149_node
MIDDLE_SEAM_LEFT
WHITE_NOISE_uniq_1515_xray_223_node
MIDDLE_PULSE_BRIDGE
WHITE_NOISE_uniq_1517_xray_297_node
MIDDLE_GATE_HOLD
WHITE_NOISE_uniq_1519_xray_371_node
WHITE_NOISE_uniq_1520_xray_408_node
WHITE_NOISE_uniq_1521_xray_445_node
WHITE_NOISE_uniq_1522_xray_482_node
WHITE_NOISE_uniq_1523_xray_519_node
MIDDLE_SEAM_LEFT
WHITE_NOISE_uniq_1525_xray_593_node
WHITE_NOISE_uniq_1526_xray_630_node
WHITE_NOISE_uniq_1527_xray_667_node
WHITE_NOISE_uniq_1528_xray_704_node
WHITE_NOISE_uniq_1529_xray_741_node
STABLE_CARRIER_BETA
WHITE_NOISE_uniq_1531_xray_815_node
WHITE_NOISE_uniq_1532_xray_852_node
STABLE_RETURN_PATH
MIDDLE_SEAM_RIGHT
WHITE_NOISE_uniq_1535_xray_963_node
WHITE_NOISE_uniq_1536_xray_3_node
WHITE_NOISE_uniq_1537_xray_40_node
MIDDLE_SEAM_RIGHT
WHITE_NOISE_uniq_1539_xray_114_node
WHITE_NOISE_uniq_1540_xray_151_node
MIDDLE_GATE_HOLD
WHITE_NOISE_uniq_1542_xray_225_node
STABLE_RETURN_PATH
MIDDLE_SEAM_LEFT
MIDDLE_GATE_HOLD
WHITE_NOISE_uniq_1546_xray_373_node
WHITE_NOISE_uniq_1547_xray_410_node
WHITE_NOISE_uniq_1548_xray_447_node
WHITE_NOISE_uniq_1549_xray_484_node
WHITE_NOISE_uniq_1550_xray_521_node
WHITE_NOISE_uniq_1551_xray_558_node
MIDDLE_SEAM_LEFT
MIDDLE_SEAM_LEFT
WHITE_NOISE_uniq_1554_xray_669_node
MIDDLE_SEAM_RIGHT
WHITE_NOISE_uniq_1556_xray_743_node
WHITE_NOISE_uniq_1557_xray_780_node
MIDDLE_GATE_HOLD
MIDDLE_PULSE_BRIDGE
STABLE_CARRIER_ALPHA
WHITE_NOISE_uniq_1561_xray_928_node
WHITE_NOISE_uniq_1562_xray_965_node
MIDDLE_SEAM_LEFT
WHITE_NOISE_uniq_1564_xray_42_node
WHITE_NOISE_uniq_1565_xray_79_node
WHITE_NOISE_uniq_1566_xray_116_node
STABLE_CARRIER_BETA
WHITE_NOISE_uniq_1568_xray_190_node
WHITE_NOISE_uniq_1569_xray_227_node
MIDDLE_SEAM_LEFT
WHITE_NOISE_uniq_1571_xray_301_node
WHITE_NOISE_uniq_1572_xray_338_node
WHITE_NOISE_uniq_1573_xray_375_node
MIDDLE_SEAM_RIGHT
MIDDLE_GATE_HOLD
WHITE_NOISE_uniq_1576_xray_486_node
WHITE_NOISE_uniq_1577_xray_523_node
WHITE_NOISE_uniq_1578_xray_560_node
WHITE_NOISE_uniq_1579_xray_597_node
WHITE_NOISE_uniq_1580_xray_634_node
STABLE_RETURN_PATH
WHITE_NOISE_uniq_1582_xray_708_node
WHITE_NOISE_uniq_1583_xray_745_node
WHITE_NOISE_uniq_1584_xray_782_node
WHITE_NOISE_uniq_1585_xray_819_node
STABLE_CARRIER_BETA
WHITE_NOISE_uniq_1587_xray_893_node
WHITE_NOISE_uniq_1588_xray_930_node
WHITE_NOISE_uniq_1589_xray_967_node
WHITE_NOISE_uniq_1590_xray_7_node
WHITE_NOISE_uniq_1591_xray_44_node
MIDDLE_SEAM_RIGHT
WHITE_NOISE_uniq_1593_xray_118_node
MIDDLE_GATE_HOLD
WHITE_NOISE_uniq_1595_xray_192_node
WHITE_NOISE_uniq_1596_xray_229_node
MIDDLE_PULSE_BRIDGE
MIDDLE_PULSE_BRIDGE
WHITE_NOISE_uniq_1599_xray_340_node
STABLE_CARRIER_ALPHA
WHITE_NOISE_uniq_1601_xray_414_node
STABLE_RETURN_PATH
WHITE_NOISE_uniq_1603_xray_488_node
WHITE_NOISE_uniq_1604_xray_525_node
MIDDLE_SEAM_RIGHT
WHITE_NOISE_uniq_1606_xray_599_node
WHITE_NOISE_uniq_1607_xray_636_node
WHITE_NOISE_uniq_1608_xray_673_node
WHITE_NOISE_uniq_1609_xray_710_node
MIDDLE_GATE_HOLD
MIDDLE_PULSE_BRIDGE
MIDDLE_SEAM_RIGHT
WHITE_NOISE_uniq_1613_xray_858_node
WHITE_NOISE_uniq_1614_xray_895_node
MIDDLE_GATE_HOLD
WHITE_NOISE_uniq_1616_xray_969_node
STABLE_CARRIER_BETA
WHITE_NOISE_uniq_1618_xray_46_node
WHITE_NOISE_uniq_1619_xray_83_node
WHITE_NOISE_uniq_1620_xray_120_node
WHITE_NOISE_uniq_1621_xray_157_node
WHITE_NOISE_uniq_1622_xray_194_node
WHITE_NOISE_uniq_1623_xray_231_node
MIDDLE_SEAM_RIGHT
WHITE_NOISE_uniq_1625_xray_305_node
WHITE_NOISE_uniq_1626_xray_342_node
MIDDLE_GATE_HOLD
WHITE_NOISE_uniq_1628_xray_416_node
WHITE_NOISE_uniq_1629_xray_453_node
WHITE_NOISE_uniq_1630_xray_490_node
WHITE_NOISE_uniq_1631_xray_527_node
STABLE_RETURN_PATH
STABLE_RETURN_PATH
WHITE_NOISE_uniq_1634_xray_638_node
WHITE_NOISE_uniq_1635_xray_675_node
MIDDLE_GATE_HOLD
WHITE_NOISE_uniq_1637_xray_749_node
WHITE_NOISE_uniq_1638_xray_786_node
WHITE_NOISE_uniq_1639_xray_823_node
WHITE_NOISE_uniq_1640_xray_860_node
WHITE_NOISE_uniq_1641_xray_897_node
STABLE_CARRIER_ALPHA
MIDDLE_SEAM_RIGHT
WHITE_NOISE_uniq_1644_xray_11_node
STABLE_CARRIER_ALPHA
WHITE_NOISE_uniq_1646_xray_85_node
WHITE_NOISE_uniq_1647_xray_122_node
WHITE_NOISE_uniq_1648_xray_159_node
MIDDLE_SEAM_RIGHT
WHITE_NOISE_uniq_1650_xray_233_node
MIDDLE_SEAM_LEFT
STABLE_CARRIER_BETA
MIDDLE_SEAM_RIGHT
WHITE_NOISE_uniq_1654_xray_381_node
STABLE_CARRIER_BETA
WHITE_NOISE_uniq_1656_xray_455_node
STABLE_CARRIER_BETA
WHITE_NOISE_uniq_1658_xray_529_node
WHITE_NOISE_uniq_1659_xray_566_node
MIDDLE_SEAM_LEFT
WHITE_NOISE_uniq_1661_xray_640_node
WHITE_NOISE_uniq_1662_xray_677_node
WHITE_NOISE_uniq_1663_xray_714_node
WHITE_NOISE_uniq_1664_xray_751_node
STABLE_CARRIER_ALPHA
STABLE_RETURN_PATH
WHITE_NOISE_uniq_1667_xray_862_node
MIDDLE_SEAM_RIGHT
WHITE_NOISE_uniq_1669_xray_936_node
STABLE_CARRIER_BETA
STABLE_CARRIER_BETA
WHITE_NOISE_uniq_1672_xray_50_node
MIDDLE_SEAM_LEFT
WHITE_NOISE_uniq_1674_xray_124_node
WHITE_NOISE_uniq_1675_xray_161_node
WHITE_NOISE_uniq_1676_xray_198_node
WHITE_NOISE_uniq_1677_xray_235_node
WHITE_NOISE_uniq_1678_xray_272_node
MIDDLE_PULSE_BRIDGE
WHITE_NOISE_uniq_1680_xray_346_node
WHITE_NOISE_uniq_1681_xray_383_node
MIDDLE_SEAM_LEFT
WHITE_NOISE_uniq_1683_xray_457_node
MIDDLE_GATE_HOLD
WHITE_NOISE_uniq_1685_xray_531_node
WHITE_NOISE_uniq_1686_xray_568_node
MIDDLE_SEAM_RIGHT
WHITE_NOISE_uniq_1688_xray_642_node
WHITE_NOISE_uniq_1689_xray_679_node
STABLE_CARRIER_ALPHA
WHITE_NOISE_uniq_1691_xray_753_node
WHITE_NOISE_uniq_1692_xray_790_node
MIDDLE_SEAM_LEFT
WHITE_NOISE_uniq_1694_xray_864_node
WHITE_NOISE_uniq_1695_xray_901_node
STABLE_CARRIER_ALPHA
WHITE_NOISE_uniq_1697_xray_975_node
MIDDLE_PULSE_BRIDGE
WHITE_NOISE_uniq_1699_xray_52_node
WHITE_NOISE_uniq_1700_xray_89_node
WHITE_NOISE_uniq_1701_xray_126_node
WHITE_NOISE_uniq_1702_xray_163_node
WHITE_NOISE_uniq_1703_xray_200_node
STABLE_CARRIER_BETA
WHITE_NOISE_uniq_1705_xray_274_node
MIDDLE_SEAM_LEFT
MIDDLE_GATE_HOLD
WHITE_NOISE_uniq_1708_xray_385_node
WHITE_NOISE_uniq_1709_xray_422_node
MIDDLE_SEAM_LEFT
MIDDLE_SEAM_LEFT
WHITE_NOISE_uniq_1712_xray_533_node
WHITE_NOISE_uniq_1713_xray_570_node
WHITE_NOISE_uniq_1714_xray_607_node
MIDDLE_SEAM_LEFT
MIDDLE_GATE_HOLD
WHITE_NOISE_uniq_1717_xray_718_node
WHITE_NOISE_uniq_1718_xray_755_node
WHITE_NOISE_uniq_1719_xray_792_node
WHITE_NOISE_uniq_1720_xray_829_node
WHITE_NOISE_uniq_1721_xray_866_node
MIDDLE_SEAM_RIGHT
WHITE_NOISE_uniq_1723_xray_940_node
MIDDLE_SEAM_RIGHT
WHITE_NOISE_uniq_1725_xray_17_node
WHITE_NOISE_uniq_1726_xray_54_node
MIDDLE_SEAM_RIGHT
WHITE_NOISE_uniq_1728_xray_128_node
MIDDLE_SEAM_LEFT
WHITE_NOISE_uniq_1730_xray_202_node
MIDDLE_SEAM_LEFT
WHITE_NOISE_uniq_1732_xray_276_node
WHITE_NOISE_uniq_1733_xray_313_node
STABLE_RETURN_PATH
WHITE_NOISE_uniq_1735_xray_387_node
STABLE_CARRIER_ALPHA
MIDDLE_SEAM_RIGHT
STABLE_CARRIER_ALPHA
WHITE_NOISE_uniq_1739_xray_535_node
WHITE_NOISE_uniq_1740_xray_572_node
WHITE_NOISE_uniq_1741_xray_609_node
STABLE_CARRIER_BETA
WHITE_NOISE_uniq_1743_xray_683_node
WHITE_NOISE_uniq_1744_xray_720_node
WHITE_NOISE_uniq_1745_xray_757_node
WHITE_NOISE_uniq_1746_xray_794_node
WHITE_NOISE_uniq_1747_xray_831_node
WHITE_NOISE_uniq_1748_xray_868_node
WHITE_NOISE_uniq_1749_xray_905_node
MIDDLE_PULSE_BRIDGE
STABLE_RETURN_PATH
MIDDLE_GATE_HOLD
MIDDLE_GATE_HOLD
MIDDLE_SEAM_LEFT
WHITE_NOISE_uniq_1755_xray_130_node
WHITE_NOISE_uniq_1756_xray_167_node
WHITE_NOISE_uniq_1757_xray_204_node
WHITE_NOISE_uniq_1758_xray_241_node
WHITE_NOISE_uniq_1759_xray_278_node
WHITE_NOISE_uniq_1760_xray_315_node
MIDDLE_GATE_HOLD
STABLE_CARRIER_ALPHA
WHITE_NOISE_uniq_1763_xray_426_node
WHITE_NOISE_uniq_1764_xray_463_node
WHITE_NOISE_uniq_1765_xray_500_node
WHITE_NOISE_uniq_1766_xray_537_node
STABLE_CARRIER_ALPHA
WHITE_NOISE_uniq_1768_xray_611_node
WHITE_NOISE_uniq_1769_xray_648_node
WHITE_NOISE_uniq_1770_xray_685_node
WHITE_NOISE_uniq_1771_xray_722_node
STABLE_RETURN_PATH
MIDDLE_SEAM_RIGHT
WHITE_NOISE_uniq_1774_xray_833_node
WHITE_NOISE_uniq_1775_xray_870_node
WHITE_NOISE_uniq_1776_xray_907_node
WHITE_NOISE_uniq_1777_xray_944_node
WHITE_NOISE_uniq_1778_xray_981_node
WHITE_NOISE_uniq_1779_xray_21_node
MIDDLE_GATE_HOLD
WHITE_NOISE_uniq_1781_xray_95_node
WHITE_NOISE_uniq_1782_xray_132_node
WHITE_NOISE_uniq_1783_xray_169_node
MIDDLE_SEAM_RIGHT
MIDDLE_GATE_HOLD
WHITE_NOISE_uniq_1786_xray_280_node
WHITE_NOISE_uniq_1787_xray_317_node
MIDDLE_GATE_HOLD
MIDDLE_SEAM_LEFT
WHITE_NOISE_uniq_1790_xray_428_node
WHITE_NOISE_uniq_1791_xray_465_node
WHITE_NOISE_uniq_1792_xray_502_node
WHITE_NOISE_uniq_1793_xray_539_node
WHITE_NOISE_uniq_1794_xray_576_node
WHITE_NOISE_uniq_1795_xray_613_node
WHITE_NOISE_uniq_1796_xray_650_node
WHITE_NOISE_uniq_1797_xray_687_node
WHITE_NOISE_uniq_1798_xray_724_node
WHITE_NOISE_uniq_1799_xray_761_node
WHITE_NOISE_uniq_1800_xray_798_node
MIDDLE_SEAM_RIGHT
STABLE_RETURN_PATH
MIDDLE_GATE_HOLD
STABLE_CARRIER_BETA
MIDDLE_GATE_HOLD
WHITE_NOISE_uniq_1806_xray_23_node
STABLE_CARRIER_BETA
WHITE_NOISE_uniq_1808_xray_97_node
MIDDLE_PULSE_BRIDGE
STABLE_CARRIER_ALPHA
MIDDLE_SEAM_LEFT
MIDDLE_SEAM_LEFT
WHITE_NOISE_uniq_1813_xray_282_node
WHITE_NOISE_uniq_1814_xray_319_node
MIDDLE_PULSE_BRIDGE
WHITE_NOISE_uniq_1816_xray_393_node
WHITE_NOISE_uniq_1817_xray_430_node
MIDDLE_PULSE_BRIDGE
STABLE_CARRIER_BETA
WHITE_NOISE_uniq_1820_xray_541_node
WHITE_NOISE_uniq_1821_xray_578_node
WHITE_NOISE_uniq_1822_xray_615_node
MIDDLE_GATE_HOLD
WHITE_NOISE_uniq_1824_xray_689_node
WHITE_NOISE_uniq_1825_xray_726_node
WHITE_NOISE_uniq_1826_xray_763_node
WHITE_NOISE_uniq_1827_xray_800_node
MIDDLE_GATE_HOLD
MIDDLE_GATE_HOLD
STABLE_CARRIER_BETA
MIDDLE_SEAM_RIGHT
WHITE_NOISE_uniq_1832_xray_985_node
WHITE_NOISE_uniq_1833_xray_25_node
WHITE_NOISE_uniq_1834_xray_62_node
WHITE_NOISE_uniq_1835_xray_99_node
MIDDLE_SEAM_RIGHT
MIDDLE_GATE_HOLD
MIDDLE_PULSE_BRIDGE
WHITE_NOISE_uniq_1839_xray_247_node
WHITE_NOISE_uniq_1840_xray_284_node
WHITE_NOISE_uniq_1841_xray_321_node
WHITE_NOISE_uniq_1842_xray_358_node
WHITE_NOISE_uniq_1843_xray_395_node
WHITE_NOISE_uniq_1844_xray_432_node
MIDDLE_PULSE_BRIDGE
WHITE_NOISE_uniq_1846_xray_506_node
WHITE_NOISE_uniq_1847_xray_543_node
WHITE_NOISE_uniq_1848_xray_580_node
WHITE_NOISE_uniq_1849_xray_617_node
STABLE_CARRIER_BETA
MIDDLE_PULSE_BRIDGE
MIDDLE_PULSE_BRIDGE
WHITE_NOISE_uniq_1853_xray_765_node
MIDDLE_SEAM_LEFT
WHITE_NOISE_uniq_1855_xray_839_node
WHITE_NOISE_uniq_1856_xray_876_node
WHITE_NOISE_uniq_1857_xray_913_node
WHITE_NOISE_uniq_1858_xray_950_node
WHITE_NOISE_uniq_1859_xray_987_node
WHITE_NOISE_uniq_1860_xray_27_node
WHITE_NOISE_uniq_1861_xray_64_node
WHITE_NOISE_uniq_1862_xray_101_node
MIDDLE_SEAM_LEFT
WHITE_NOISE_uniq_1864_xray_175_node
WHITE_NOISE_uniq_1865_xray_212_node
WHITE_NOISE_uniq_1866_xray_249_node
MIDDLE_GATE_HOLD
WHITE_NOISE_uniq_1868_xray_323_node
STABLE_CARRIER_ALPHA
WHITE_NOISE_uniq_1870_xray_397_node
WHITE_NOISE_uniq_1871_xray_434_node
MIDDLE_SEAM_LEFT
WHITE_NOISE_uniq_1873_xray_508_node
WHITE_NOISE_uniq_1874_xray_545_node
WHITE_NOISE_uniq_1875_xray_582_node
WHITE_NOISE_uniq_1876_xray_619_node
WHITE_NOISE_uniq_1877_xray_656_node
MIDDLE_PULSE_BRIDGE
WHITE_NOISE_uniq_1879_xray_730_node
WHITE_NOISE_uniq_1880_xray_767_node
STABLE_RETURN_PATH
WHITE_NOISE_uniq_1882_xray_841_node
WHITE_NOISE_uniq_1883_xray_878_node
STABLE_CARRIER_ALPHA
WHITE_NOISE_uniq_1885_xray_952_node
MIDDLE_PULSE_BRIDGE
MIDDLE_SEAM_RIGHT
STABLE_CARRIER_BETA
WHITE_NOISE_uniq_1889_xray_103_node
MIDDLE_SEAM_LEFT
STABLE_CARRIER_ALPHA
STABLE_RETURN_PATH
WHITE_NOISE_uniq_1893_xray_251_node
WHITE_NOISE_uniq_1894_xray_288_node
MIDDLE_GATE_HOLD
WHITE_NOISE_uniq_1896_xray_362_node
MIDDLE_PULSE_BRIDGE
WHITE_NOISE_uniq_1898_xray_436_node
WHITE_NOISE_uniq_1899_xray_473_node
WHITE_NOISE_uniq_1900_xray_510_node
MIDDLE_GATE_HOLD
WHITE_NOISE_uniq_1902_xray_584_node
WHITE_NOISE_uniq_1903_xray_621_node
WHITE_NOISE_uniq_1904_xray_658_node
WHITE_NOISE_uniq_1905_xray_695_node
STABLE_CARRIER_BETA
MIDDLE_GATE_HOLD
WHITE_NOISE_uniq_1908_xray_806_node
STABLE_CARRIER_ALPHA
MIDDLE_PULSE_BRIDGE
WHITE_NOISE_uniq_1911_xray_917_node
STABLE_RETURN_PATH
WHITE_NOISE_uniq_1913_xray_991_node
MIDDLE_SEAM_RIGHT
WHITE_NOISE_uniq_1915_xray_68_node
WHITE_NOISE_uniq_1916_xray_105_node
WHITE_NOISE_uniq_1917_xray_142_node
MIDDLE_SEAM_RIGHT
MIDDLE_GATE_HOLD
WHITE_NOISE_uniq_1920_xray_253_node
MIDDLE_PULSE_BRIDGE
WHITE_NOISE_uniq_1922_xray_327_node
STABLE_RETURN_PATH
WHITE_NOISE_uniq_1924_xray_401_node
WHITE_NOISE_uniq_1925_xray_438_node
STABLE_CARRIER_ALPHA
WHITE_NOISE_uniq_1927_xray_512_node
MIDDLE_SEAM_RIGHT
WHITE_NOISE_uniq_1929_xray_586_node
WHITE_NOISE_uniq_1930_xray_623_node
WHITE_NOISE_uniq_1931_xray_660_node
WHITE_NOISE_uniq_1932_xray_697_node
MIDDLE_SEAM_LEFT
WHITE_NOISE_uniq_1934_xray_771_node
STABLE_RETURN_PATH
WHITE_NOISE_uniq_1936_xray_845_node
STABLE_CARRIER_ALPHA
MIDDLE_SEAM_LEFT
WHITE_NOISE_uniq_1939_xray_956_node
WHITE_NOISE_uniq_1940_xray_993_node
WHITE_NOISE_uniq_1941_xray_33_node
WHITE_NOISE_uniq_1942_xray_70_node
WHITE_NOISE_uniq_1943_xray_107_node
MIDDLE_SEAM_RIGHT
WHITE_NOISE_uniq_1945_xray_181_node
WHITE_NOISE_uniq_1946_xray_218_node
MIDDLE_SEAM_LEFT
MIDDLE_SEAM_RIGHT
WHITE_NOISE_uniq_1949_xray_329_node
WHITE_NOISE_uniq_1950_xray_366_node
WHITE_NOISE_uniq_1951_xray_403_node
WHITE_NOISE_uniq_1952_xray_440_node
WHITE_NOISE_uniq_1953_xray_477_node
WHITE_NOISE_uniq_1954_xray_514_node
STABLE_CARRIER_BETA
MIDDLE_GATE_HOLD
WHITE_NOISE_uniq_1957_xray_625_node
WHITE_NOISE_uniq_1958_xray_662_node
WHITE_NOISE_uniq_1959_xray_699_node
WHITE_NOISE_uniq_1960_xray_736_node
WHITE_NOISE_uniq_1961_xray_773_node
WHITE_NOISE_uniq_1962_xray_810_node
WHITE_NOISE_uniq_1963_xray_847_node
WHITE_NOISE_uniq_1964_xray_884_node
STABLE_CARRIER_BETA
WHITE_NOISE_uniq_1966_xray_958_node
WHITE_NOISE_uniq_1967_xray_995_node
MIDDLE_SEAM_RIGHT
WHITE_NOISE_uniq_1969_xray_72_node
MIDDLE_SEAM_RIGHT
WHITE_NOISE_uniq_1971_xray_146_node
WHITE_NOISE_uniq_1972_xray_183_node
WHITE_NOISE_uniq_1973_xray_220_node
MIDDLE_SEAM_LEFT
MIDDLE_PULSE_BRIDGE
WHITE_NOISE_uniq_1976_xray_331_node
MIDDLE_PULSE_BRIDGE
WHITE_NOISE_uniq_1978_xray_405_node
WHITE_NOISE_uniq_1979_xray_442_node
WHITE_NOISE_uniq_1980_xray_479_node
STABLE_RETURN_PATH
WHITE_NOISE_uniq_1982_xray_553_node
WHITE_NOISE_uniq_1983_xray_590_node
MIDDLE_SEAM_LEFT
WHITE_NOISE_uniq_1985_xray_664_node
MIDDLE_SEAM_RIGHT
WHITE_NOISE_uniq_1987_xray_738_node
WHITE_NOISE_uniq_1988_xray_775_node
STABLE_RETURN_PATH
WHITE_NOISE_uniq_1990_xray_849_node
WHITE_NOISE_uniq_1991_xray_886_node
WHITE_NOISE_uniq_1992_xray_923_node
WHITE_NOISE_uniq_1993_xray_960_node
WHITE_NOISE_uniq_1994_xray_0_node
WHITE_NOISE_uniq_1995_xray_37_node
WHITE_NOISE_uniq_1996_xray_74_node
MIDDLE_GATE_HOLD
STABLE_CARRIER_ALPHA
MIDDLE_PULSE_BRIDGE
WHITE_NOISE_uniq_2000_xray_222_node
