t=0001 delta carrier stable drift_band=3
t=0002 delta carrier stable drift_band=3
t=0003 delta carrier stable drift_band=3
t=0004 delta carrier stable drift_band=3
t=0005 delta carrier stable drift_band=3
t=0006 delta carrier stable drift_band=3
t=0007 delta carrier stable drift_band=3
t=0008 delta carrier stable drift_band=3
t=0009 delta carrier stable drift_band=3
t=0010 delta carrier stable drift_band=3
t=0011 delta carrier stable drift_band=3
t=0012 delta carrier stable drift_band=3
t=0013 delta carrier stable drift_band=3
t=0014 epsilon pulse rise drift_band=4
t=0015 epsilon pulse rise drift_band=4
t=0016 epsilon pulse rise drift_band=4
t=0017 epsilon pulse rise drift_band=4
t=0018 epsilon pulse rise drift_band=4
t=0019 epsilon pulse rise drift_band=4
t=0020 epsilon pulse rise drift_band=4
t=0021 epsilon pulse rise drift_band=4
t=0022 epsilon pulse rise drift_band=4
t=0023 epsilon pulse rise drift_band=4
t=0024 epsilon pulse rise drift_band=4
t=0025 delta carrier stable drift_band=3
t=0026 delta carrier stable drift_band=3
t=0027 delta carrier stable drift_band=3
t=0028 epsilon pulse rise drift_band=4
t=0029 epsilon pulse rise drift_band=4
t=0030 epsilon pulse rise drift_band=4
t=0031 delta carrier stable drift_band=3
t=0032 delta carrier stable drift_band=3
t=0033 delta carrier stable drift_band=3
t=0034 delta carrier stable drift_band=3
t=0035 delta carrier stable drift_band=3
t=0036 delta carrier stable drift_band=3
t=0037 delta carrier stable drift_band=3
t=0038 delta carrier stable drift_band=3
t=0039 delta carrier stable drift_band=3
t=0040 gamma seam shift drift_band=2
t=0041 gamma seam shift drift_band=2
t=0042 gamma seam shift drift_band=2
t=0043 gamma seam shift drift_band=2
t=0044 gamma seam shift drift_band=2
t=0045 gamma seam shift drift_band=2
t=0046 gamma seam shift drift_band=2
t=0047 gamma seam shift drift_band=2
t=0048 gamma seam shift drift_band=2
t=0049 gamma seam shift drift_band=2
t=0050 beta gate hold drift_band=1
t=0051 beta gate hold drift_band=1
t=0052 beta gate hold drift_band=1
t=0053 beta gate hold drift_band=1
t=0054 beta gate hold drift_band=1
t=0055 beta gate hold drift_band=1
t=0056 beta gate hold drift_band=1
t=0057 beta gate hold drift_band=1
t=0058 beta gate hold drift_band=1
t=0059 beta gate hold drift_band=1
t=0060 beta gate hold drift_band=1
t=0061 beta gate hold drift_band=1
t=0062 beta gate hold drift_band=1
t=0063 gamma seam shift drift_band=2
t=0064 gamma seam shift drift_band=2
t=0065 gamma seam shift drift_band=2
t=0066 gamma seam shift drift_band=2
t=0067 gamma seam shift drift_band=2
t=0068 gamma seam shift drift_band=2
t=0069 gamma seam shift drift_band=2
t=0070 gamma seam shift drift_band=2
t=0071 gamma seam shift drift_band=2
t=0072 gamma seam shift drift_band=2
t=0073 gamma seam shift drift_band=2
t=0074 gamma seam shift drift_band=2
t=0075 gamma seam shift drift_band=2
t=0076 gamma seam shift drift_band=2
t=0077 gamma seam shift drift_band=2
t=0078 gamma seam shift drift_band=2
t=0079 gamma seam shift drift_band=2
t=0080 gamma seam shift drift_band=2
t=0081 gamma seam shift drift_band=2
t=0082 gamma seam shift drift_band=2
t=0083 gamma seam shift drift_band=2
t=0084 gamma seam shift drift_band=2
t=0085 gamma seam shift drift_band=2
t=0086 gamma seam shift drift_band=2
t=0087 gamma seam shift drift_band=2
t=0088 gamma seam shift drift_band=2
t=0089 gamma seam shift drift_band=2
t=0090 gamma seam shift drift_band=2
t=0091 gamma seam shift drift_band=2
t=0092 gamma seam shift drift_band=2
t=0093 gamma seam shift drift_band=2
t=0094 delta carrier stable drift_band=3
t=0095 delta carrier stable drift_band=3
t=0096 delta carrier stable drift_band=3
t=0097 delta carrier stable drift_band=3
t=0098 delta carrier stable drift_band=3
t=0099 delta carrier stable drift_band=3
t=0100 delta carrier stable drift_band=3
t=0101 delta carrier stable drift_band=3
t=0102 delta carrier stable drift_band=3
t=0103 delta carrier stable drift_band=3
t=0104 delta carrier stable drift_band=3
t=0105 delta carrier stable drift_band=3
t=0106 delta carrier stable drift_band=3
t=0107 delta carrier stable drift_band=3
t=0108 delta carrier stable drift_band=3
t=0109 delta carrier stable drift_band=3
t=0110 delta carrier stable drift_band=3
t=0111 delta carrier stable drift_band=3
t=0112 delta carrier stable drift_band=3
t=0113 delta carrier stable drift_band=3
t=0114 delta carrier stable drift_band=3
t=0115 delta carrier stable drift_band=3
t=0116 delta carrier stable drift_band=3
t=0117 delta carrier stable drift_band=3
t=0118 delta carrier stable drift_band=3
t=0119 delta carrier stable drift_band=3
t=0120 delta carrier stable drift_band=3
t=0121 delta carrier stable drift_band=3
t=0122 delta carrier stable drift_band=3
t=0123 delta carrier stable drift_band=3
t=0124 epsilon pulse rise drift_band=4
t=0125 epsilon pulse rise drift_band=4
t=0126 epsilon pulse rise drift_band=4
t=0127 epsilon pulse rise drift_band=4
t=0128 epsilon pulse rise drift_band=4
t=0129 epsilon pulse rise drift_band=4
t=0130 epsilon pulse rise drift_band=4
t=0131 epsilon pulse rise drift_band=4
t=0132 epsilon pulse rise drift_band=4
t=0133 epsilon pulse rise drift_band=4
t=0134 epsilon pulse rise drift_band=4
t=0135 epsilon pulse rise drift_band=4
t=0136 epsilon pulse rise drift_band=4
t=0137 epsilon pulse rise drift_band=4
t=0138 epsilon pulse rise drift_band=4
t=0139 epsilon pulse rise drift_band=4
t=0140 zeta pulse fall drift_band=5
t=0141 zeta pulse fall drift_band=5
t=0142 zeta pulse fall drift_band=5
t=0143 zeta pulse fall drift_band=5
t=0144 zeta pulse fall drift_band=5
t=0145 zeta pulse fall drift_band=5
t=0146 zeta pulse fall drift_band=5
t=0147 zeta pulse fall drift_band=5
t=0148 zeta pulse fall drift_band=5
t=0149 zeta pulse fall drift_band=5
t=0150 zeta pulse fall drift_band=5
t=0151 zeta pulse fall drift_band=5
t=0152 zeta pulse fall drift_band=5
t=0153 zeta pulse fall drift_band=5
t=0154 zeta pulse fall drift_band=5
t=0155 zeta pulse fall drift_band=5
t=0156 zeta pulse fall drift_band=5
t=0157 zeta pulse fall drift_band=5
t=0158 zeta pulse fall drift_band=5
t=0159 zeta pulse fall drift_band=5
t=0160 zeta pulse fall drift_band=5
t=0161 zeta pulse fall drift_band=5
t=0162 zeta pulse fall drift_band=5
t=0163 zeta pulse fall drift_band=5
t=0164 zeta pulse fall drift_band=5
t=0165 zeta pulse fall drift_band=5
t=0166 zeta pulse fall drift_band=5
t=0167 zeta pulse fall drift_band=5
t=0168 zeta pulse fall drift_band=5
t=0169 zeta pulse fall drift_band=5
t=0170 zeta pulse fall drift_band=5
t=0171 zeta pulse fall drift_band=5
t=0172 epsilon pulse rise drift_band=4
t=0173 epsilon pulse rise drift_band=4
t=0174 epsilon pulse rise drift_band=4
t=0175 epsilon pulse rise drift_band=4
t=0176 epsilon pulse rise drift_band=4
t=0177 zeta pulse fall drift_band=5
t=0178 eta drift low drift_band=6
t=0179 eta drift low drift_band=6
t=0180 eta drift low drift_band=6
t=0181 eta drift low drift_band=6
t=0182 eta drift low drift_band=6
t=0183 eta drift low drift_band=6
t=0184 eta drift low drift_band=6
t=0185 eta drift low drift_band=6
t=0186 theta drift high drift_band=7
t=0187 theta drift high drift_band=7
t=0188 theta drift high drift_band=7
t=0189 theta drift high drift_band=7
t=0190 theta drift high drift_band=7
t=0191 theta drift high drift_band=7
t=0192 theta drift high drift_band=7
t=0193 theta drift high drift_band=7
t=0194 theta drift high drift_band=7
t=0195 eta drift low drift_band=6
t=0196 eta drift low drift_band=6
t=0197 eta drift low drift_band=6
t=0198 eta drift low drift_band=6
t=0199 eta drift low drift_band=6
t=0200 eta drift low drift_band=6
t=0201 eta drift low drift_band=6
t=0202 eta drift low drift_band=6
t=0203 eta drift low drift_band=6
t=0204 eta drift low drift_band=6
t=0205 eta drift low drift_band=6
t=0206 eta drift low drift_band=6
t=0207 eta drift low drift_band=6
t=0208 eta drift low drift_band=6
t=0209 eta drift low drift_band=6
t=0210 eta drift low drift_band=6
t=0211 eta drift low drift_band=6
t=0212 eta drift low drift_band=6
t=0213 eta drift low drift_band=6
t=0214 eta drift low drift_band=6
t=0215 theta drift high drift_band=7
t=0216 theta drift high drift_band=7
t=0217 theta drift high drift_band=7
t=0218 theta drift high drift_band=7
t=0219 theta drift high drift_band=7
t=0220 theta drift high drift_band=7
t=0221 theta drift high drift_band=7
t=0222 theta drift high drift_band=7
t=0223 theta drift high drift_band=7
t=0224 theta drift high drift_band=7
t=0225 theta drift high drift_band=7
t=0226 theta drift high drift_band=7
t=0227 theta drift high drift_band=7
t=0228 theta drift high drift_band=7
t=0229 theta drift high drift_band=7
t=0230 theta drift high drift_band=7
t=0231 theta drift high drift_band=7
t=0232 theta drift high drift_band=7
t=0233 theta drift high drift_band=7
t=0234 theta drift high drift_band=7
t=0235 theta drift high drift_band=7
t=0236 theta drift high drift_band=7
t=0237 theta drift high drift_band=7
t=0238 theta drift high drift_band=7
t=0239 theta drift high drift_band=7
t=0240 theta drift high drift_band=7
t=0241 theta drift high drift_band=7
t=0242 theta drift high drift_band=7
t=0243 theta drift high drift_band=7
t=0244 theta drift high drift_band=7
t=0245 theta drift high drift_band=7
t=0246 theta drift high drift_band=7
t=0247 theta drift high drift_band=7
t=0248 theta drift high drift_band=7
t=0249 theta drift high drift_band=7
t=0250 eta drift low drift_band=6
t=0251 eta drift low drift_band=6
t=0252 eta drift low drift_band=6
t=0253 eta drift low drift_band=6
t=0254 eta drift low drift_band=6
t=0255 eta drift low drift_band=6
t=0256 eta drift low drift_band=6
t=0257 eta drift low drift_band=6
t=0258 eta drift low drift_band=6
t=0259 eta drift low drift_band=6
t=0260 eta drift low drift_band=6
t=0261 eta drift low drift_band=6
t=0262 zeta pulse fall drift_band=5
t=0263 zeta pulse fall drift_band=5
t=0264 zeta pulse fall drift_band=5
t=0265 zeta pulse fall drift_band=5
t=0266 zeta pulse fall drift_band=5
t=0267 zeta pulse fall drift_band=5
t=0268 zeta pulse fall drift_band=5
t=0269 zeta pulse fall drift_band=5
t=0270 zeta pulse fall drift_band=5
t=0271 zeta pulse fall drift_band=5
t=0272 zeta pulse fall drift_band=5
t=0273 zeta pulse fall drift_band=5
t=0274 zeta pulse fall drift_band=5
t=0275 zeta pulse fall drift_band=5
t=0276 eta drift low drift_band=6
t=0277 eta drift low drift_band=6
t=0278 eta drift low drift_band=6
t=0279 eta drift low drift_band=6
t=0280 eta drift low drift_band=6
t=0281 eta drift low drift_band=6
t=0282 eta drift low drift_band=6
t=0283 eta drift low drift_band=6
t=0284 eta drift low drift_band=6
t=0285 eta drift low drift_band=6
t=0286 eta drift low drift_band=6
t=0287 eta drift low drift_band=6
t=0288 eta drift low drift_band=6
t=0289 eta drift low drift_band=6
t=0290 eta drift low drift_band=6
t=0291 eta drift low drift_band=6
t=0292 eta drift low drift_band=6
t=0293 eta drift low drift_band=6
t=0294 eta drift low drift_band=6
t=0295 eta drift low drift_band=6
t=0296 eta drift low drift_band=6
t=0297 eta drift low drift_band=6
t=0298 eta drift low drift_band=6
t=0299 eta drift low drift_band=6
t=0300 eta drift low drift_band=6
t=0301 eta drift low drift_band=6
t=0302 eta drift low drift_band=6
t=0303 eta drift low drift_band=6
t=0304 eta drift low drift_band=6
t=0305 eta drift low drift_band=6
t=0306 eta drift low drift_band=6
t=0307 eta drift low drift_band=6
t=0308 eta drift low drift_band=6
t=0309 eta drift low drift_band=6
t=0310 eta drift low drift_band=6
t=0311 eta drift low drift_band=6
t=0312 eta drift low drift_band=6
t=0313 eta drift low drift_band=6
t=0314 eta drift low drift_band=6
t=0315 eta drift low drift_band=6
t=0316 eta drift low drift_band=6
t=0317 zeta pulse fall drift_band=5
t=0318 zeta pulse fall drift_band=5
t=0319 zeta pulse fall drift_band=5
t=0320 zeta pulse fall drift_band=5
t=0321 zeta pulse fall drift_band=5
t=0322 zeta pulse fall drift_band=5
t=0323 zeta pulse fall drift_band=5
t=0324 zeta pulse fall drift_band=5
t=0325 zeta pulse fall drift_band=5
t=0326 zeta pulse fall drift_band=5
t=0327 zeta pulse fall drift_band=5
t=0328 zeta pulse fall drift_band=5
t=0329 zeta pulse fall drift_band=5
t=0330 zeta pulse fall drift_band=5
t=0331 zeta pulse fall drift_band=5
t=0332 zeta pulse fall drift_band=5
t=0333 zeta pulse fall drift_band=5
t=0334 zeta pulse fall drift_band=5
t=0335 zeta pulse fall drift_band=5
t=0336 zeta pulse fall drift_band=5
t=0337 zeta pulse fall drift_band=5
t=0338 zeta pulse fall drift_band=5
t=0339 zeta pulse fall drift_band=5
t=0340 zeta pulse fall drift_band=5
t=0341 zeta pulse fall drift_band=5
t=0342 zeta pulse fall drift_band=5
t=0343 zeta pulse fall drift_band=5
t=0344 eta drift low drift_band=6
t=0345 eta drift low drift_band=6
t=0346 eta drift low drift_band=6
t=0347 eta drift low drift_band=6
t=0348 eta drift low drift_band=6
t=0349 eta drift low drift_band=6
t=0350 eta drift low drift_band=6
t=0351 zeta pulse fall drift_band=5
t=0352 zeta pulse fall drift_band=5
t=0353 zeta pulse fall drift_band=5
t=0354 zeta pulse fall drift_band=5
t=0355 zeta pulse fall drift_band=5
t=0356 zeta pulse fall drift_band=5
t=0357 zeta pulse fall drift_band=5
t=0358 zeta pulse fall drift_band=5
t=0359 zeta pulse fall drift_band=5
t=0360 zeta pulse fall drift_band=5
t=0361 zeta pulse fall drift_band=5
t=0362 zeta pulse fall drift_band=5
t=0363 zeta pulse fall drift_band=5
t=0364 zeta pulse fall drift_band=5
t=0365 zeta pulse fall drift_band=5
t=0366 zeta pulse fall drift_band=5
t=0367 zeta pulse fall drift_band=5
t=0368 zeta pulse fall drift_band=5
t=0369 zeta pulse fall drift_band=5
t=0370 zeta pulse fall drift_band=5
t=0371 zeta pulse fall drift_band=5
t=0372 eta drift low drift_band=6
t=0373 eta drift low drift_band=6
t=0374 eta drift low drift_band=6
t=0375 eta drift low drift_band=6
t=0376 eta drift low drift_band=6
t=0377 eta drift low drift_band=6
t=0378 eta drift low drift_band=6
t=0379 eta drift low drift_band=6
t=0380 eta drift low drift_band=6
t=0381 eta drift low drift_band=6
t=0382 eta drift low drift_band=6
t=0383 eta drift low drift_band=6
t=0384 eta drift low drift_band=6
t=0385 eta drift low drift_band=6
t=0386 eta drift low drift_band=6
t=0387 eta drift low drift_band=6
t=0388 eta drift low drift_band=6
t=0389 eta drift low drift_band=6
t=0390 eta drift low drift_band=6
t=0391 eta drift low drift_band=6
t=0392 eta drift low drift_band=6
t=0393 eta drift low drift_band=6
t=0394 eta drift low drift_band=6
t=0395 eta drift low drift_band=6
t=0396 eta drift low drift_band=6
t=0397 eta drift low drift_band=6
t=0398 eta drift low drift_band=6
t=0399 eta drift low drift_band=6
t=0400 eta drift low drift_band=6
t=0401 eta drift low drift_band=6
t=0402 eta drift low drift_band=6
t=0403 eta drift low drift_band=6
t=0404 eta drift low drift_band=6
t=0405 eta drift low drift_band=6
t=0406 eta drift low drift_band=6
t=0407 eta drift low drift_band=6
t=0408 eta drift low drift_band=6
t=0409 eta drift low drift_band=6
t=0410 eta drift low drift_band=6
t=0411 eta drift low drift_band=6
t=0412 eta drift low drift_band=6
t=0413 eta drift low drift_band=6
t=0414 eta drift low drift_band=6
t=0415 eta drift low drift_band=6
t=0416 eta drift low drift_band=6
t=0417 eta drift low drift_band=6
t=0418 zeta pulse fall drift_band=5
t=0419 zeta pulse fall drift_band=5
t=0420 zeta pulse fall drift_band=5
t=0421 zeta pulse fall drift_band=5
t=0422 zeta pulse fall drift_band=5
t=0423 zeta pulse fall drift_band=5
t=0424 zeta pulse fall drift_band=5
t=0425 zeta pulse fall drift_band=5
t=0426 zeta pulse fall drift_band=5
t=0427 zeta pulse fall drift_band=5
t=0428 zeta pulse fall drift_band=5
t=0429 zeta pulse fall drift_band=5
t=0430 zeta pulse fall drift_band=5
t=0431 zeta pulse fall drift_band=5
t=0432 zeta pulse fall drift_band=5
t=0433 zeta pulse fall drift_band=5
t=0434 zeta pulse fall drift_band=5
t=0435 zeta pulse fall drift_band=5
t=0436 zeta pulse fall drift_band=5
t=0437 zeta pulse fall drift_band=5
t=0438 zeta pulse fall drift_band=5
t=0439 zeta pulse fall drift_band=5
t=0440 zeta pulse fall drift_band=5
t=0441 zeta pulse fall drift_band=5
t=0442 zeta pulse fall drift_band=5
t=0443 zeta pulse fall drift_band=5
t=0444 zeta pulse fall drift_band=5
t=0445 zeta pulse fall drift_band=5
t=0446 zeta pulse fall drift_band=5
t=0447 zeta pulse fall drift_band=5
t=0448 zeta pulse fall drift_band=5
t=0449 zeta pulse fall drift_band=5
t=0450 zeta pulse fall drift_band=5
t=0451 eta drift low drift_band=6
t=0452 eta drift low drift_band=6
t=0453 eta drift low drift_band=6
t=0454 eta drift low drift_band=6
t=0455 eta drift low drift_band=6
t=0456 eta drift low drift_band=6
t=0457 eta drift low drift_band=6
t=0458 eta drift low drift_band=6
t=0459 eta drift low drift_band=6
t=0460 eta drift low drift_band=6
t=0461 eta drift low drift_band=6
t=0462 eta drift low drift_band=6
t=0463 eta drift low drift_band=6
t=0464 zeta pulse fall drift_band=5
t=0465 zeta pulse fall drift_band=5
t=0466 zeta pulse fall drift_band=5
t=0467 zeta pulse fall drift_band=5
t=0468 zeta pulse fall drift_band=5
t=0469 zeta pulse fall drift_band=5
t=0470 zeta pulse fall drift_band=5
t=0471 zeta pulse fall drift_band=5
t=0472 zeta pulse fall drift_band=5
t=0473 zeta pulse fall drift_band=5
t=0474 zeta pulse fall drift_band=5
t=0475 zeta pulse fall drift_band=5
t=0476 zeta pulse fall drift_band=5
t=0477 zeta pulse fall drift_band=5
t=0478 zeta pulse fall drift_band=5
t=0479 zeta pulse fall drift_band=5
t=0480 zeta pulse fall drift_band=5
t=0481 zeta pulse fall drift_band=5
t=0482 zeta pulse fall drift_band=5
t=0483 zeta pulse fall drift_band=5
t=0484 zeta pulse fall drift_band=5
t=0485 zeta pulse fall drift_band=5
t=0486 zeta pulse fall drift_band=5
t=0487 zeta pulse fall drift_band=5
t=0488 zeta pulse fall drift_band=5
t=0489 zeta pulse fall drift_band=5
t=0490 zeta pulse fall drift_band=5
t=0491 zeta pulse fall drift_band=5
t=0492 zeta pulse fall drift_band=5
t=0493 zeta pulse fall drift_band=5
t=0494 zeta pulse fall drift_band=5
t=0495 zeta pulse fall drift_band=5
t=0496 zeta pulse fall drift_band=5
t=0497 zeta pulse fall drift_band=5
t=0498 zeta pulse fall drift_band=5
t=0499 epsilon pulse rise drift_band=4
t=0500 epsilon pulse rise drift_band=4
t=0501 epsilon pulse rise drift_band=4
t=0502 epsilon pulse rise drift_band=4
t=0503 epsilon pulse rise drift_band=4
t=0504 epsilon pulse rise drift_band=4
t=0505 epsilon pulse rise drift_band=4
t=0506 epsilon pulse rise drift_band=4
t=0507 epsilon pulse rise drift_band=4
t=0508 epsilon pulse rise drift_band=4
t=0509 epsilon pulse rise drift_band=4
t=0510 epsilon pulse rise drift_band=4
t=0511 epsilon pulse rise drift_band=4
t=0512 epsilon pulse rise drift_band=4
t=0513 epsilon pulse rise drift_band=4
t=0514 epsilon pulse rise drift_band=4
t=0515 epsilon pulse rise drift_band=4
t=0516 epsilon pulse rise drift_band=4
t=0517 epsilon pulse rise drift_band=4
t=0518 epsilon pulse rise drift_band=4
t=0519 epsilon pulse rise drift_band=4
t=0520 epsilon pulse rise drift_band=4
t=0521 epsilon pulse rise drift_band=4
t=0522 epsilon pulse rise drift_band=4
t=0523 epsilon pulse rise drift_band=4
t=0524 epsilon pulse rise drift_band=4
t=0525 epsilon pulse rise drift_band=4
t=0526 epsilon pulse rise drift_band=4
t=0527 epsilon pulse rise drift_band=4
t=0528 epsilon pulse rise drift_band=4
t=0529 zeta pulse fall drift_band=5
t=0530 zeta pulse fall drift_band=5
t=0531 zeta pulse fall drift_band=5
t=0532 zeta pulse fall drift_band=5
t=0533 zeta pulse fall drift_band=5
t=0534 zeta pulse fall drift_band=5
t=0535 zeta pulse fall drift_band=5
t=0536 zeta pulse fall drift_band=5
t=0537 zeta pulse fall drift_band=5
t=0538 zeta pulse fall drift_band=5
t=0539 epsilon pulse rise drift_band=4
t=0540 epsilon pulse rise drift_band=4
t=0541 epsilon pulse rise drift_band=4
t=0542 epsilon pulse rise drift_band=4
t=0543 epsilon pulse rise drift_band=4
t=0544 epsilon pulse rise drift_band=4
t=0545 epsilon pulse rise drift_band=4
t=0546 delta carrier stable drift_band=3
t=0547 delta carrier stable drift_band=3
t=0548 delta carrier stable drift_band=3
t=0549 delta carrier stable drift_band=3
t=0550 delta carrier stable drift_band=3
t=0551 epsilon pulse rise drift_band=4
t=0552 epsilon pulse rise drift_band=4
t=0553 epsilon pulse rise drift_band=4
t=0554 epsilon pulse rise drift_band=4
t=0555 epsilon pulse rise drift_band=4
t=0556 epsilon pulse rise drift_band=4
t=0557 epsilon pulse rise drift_band=4
t=0558 epsilon pulse rise drift_band=4
t=0559 epsilon pulse rise drift_band=4
t=0560 epsilon pulse rise drift_band=4
t=0561 epsilon pulse rise drift_band=4
t=0562 delta carrier stable drift_band=3
t=0563 delta carrier stable drift_band=3
t=0564 delta carrier stable drift_band=3
t=0565 delta carrier stable drift_band=3
t=0566 delta carrier stable drift_band=3
t=0567 delta carrier stable drift_band=3
t=0568 delta carrier stable drift_band=3
t=0569 delta carrier stable drift_band=3
t=0570 delta carrier stable drift_band=3
t=0571 delta carrier stable drift_band=3
t=0572 delta carrier stable drift_band=3
t=0573 delta carrier stable drift_band=3
t=0574 delta carrier stable drift_band=3
t=0575 delta carrier stable drift_band=3
t=0576 delta carrier stable drift_band=3
t=0577 delta carrier stable drift_band=3
t=0578 delta carrier stable drift_band=3
t=0579 gamma seam shift drift_band=2
t=0580 gamma seam shift drift_band=2
t=0581 gamma seam shift drift_band=2
t=0582 gamma seam shift drift_band=2
t=0583 gamma seam shift drift_band=2
t=0584 gamma seam shift drift_band=2
t=0585 gamma seam shift drift_band=2
t=0586 gamma seam shift drift_band=2
t=0587 gamma seam shift drift_band=2
t=0588 gamma seam shift drift_band=2
t=0589 gamma seam shift drift_band=2
t=0590 gamma seam shift drift_band=2
t=0591 gamma seam shift drift_band=2
t=0592 gamma seam shift drift_band=2
t=0593 gamma seam shift drift_band=2
t=0594 gamma seam shift drift_band=2
t=0595 gamma seam shift drift_band=2
t=0596 beta gate hold drift_band=1
t=0597 beta gate hold drift_band=1
t=0598 beta gate hold drift_band=1
t=0599 beta gate hold drift_band=1
t=0600 beta gate hold drift_band=1
t=0601 beta gate hold drift_band=1
t=0602 beta gate hold drift_band=1
t=0603 beta gate hold drift_band=1
t=0604 beta gate hold drift_band=1
t=0605 beta gate hold drift_band=1
t=0606 beta gate hold drift_band=1
t=0607 beta gate hold drift_band=1
t=0608 beta gate hold drift_band=1
t=0609 beta gate hold drift_band=1
t=0610 beta gate hold drift_band=1
t=0611 beta gate hold drift_band=1
t=0612 beta gate hold drift_band=1
t=0613 beta gate hold drift_band=1
t=0614 beta gate hold drift_band=1
t=0615 beta gate hold drift_band=1
t=0616 beta gate hold drift_band=1
t=0617 alpha gate open drift_band=0
t=0618 alpha gate open drift_band=0
t=0619 alpha gate open drift_band=0
t=0620 alpha gate open drift_band=0
t=0621 alpha gate open drift_band=0
t=0622 alpha gate open drift_band=0
t=0623 alpha gate open drift_band=0
t=0624 alpha gate open drift_band=0
t=0625 alpha gate open drift_band=0
t=0626 alpha gate open drift_band=0
t=0627 alpha gate open drift_band=0
t=0628 alpha gate open drift_band=0
t=0629 alpha gate open drift_band=0
t=0630 alpha gate open drift_band=0
t=0631 alpha gate open drift_band=0
t=0632 alpha gate open drift_band=0
t=0633 alpha gate open drift_band=0
t=0634 alpha gate open drift_band=0
t=0635 alpha gate open drift_band=0
t=0636 alpha gate open drift_band=0
t=0637 alpha gate open drift_band=0
t=0638 alpha gate open drift_band=0
t=0639 alpha gate open drift_band=0
t=0640 alpha gate open drift_band=0
t=0641 alpha gate open drift_band=0
t=0642 alpha gate open drift_band=0
t=0643 alpha gate open drift_band=0
t=0644 alpha gate open drift_band=0
t=0645 alpha gate open drift_band=0
t=0646 alpha gate open drift_band=0
t=0647 alpha gate open drift_band=0
t=0648 alpha gate open drift_band=0
t=0649 alpha gate open drift_band=0
t=0650 alpha gate open drift_band=0
t=0651 alpha gate open drift_band=0
t=0652 alpha gate open drift_band=0
t=0653 alpha gate open drift_band=0
t=0654 alpha gate open drift_band=0
t=0655 alpha gate open drift_band=0
t=0656 alpha gate open drift_band=0
t=0657 alpha gate open drift_band=0
t=0658 alpha gate open drift_band=0
t=0659 alpha gate open drift_band=0
t=0660 alpha gate open drift_band=0
t=0661 alpha gate open drift_band=0
t=0662 alpha gate open drift_band=0
t=0663 alpha gate open drift_band=0
t=0664 alpha gate open drift_band=0
t=0665 alpha gate open drift_band=0
t=0666 alpha gate open drift_band=0
t=0667 alpha gate open drift_band=0
t=0668 alpha gate open drift_band=0
t=0669 alpha gate open drift_band=0
t=0670 alpha gate open drift_band=0
t=0671 alpha gate open drift_band=0
t=0672 alpha gate open drift_band=0
t=0673 alpha gate open drift_band=0
t=0674 alpha gate open drift_band=0
t=0675 alpha gate open drift_band=0
t=0676 alpha gate open drift_band=0
t=0677 alpha gate open drift_band=0
t=0678 alpha gate open drift_band=0
t=0679 alpha gate open drift_band=0
t=0680 alpha gate open drift_band=0
t=0681 alpha gate open drift_band=0
t=0682 alpha gate open drift_band=0
t=0683 alpha gate open drift_band=0
t=0684 alpha gate open drift_band=0
t=0685 alpha gate open drift_band=0
t=0686 alpha gate open drift_band=0
t=0687 alpha gate open drift_band=0
t=0688 alpha gate open drift_band=0
t=0689 alpha gate open drift_band=0
t=0690 alpha gate open drift_band=0
t=0691 alpha gate open drift_band=0
t=0692 alpha gate open drift_band=0
t=0693 alpha gate open drift_band=0
t=0694 alpha gate open drift_band=0
t=0695 alpha gate open drift_band=0
t=0696 alpha gate open drift_band=0
t=0697 alpha gate open drift_band=0
t=0698 alpha gate open drift_band=0
t=0699 alpha gate open drift_band=0
t=0700 alpha gate open drift_band=0
t=0701 alpha gate open drift_band=0
t=0702 alpha gate open drift_band=0
t=0703 alpha gate open drift_band=0
t=0704 alpha gate open drift_band=0
t=0705 alpha gate open drift_band=0
t=0706 alpha gate open drift_band=0
t=0707 alpha gate open drift_band=0
t=0708 alpha gate open drift_band=0
t=0709 alpha gate open drift_band=0
t=0710 alpha gate open drift_band=0
t=0711 alpha gate open drift_band=0
t=0712 alpha gate open drift_band=0
t=0713 alpha gate open drift_band=0
t=0714 alpha gate open drift_band=0
t=0715 alpha gate open drift_band=0
t=0716 alpha gate open drift_band=0
t=0717 alpha gate open drift_band=0
t=0718 alpha gate open drift_band=0
t=0719 alpha gate open drift_band=0
t=0720 beta gate hold drift_band=1
t=0721 gamma seam shift drift_band=2
t=0722 gamma seam shift drift_band=2
t=0723 gamma seam shift drift_band=2
t=0724 gamma seam shift drift_band=2
t=0725 gamma seam shift drift_band=2
t=0726 gamma seam shift drift_band=2
t=0727 gamma seam shift drift_band=2
t=0728 gamma seam shift drift_band=2
t=0729 gamma seam shift drift_band=2
t=0730 gamma seam shift drift_band=2
t=0731 gamma seam shift drift_band=2
t=0732 gamma seam shift drift_band=2
t=0733 gamma seam shift drift_band=2
t=0734 gamma seam shift drift_band=2
t=0735 gamma seam shift drift_band=2
t=0736 gamma seam shift drift_band=2
t=0737 gamma seam shift drift_band=2
t=0738 gamma seam shift drift_band=2
t=0739 gamma seam shift drift_band=2
t=0740 gamma seam shift drift_band=2
t=0741 gamma seam shift drift_band=2
t=0742 gamma seam shift drift_band=2
t=0743 gamma seam shift drift_band=2
t=0744 gamma seam shift drift_band=2
t=0745 gamma seam shift drift_band=2
t=0746 gamma seam shift drift_band=2
t=0747 gamma seam shift drift_band=2
t=0748 gamma seam shift drift_band=2
t=0749 gamma seam shift drift_band=2
t=0750 gamma seam shift drift_band=2
t=0751 gamma seam shift drift_band=2
t=0752 gamma seam shift drift_band=2
t=0753 gamma seam shift drift_band=2
t=0754 beta gate hold drift_band=1
t=0755 beta gate hold drift_band=1
t=0756 beta gate hold drift_band=1
t=0757 beta gate hold drift_band=1
t=0758 beta gate hold drift_band=1
t=0759 beta gate hold drift_band=1
t=0760 beta gate hold drift_band=1
t=0761 beta gate hold drift_band=1
t=0762 beta gate hold drift_band=1
t=0763 beta gate hold drift_band=1
t=0764 beta gate hold drift_band=1
t=0765 beta gate hold drift_band=1
t=0766 beta gate hold drift_band=1
t=0767 beta gate hold drift_band=1
t=0768 beta gate hold drift_band=1
t=0769 beta gate hold drift_band=1
t=0770 beta gate hold drift_band=1
t=0771 beta gate hold drift_band=1
t=0772 beta gate hold drift_band=1
t=0773 beta gate hold drift_band=1
t=0774 beta gate hold drift_band=1
t=0775 beta gate hold drift_band=1
t=0776 beta gate hold drift_band=1
t=0777 beta gate hold drift_band=1
t=0778 beta gate hold drift_band=1
t=0779 beta gate hold drift_band=1
t=0780 beta gate hold drift_band=1
t=0781 beta gate hold drift_band=1
t=0782 alpha gate open drift_band=0
t=0783 alpha gate open drift_band=0
t=0784 alpha gate open drift_band=0
t=0785 alpha gate open drift_band=0
t=0786 alpha gate open drift_band=0
t=0787 alpha gate open drift_band=0
t=0788 alpha gate open drift_band=0
t=0789 alpha gate open drift_band=0
t=0790 alpha gate open drift_band=0
t=0791 alpha gate open drift_band=0
t=0792 alpha gate open drift_band=0
t=0793 alpha gate open drift_band=0
t=0794 beta gate hold drift_band=1
t=0795 gamma seam shift drift_band=2
t=0796 gamma seam shift drift_band=2
t=0797 gamma seam shift drift_band=2
t=0798 gamma seam shift drift_band=2
t=0799 gamma seam shift drift_band=2
t=0800 gamma seam shift drift_band=2
t=0801 gamma seam shift drift_band=2
t=0802 gamma seam shift drift_band=2
t=0803 gamma seam shift drift_band=2
t=0804 gamma seam shift drift_band=2
t=0805 gamma seam shift drift_band=2
t=0806 gamma seam shift drift_band=2
t=0807 gamma seam shift drift_band=2
t=0808 gamma seam shift drift_band=2
t=0809 gamma seam shift drift_band=2
t=0810 gamma seam shift drift_band=2
t=0811 gamma seam shift drift_band=2
t=0812 gamma seam shift drift_band=2
t=0813 gamma seam shift drift_band=2
t=0814 gamma seam shift drift_band=2
t=0815 gamma seam shift drift_band=2
t=0816 gamma seam shift drift_band=2
t=0817 gamma seam shift drift_band=2
t=0818 gamma seam shift drift_band=2
t=0819 gamma seam shift drift_band=2
t=0820 gamma seam shift drift_band=2
t=0821 gamma seam shift drift_band=2
t=0822 delta carrier stable drift_band=3
t=0823 delta carrier stable drift_band=3
t=0824 delta carrier stable drift_band=3
t=0825 delta carrier stable drift_band=3
t=0826 delta carrier stable drift_band=3
t=0827 delta carrier stable drift_band=3
t=0828 delta carrier stable drift_band=3
t=0829 delta carrier stable drift_band=3
t=0830 delta carrier stable drift_band=3
t=0831 delta carrier stable drift_band=3
t=0832 delta carrier stable drift_band=3
t=0833 delta carrier stable drift_band=3
t=0834 delta carrier stable drift_band=3
t=0835 delta carrier stable drift_band=3
t=0836 delta carrier stable drift_band=3
t=0837 delta carrier stable drift_band=3
t=0838 delta carrier stable drift_band=3
t=0839 delta carrier stable drift_band=3
t=0840 delta carrier stable drift_band=3
t=0841 epsilon pulse rise drift_band=4
t=0842 epsilon pulse rise drift_band=4
t=0843 epsilon pulse rise drift_band=4
t=0844 epsilon pulse rise drift_band=4
t=0845 epsilon pulse rise drift_band=4
t=0846 epsilon pulse rise drift_band=4
t=0847 epsilon pulse rise drift_band=4
t=0848 epsilon pulse rise drift_band=4
t=0849 epsilon pulse rise drift_band=4
t=0850 epsilon pulse rise drift_band=4
t=0851 epsilon pulse rise drift_band=4
t=0852 epsilon pulse rise drift_band=4
t=0853 epsilon pulse rise drift_band=4
t=0854 epsilon pulse rise drift_band=4
t=0855 epsilon pulse rise drift_band=4
t=0856 epsilon pulse rise drift_band=4
t=0857 epsilon pulse rise drift_band=4
t=0858 epsilon pulse rise drift_band=4
t=0859 epsilon pulse rise drift_band=4
t=0860 epsilon pulse rise drift_band=4
t=0861 epsilon pulse rise drift_band=4
t=0862 zeta pulse fall drift_band=5
t=0863 zeta pulse fall drift_band=5
t=0864 zeta pulse fall drift_band=5
t=0865 zeta pulse fall drift_band=5
t=0866 zeta pulse fall drift_band=5
t=0867 zeta pulse fall drift_band=5
t=0868 epsilon pulse rise drift_band=4
t=0869 epsilon pulse rise drift_band=4
t=0870 epsilon pulse rise drift_band=4
t=0871 epsilon pulse rise drift_band=4
t=0872 epsilon pulse rise drift_band=4
t=0873 epsilon pulse rise drift_band=4
t=0874 epsilon pulse rise drift_band=4
t=0875 epsilon pulse rise drift_band=4
t=0876 epsilon pulse rise drift_band=4
t=0877 epsilon pulse rise drift_band=4
t=0878 epsilon pulse rise drift_band=4
t=0879 epsilon pulse rise drift_band=4
t=0880 epsilon pulse rise drift_band=4
t=0881 epsilon pulse rise drift_band=4
t=0882 epsilon pulse rise drift_band=4
t=0883 epsilon pulse rise drift_band=4
t=0884 epsilon pulse rise drift_band=4
t=0885 zeta pulse fall drift_band=5
t=0886 zeta pulse fall drift_band=5
t=0887 zeta pulse fall drift_band=5
t=0888 zeta pulse fall drift_band=5
t=0889 zeta pulse fall drift_band=5
t=0890 zeta pulse fall drift_band=5
t=0891 zeta pulse fall drift_band=5
t=0892 zeta pulse fall drift_band=5
t=0893 zeta pulse fall drift_band=5
t=0894 zeta pulse fall drift_band=5
t=0895 zeta pulse fall drift_band=5
t=0896 zeta pulse fall drift_band=5
t=0897 zeta pulse fall drift_band=5
t=0898 zeta pulse fall drift_band=5
t=0899 zeta pulse fall drift_band=5
t=0900 zeta pulse fall drift_band=5
t=0901 zeta pulse fall drift_band=5
t=0902 zeta pulse fall drift_band=5
t=0903 zeta pulse fall drift_band=5
t=0904 zeta pulse fall drift_band=5
t=0905 zeta pulse fall drift_band=5
t=0906 zeta pulse fall drift_band=5
t=0907 zeta pulse fall drift_band=5
t=0908 zeta pulse fall drift_band=5
t=0909 zeta pulse fall drift_band=5
t=0910 zeta pulse fall drift_band=5
t=0911 zeta pulse fall drift_band=5
t=0912 zeta pulse fall drift_band=5
t=0913 zeta pulse fall drift_band=5
t=0914 zeta pulse fall drift_band=5
t=0915 zeta pulse fall drift_band=5
t=0916 zeta pulse fall drift_band=5
t=0917 zeta pulse fall drift_band=5
t=0918 zeta pulse fall drift_band=5
t=0919 zeta pulse fall drift_band=5
t=0920 zeta pulse fall drift_band=5
t=0921 zeta pulse fall drift_band=5
t=0922 zeta pulse fall drift_band=5
t=0923 zeta pulse fall drift_band=5
t=0924 zeta pulse fall drift_band=5
t=0925 zeta pulse fall drift_band=5
t=0926 zeta pulse fall drift_band=5
t=0927 zeta pulse fall drift_band=5
t=0928 eta drift low drift_band=6
t=0929 theta drift high drift_band=7
t=0930 theta drift high drift_band=7
t=0931 theta drift high drift_band=7
t=0932 theta drift high drift_band=7
t=0933 theta drift high drift_band=7
t=0934 theta drift high drift_band=7
t=0935 theta drift high drift_band=7
t=0936 theta drift high drift_band=7
t=0937 theta drift high drift_band=7
t=0938 theta drift high drift_band=7
t=0939 theta drift high drift_band=7
t=0940 theta drift high drift_band=7
t=0941 theta drift high drift_band=7
t=0942 theta drift high drift_band=7
t=0943 theta drift high drift_band=7
t=0944 theta drift high drift_band=7
t=0945 theta drift high drift_band=7
t=0946 theta drift high drift_band=7
t=0947 theta drift high drift_band=7
t=0948 iota boundary thin drift_band=8
t=0949 iota boundary thin drift_band=8
t=0950 iota boundary thin drift_band=8
t=0951 iota boundary thin drift_band=8
t=0952 iota boundary thin drift_band=8
t=0953 iota boundary thin drift_band=8
t=0954 iota boundary thin drift_band=8
t=0955 iota boundary thin drift_band=8
t=0956 iota boundary thin drift_band=8
t=0957 iota boundary thin drift_band=8
t=0958 iota boundary thin drift_band=8
t=0959 iota boundary thin drift_band=8
t=0960 iota boundary thin drift_band=8
t=0961 iota boundary thin drift_band=8
t=0962 iota boundary thin drift_band=8
t=0963 iota boundary thin drift_band=8
t=0964 iota boundary thin drift_band=8
t=0965 iota boundary thin drift_band=8
t=0966 iota boundary thin drift_band=8
t=0967 iota boundary thin drift_band=8
t=0968 iota boundary thin drift_band=8
t=0969 iota boundary thin drift_band=8
t=0970 iota boundary thin drift_band=8
t=0971 iota boundary thin drift_band=8
t=0972 iota boundary thin drift_band=8
t=0973 iota boundary thin drift_band=8
t=0974 iota boundary thin drift_band=8
t=0975 iota boundary thin drift_band=8
t=0976 iota boundary thin drift_band=8
t=0977 iota boundary thin drift_band=8
t=0978 iota boundary thin drift_band=8
t=0979 iota boundary thin drift_band=8
t=0980 iota boundary thin drift_band=8
t=0981 iota boundary thin drift_band=8
t=0982 iota boundary thin drift_band=8
t=0983 kappa residue mark drift_band=9
t=0984 kappa residue mark drift_band=9
t=0985 kappa residue mark drift_band=9
t=0986 kappa residue mark drift_band=9
t=0987 kappa residue mark drift_band=9
t=0988 iota boundary thin drift_band=8
t=0989 iota boundary thin drift_band=8
t=0990 iota boundary thin drift_band=8
t=0991 iota boundary thin drift_band=8
t=0992 iota boundary thin drift_band=8
t=0993 iota boundary thin drift_band=8
t=0994 iota boundary thin drift_band=8
t=0995 iota boundary thin drift_band=8
t=0996 iota boundary thin drift_band=8
t=0997 iota boundary thin drift_band=8
t=0998 iota boundary thin drift_band=8
t=0999 iota boundary thin drift_band=8
t=1000 iota boundary thin drift_band=8
t=1001 iota boundary thin drift_band=8
t=1002 iota boundary thin drift_band=8
t=1003 iota boundary thin drift_band=8
t=1004 iota boundary thin drift_band=8
t=1005 iota boundary thin drift_band=8
t=1006 iota boundary thin drift_band=8
t=1007 iota boundary thin drift_band=8
t=1008 iota boundary thin drift_band=8
t=1009 iota boundary thin drift_band=8
t=1010 iota boundary thin drift_band=8
t=1011 iota boundary thin drift_band=8
t=1012 iota boundary thin drift_band=8
t=1013 iota boundary thin drift_band=8
t=1014 iota boundary thin drift_band=8
t=1015 iota boundary thin drift_band=8
t=1016 iota boundary thin drift_band=8
t=1017 iota boundary thin drift_band=8
t=1018 iota boundary thin drift_band=8
t=1019 iota boundary thin drift_band=8
t=1020 iota boundary thin drift_band=8
t=1021 theta drift high drift_band=7
t=1022 theta drift high drift_band=7
t=1023 theta drift high drift_band=7
t=1024 theta drift high drift_band=7
t=1025 theta drift high drift_band=7
t=1026 theta drift high drift_band=7
t=1027 theta drift high drift_band=7
t=1028 theta drift high drift_band=7
t=1029 theta drift high drift_band=7
t=1030 theta drift high drift_band=7
t=1031 theta drift high drift_band=7
t=1032 theta drift high drift_band=7
t=1033 theta drift high drift_band=7
t=1034 theta drift high drift_band=7
t=1035 theta drift high drift_band=7
t=1036 eta drift low drift_band=6
t=1037 eta drift low drift_band=6
t=1038 eta drift low drift_band=6
t=1039 eta drift low drift_band=6
t=1040 eta drift low drift_band=6
t=1041 eta drift low drift_band=6
t=1042 eta drift low drift_band=6
t=1043 eta drift low drift_band=6
t=1044 eta drift low drift_band=6
t=1045 eta drift low drift_band=6
t=1046 eta drift low drift_band=6
t=1047 eta drift low drift_band=6
t=1048 eta drift low drift_band=6
t=1049 eta drift low drift_band=6
t=1050 eta drift low drift_band=6
t=1051 eta drift low drift_band=6
t=1052 eta drift low drift_band=6
t=1053 eta drift low drift_band=6
t=1054 eta drift low drift_band=6
t=1055 eta drift low drift_band=6
t=1056 eta drift low drift_band=6
t=1057 eta drift low drift_band=6
t=1058 theta drift high drift_band=7
t=1059 theta drift high drift_band=7
t=1060 theta drift high drift_band=7
t=1061 theta drift high drift_band=7
t=1062 theta drift high drift_band=7
t=1063 theta drift high drift_band=7
t=1064 theta drift high drift_band=7
t=1065 theta drift high drift_band=7
t=1066 theta drift high drift_band=7
t=1067 theta drift high drift_band=7
t=1068 iota boundary thin drift_band=8
t=1069 iota boundary thin drift_band=8
t=1070 iota boundary thin drift_band=8
t=1071 iota boundary thin drift_band=8
t=1072 iota boundary thin drift_band=8
t=1073 iota boundary thin drift_band=8
t=1074 iota boundary thin drift_band=8
t=1075 iota boundary thin drift_band=8
t=1076 iota boundary thin drift_band=8
t=1077 iota boundary thin drift_band=8
t=1078 iota boundary thin drift_band=8
t=1079 iota boundary thin drift_band=8
t=1080 iota boundary thin drift_band=8
t=1081 iota boundary thin drift_band=8
t=1082 iota boundary thin drift_band=8
t=1083 iota boundary thin drift_band=8
t=1084 iota boundary thin drift_band=8
t=1085 iota boundary thin drift_band=8
t=1086 iota boundary thin drift_band=8
t=1087 iota boundary thin drift_band=8
t=1088 iota boundary thin drift_band=8
t=1089 iota boundary thin drift_band=8
t=1090 iota boundary thin drift_band=8
t=1091 theta drift high drift_band=7
t=1092 theta drift high drift_band=7
t=1093 theta drift high drift_band=7
t=1094 theta drift high drift_band=7
t=1095 theta drift high drift_band=7
t=1096 theta drift high drift_band=7
t=1097 theta drift high drift_band=7
t=1098 theta drift high drift_band=7
t=1099 theta drift high drift_band=7
t=1100 theta drift high drift_band=7
t=1101 theta drift high drift_band=7
t=1102 theta drift high drift_band=7
t=1103 theta drift high drift_band=7
t=1104 theta drift high drift_band=7
t=1105 theta drift high drift_band=7
t=1106 theta drift high drift_band=7
t=1107 theta drift high drift_band=7
t=1108 theta drift high drift_band=7
t=1109 theta drift high drift_band=7
t=1110 theta drift high drift_band=7
t=1111 theta drift high drift_band=7
t=1112 theta drift high drift_band=7
t=1113 theta drift high drift_band=7
t=1114 theta drift high drift_band=7
t=1115 theta drift high drift_band=7
t=1116 theta drift high drift_band=7
t=1117 theta drift high drift_band=7
t=1118 theta drift high drift_band=7
t=1119 iota boundary thin drift_band=8
t=1120 iota boundary thin drift_band=8
t=1121 iota boundary thin drift_band=8
t=1122 iota boundary thin drift_band=8
t=1123 iota boundary thin drift_band=8
t=1124 iota boundary thin drift_band=8
t=1125 iota boundary thin drift_band=8
t=1126 theta drift high drift_band=7
t=1127 theta drift high drift_band=7
t=1128 theta drift high drift_band=7
t=1129 theta drift high drift_band=7
t=1130 theta drift high drift_band=7
t=1131 theta drift high drift_band=7
t=1132 theta drift high drift_band=7
t=1133 iota boundary thin drift_band=8
t=1134 iota boundary thin drift_band=8
t=1135 iota boundary thin drift_band=8
t=1136 iota boundary thin drift_band=8
t=1137 iota boundary thin drift_band=8
t=1138 iota boundary thin drift_band=8
t=1139 iota boundary thin drift_band=8
t=1140 iota boundary thin drift_band=8
t=1141 iota boundary thin drift_band=8
t=1142 iota boundary thin drift_band=8
t=1143 kappa residue mark drift_band=9
t=1144 kappa residue mark drift_band=9
t=1145 kappa residue mark drift_band=9
t=1146 kappa residue mark drift_band=9
t=1147 kappa residue mark drift_band=9
t=1148 kappa residue mark drift_band=9
t=1149 kappa residue mark drift_band=9
t=1150 kappa residue mark drift_band=9
t=1151 kappa residue mark drift_band=9
t=1152 kappa residue mark drift_band=9
t=1153 kappa residue mark drift_band=9
t=1154 kappa residue mark drift_band=9
t=1155 kappa residue mark drift_band=9
t=1156 kappa residue mark drift_band=9
t=1157 kappa residue mark drift_band=9
t=1158 kappa residue mark drift_band=9
t=1159 kappa residue mark drift_band=9
t=1160 kappa residue mark drift_band=9
t=1161 kappa residue mark drift_band=9
t=1162 kappa residue mark drift_band=9
t=1163 kappa residue mark drift_band=9
t=1164 kappa residue mark drift_band=9
t=1165 kappa residue mark drift_band=9
t=1166 kappa residue mark drift_band=9
t=1167 kappa residue mark drift_band=9
t=1168 kappa residue mark drift_band=9
t=1169 kappa residue mark drift_band=9
t=1170 kappa residue mark drift_band=9
t=1171 kappa residue mark drift_band=9
t=1172 kappa residue mark drift_band=9
t=1173 kappa residue mark drift_band=9
t=1174 kappa residue mark drift_band=9
t=1175 kappa residue mark drift_band=9
t=1176 kappa residue mark drift_band=9
t=1177 kappa residue mark drift_band=9
t=1178 kappa residue mark drift_band=9
t=1179 kappa residue mark drift_band=9
t=1180 kappa residue mark drift_band=9
t=1181 kappa residue mark drift_band=9
t=1182 kappa residue mark drift_band=9
t=1183 kappa residue mark drift_band=9
t=1184 kappa residue mark drift_band=9
t=1185 kappa residue mark drift_band=9
t=1186 kappa residue mark drift_band=9
t=1187 kappa residue mark drift_band=9
t=1188 kappa residue mark drift_band=9
t=1189 kappa residue mark drift_band=9
t=1190 kappa residue mark drift_band=9
t=1191 kappa residue mark drift_band=9
t=1192 kappa residue mark drift_band=9
t=1193 kappa residue mark drift_band=9
t=1194 kappa residue mark drift_band=9
t=1195 kappa residue mark drift_band=9
t=1196 kappa residue mark drift_band=9
t=1197 kappa residue mark drift_band=9
t=1198 kappa residue mark drift_band=9
t=1199 kappa residue mark drift_band=9
t=1200 kappa residue mark drift_band=9
t=1201 kappa residue mark drift_band=9
t=1202 kappa residue mark drift_band=9
t=1203 kappa residue mark drift_band=9
t=1204 kappa residue mark drift_band=9
t=1205 kappa residue mark drift_band=9
t=1206 iota boundary thin drift_band=8
t=1207 iota boundary thin drift_band=8
t=1208 iota boundary thin drift_band=8
t=1209 iota boundary thin drift_band=8
t=1210 iota boundary thin drift_band=8
t=1211 iota boundary thin drift_band=8
t=1212 iota boundary thin drift_band=8
t=1213 iota boundary thin drift_band=8
t=1214 iota boundary thin drift_band=8
t=1215 iota boundary thin drift_band=8
t=1216 iota boundary thin drift_band=8
t=1217 iota boundary thin drift_band=8
t=1218 theta drift high drift_band=7
t=1219 theta drift high drift_band=7
t=1220 theta drift high drift_band=7
t=1221 theta drift high drift_band=7
t=1222 theta drift high drift_band=7
t=1223 theta drift high drift_band=7
t=1224 theta drift high drift_band=7
t=1225 theta drift high drift_band=7
t=1226 theta drift high drift_band=7
t=1227 iota boundary thin drift_band=8
t=1228 iota boundary thin drift_band=8
t=1229 iota boundary thin drift_band=8
t=1230 iota boundary thin drift_band=8
t=1231 iota boundary thin drift_band=8
t=1232 iota boundary thin drift_band=8
t=1233 iota boundary thin drift_band=8
t=1234 iota boundary thin drift_band=8
t=1235 iota boundary thin drift_band=8
t=1236 iota boundary thin drift_band=8
t=1237 iota boundary thin drift_band=8
t=1238 iota boundary thin drift_band=8
t=1239 iota boundary thin drift_band=8
t=1240 iota boundary thin drift_band=8
t=1241 iota boundary thin drift_band=8
t=1242 iota boundary thin drift_band=8
t=1243 iota boundary thin drift_band=8
t=1244 iota boundary thin drift_band=8
t=1245 iota boundary thin drift_band=8
t=1246 iota boundary thin drift_band=8
t=1247 iota boundary thin drift_band=8
t=1248 iota boundary thin drift_band=8
t=1249 iota boundary thin drift_band=8
t=1250 iota boundary thin drift_band=8
t=1251 iota boundary thin drift_band=8
t=1252 iota boundary thin drift_band=8
t=1253 iota boundary thin drift_band=8
t=1254 iota boundary thin drift_band=8
t=1255 kappa residue mark drift_band=9
t=1256 kappa residue mark drift_band=9
t=1257 kappa residue mark drift_band=9
t=1258 kappa residue mark drift_band=9
t=1259 kappa residue mark drift_band=9
t=1260 kappa residue mark drift_band=9
t=1261 kappa residue mark drift_band=9
t=1262 kappa residue mark drift_band=9
t=1263 kappa residue mark drift_band=9
t=1264 kappa residue mark drift_band=9
t=1265 kappa residue mark drift_band=9
t=1266 lambda return path drift_band=10
t=1267 lambda return path drift_band=10
t=1268 lambda return path drift_band=10
t=1269 lambda return path drift_band=10
t=1270 lambda return path drift_band=10
t=1271 lambda return path drift_band=10
t=1272 lambda return path drift_band=10
t=1273 lambda return path drift_band=10
t=1274 lambda return path drift_band=10
t=1275 lambda return path drift_band=10
t=1276 lambda return path drift_band=10
t=1277 lambda return path drift_band=10
t=1278 lambda return path drift_band=10
t=1279 lambda return path drift_band=10
t=1280 lambda return path drift_band=10
t=1281 lambda return path drift_band=10
t=1282 lambda return path drift_band=10
t=1283 lambda return path drift_band=10
t=1284 lambda return path drift_band=10
t=1285 lambda return path drift_band=10
t=1286 lambda return path drift_band=10
t=1287 lambda return path drift_band=10
t=1288 lambda return path drift_band=10
t=1289 lambda return path drift_band=10
t=1290 lambda return path drift_band=10
t=1291 lambda return path drift_band=10
t=1292 lambda return path drift_band=10
t=1293 kappa residue mark drift_band=9
t=1294 kappa residue mark drift_band=9
t=1295 kappa residue mark drift_band=9
t=1296 kappa residue mark drift_band=9
t=1297 kappa residue mark drift_band=9
t=1298 kappa residue mark drift_band=9
t=1299 kappa residue mark drift_band=9
t=1300 kappa residue mark drift_band=9
t=1301 kappa residue mark drift_band=9
t=1302 kappa residue mark drift_band=9
t=1303 kappa residue mark drift_band=9
t=1304 kappa residue mark drift_band=9
t=1305 kappa residue mark drift_band=9
t=1306 kappa residue mark drift_band=9
t=1307 kappa residue mark drift_band=9
t=1308 kappa residue mark drift_band=9
t=1309 kappa residue mark drift_band=9
t=1310 kappa residue mark drift_band=9
t=1311 kappa residue mark drift_band=9
t=1312 kappa residue mark drift_band=9
t=1313 kappa residue mark drift_band=9
t=1314 lambda return path drift_band=10
t=1315 lambda return path drift_band=10
t=1316 lambda return path drift_band=10
t=1317 lambda return path drift_band=10
t=1318 lambda return path drift_band=10
t=1319 lambda return path drift_band=10
t=1320 lambda return path drift_band=10
t=1321 lambda return path drift_band=10
t=1322 lambda return path drift_band=10
t=1323 lambda return path drift_band=10
t=1324 lambda return path drift_band=10
t=1325 lambda return path drift_band=10
t=1326 lambda return path drift_band=10
t=1327 lambda return path drift_band=10
t=1328 lambda return path drift_band=10
t=1329 lambda return path drift_band=10
t=1330 lambda return path drift_band=10
t=1331 lambda return path drift_band=10
t=1332 lambda return path drift_band=10
t=1333 mu local flicker drift_band=11
t=1334 mu local flicker drift_band=11
t=1335 mu local flicker drift_band=11
t=1336 mu local flicker drift_band=11
t=1337 mu local flicker drift_band=11
t=1338 mu local flicker drift_band=11
t=1339 mu local flicker drift_band=11
t=1340 mu local flicker drift_band=11
t=1341 mu local flicker drift_band=11
t=1342 mu local flicker drift_band=11
t=1343 mu local flicker drift_band=11
t=1344 mu local flicker drift_band=11
t=1345 mu local flicker drift_band=11
t=1346 mu local flicker drift_band=11
t=1347 mu local flicker drift_band=11
t=1348 mu local flicker drift_band=11
t=1349 lambda return path drift_band=10
t=1350 lambda return path drift_band=10
t=1351 lambda return path drift_band=10
t=1352 lambda return path drift_band=10
t=1353 lambda return path drift_band=10
t=1354 lambda return path drift_band=10
t=1355 lambda return path drift_band=10
t=1356 lambda return path drift_band=10
t=1357 lambda return path drift_band=10
t=1358 lambda return path drift_band=10
t=1359 lambda return path drift_band=10
t=1360 lambda return path drift_band=10
t=1361 lambda return path drift_band=10
t=1362 lambda return path drift_band=10
t=1363 lambda return path drift_band=10
t=1364 lambda return path drift_band=10
t=1365 lambda return path drift_band=10
t=1366 lambda return path drift_band=10
t=1367 mu local flicker drift_band=11
t=1368 mu local flicker drift_band=11
t=1369 mu local flicker drift_band=11
t=1370 mu local flicker drift_band=11
t=1371 mu local flicker drift_band=11
t=1372 mu local flicker drift_band=11
t=1373 mu local flicker drift_band=11
t=1374 mu local flicker drift_band=11
t=1375 mu local flicker drift_band=11
t=1376 mu local flicker drift_band=11
t=1377 mu local flicker drift_band=11
t=1378 mu local flicker drift_band=11
t=1379 mu local flicker drift_band=11
t=1380 mu local flicker drift_band=11
t=1381 lambda return path drift_band=10
t=1382 lambda return path drift_band=10
t=1383 lambda return path drift_band=10
t=1384 lambda return path drift_band=10
t=1385 lambda return path drift_band=10
t=1386 lambda return path drift_band=10
t=1387 lambda return path drift_band=10
t=1388 lambda return path drift_band=10
t=1389 lambda return path drift_band=10
t=1390 lambda return path drift_band=10
t=1391 lambda return path drift_band=10
t=1392 lambda return path drift_band=10
t=1393 lambda return path drift_band=10
t=1394 lambda return path drift_band=10
t=1395 lambda return path drift_band=10
t=1396 lambda return path drift_band=10
t=1397 lambda return path drift_band=10
t=1398 lambda return path drift_band=10
t=1399 lambda return path drift_band=10
t=1400 lambda return path drift_band=10
t=1401 lambda return path drift_band=10
t=1402 lambda return path drift_band=10
t=1403 lambda return path drift_band=10
t=1404 lambda return path drift_band=10
t=1405 lambda return path drift_band=10
t=1406 lambda return path drift_band=10
t=1407 lambda return path drift_band=10
t=1408 lambda return path drift_band=10
t=1409 lambda return path drift_band=10
t=1410 lambda return path drift_band=10
t=1411 lambda return path drift_band=10
t=1412 lambda return path drift_band=10
t=1413 lambda return path drift_band=10
t=1414 lambda return path drift_band=10
t=1415 lambda return path drift_band=10
t=1416 lambda return path drift_band=10
t=1417 lambda return path drift_band=10
t=1418 lambda return path drift_band=10
t=1419 lambda return path drift_band=10
t=1420 lambda return path drift_band=10
t=1421 lambda return path drift_band=10
t=1422 lambda return path drift_band=10
t=1423 lambda return path drift_band=10
t=1424 lambda return path drift_band=10
t=1425 lambda return path drift_band=10
t=1426 lambda return path drift_band=10
t=1427 lambda return path drift_band=10
t=1428 lambda return path drift_band=10
t=1429 lambda return path drift_band=10
t=1430 lambda return path drift_band=10
t=1431 lambda return path drift_band=10
t=1432 lambda return path drift_band=10
t=1433 lambda return path drift_band=10
t=1434 lambda return path drift_band=10
t=1435 lambda return path drift_band=10
t=1436 lambda return path drift_band=10
t=1437 lambda return path drift_band=10
t=1438 lambda return path drift_band=10
t=1439 lambda return path drift_band=10
t=1440 lambda return path drift_band=10
t=1441 lambda return path drift_band=10
t=1442 lambda return path drift_band=10
t=1443 lambda return path drift_band=10
t=1444 lambda return path drift_band=10
t=1445 lambda return path drift_band=10
t=1446 lambda return path drift_band=10
t=1447 lambda return path drift_band=10
t=1448 lambda return path drift_band=10
t=1449 lambda return path drift_band=10
t=1450 lambda return path drift_band=10
t=1451 lambda return path drift_band=10
t=1452 lambda return path drift_band=10
t=1453 lambda return path drift_band=10
t=1454 lambda return path drift_band=10
t=1455 lambda return path drift_band=10
t=1456 lambda return path drift_band=10
t=1457 lambda return path drift_band=10
t=1458 lambda return path drift_band=10
t=1459 lambda return path drift_band=10
t=1460 lambda return path drift_band=10
t=1461 lambda return path drift_band=10
t=1462 lambda return path drift_band=10
t=1463 lambda return path drift_band=10
t=1464 lambda return path drift_band=10
t=1465 lambda return path drift_band=10
t=1466 lambda return path drift_band=10
t=1467 lambda return path drift_band=10
t=1468 lambda return path drift_band=10
t=1469 lambda return path drift_band=10
t=1470 lambda return path drift_band=10
t=1471 lambda return path drift_band=10
t=1472 lambda return path drift_band=10
t=1473 lambda return path drift_band=10
t=1474 lambda return path drift_band=10
t=1475 lambda return path drift_band=10
t=1476 lambda return path drift_band=10
t=1477 lambda return path drift_band=10
t=1478 lambda return path drift_band=10
t=1479 lambda return path drift_band=10
t=1480 lambda return path drift_band=10
t=1481 lambda return path drift_band=10
t=1482 lambda return path drift_band=10
t=1483 lambda return path drift_band=10
t=1484 lambda return path drift_band=10
t=1485 lambda return path drift_band=10
t=1486 lambda return path drift_band=10
t=1487 lambda return path drift_band=10
t=1488 lambda return path drift_band=10
t=1489 lambda return path drift_band=10
t=1490 lambda return path drift_band=10
t=1491 lambda return path drift_band=10
t=1492 lambda return path drift_band=10
t=1493 lambda return path drift_band=10
t=1494 lambda return path drift_band=10
t=1495 lambda return path drift_band=10
t=1496 lambda return path drift_band=10
t=1497 lambda return path drift_band=10
t=1498 lambda return path drift_band=10
t=1499 lambda return path drift_band=10
t=1500 lambda return path drift_band=10
t=1501 lambda return path drift_band=10
t=1502 lambda return path drift_band=10
t=1503 kappa residue mark drift_band=9
t=1504 kappa residue mark drift_band=9
t=1505 kappa residue mark drift_band=9
t=1506 kappa residue mark drift_band=9
t=1507 kappa residue mark drift_band=9
t=1508 iota boundary thin drift_band=8
t=1509 iota boundary thin drift_band=8
t=1510 iota boundary thin drift_band=8
t=1511 iota boundary thin drift_band=8
t=1512 iota boundary thin drift_band=8
t=1513 iota boundary thin drift_band=8
t=1514 iota boundary thin drift_band=8
t=1515 iota boundary thin drift_band=8
t=1516 iota boundary thin drift_band=8
t=1517 iota boundary thin drift_band=8
t=1518 iota boundary thin drift_band=8
t=1519 iota boundary thin drift_band=8
t=1520 iota boundary thin drift_band=8
t=1521 iota boundary thin drift_band=8
t=1522 iota boundary thin drift_band=8
t=1523 iota boundary thin drift_band=8
t=1524 iota boundary thin drift_band=8
t=1525 iota boundary thin drift_band=8
t=1526 iota boundary thin drift_band=8
t=1527 iota boundary thin drift_band=8
t=1528 iota boundary thin drift_band=8
t=1529 iota boundary thin drift_band=8
t=1530 iota boundary thin drift_band=8
t=1531 iota boundary thin drift_band=8
t=1532 iota boundary thin drift_band=8
t=1533 iota boundary thin drift_band=8
t=1534 iota boundary thin drift_band=8
t=1535 iota boundary thin drift_band=8
t=1536 iota boundary thin drift_band=8
t=1537 iota boundary thin drift_band=8
t=1538 theta drift high drift_band=7
t=1539 theta drift high drift_band=7
t=1540 theta drift high drift_band=7
t=1541 theta drift high drift_band=7
t=1542 theta drift high drift_band=7
t=1543 theta drift high drift_band=7
t=1544 theta drift high drift_band=7
t=1545 theta drift high drift_band=7
t=1546 theta drift high drift_band=7
t=1547 theta drift high drift_band=7
t=1548 theta drift high drift_band=7
t=1549 theta drift high drift_band=7
t=1550 theta drift high drift_band=7
t=1551 theta drift high drift_band=7
t=1552 theta drift high drift_band=7
t=1553 theta drift high drift_band=7
t=1554 theta drift high drift_band=7
t=1555 theta drift high drift_band=7
t=1556 theta drift high drift_band=7
t=1557 theta drift high drift_band=7
t=1558 theta drift high drift_band=7
t=1559 theta drift high drift_band=7
t=1560 theta drift high drift_band=7
t=1561 theta drift high drift_band=7
t=1562 theta drift high drift_band=7
t=1563 theta drift high drift_band=7
t=1564 theta drift high drift_band=7
t=1565 iota boundary thin drift_band=8
t=1566 iota boundary thin drift_band=8
t=1567 iota boundary thin drift_band=8
t=1568 iota boundary thin drift_band=8
t=1569 kappa residue mark drift_band=9
t=1570 kappa residue mark drift_band=9
t=1571 kappa residue mark drift_band=9
t=1572 lambda return path drift_band=10
t=1573 lambda return path drift_band=10
t=1574 lambda return path drift_band=10
t=1575 lambda return path drift_band=10
t=1576 lambda return path drift_band=10
t=1577 lambda return path drift_band=10
t=1578 lambda return path drift_band=10
t=1579 lambda return path drift_band=10
t=1580 lambda return path drift_band=10
t=1581 lambda return path drift_band=10
t=1582 lambda return path drift_band=10
t=1583 lambda return path drift_band=10
t=1584 kappa residue mark drift_band=9
t=1585 kappa residue mark drift_band=9
t=1586 kappa residue mark drift_band=9
t=1587 kappa residue mark drift_band=9
t=1588 kappa residue mark drift_band=9
t=1589 kappa residue mark drift_band=9
t=1590 kappa residue mark drift_band=9
t=1591 kappa residue mark drift_band=9
t=1592 kappa residue mark drift_band=9
t=1593 kappa residue mark drift_band=9
t=1594 kappa residue mark drift_band=9
t=1595 kappa residue mark drift_band=9
t=1596 kappa residue mark drift_band=9
t=1597 kappa residue mark drift_band=9
t=1598 kappa residue mark drift_band=9
t=1599 kappa residue mark drift_band=9
t=1600 kappa residue mark drift_band=9
t=1601 kappa residue mark drift_band=9
t=1602 iota boundary thin drift_band=8
t=1603 iota boundary thin drift_band=8
t=1604 theta drift high drift_band=7
t=1605 theta drift high drift_band=7
t=1606 theta drift high drift_band=7
t=1607 theta drift high drift_band=7
t=1608 theta drift high drift_band=7
t=1609 theta drift high drift_band=7
t=1610 theta drift high drift_band=7
t=1611 theta drift high drift_band=7
t=1612 theta drift high drift_band=7
t=1613 theta drift high drift_band=7
t=1614 iota boundary thin drift_band=8
t=1615 iota boundary thin drift_band=8
t=1616 iota boundary thin drift_band=8
t=1617 iota boundary thin drift_band=8
t=1618 iota boundary thin drift_band=8
t=1619 iota boundary thin drift_band=8
t=1620 iota boundary thin drift_band=8
t=1621 iota boundary thin drift_band=8
t=1622 iota boundary thin drift_band=8
t=1623 iota boundary thin drift_band=8
t=1624 iota boundary thin drift_band=8
t=1625 iota boundary thin drift_band=8
t=1626 iota boundary thin drift_band=8
t=1627 iota boundary thin drift_band=8
t=1628 iota boundary thin drift_band=8
t=1629 iota boundary thin drift_band=8
t=1630 iota boundary thin drift_band=8
t=1631 iota boundary thin drift_band=8
t=1632 iota boundary thin drift_band=8
t=1633 iota boundary thin drift_band=8
t=1634 iota boundary thin drift_band=8
t=1635 iota boundary thin drift_band=8
t=1636 iota boundary thin drift_band=8
t=1637 iota boundary thin drift_band=8
t=1638 iota boundary thin drift_band=8
t=1639 iota boundary thin drift_band=8
t=1640 iota boundary thin drift_band=8
t=1641 iota boundary thin drift_band=8
t=1642 iota boundary thin drift_band=8
t=1643 iota boundary thin drift_band=8
t=1644 iota boundary thin drift_band=8
t=1645 iota boundary thin drift_band=8
t=1646 theta drift high drift_band=7
t=1647 theta drift high drift_band=7
t=1648 theta drift high drift_band=7
t=1649 theta drift high drift_band=7
t=1650 theta drift high drift_band=7
t=1651 theta drift high drift_band=7
t=1652 theta drift high drift_band=7
t=1653 theta drift high drift_band=7
t=1654 theta drift high drift_band=7
t=1655 theta drift high drift_band=7
t=1656 theta drift high drift_band=7
t=1657 theta drift high drift_band=7
t=1658 theta drift high drift_band=7
t=1659 theta drift high drift_band=7
t=1660 theta drift high drift_band=7
t=1661 eta drift low drift_band=6
t=1662 eta drift low drift_band=6
t=1663 eta drift low drift_band=6
t=1664 eta drift low drift_band=6
t=1665 eta drift low drift_band=6
t=1666 eta drift low drift_band=6
t=1667 eta drift low drift_band=6
t=1668 eta drift low drift_band=6
t=1669 eta drift low drift_band=6
t=1670 eta drift low drift_band=6
t=1671 eta drift low drift_band=6
t=1672 eta drift low drift_band=6
t=1673 eta drift low drift_band=6
t=1674 eta drift low drift_band=6
t=1675 eta drift low drift_band=6
t=1676 eta drift low drift_band=6
t=1677 eta drift low drift_band=6
t=1678 eta drift low drift_band=6
t=1679 eta drift low drift_band=6
t=1680 eta drift low drift_band=6
t=1681 eta drift low drift_band=6
t=1682 eta drift low drift_band=6
t=1683 eta drift low drift_band=6
t=1684 eta drift low drift_band=6
t=1685 eta drift low drift_band=6
t=1686 eta drift low drift_band=6
t=1687 eta drift low drift_band=6
t=1688 eta drift low drift_band=6
t=1689 eta drift low drift_band=6
t=1690 eta drift low drift_band=6
t=1691 eta drift low drift_band=6
t=1692 eta drift low drift_band=6
t=1693 eta drift low drift_band=6
t=1694 eta drift low drift_band=6
t=1695 eta drift low drift_band=6
t=1696 eta drift low drift_band=6
t=1697 theta drift high drift_band=7
t=1698 theta drift high drift_band=7
t=1699 theta drift high drift_band=7
t=1700 theta drift high drift_band=7
t=1701 theta drift high drift_band=7
t=1702 theta drift high drift_band=7
t=1703 theta drift high drift_band=7
t=1704 theta drift high drift_band=7
t=1705 theta drift high drift_band=7
t=1706 theta drift high drift_band=7
t=1707 eta drift low drift_band=6
t=1708 eta drift low drift_band=6
t=1709 eta drift low drift_band=6
t=1710 eta drift low drift_band=6
t=1711 eta drift low drift_band=6
t=1712 eta drift low drift_band=6
t=1713 eta drift low drift_band=6
t=1714 eta drift low drift_band=6
t=1715 eta drift low drift_band=6
t=1716 eta drift low drift_band=6
t=1717 eta drift low drift_band=6
t=1718 eta drift low drift_band=6
t=1719 eta drift low drift_band=6
t=1720 eta drift low drift_band=6
t=1721 eta drift low drift_band=6
t=1722 eta drift low drift_band=6
t=1723 eta drift low drift_band=6
t=1724 eta drift low drift_band=6
t=1725 eta drift low drift_band=6
t=1726 eta drift low drift_band=6
t=1727 eta drift low drift_band=6
t=1728 eta drift low drift_band=6
t=1729 eta drift low drift_band=6
t=1730 eta drift low drift_band=6
t=1731 eta drift low drift_band=6
t=1732 eta drift low drift_band=6
t=1733 eta drift low drift_band=6
t=1734 eta drift low drift_band=6
t=1735 eta drift low drift_band=6
t=1736 eta drift low drift_band=6
t=1737 eta drift low drift_band=6
t=1738 eta drift low drift_band=6
t=1739 eta drift low drift_band=6
t=1740 eta drift low drift_band=6
t=1741 eta drift low drift_band=6
t=1742 eta drift low drift_band=6
t=1743 eta drift low drift_band=6
t=1744 eta drift low drift_band=6
t=1745 eta drift low drift_band=6
t=1746 eta drift low drift_band=6
t=1747 eta drift low drift_band=6
t=1748 eta drift low drift_band=6
t=1749 zeta pulse fall drift_band=5
t=1750 zeta pulse fall drift_band=5
t=1751 zeta pulse fall drift_band=5
t=1752 zeta pulse fall drift_band=5
t=1753 zeta pulse fall drift_band=5
t=1754 zeta pulse fall drift_band=5
t=1755 zeta pulse fall drift_band=5
t=1756 zeta pulse fall drift_band=5
t=1757 zeta pulse fall drift_band=5
t=1758 epsilon pulse rise drift_band=4
t=1759 epsilon pulse rise drift_band=4
t=1760 epsilon pulse rise drift_band=4
t=1761 epsilon pulse rise drift_band=4
t=1762 epsilon pulse rise drift_band=4
t=1763 epsilon pulse rise drift_band=4
t=1764 epsilon pulse rise drift_band=4
t=1765 epsilon pulse rise drift_band=4
t=1766 epsilon pulse rise drift_band=4
t=1767 delta carrier stable drift_band=3
t=1768 delta carrier stable drift_band=3
t=1769 delta carrier stable drift_band=3
t=1770 delta carrier stable drift_band=3
t=1771 delta carrier stable drift_band=3
t=1772 delta carrier stable drift_band=3
t=1773 delta carrier stable drift_band=3
t=1774 delta carrier stable drift_band=3
t=1775 delta carrier stable drift_band=3
t=1776 delta carrier stable drift_band=3
t=1777 delta carrier stable drift_band=3
t=1778 delta carrier stable drift_band=3
t=1779 delta carrier stable drift_band=3
t=1780 delta carrier stable drift_band=3
t=1781 delta carrier stable drift_band=3
t=1782 delta carrier stable drift_band=3
t=1783 delta carrier stable drift_band=3
t=1784 delta carrier stable drift_band=3
t=1785 delta carrier stable drift_band=3
t=1786 delta carrier stable drift_band=3
t=1787 delta carrier stable drift_band=3
t=1788 gamma seam shift drift_band=2
t=1789 beta gate hold drift_band=1
t=1790 beta gate hold drift_band=1
t=1791 beta gate hold drift_band=1
t=1792 beta gate hold drift_band=1
t=1793 beta gate hold drift_band=1
t=1794 beta gate hold drift_band=1
t=1795 beta gate hold drift_band=1
t=1796 beta gate hold drift_band=1
t=1797 beta gate hold drift_band=1
t=1798 beta gate hold drift_band=1
t=1799 beta gate hold drift_band=1
t=1800 beta gate hold drift_band=1
t=1801 beta gate hold drift_band=1
t=1802 beta gate hold drift_band=1
t=1803 beta gate hold drift_band=1
t=1804 beta gate hold drift_band=1
t=1805 beta gate hold drift_band=1
t=1806 beta gate hold drift_band=1
t=1807 alpha gate open drift_band=0
t=1808 alpha gate open drift_band=0
t=1809 alpha gate open drift_band=0
t=1810 alpha gate open drift_band=0
t=1811 alpha gate open drift_band=0
t=1812 alpha gate open drift_band=0
t=1813 alpha gate open drift_band=0
t=1814 alpha gate open drift_band=0
t=1815 alpha gate open drift_band=0
t=1816 alpha gate open drift_band=0
t=1817 alpha gate open drift_band=0
t=1818 beta gate hold drift_band=1
t=1819 beta gate hold drift_band=1
t=1820 beta gate hold drift_band=1
t=1821 beta gate hold drift_band=1
t=1822 beta gate hold drift_band=1
t=1823 beta gate hold drift_band=1
t=1824 beta gate hold drift_band=1
t=1825 gamma seam shift drift_band=2
t=1826 gamma seam shift drift_band=2
t=1827 gamma seam shift drift_band=2
t=1828 gamma seam shift drift_band=2
t=1829 gamma seam shift drift_band=2
t=1830 gamma seam shift drift_band=2
t=1831 gamma seam shift drift_band=2
t=1832 gamma seam shift drift_band=2
t=1833 gamma seam shift drift_band=2
t=1834 gamma seam shift drift_band=2
t=1835 gamma seam shift drift_band=2
t=1836 gamma seam shift drift_band=2
t=1837 gamma seam shift drift_band=2
t=1838 gamma seam shift drift_band=2
t=1839 gamma seam shift drift_band=2
t=1840 gamma seam shift drift_band=2
t=1841 gamma seam shift drift_band=2
t=1842 gamma seam shift drift_band=2
t=1843 gamma seam shift drift_band=2
t=1844 gamma seam shift drift_band=2
t=1845 gamma seam shift drift_band=2
t=1846 gamma seam shift drift_band=2
t=1847 gamma seam shift drift_band=2
t=1848 gamma seam shift drift_band=2
t=1849 gamma seam shift drift_band=2
t=1850 gamma seam shift drift_band=2
t=1851 delta carrier stable drift_band=3
t=1852 delta carrier stable drift_band=3
t=1853 delta carrier stable drift_band=3
t=1854 delta carrier stable drift_band=3
t=1855 delta carrier stable drift_band=3
t=1856 delta carrier stable drift_band=3
t=1857 delta carrier stable drift_band=3
t=1858 delta carrier stable drift_band=3
t=1859 delta carrier stable drift_band=3
t=1860 delta carrier stable drift_band=3
t=1861 delta carrier stable drift_band=3
t=1862 delta carrier stable drift_band=3
t=1863 delta carrier stable drift_band=3
t=1864 delta carrier stable drift_band=3
t=1865 delta carrier stable drift_band=3
t=1866 delta carrier stable drift_band=3
t=1867 delta carrier stable drift_band=3
t=1868 delta carrier stable drift_band=3
t=1869 delta carrier stable drift_band=3
t=1870 delta carrier stable drift_band=3
t=1871 delta carrier stable drift_band=3
t=1872 delta carrier stable drift_band=3
t=1873 delta carrier stable drift_band=3
t=1874 delta carrier stable drift_band=3
t=1875 delta carrier stable drift_band=3
t=1876 delta carrier stable drift_band=3
t=1877 delta carrier stable drift_band=3
t=1878 delta carrier stable drift_band=3
t=1879 delta carrier stable drift_band=3
t=1880 delta carrier stable drift_band=3
t=1881 delta carrier stable drift_band=3
t=1882 delta carrier stable drift_band=3
t=1883 delta carrier stable drift_band=3
t=1884 delta carrier stable drift_band=3
t=1885 delta carrier stable drift_band=3
t=1886 delta carrier stable drift_band=3
t=1887 delta carrier stable drift_band=3
t=1888 delta carrier stable drift_band=3
t=1889 delta carrier stable drift_band=3
t=1890 delta carrier stable drift_band=3
t=1891 delta carrier stable drift_band=3
t=1892 delta carrier stable drift_band=3
t=1893 delta carrier stable drift_band=3
t=1894 delta carrier stable drift_band=3
t=1895 delta carrier stable drift_band=3
t=1896 delta carrier stable drift_band=3
t=1897 delta carrier stable drift_band=3
t=1898 delta carrier stable drift_band=3
t=1899 delta carrier stable drift_band=3
t=1900 delta carrier stable drift_band=3
t=1901 epsilon pulse rise drift_band=4
t=1902 epsilon pulse rise drift_band=4
t=1903 epsilon pulse rise drift_band=4
t=1904 epsilon pulse rise drift_band=4
t=1905 epsilon pulse rise drift_band=4
t=1906 epsilon pulse rise drift_band=4
t=1907 epsilon pulse rise drift_band=4
t=1908 epsilon pulse rise drift_band=4
t=1909 epsilon pulse rise drift_band=4
t=1910 epsilon pulse rise drift_band=4
t=1911 epsilon pulse rise drift_band=4
t=1912 epsilon pulse rise drift_band=4
t=1913 epsilon pulse rise drift_band=4
t=1914 epsilon pulse rise drift_band=4
t=1915 epsilon pulse rise drift_band=4
t=1916 epsilon pulse rise drift_band=4
t=1917 epsilon pulse rise drift_band=4
t=1918 epsilon pulse rise drift_band=4
t=1919 epsilon pulse rise drift_band=4
t=1920 epsilon pulse rise drift_band=4
t=1921 epsilon pulse rise drift_band=4
t=1922 epsilon pulse rise drift_band=4
t=1923 epsilon pulse rise drift_band=4
t=1924 epsilon pulse rise drift_band=4
t=1925 epsilon pulse rise drift_band=4
t=1926 epsilon pulse rise drift_band=4
t=1927 epsilon pulse rise drift_band=4
t=1928 epsilon pulse rise drift_band=4
t=1929 epsilon pulse rise drift_band=4
t=1930 epsilon pulse rise drift_band=4
t=1931 epsilon pulse rise drift_band=4
t=1932 delta carrier stable drift_band=3
t=1933 delta carrier stable drift_band=3
t=1934 delta carrier stable drift_band=3
t=1935 gamma seam shift drift_band=2
t=1936 gamma seam shift drift_band=2
t=1937 gamma seam shift drift_band=2
t=1938 gamma seam shift drift_band=2
t=1939 gamma seam shift drift_band=2
t=1940 gamma seam shift drift_band=2
t=1941 delta carrier stable drift_band=3
t=1942 delta carrier stable drift_band=3
t=1943 delta carrier stable drift_band=3
t=1944 delta carrier stable drift_band=3
t=1945 delta carrier stable drift_band=3
t=1946 delta carrier stable drift_band=3
t=1947 delta carrier stable drift_band=3
t=1948 delta carrier stable drift_band=3
t=1949 delta carrier stable drift_band=3
t=1950 delta carrier stable drift_band=3
t=1951 delta carrier stable drift_band=3
t=1952 delta carrier stable drift_band=3
t=1953 delta carrier stable drift_band=3
t=1954 delta carrier stable drift_band=3
t=1955 delta carrier stable drift_band=3
t=1956 delta carrier stable drift_band=3
t=1957 delta carrier stable drift_band=3
t=1958 delta carrier stable drift_band=3
t=1959 delta carrier stable drift_band=3
t=1960 delta carrier stable drift_band=3
t=1961 delta carrier stable drift_band=3
t=1962 delta carrier stable drift_band=3
t=1963 delta carrier stable drift_band=3
t=1964 delta carrier stable drift_band=3
t=1965 delta carrier stable drift_band=3
t=1966 gamma seam shift drift_band=2
t=1967 gamma seam shift drift_band=2
t=1968 gamma seam shift drift_band=2
t=1969 gamma seam shift drift_band=2
t=1970 gamma seam shift drift_band=2
t=1971 gamma seam shift drift_band=2
t=1972 gamma seam shift drift_band=2
t=1973 gamma seam shift drift_band=2
t=1974 gamma seam shift drift_band=2
t=1975 gamma seam shift drift_band=2
t=1976 gamma seam shift drift_band=2
t=1977 gamma seam shift drift_band=2
t=1978 gamma seam shift drift_band=2
t=1979 gamma seam shift drift_band=2
t=1980 gamma seam shift drift_band=2
t=1981 gamma seam shift drift_band=2
t=1982 gamma seam shift drift_band=2
t=1983 gamma seam shift drift_band=2
t=1984 gamma seam shift drift_band=2
t=1985 gamma seam shift drift_band=2
t=1986 gamma seam shift drift_band=2
t=1987 gamma seam shift drift_band=2
t=1988 delta carrier stable drift_band=3
t=1989 delta carrier stable drift_band=3
t=1990 delta carrier stable drift_band=3
t=1991 delta carrier stable drift_band=3
t=1992 delta carrier stable drift_band=3
t=1993 delta carrier stable drift_band=3
t=1994 delta carrier stable drift_band=3
t=1995 delta carrier stable drift_band=3
t=1996 delta carrier stable drift_band=3
t=1997 delta carrier stable drift_band=3
t=1998 delta carrier stable drift_band=3
t=1999 delta carrier stable drift_band=3
t=2000 delta carrier stable drift_band=3
