t=0001 alpha gate open token=481
t=0002 beta gate hold token=783
t=0003 eta drift low token=145
t=0004 lambda return path token=45
t=0005 gamma seam shift token=974
t=0006 beta gate hold token=549
t=0007 delta carrier stable token=729
t=0008 gamma seam shift token=151
t=0009 mu local flicker token=34
t=0010 lambda return path token=63
t=0011 gamma seam shift token=237
t=0012 iota boundary thin token=750
t=0013 theta drift high token=539
t=0014 eta drift low token=210
t=0015 kappa residue mark token=96
t=0016 beta gate hold token=21
t=0017 eta drift low token=350
t=0018 delta carrier stable token=211
t=0019 zeta pulse fall token=402
t=0020 zeta pulse fall token=612
t=0021 delta carrier stable token=216
t=0022 mu local flicker token=223
t=0023 eta drift low token=599
t=0024 lambda return path token=561
t=0025 alpha gate open token=977
t=0026 alpha gate open token=859
t=0027 gamma seam shift token=365
t=0028 gamma seam shift token=209
t=0029 gamma seam shift token=857
t=0030 eta drift low token=32
t=0031 beta gate hold token=753
t=0032 iota boundary thin token=890
t=0033 theta drift high token=667
t=0034 delta carrier stable token=213
t=0035 eta drift low token=748
t=0036 zeta pulse fall token=199
t=0037 zeta pulse fall token=657
t=0038 delta carrier stable token=494
t=0039 alpha gate open token=270
t=0040 zeta pulse fall token=301
t=0041 zeta pulse fall token=586
t=0042 eta drift low token=494
t=0043 lambda return path token=667
t=0044 zeta pulse fall token=985
t=0045 delta carrier stable token=768
t=0046 beta gate hold token=809
t=0047 epsilon pulse rise token=918
t=0048 gamma seam shift token=574
t=0049 kappa residue mark token=959
t=0050 iota boundary thin token=859
t=0051 lambda return path token=303
t=0052 beta gate hold token=178
t=0053 delta carrier stable token=30
t=0054 kappa residue mark token=384
t=0055 mu local flicker token=980
t=0056 beta gate hold token=686
t=0057 eta drift low token=292
t=0058 epsilon pulse rise token=665
t=0059 delta carrier stable token=117
t=0060 theta drift high token=208
t=0061 zeta pulse fall token=456
t=0062 eta drift low token=808
t=0063 alpha gate open token=576
t=0064 mu local flicker token=121
t=0065 epsilon pulse rise token=102
t=0066 lambda return path token=123
t=0067 delta carrier stable token=206
t=0068 zeta pulse fall token=167
t=0069 mu local flicker token=875
t=0070 gamma seam shift token=488
t=0071 alpha gate open token=511
t=0072 kappa residue mark token=808
t=0073 iota boundary thin token=285
t=0074 zeta pulse fall token=628
t=0075 theta drift high token=652
t=0076 kappa residue mark token=39
t=0077 beta gate hold token=498
t=0078 gamma seam shift token=817
t=0079 mu local flicker token=621
t=0080 mu local flicker token=510
t=0081 alpha gate open token=261
t=0082 theta drift high token=784
t=0083 theta drift high token=358
t=0084 delta carrier stable token=12
t=0085 beta gate hold token=385
t=0086 kappa residue mark token=290
t=0087 theta drift high token=181
t=0088 alpha gate open token=136
t=0089 beta gate hold token=581
t=0090 kappa residue mark token=52
t=0091 kappa residue mark token=909
t=0092 delta carrier stable token=808
t=0093 delta carrier stable token=970
t=0094 epsilon pulse rise token=706
t=0095 gamma seam shift token=568
t=0096 theta drift high token=572
t=0097 mu local flicker token=526
t=0098 iota boundary thin token=727
t=0099 iota boundary thin token=412
t=0100 delta carrier stable token=537
t=0101 delta carrier stable token=735
t=0102 kappa residue mark token=473
t=0103 epsilon pulse rise token=735
t=0104 theta drift high token=334
t=0105 gamma seam shift token=381
t=0106 beta gate hold token=536
t=0107 zeta pulse fall token=763
t=0108 delta carrier stable token=966
t=0109 epsilon pulse rise token=707
t=0110 eta drift low token=594
t=0111 gamma seam shift token=44
t=0112 lambda return path token=122
t=0113 mu local flicker token=436
t=0114 delta carrier stable token=145
t=0115 delta carrier stable token=390
t=0116 epsilon pulse rise token=210
t=0117 eta drift low token=912
t=0118 mu local flicker token=315
t=0119 iota boundary thin token=602
t=0120 delta carrier stable token=942
t=0121 epsilon pulse rise token=753
t=0122 alpha gate open token=34
t=0123 theta drift high token=630
t=0124 epsilon pulse rise token=266
t=0125 iota boundary thin token=208
t=0126 eta drift low token=834
t=0127 mu local flicker token=373
t=0128 delta carrier stable token=411
t=0129 alpha gate open token=838
t=0130 theta drift high token=394
t=0131 mu local flicker token=204
t=0132 delta carrier stable token=220
t=0133 zeta pulse fall token=354
t=0134 epsilon pulse rise token=715
t=0135 zeta pulse fall token=116
t=0136 delta carrier stable token=68
t=0137 delta carrier stable token=907
t=0138 kappa residue mark token=711
t=0139 theta drift high token=910
t=0140 theta drift high token=463
t=0141 lambda return path token=285
t=0142 lambda return path token=186
t=0143 eta drift low token=35
t=0144 beta gate hold token=495
t=0145 gamma seam shift token=305
t=0146 theta drift high token=852
t=0147 alpha gate open token=1
t=0148 epsilon pulse rise token=389
t=0149 epsilon pulse rise token=776
t=0150 epsilon pulse rise token=308
t=0151 delta carrier stable token=594
t=0152 epsilon pulse rise token=414
t=0153 delta carrier stable token=245
t=0154 kappa residue mark token=146
t=0155 lambda return path token=554
t=0156 zeta pulse fall token=871
t=0157 beta gate hold token=687
t=0158 kappa residue mark token=725
t=0159 delta carrier stable token=22
t=0160 zeta pulse fall token=929
t=0161 iota boundary thin token=505
t=0162 epsilon pulse rise token=690
t=0163 theta drift high token=532
t=0164 epsilon pulse rise token=317
t=0165 eta drift low token=408
t=0166 lambda return path token=219
t=0167 iota boundary thin token=908
t=0168 delta carrier stable token=786
t=0169 eta drift low token=50
t=0170 kappa residue mark token=249
t=0171 mu local flicker token=246
t=0172 alpha gate open token=869
t=0173 eta drift low token=701
t=0174 zeta pulse fall token=280
t=0175 beta gate hold token=816
t=0176 iota boundary thin token=64
t=0177 zeta pulse fall token=255
t=0178 mu local flicker token=504
t=0179 eta drift low token=145
t=0180 alpha gate open token=317
t=0181 zeta pulse fall token=818
t=0182 alpha gate open token=957
t=0183 eta drift low token=231
t=0184 iota boundary thin token=883
t=0185 theta drift high token=560
t=0186 gamma seam shift token=79
t=0187 alpha gate open token=506
t=0188 theta drift high token=451
t=0189 epsilon pulse rise token=492
t=0190 theta drift high token=684
t=0191 lambda return path token=4
t=0192 lambda return path token=847
t=0193 mu local flicker token=666
t=0194 zeta pulse fall token=241
t=0195 gamma seam shift token=92
t=0196 theta drift high token=880
t=0197 zeta pulse fall token=59
t=0198 kappa residue mark token=402
t=0199 zeta pulse fall token=634
t=0200 eta drift low token=208
t=0201 eta drift low token=225
t=0202 alpha gate open token=701
t=0203 theta drift high token=40
t=0204 mu local flicker token=423
t=0205 theta drift high token=770
t=0206 eta drift low token=140
t=0207 mu local flicker token=806
t=0208 mu local flicker token=529
t=0209 zeta pulse fall token=439
t=0210 delta carrier stable token=570
t=0211 epsilon pulse rise token=804
t=0212 beta gate hold token=465
t=0213 alpha gate open token=141
t=0214 kappa residue mark token=315
t=0215 mu local flicker token=892
t=0216 delta carrier stable token=129
t=0217 lambda return path token=391
t=0218 theta drift high token=235
t=0219 epsilon pulse rise token=350
t=0220 zeta pulse fall token=983
t=0221 eta drift low token=794
t=0222 zeta pulse fall token=855
t=0223 epsilon pulse rise token=613
t=0224 theta drift high token=841
t=0225 lambda return path token=431
t=0226 zeta pulse fall token=71
t=0227 gamma seam shift token=668
t=0228 delta carrier stable token=919
t=0229 epsilon pulse rise token=833
t=0230 gamma seam shift token=120
t=0231 beta gate hold token=726
t=0232 epsilon pulse rise token=273
t=0233 lambda return path token=799
t=0234 theta drift high token=443
t=0235 delta carrier stable token=81
t=0236 iota boundary thin token=97
t=0237 zeta pulse fall token=820
t=0238 iota boundary thin token=892
t=0239 theta drift high token=489
t=0240 zeta pulse fall token=147
t=0241 mu local flicker token=447
t=0242 theta drift high token=160
t=0243 alpha gate open token=262
t=0244 kappa residue mark token=330
t=0245 zeta pulse fall token=873
t=0246 epsilon pulse rise token=563
t=0247 alpha gate open token=793
t=0248 zeta pulse fall token=124
t=0249 mu local flicker token=725
t=0250 kappa residue mark token=838
t=0251 mu local flicker token=906
t=0252 delta carrier stable token=565
t=0253 iota boundary thin token=607
t=0254 kappa residue mark token=786
t=0255 gamma seam shift token=271
t=0256 gamma seam shift token=558
t=0257 epsilon pulse rise token=806
t=0258 eta drift low token=609
t=0259 theta drift high token=556
t=0260 zeta pulse fall token=877
t=0261 kappa residue mark token=999
t=0262 lambda return path token=266
t=0263 mu local flicker token=77
t=0264 lambda return path token=629
t=0265 gamma seam shift token=153
t=0266 mu local flicker token=993
t=0267 gamma seam shift token=486
t=0268 iota boundary thin token=739
t=0269 mu local flicker token=891
t=0270 mu local flicker token=146
t=0271 eta drift low token=465
t=0272 gamma seam shift token=177
t=0273 theta drift high token=525
t=0274 gamma seam shift token=699
t=0275 kappa residue mark token=365
t=0276 eta drift low token=500
t=0277 delta carrier stable token=844
t=0278 theta drift high token=345
t=0279 alpha gate open token=512
t=0280 zeta pulse fall token=680
t=0281 delta carrier stable token=738
t=0282 gamma seam shift token=495
t=0283 epsilon pulse rise token=166
t=0284 delta carrier stable token=725
t=0285 beta gate hold token=756
t=0286 theta drift high token=606
t=0287 theta drift high token=355
t=0288 gamma seam shift token=806
t=0289 beta gate hold token=772
t=0290 lambda return path token=615
t=0291 epsilon pulse rise token=834
t=0292 gamma seam shift token=67
t=0293 beta gate hold token=20
t=0294 alpha gate open token=869
t=0295 zeta pulse fall token=581
t=0296 gamma seam shift token=244
t=0297 beta gate hold token=380
t=0298 eta drift low token=426
t=0299 epsilon pulse rise token=529
t=0300 alpha gate open token=987
t=0301 epsilon pulse rise token=410
t=0302 beta gate hold token=67
t=0303 beta gate hold token=414
t=0304 gamma seam shift token=527
t=0305 epsilon pulse rise token=166
t=0306 lambda return path token=38
t=0307 zeta pulse fall token=77
t=0308 iota boundary thin token=148
t=0309 eta drift low token=998
t=0310 epsilon pulse rise token=883
t=0311 mu local flicker token=751
t=0312 beta gate hold token=334
t=0313 delta carrier stable token=256
t=0314 kappa residue mark token=484
t=0315 zeta pulse fall token=535
t=0316 eta drift low token=438
t=0317 mu local flicker token=904
t=0318 lambda return path token=170
t=0319 epsilon pulse rise token=729
t=0320 alpha gate open token=647
t=0321 iota boundary thin token=247
t=0322 delta carrier stable token=582
t=0323 alpha gate open token=153
t=0324 mu local flicker token=708
t=0325 kappa residue mark token=666
t=0326 lambda return path token=108
t=0327 epsilon pulse rise token=676
t=0328 delta carrier stable token=503
t=0329 delta carrier stable token=353
t=0330 theta drift high token=165
t=0331 epsilon pulse rise token=479
t=0332 mu local flicker token=375
t=0333 delta carrier stable token=285
t=0334 lambda return path token=366
t=0335 lambda return path token=981
t=0336 epsilon pulse rise token=992
t=0337 theta drift high token=352
t=0338 mu local flicker token=662
t=0339 eta drift low token=206
t=0340 eta drift low token=425
t=0341 kappa residue mark token=553
t=0342 mu local flicker token=43
t=0343 alpha gate open token=475
t=0344 iota boundary thin token=345
t=0345 iota boundary thin token=825
t=0346 kappa residue mark token=974
t=0347 theta drift high token=432
t=0348 beta gate hold token=523
t=0349 kappa residue mark token=719
t=0350 kappa residue mark token=972
t=0351 lambda return path token=877
t=0352 theta drift high token=503
t=0353 iota boundary thin token=538
t=0354 iota boundary thin token=29
t=0355 alpha gate open token=246
t=0356 iota boundary thin token=705
t=0357 alpha gate open token=404
t=0358 epsilon pulse rise token=772
t=0359 eta drift low token=286
t=0360 beta gate hold token=464
t=0361 delta carrier stable token=163
t=0362 theta drift high token=618
t=0363 delta carrier stable token=402
t=0364 gamma seam shift token=702
t=0365 theta drift high token=981
t=0366 delta carrier stable token=131
t=0367 kappa residue mark token=674
t=0368 mu local flicker token=617
t=0369 iota boundary thin token=281
t=0370 zeta pulse fall token=37
t=0371 epsilon pulse rise token=962
t=0372 epsilon pulse rise token=712
t=0373 lambda return path token=882
t=0374 beta gate hold token=27
t=0375 eta drift low token=409
t=0376 alpha gate open token=477
t=0377 lambda return path token=570
t=0378 beta gate hold token=457
t=0379 beta gate hold token=977
t=0380 iota boundary thin token=479
t=0381 lambda return path token=694
t=0382 eta drift low token=792
t=0383 epsilon pulse rise token=956
t=0384 gamma seam shift token=74
t=0385 zeta pulse fall token=380
t=0386 gamma seam shift token=621
t=0387 epsilon pulse rise token=382
t=0388 epsilon pulse rise token=903
t=0389 gamma seam shift token=122
t=0390 gamma seam shift token=260
t=0391 kappa residue mark token=71
t=0392 beta gate hold token=687
t=0393 delta carrier stable token=499
t=0394 alpha gate open token=312
t=0395 iota boundary thin token=451
t=0396 delta carrier stable token=260
t=0397 beta gate hold token=727
t=0398 alpha gate open token=778
t=0399 kappa residue mark token=391
t=0400 iota boundary thin token=890
t=0401 alpha gate open token=46
t=0402 alpha gate open token=580
t=0403 delta carrier stable token=158
t=0404 epsilon pulse rise token=121
t=0405 theta drift high token=572
t=0406 beta gate hold token=90
t=0407 beta gate hold token=77
t=0408 gamma seam shift token=331
t=0409 eta drift low token=800
t=0410 epsilon pulse rise token=334
t=0411 beta gate hold token=842
t=0412 zeta pulse fall token=837
t=0413 kappa residue mark token=943
t=0414 alpha gate open token=890
t=0415 gamma seam shift token=899
t=0416 eta drift low token=864
t=0417 iota boundary thin token=905
t=0418 theta drift high token=230
t=0419 lambda return path token=482
t=0420 lambda return path token=911
t=0421 delta carrier stable token=578
t=0422 iota boundary thin token=661
t=0423 alpha gate open token=836
t=0424 alpha gate open token=714
t=0425 kappa residue mark token=849
t=0426 zeta pulse fall token=948
t=0427 kappa residue mark token=532
t=0428 delta carrier stable token=639
t=0429 delta carrier stable token=152
t=0430 alpha gate open token=466
t=0431 gamma seam shift token=586
t=0432 kappa residue mark token=618
t=0433 beta gate hold token=708
t=0434 iota boundary thin token=402
t=0435 lambda return path token=600
t=0436 zeta pulse fall token=85
t=0437 epsilon pulse rise token=494
t=0438 zeta pulse fall token=542
t=0439 epsilon pulse rise token=678
t=0440 iota boundary thin token=619
t=0441 eta drift low token=518
t=0442 zeta pulse fall token=100
t=0443 eta drift low token=574
t=0444 alpha gate open token=155
t=0445 zeta pulse fall token=2
t=0446 gamma seam shift token=835
t=0447 delta carrier stable token=119
t=0448 theta drift high token=138
t=0449 mu local flicker token=796
t=0450 delta carrier stable token=695
t=0451 zeta pulse fall token=862
t=0452 kappa residue mark token=822
t=0453 delta carrier stable token=721
t=0454 zeta pulse fall token=20
t=0455 epsilon pulse rise token=686
t=0456 epsilon pulse rise token=407
t=0457 eta drift low token=296
t=0458 iota boundary thin token=729
t=0459 zeta pulse fall token=216
t=0460 zeta pulse fall token=202
t=0461 beta gate hold token=713
t=0462 lambda return path token=700
t=0463 eta drift low token=592
t=0464 zeta pulse fall token=884
t=0465 mu local flicker token=658
t=0466 epsilon pulse rise token=557
t=0467 gamma seam shift token=962
t=0468 lambda return path token=909
t=0469 delta carrier stable token=573
t=0470 theta drift high token=735
t=0471 beta gate hold token=884
t=0472 mu local flicker token=40
t=0473 iota boundary thin token=307
t=0474 zeta pulse fall token=717
t=0475 mu local flicker token=527
t=0476 zeta pulse fall token=611
t=0477 epsilon pulse rise token=264
t=0478 zeta pulse fall token=970
t=0479 iota boundary thin token=446
t=0480 kappa residue mark token=605
t=0481 alpha gate open token=644
t=0482 kappa residue mark token=842
t=0483 kappa residue mark token=992
t=0484 delta carrier stable token=452
t=0485 kappa residue mark token=325
t=0486 beta gate hold token=533
t=0487 lambda return path token=315
t=0488 zeta pulse fall token=381
t=0489 eta drift low token=974
t=0490 alpha gate open token=740
t=0491 eta drift low token=33
t=0492 mu local flicker token=644
t=0493 alpha gate open token=87
t=0494 kappa residue mark token=598
t=0495 mu local flicker token=316
t=0496 delta carrier stable token=417
t=0497 eta drift low token=723
t=0498 theta drift high token=446
t=0499 kappa residue mark token=329
t=0500 mu local flicker token=755
t=0501 gamma seam shift token=109
t=0502 kappa residue mark token=849
t=0503 mu local flicker token=53
t=0504 delta carrier stable token=635
t=0505 beta gate hold token=919
t=0506 delta carrier stable token=394
t=0507 beta gate hold token=445
t=0508 kappa residue mark token=529
t=0509 mu local flicker token=498
t=0510 lambda return path token=283
t=0511 iota boundary thin token=175
t=0512 lambda return path token=997
t=0513 beta gate hold token=560
t=0514 lambda return path token=245
t=0515 eta drift low token=933
t=0516 zeta pulse fall token=429
t=0517 lambda return path token=63
t=0518 iota boundary thin token=288
t=0519 epsilon pulse rise token=864
t=0520 gamma seam shift token=900
t=0521 alpha gate open token=750
t=0522 zeta pulse fall token=592
t=0523 mu local flicker token=101
t=0524 zeta pulse fall token=412
t=0525 iota boundary thin token=523
t=0526 mu local flicker token=153
t=0527 lambda return path token=628
t=0528 zeta pulse fall token=640
t=0529 delta carrier stable token=768
t=0530 epsilon pulse rise token=658
t=0531 alpha gate open token=661
t=0532 lambda return path token=435
t=0533 lambda return path token=875
t=0534 gamma seam shift token=451
t=0535 kappa residue mark token=750
t=0536 gamma seam shift token=573
t=0537 iota boundary thin token=564
t=0538 lambda return path token=984
t=0539 kappa residue mark token=294
t=0540 delta carrier stable token=476
t=0541 beta gate hold token=474
t=0542 alpha gate open token=709
t=0543 theta drift high token=523
t=0544 zeta pulse fall token=936
t=0545 epsilon pulse rise token=187
t=0546 mu local flicker token=261
t=0547 iota boundary thin token=421
t=0548 beta gate hold token=957
t=0549 gamma seam shift token=332
t=0550 alpha gate open token=837
t=0551 delta carrier stable token=695
t=0552 theta drift high token=5
t=0553 alpha gate open token=383
t=0554 theta drift high token=32
t=0555 mu local flicker token=309
t=0556 epsilon pulse rise token=496
t=0557 gamma seam shift token=376
t=0558 beta gate hold token=237
t=0559 lambda return path token=251
t=0560 alpha gate open token=390
t=0561 theta drift high token=859
t=0562 delta carrier stable token=672
t=0563 epsilon pulse rise token=852
t=0564 mu local flicker token=975
t=0565 zeta pulse fall token=277
t=0566 eta drift low token=969
t=0567 gamma seam shift token=916
t=0568 epsilon pulse rise token=507
t=0569 zeta pulse fall token=139
t=0570 zeta pulse fall token=546
t=0571 theta drift high token=877
t=0572 delta carrier stable token=252
t=0573 zeta pulse fall token=736
t=0574 epsilon pulse rise token=778
t=0575 kappa residue mark token=583
t=0576 epsilon pulse rise token=814
t=0577 mu local flicker token=262
t=0578 iota boundary thin token=879
t=0579 lambda return path token=911
t=0580 epsilon pulse rise token=545
t=0581 alpha gate open token=282
t=0582 epsilon pulse rise token=234
t=0583 beta gate hold token=616
t=0584 gamma seam shift token=211
t=0585 zeta pulse fall token=803
t=0586 kappa residue mark token=502
t=0587 alpha gate open token=461
t=0588 mu local flicker token=58
t=0589 beta gate hold token=882
t=0590 mu local flicker token=213
t=0591 alpha gate open token=366
t=0592 eta drift low token=896
t=0593 alpha gate open token=688
t=0594 eta drift low token=911
t=0595 eta drift low token=182
t=0596 theta drift high token=469
t=0597 kappa residue mark token=268
t=0598 epsilon pulse rise token=607
t=0599 theta drift high token=367
t=0600 gamma seam shift token=793
t=0601 gamma seam shift token=849
t=0602 mu local flicker token=781
t=0603 epsilon pulse rise token=612
t=0604 gamma seam shift token=136
t=0605 lambda return path token=637
t=0606 delta carrier stable token=630
t=0607 theta drift high token=11
t=0608 eta drift low token=987
t=0609 iota boundary thin token=385
t=0610 epsilon pulse rise token=545
t=0611 lambda return path token=580
t=0612 beta gate hold token=359
t=0613 mu local flicker token=523
t=0614 alpha gate open token=504
t=0615 theta drift high token=667
t=0616 beta gate hold token=964
t=0617 zeta pulse fall token=762
t=0618 kappa residue mark token=311
t=0619 mu local flicker token=876
t=0620 theta drift high token=288
t=0621 gamma seam shift token=988
t=0622 delta carrier stable token=922
t=0623 zeta pulse fall token=418
t=0624 alpha gate open token=703
t=0625 mu local flicker token=604
t=0626 kappa residue mark token=291
t=0627 alpha gate open token=828
t=0628 lambda return path token=978
t=0629 eta drift low token=658
t=0630 alpha gate open token=925
t=0631 iota boundary thin token=987
t=0632 iota boundary thin token=656
t=0633 zeta pulse fall token=957
t=0634 iota boundary thin token=205
t=0635 gamma seam shift token=229
t=0636 eta drift low token=190
t=0637 theta drift high token=250
t=0638 theta drift high token=229
t=0639 delta carrier stable token=46
t=0640 beta gate hold token=423
t=0641 iota boundary thin token=768
t=0642 delta carrier stable token=187
t=0643 beta gate hold token=635
t=0644 eta drift low token=870
t=0645 theta drift high token=138
t=0646 theta drift high token=192
t=0647 mu local flicker token=313
t=0648 kappa residue mark token=530
t=0649 mu local flicker token=261
t=0650 alpha gate open token=527
t=0651 epsilon pulse rise token=355
t=0652 delta carrier stable token=64
t=0653 eta drift low token=846
t=0654 mu local flicker token=555
t=0655 lambda return path token=923
t=0656 alpha gate open token=533
t=0657 theta drift high token=881
t=0658 mu local flicker token=625
t=0659 mu local flicker token=508
t=0660 eta drift low token=370
t=0661 theta drift high token=641
t=0662 kappa residue mark token=742
t=0663 gamma seam shift token=96
t=0664 iota boundary thin token=134
t=0665 zeta pulse fall token=545
t=0666 iota boundary thin token=933
t=0667 gamma seam shift token=881
t=0668 alpha gate open token=398
t=0669 theta drift high token=75
t=0670 mu local flicker token=998
t=0671 gamma seam shift token=212
t=0672 eta drift low token=607
t=0673 beta gate hold token=749
t=0674 mu local flicker token=655
t=0675 delta carrier stable token=191
t=0676 eta drift low token=104
t=0677 eta drift low token=10
t=0678 mu local flicker token=364
t=0679 lambda return path token=628
t=0680 beta gate hold token=551
t=0681 beta gate hold token=359
t=0682 iota boundary thin token=123
t=0683 theta drift high token=175
t=0684 kappa residue mark token=512
t=0685 mu local flicker token=932
t=0686 alpha gate open token=528
t=0687 delta carrier stable token=778
t=0688 lambda return path token=393
t=0689 kappa residue mark token=965
t=0690 lambda return path token=142
t=0691 mu local flicker token=513
t=0692 theta drift high token=779
t=0693 kappa residue mark token=872
t=0694 lambda return path token=259
t=0695 eta drift low token=736
t=0696 kappa residue mark token=35
t=0697 alpha gate open token=23
t=0698 theta drift high token=565
t=0699 zeta pulse fall token=360
t=0700 epsilon pulse rise token=865
t=0701 alpha gate open token=936
t=0702 eta drift low token=82
t=0703 iota boundary thin token=848
t=0704 epsilon pulse rise token=8
t=0705 gamma seam shift token=791
t=0706 mu local flicker token=606
t=0707 epsilon pulse rise token=873
t=0708 iota boundary thin token=445
t=0709 alpha gate open token=961
t=0710 alpha gate open token=879
t=0711 zeta pulse fall token=431
t=0712 epsilon pulse rise token=384
t=0713 gamma seam shift token=337
t=0714 zeta pulse fall token=280
t=0715 kappa residue mark token=7
t=0716 eta drift low token=643
t=0717 lambda return path token=1
t=0718 kappa residue mark token=305
t=0719 eta drift low token=848
t=0720 theta drift high token=492
t=0721 mu local flicker token=978
t=0722 mu local flicker token=672
t=0723 eta drift low token=114
t=0724 mu local flicker token=245
t=0725 delta carrier stable token=624
t=0726 mu local flicker token=589
t=0727 beta gate hold token=237
t=0728 iota boundary thin token=216
t=0729 lambda return path token=399
t=0730 zeta pulse fall token=94
t=0731 lambda return path token=889
t=0732 theta drift high token=470
t=0733 alpha gate open token=150
t=0734 zeta pulse fall token=817
t=0735 theta drift high token=473
t=0736 kappa residue mark token=276
t=0737 zeta pulse fall token=155
t=0738 eta drift low token=212
t=0739 gamma seam shift token=21
t=0740 epsilon pulse rise token=662
t=0741 epsilon pulse rise token=451
t=0742 iota boundary thin token=18
t=0743 lambda return path token=362
t=0744 alpha gate open token=331
t=0745 beta gate hold token=484
t=0746 kappa residue mark token=972
t=0747 theta drift high token=519
t=0748 gamma seam shift token=316
t=0749 lambda return path token=566
t=0750 delta carrier stable token=645
t=0751 mu local flicker token=909
t=0752 beta gate hold token=123
t=0753 mu local flicker token=212
t=0754 iota boundary thin token=109
t=0755 alpha gate open token=794
t=0756 zeta pulse fall token=506
t=0757 theta drift high token=747
t=0758 alpha gate open token=202
t=0759 delta carrier stable token=995
t=0760 theta drift high token=15
t=0761 eta drift low token=724
t=0762 theta drift high token=699
t=0763 beta gate hold token=653
t=0764 alpha gate open token=187
t=0765 mu local flicker token=821
t=0766 alpha gate open token=420
t=0767 gamma seam shift token=890
t=0768 alpha gate open token=679
t=0769 gamma seam shift token=163
t=0770 zeta pulse fall token=191
t=0771 delta carrier stable token=344
t=0772 theta drift high token=339
t=0773 eta drift low token=517
t=0774 mu local flicker token=440
t=0775 gamma seam shift token=832
t=0776 eta drift low token=772
t=0777 epsilon pulse rise token=523
t=0778 zeta pulse fall token=82
t=0779 kappa residue mark token=473
t=0780 eta drift low token=948
t=0781 alpha gate open token=24
t=0782 delta carrier stable token=376
t=0783 kappa residue mark token=715
t=0784 theta drift high token=493
t=0785 mu local flicker token=264
t=0786 gamma seam shift token=47
t=0787 zeta pulse fall token=714
t=0788 alpha gate open token=247
t=0789 zeta pulse fall token=669
t=0790 zeta pulse fall token=195
t=0791 gamma seam shift token=400
t=0792 alpha gate open token=672
t=0793 epsilon pulse rise token=655
t=0794 theta drift high token=440
t=0795 zeta pulse fall token=261
t=0796 zeta pulse fall token=65
t=0797 alpha gate open token=972
t=0798 iota boundary thin token=813
t=0799 lambda return path token=772
t=0800 mu local flicker token=81
t=0801 gamma seam shift token=13
t=0802 theta drift high token=241
t=0803 beta gate hold token=186
t=0804 kappa residue mark token=440
t=0805 epsilon pulse rise token=130
t=0806 delta carrier stable token=169
t=0807 theta drift high token=817
t=0808 eta drift low token=579
t=0809 delta carrier stable token=792
t=0810 zeta pulse fall token=335
t=0811 delta carrier stable token=55
t=0812 epsilon pulse rise token=453
t=0813 alpha gate open token=402
t=0814 alpha gate open token=676
t=0815 iota boundary thin token=901
t=0816 epsilon pulse rise token=517
t=0817 gamma seam shift token=205
t=0818 mu local flicker token=523
t=0819 mu local flicker token=155
t=0820 delta carrier stable token=862
t=0821 alpha gate open token=20
t=0822 epsilon pulse rise token=720
t=0823 kappa residue mark token=248
t=0824 zeta pulse fall token=141
t=0825 alpha gate open token=941
t=0826 gamma seam shift token=497
t=0827 eta drift low token=79
t=0828 gamma seam shift token=712
t=0829 gamma seam shift token=485
t=0830 eta drift low token=117
t=0831 gamma seam shift token=794
t=0832 delta carrier stable token=363
t=0833 alpha gate open token=19
t=0834 alpha gate open token=489
t=0835 lambda return path token=931
t=0836 zeta pulse fall token=692
t=0837 theta drift high token=16
t=0838 lambda return path token=953
t=0839 epsilon pulse rise token=587
t=0840 delta carrier stable token=657
t=0841 gamma seam shift token=74
t=0842 beta gate hold token=582
t=0843 kappa residue mark token=7
t=0844 epsilon pulse rise token=654
t=0845 kappa residue mark token=448
t=0846 lambda return path token=936
t=0847 alpha gate open token=174
t=0848 mu local flicker token=946
t=0849 lambda return path token=554
t=0850 gamma seam shift token=764
t=0851 eta drift low token=633
t=0852 lambda return path token=715
t=0853 lambda return path token=957
t=0854 mu local flicker token=844
t=0855 lambda return path token=574
t=0856 theta drift high token=722
t=0857 delta carrier stable token=436
t=0858 zeta pulse fall token=324
t=0859 zeta pulse fall token=607
t=0860 lambda return path token=508
t=0861 gamma seam shift token=443
t=0862 mu local flicker token=477
t=0863 theta drift high token=756
t=0864 mu local flicker token=433
t=0865 gamma seam shift token=766
t=0866 iota boundary thin token=149
t=0867 lambda return path token=147
t=0868 eta drift low token=873
t=0869 zeta pulse fall token=841
t=0870 lambda return path token=250
t=0871 eta drift low token=313
t=0872 beta gate hold token=901
t=0873 lambda return path token=604
t=0874 mu local flicker token=47
t=0875 mu local flicker token=597
t=0876 iota boundary thin token=120
t=0877 mu local flicker token=838
t=0878 mu local flicker token=165
t=0879 theta drift high token=286
t=0880 beta gate hold token=836
t=0881 epsilon pulse rise token=507
t=0882 eta drift low token=693
t=0883 eta drift low token=868
t=0884 zeta pulse fall token=306
t=0885 lambda return path token=666
t=0886 lambda return path token=192
t=0887 delta carrier stable token=410
t=0888 iota boundary thin token=590
t=0889 iota boundary thin token=377
t=0890 epsilon pulse rise token=69
t=0891 mu local flicker token=983
t=0892 beta gate hold token=508
t=0893 gamma seam shift token=334
t=0894 gamma seam shift token=347
t=0895 iota boundary thin token=152
t=0896 delta carrier stable token=801
t=0897 eta drift low token=821
t=0898 beta gate hold token=452
t=0899 lambda return path token=500
t=0900 alpha gate open token=640
t=0901 alpha gate open token=882
t=0902 alpha gate open token=974
t=0903 theta drift high token=736
t=0904 theta drift high token=704
t=0905 lambda return path token=414
t=0906 epsilon pulse rise token=510
t=0907 mu local flicker token=513
t=0908 beta gate hold token=619
t=0909 beta gate hold token=643
t=0910 beta gate hold token=638
t=0911 mu local flicker token=513
t=0912 theta drift high token=130
t=0913 beta gate hold token=194
t=0914 iota boundary thin token=845
t=0915 zeta pulse fall token=787
t=0916 alpha gate open token=749
t=0917 lambda return path token=722
t=0918 delta carrier stable token=685
t=0919 iota boundary thin token=175
t=0920 theta drift high token=491
t=0921 alpha gate open token=127
t=0922 alpha gate open token=33
t=0923 beta gate hold token=717
t=0924 zeta pulse fall token=164
t=0925 lambda return path token=469
t=0926 kappa residue mark token=827
t=0927 beta gate hold token=483
t=0928 eta drift low token=66
t=0929 kappa residue mark token=32
t=0930 zeta pulse fall token=283
t=0931 epsilon pulse rise token=962
t=0932 gamma seam shift token=341
t=0933 zeta pulse fall token=452
t=0934 beta gate hold token=206
t=0935 mu local flicker token=900
t=0936 gamma seam shift token=63
t=0937 beta gate hold token=529
t=0938 lambda return path token=664
t=0939 iota boundary thin token=413
t=0940 epsilon pulse rise token=321
t=0941 delta carrier stable token=407
t=0942 delta carrier stable token=4
t=0943 lambda return path token=208
t=0944 iota boundary thin token=152
t=0945 kappa residue mark token=148
t=0946 lambda return path token=997
t=0947 lambda return path token=443
t=0948 beta gate hold token=435
t=0949 delta carrier stable token=548
t=0950 alpha gate open token=375
t=0951 epsilon pulse rise token=476
t=0952 lambda return path token=391
t=0953 gamma seam shift token=341
t=0954 epsilon pulse rise token=438
t=0955 lambda return path token=355
t=0956 iota boundary thin token=5
t=0957 iota boundary thin token=886
t=0958 alpha gate open token=275
t=0959 epsilon pulse rise token=748
t=0960 theta drift high token=190
t=0961 kappa residue mark token=997
t=0962 lambda return path token=90
t=0963 delta carrier stable token=438
t=0964 eta drift low token=193
t=0965 lambda return path token=425
t=0966 delta carrier stable token=614
t=0967 lambda return path token=754
t=0968 theta drift high token=601
t=0969 gamma seam shift token=637
t=0970 mu local flicker token=606
t=0971 eta drift low token=188
t=0972 mu local flicker token=194
t=0973 zeta pulse fall token=506
t=0974 beta gate hold token=354
t=0975 eta drift low token=713
t=0976 kappa residue mark token=570
t=0977 alpha gate open token=590
t=0978 beta gate hold token=146
t=0979 theta drift high token=585
t=0980 lambda return path token=287
t=0981 delta carrier stable token=668
t=0982 iota boundary thin token=197
t=0983 epsilon pulse rise token=663
t=0984 zeta pulse fall token=972
t=0985 kappa residue mark token=300
t=0986 zeta pulse fall token=426
t=0987 lambda return path token=914
t=0988 theta drift high token=192
t=0989 delta carrier stable token=723
t=0990 zeta pulse fall token=752
t=0991 beta gate hold token=278
t=0992 eta drift low token=770
t=0993 theta drift high token=120
t=0994 alpha gate open token=947
t=0995 kappa residue mark token=305
t=0996 gamma seam shift token=750
t=0997 delta carrier stable token=819
t=0998 kappa residue mark token=495
t=0999 theta drift high token=572
t=1000 delta carrier stable token=278
t=1001 zeta pulse fall token=77
t=1002 zeta pulse fall token=342
t=1003 kappa residue mark token=393
t=1004 lambda return path token=915
t=1005 eta drift low token=734
t=1006 alpha gate open token=470
t=1007 iota boundary thin token=565
t=1008 iota boundary thin token=722
t=1009 iota boundary thin token=764
t=1010 beta gate hold token=777
t=1011 epsilon pulse rise token=885
t=1012 eta drift low token=474
t=1013 epsilon pulse rise token=426
t=1014 eta drift low token=48
t=1015 epsilon pulse rise token=461
t=1016 alpha gate open token=135
t=1017 mu local flicker token=489
t=1018 zeta pulse fall token=760
t=1019 mu local flicker token=294
t=1020 mu local flicker token=925
t=1021 alpha gate open token=576
t=1022 alpha gate open token=18
t=1023 gamma seam shift token=51
t=1024 iota boundary thin token=895
t=1025 alpha gate open token=230
t=1026 beta gate hold token=650
t=1027 alpha gate open token=697
t=1028 eta drift low token=631
t=1029 alpha gate open token=189
t=1030 epsilon pulse rise token=253
t=1031 mu local flicker token=309
t=1032 gamma seam shift token=826
t=1033 alpha gate open token=239
t=1034 lambda return path token=599
t=1035 epsilon pulse rise token=874
t=1036 beta gate hold token=918
t=1037 eta drift low token=231
t=1038 delta carrier stable token=781
t=1039 kappa residue mark token=896
t=1040 zeta pulse fall token=358
t=1041 kappa residue mark token=339
t=1042 theta drift high token=883
t=1043 theta drift high token=414
t=1044 theta drift high token=510
t=1045 delta carrier stable token=766
t=1046 epsilon pulse rise token=747
t=1047 zeta pulse fall token=675
t=1048 zeta pulse fall token=238
t=1049 gamma seam shift token=465
t=1050 delta carrier stable token=77
t=1051 epsilon pulse rise token=227
t=1052 kappa residue mark token=475
t=1053 zeta pulse fall token=912
t=1054 iota boundary thin token=888
t=1055 gamma seam shift token=272
t=1056 iota boundary thin token=737
t=1057 epsilon pulse rise token=524
t=1058 lambda return path token=60
t=1059 zeta pulse fall token=462
t=1060 iota boundary thin token=824
t=1061 delta carrier stable token=628
t=1062 beta gate hold token=557
t=1063 theta drift high token=471
t=1064 kappa residue mark token=11
t=1065 iota boundary thin token=870
t=1066 iota boundary thin token=276
t=1067 alpha gate open token=623
t=1068 mu local flicker token=912
t=1069 gamma seam shift token=31
t=1070 beta gate hold token=731
t=1071 theta drift high token=849
t=1072 theta drift high token=436
t=1073 lambda return path token=156
t=1074 iota boundary thin token=385
t=1075 epsilon pulse rise token=130
t=1076 eta drift low token=457
t=1077 iota boundary thin token=259
t=1078 eta drift low token=237
t=1079 iota boundary thin token=966
t=1080 gamma seam shift token=2
t=1081 kappa residue mark token=442
t=1082 beta gate hold token=314
t=1083 iota boundary thin token=61
t=1084 alpha gate open token=118
t=1085 kappa residue mark token=309
t=1086 mu local flicker token=42
t=1087 iota boundary thin token=137
t=1088 gamma seam shift token=881
t=1089 mu local flicker token=865
t=1090 beta gate hold token=665
t=1091 lambda return path token=479
t=1092 epsilon pulse rise token=280
t=1093 eta drift low token=926
t=1094 iota boundary thin token=730
t=1095 eta drift low token=267
t=1096 kappa residue mark token=504
t=1097 delta carrier stable token=577
t=1098 beta gate hold token=425
t=1099 epsilon pulse rise token=858
t=1100 lambda return path token=135
t=1101 zeta pulse fall token=908
t=1102 alpha gate open token=952
t=1103 delta carrier stable token=317
t=1104 epsilon pulse rise token=695
t=1105 zeta pulse fall token=647
t=1106 alpha gate open token=932
t=1107 gamma seam shift token=424
t=1108 lambda return path token=768
t=1109 gamma seam shift token=767
t=1110 alpha gate open token=497
t=1111 kappa residue mark token=555
t=1112 beta gate hold token=16
t=1113 gamma seam shift token=323
t=1114 lambda return path token=203
t=1115 iota boundary thin token=791
t=1116 gamma seam shift token=140
t=1117 theta drift high token=326
t=1118 delta carrier stable token=584
t=1119 lambda return path token=487
t=1120 iota boundary thin token=853
t=1121 lambda return path token=490
t=1122 theta drift high token=890
t=1123 eta drift low token=788
t=1124 zeta pulse fall token=812
t=1125 zeta pulse fall token=973
t=1126 delta carrier stable token=676
t=1127 eta drift low token=521
t=1128 iota boundary thin token=341
t=1129 zeta pulse fall token=809
t=1130 beta gate hold token=298
t=1131 lambda return path token=89
t=1132 mu local flicker token=189
t=1133 lambda return path token=246
t=1134 iota boundary thin token=161
t=1135 mu local flicker token=215
t=1136 mu local flicker token=907
t=1137 iota boundary thin token=971
t=1138 theta drift high token=668
t=1139 zeta pulse fall token=961
t=1140 theta drift high token=898
t=1141 beta gate hold token=512
t=1142 kappa residue mark token=75
t=1143 gamma seam shift token=73
t=1144 epsilon pulse rise token=953
t=1145 gamma seam shift token=106
t=1146 gamma seam shift token=217
t=1147 theta drift high token=98
t=1148 eta drift low token=716
t=1149 delta carrier stable token=22
t=1150 alpha gate open token=71
t=1151 zeta pulse fall token=253
t=1152 lambda return path token=565
t=1153 mu local flicker token=330
t=1154 iota boundary thin token=11
t=1155 iota boundary thin token=113
t=1156 mu local flicker token=359
t=1157 kappa residue mark token=836
t=1158 mu local flicker token=909
t=1159 theta drift high token=922
t=1160 mu local flicker token=300
t=1161 delta carrier stable token=29
t=1162 lambda return path token=761
t=1163 kappa residue mark token=232
t=1164 epsilon pulse rise token=42
t=1165 epsilon pulse rise token=652
t=1166 theta drift high token=551
t=1167 zeta pulse fall token=506
t=1168 eta drift low token=251
t=1169 beta gate hold token=260
t=1170 gamma seam shift token=771
t=1171 mu local flicker token=26
t=1172 kappa residue mark token=684
t=1173 zeta pulse fall token=592
t=1174 epsilon pulse rise token=558
t=1175 kappa residue mark token=116
t=1176 zeta pulse fall token=584
t=1177 iota boundary thin token=999
t=1178 lambda return path token=408
t=1179 eta drift low token=815
t=1180 kappa residue mark token=408
t=1181 beta gate hold token=310
t=1182 alpha gate open token=748
t=1183 zeta pulse fall token=641
t=1184 mu local flicker token=997
t=1185 gamma seam shift token=528
t=1186 epsilon pulse rise token=603
t=1187 iota boundary thin token=85
t=1188 beta gate hold token=689
t=1189 delta carrier stable token=361
t=1190 iota boundary thin token=665
t=1191 beta gate hold token=912
t=1192 lambda return path token=614
t=1193 delta carrier stable token=514
t=1194 theta drift high token=277
t=1195 iota boundary thin token=435
t=1196 zeta pulse fall token=477
t=1197 alpha gate open token=921
t=1198 delta carrier stable token=827
t=1199 zeta pulse fall token=136
t=1200 lambda return path token=30
t=1201 mu local flicker token=261
t=1202 epsilon pulse rise token=154
t=1203 gamma seam shift token=990
t=1204 eta drift low token=661
t=1205 zeta pulse fall token=105
t=1206 kappa residue mark token=43
t=1207 mu local flicker token=334
t=1208 epsilon pulse rise token=591
t=1209 epsilon pulse rise token=271
t=1210 delta carrier stable token=64
t=1211 gamma seam shift token=899
t=1212 gamma seam shift token=71
t=1213 kappa residue mark token=974
t=1214 alpha gate open token=670
t=1215 eta drift low token=977
t=1216 lambda return path token=521
t=1217 lambda return path token=136
t=1218 alpha gate open token=548
t=1219 beta gate hold token=359
t=1220 eta drift low token=781
t=1221 delta carrier stable token=551
t=1222 zeta pulse fall token=965
t=1223 beta gate hold token=507
t=1224 alpha gate open token=491
t=1225 kappa residue mark token=811
t=1226 gamma seam shift token=717
t=1227 delta carrier stable token=351
t=1228 zeta pulse fall token=66
t=1229 zeta pulse fall token=196
t=1230 lambda return path token=584
t=1231 iota boundary thin token=412
t=1232 kappa residue mark token=67
t=1233 zeta pulse fall token=477
t=1234 theta drift high token=81
t=1235 beta gate hold token=854
t=1236 zeta pulse fall token=626
t=1237 kappa residue mark token=235
t=1238 eta drift low token=205
t=1239 beta gate hold token=534
t=1240 eta drift low token=505
t=1241 lambda return path token=227
t=1242 eta drift low token=971
t=1243 alpha gate open token=924
t=1244 beta gate hold token=223
t=1245 lambda return path token=870
t=1246 lambda return path token=991
t=1247 mu local flicker token=529
t=1248 iota boundary thin token=968
t=1249 theta drift high token=926
t=1250 kappa residue mark token=822
t=1251 gamma seam shift token=915
t=1252 beta gate hold token=138
t=1253 beta gate hold token=987
t=1254 theta drift high token=132
t=1255 gamma seam shift token=234
t=1256 beta gate hold token=850
t=1257 delta carrier stable token=34
t=1258 gamma seam shift token=845
t=1259 lambda return path token=482
t=1260 alpha gate open token=835
t=1261 kappa residue mark token=408
t=1262 epsilon pulse rise token=254
t=1263 iota boundary thin token=652
t=1264 zeta pulse fall token=230
t=1265 kappa residue mark token=404
t=1266 alpha gate open token=824
t=1267 lambda return path token=315
t=1268 theta drift high token=15
t=1269 lambda return path token=715
t=1270 theta drift high token=129
t=1271 mu local flicker token=496
t=1272 delta carrier stable token=608
t=1273 eta drift low token=994
t=1274 beta gate hold token=750
t=1275 epsilon pulse rise token=434
t=1276 iota boundary thin token=235
t=1277 gamma seam shift token=499
t=1278 epsilon pulse rise token=82
t=1279 iota boundary thin token=767
t=1280 zeta pulse fall token=279
t=1281 beta gate hold token=311
t=1282 zeta pulse fall token=735
t=1283 alpha gate open token=798
t=1284 eta drift low token=830
t=1285 zeta pulse fall token=699
t=1286 kappa residue mark token=7
t=1287 iota boundary thin token=42
t=1288 gamma seam shift token=563
t=1289 kappa residue mark token=368
t=1290 eta drift low token=618
t=1291 gamma seam shift token=344
t=1292 mu local flicker token=782
t=1293 zeta pulse fall token=2
t=1294 theta drift high token=673
t=1295 delta carrier stable token=435
t=1296 zeta pulse fall token=540
t=1297 eta drift low token=404
t=1298 zeta pulse fall token=275
t=1299 gamma seam shift token=243
t=1300 epsilon pulse rise token=428
t=1301 epsilon pulse rise token=307
t=1302 kappa residue mark token=452
t=1303 iota boundary thin token=971
t=1304 eta drift low token=172
t=1305 zeta pulse fall token=516
t=1306 zeta pulse fall token=474
t=1307 delta carrier stable token=466
t=1308 beta gate hold token=163
t=1309 epsilon pulse rise token=499
t=1310 iota boundary thin token=572
t=1311 epsilon pulse rise token=918
t=1312 theta drift high token=156
t=1313 epsilon pulse rise token=130
t=1314 theta drift high token=688
t=1315 beta gate hold token=205
t=1316 zeta pulse fall token=963
t=1317 kappa residue mark token=982
t=1318 alpha gate open token=375
t=1319 eta drift low token=301
t=1320 mu local flicker token=84
t=1321 lambda return path token=296
t=1322 beta gate hold token=43
t=1323 zeta pulse fall token=974
t=1324 lambda return path token=9
t=1325 delta carrier stable token=736
t=1326 lambda return path token=541
t=1327 theta drift high token=805
t=1328 alpha gate open token=181
t=1329 zeta pulse fall token=88
t=1330 alpha gate open token=32
t=1331 zeta pulse fall token=12
t=1332 kappa residue mark token=422
t=1333 mu local flicker token=432
t=1334 lambda return path token=101
t=1335 delta carrier stable token=918
t=1336 eta drift low token=444
t=1337 iota boundary thin token=7
t=1338 zeta pulse fall token=624
t=1339 theta drift high token=922
t=1340 gamma seam shift token=124
t=1341 kappa residue mark token=931
t=1342 iota boundary thin token=998
t=1343 iota boundary thin token=619
t=1344 mu local flicker token=369
t=1345 beta gate hold token=132
t=1346 mu local flicker token=264
t=1347 iota boundary thin token=140
t=1348 lambda return path token=145
t=1349 gamma seam shift token=971
t=1350 gamma seam shift token=231
t=1351 beta gate hold token=322
t=1352 alpha gate open token=611
t=1353 gamma seam shift token=75
t=1354 lambda return path token=778
t=1355 zeta pulse fall token=184
t=1356 iota boundary thin token=167
t=1357 beta gate hold token=348
t=1358 theta drift high token=537
t=1359 kappa residue mark token=904
t=1360 iota boundary thin token=271
t=1361 eta drift low token=230
t=1362 iota boundary thin token=408
t=1363 delta carrier stable token=331
t=1364 kappa residue mark token=451
t=1365 iota boundary thin token=316
t=1366 zeta pulse fall token=357
t=1367 gamma seam shift token=341
t=1368 mu local flicker token=602
t=1369 mu local flicker token=519
t=1370 kappa residue mark token=407
t=1371 iota boundary thin token=208
t=1372 iota boundary thin token=293
t=1373 mu local flicker token=132
t=1374 alpha gate open token=200
t=1375 gamma seam shift token=319
t=1376 gamma seam shift token=682
t=1377 beta gate hold token=987
t=1378 iota boundary thin token=322
t=1379 gamma seam shift token=516
t=1380 theta drift high token=976
t=1381 gamma seam shift token=647
t=1382 delta carrier stable token=804
t=1383 iota boundary thin token=940
t=1384 gamma seam shift token=434
t=1385 alpha gate open token=975
t=1386 epsilon pulse rise token=773
t=1387 theta drift high token=893
t=1388 mu local flicker token=225
t=1389 delta carrier stable token=615
t=1390 beta gate hold token=821
t=1391 epsilon pulse rise token=850
t=1392 mu local flicker token=376
t=1393 alpha gate open token=261
t=1394 epsilon pulse rise token=267
t=1395 mu local flicker token=127
t=1396 theta drift high token=755
t=1397 iota boundary thin token=179
t=1398 iota boundary thin token=773
t=1399 eta drift low token=345
t=1400 lambda return path token=195
t=1401 theta drift high token=983
t=1402 iota boundary thin token=424
t=1403 iota boundary thin token=961
t=1404 beta gate hold token=750
t=1405 iota boundary thin token=326
t=1406 zeta pulse fall token=442
t=1407 gamma seam shift token=23
t=1408 mu local flicker token=674
t=1409 beta gate hold token=733
t=1410 eta drift low token=674
t=1411 epsilon pulse rise token=83
t=1412 alpha gate open token=876
t=1413 theta drift high token=775
t=1414 iota boundary thin token=14
t=1415 beta gate hold token=243
t=1416 theta drift high token=569
t=1417 lambda return path token=294
t=1418 delta carrier stable token=109
t=1419 iota boundary thin token=396
t=1420 kappa residue mark token=655
t=1421 kappa residue mark token=655
t=1422 iota boundary thin token=491
t=1423 epsilon pulse rise token=952
t=1424 zeta pulse fall token=797
t=1425 zeta pulse fall token=630
t=1426 iota boundary thin token=397
t=1427 epsilon pulse rise token=372
t=1428 beta gate hold token=509
t=1429 gamma seam shift token=406
t=1430 zeta pulse fall token=449
t=1431 theta drift high token=676
t=1432 gamma seam shift token=639
t=1433 iota boundary thin token=624
t=1434 epsilon pulse rise token=156
t=1435 eta drift low token=668
t=1436 kappa residue mark token=292
t=1437 kappa residue mark token=45
t=1438 zeta pulse fall token=157
t=1439 zeta pulse fall token=560
t=1440 epsilon pulse rise token=410
t=1441 alpha gate open token=321
t=1442 zeta pulse fall token=652
t=1443 iota boundary thin token=729
t=1444 eta drift low token=972
t=1445 mu local flicker token=71
t=1446 kappa residue mark token=545
t=1447 beta gate hold token=120
t=1448 zeta pulse fall token=899
t=1449 delta carrier stable token=599
t=1450 beta gate hold token=714
t=1451 kappa residue mark token=420
t=1452 delta carrier stable token=633
t=1453 theta drift high token=276
t=1454 delta carrier stable token=344
t=1455 beta gate hold token=684
t=1456 theta drift high token=818
t=1457 theta drift high token=67
t=1458 zeta pulse fall token=900
t=1459 epsilon pulse rise token=704
t=1460 iota boundary thin token=522
t=1461 mu local flicker token=330
t=1462 alpha gate open token=443
t=1463 delta carrier stable token=485
t=1464 epsilon pulse rise token=880
t=1465 mu local flicker token=212
t=1466 epsilon pulse rise token=396
t=1467 kappa residue mark token=261
t=1468 kappa residue mark token=223
t=1469 alpha gate open token=33
t=1470 kappa residue mark token=954
t=1471 lambda return path token=977
t=1472 zeta pulse fall token=394
t=1473 alpha gate open token=433
t=1474 iota boundary thin token=55
t=1475 lambda return path token=329
t=1476 zeta pulse fall token=319
t=1477 delta carrier stable token=120
t=1478 theta drift high token=91
t=1479 alpha gate open token=641
t=1480 delta carrier stable token=311
t=1481 eta drift low token=999
t=1482 theta drift high token=811
t=1483 delta carrier stable token=563
t=1484 zeta pulse fall token=118
t=1485 mu local flicker token=909
t=1486 mu local flicker token=73
t=1487 alpha gate open token=64
t=1488 gamma seam shift token=290
t=1489 theta drift high token=369
t=1490 lambda return path token=296
t=1491 alpha gate open token=820
t=1492 mu local flicker token=758
t=1493 kappa residue mark token=759
t=1494 kappa residue mark token=285
t=1495 kappa residue mark token=27
t=1496 lambda return path token=139
t=1497 kappa residue mark token=307
t=1498 beta gate hold token=863
t=1499 kappa residue mark token=869
t=1500 zeta pulse fall token=350
t=1501 epsilon pulse rise token=463
t=1502 gamma seam shift token=72
t=1503 mu local flicker token=878
t=1504 beta gate hold token=971
t=1505 kappa residue mark token=567
t=1506 epsilon pulse rise token=818
t=1507 iota boundary thin token=636
t=1508 beta gate hold token=249
t=1509 lambda return path token=831
t=1510 iota boundary thin token=610
t=1511 kappa residue mark token=699
t=1512 iota boundary thin token=686
t=1513 theta drift high token=426
t=1514 iota boundary thin token=376
t=1515 kappa residue mark token=130
t=1516 beta gate hold token=134
t=1517 alpha gate open token=316
t=1518 zeta pulse fall token=272
t=1519 beta gate hold token=718
t=1520 lambda return path token=452
t=1521 lambda return path token=515
t=1522 mu local flicker token=247
t=1523 theta drift high token=350
t=1524 gamma seam shift token=497
t=1525 kappa residue mark token=580
t=1526 gamma seam shift token=244
t=1527 alpha gate open token=515
t=1528 zeta pulse fall token=47
t=1529 kappa residue mark token=342
t=1530 mu local flicker token=184
t=1531 iota boundary thin token=915
t=1532 theta drift high token=301
t=1533 alpha gate open token=187
t=1534 mu local flicker token=845
t=1535 kappa residue mark token=776
t=1536 alpha gate open token=729
t=1537 gamma seam shift token=928
t=1538 delta carrier stable token=565
t=1539 eta drift low token=881
t=1540 delta carrier stable token=355
t=1541 iota boundary thin token=675
t=1542 mu local flicker token=805
t=1543 zeta pulse fall token=450
t=1544 delta carrier stable token=502
t=1545 zeta pulse fall token=256
t=1546 theta drift high token=644
t=1547 kappa residue mark token=336
t=1548 beta gate hold token=392
t=1549 epsilon pulse rise token=581
t=1550 beta gate hold token=144
t=1551 alpha gate open token=43
t=1552 delta carrier stable token=452
t=1553 delta carrier stable token=129
t=1554 beta gate hold token=428
t=1555 theta drift high token=117
t=1556 alpha gate open token=305
t=1557 delta carrier stable token=346
t=1558 gamma seam shift token=192
t=1559 theta drift high token=249
t=1560 epsilon pulse rise token=274
t=1561 iota boundary thin token=914
t=1562 theta drift high token=368
t=1563 lambda return path token=464
t=1564 lambda return path token=635
t=1565 epsilon pulse rise token=524
t=1566 eta drift low token=80
t=1567 delta carrier stable token=998
t=1568 beta gate hold token=951
t=1569 kappa residue mark token=485
t=1570 delta carrier stable token=520
t=1571 delta carrier stable token=543
t=1572 beta gate hold token=796
t=1573 beta gate hold token=207
t=1574 iota boundary thin token=550
t=1575 eta drift low token=96
t=1576 epsilon pulse rise token=75
t=1577 mu local flicker token=413
t=1578 gamma seam shift token=794
t=1579 zeta pulse fall token=760
t=1580 lambda return path token=461
t=1581 epsilon pulse rise token=536
t=1582 zeta pulse fall token=204
t=1583 theta drift high token=382
t=1584 mu local flicker token=781
t=1585 delta carrier stable token=779
t=1586 gamma seam shift token=142
t=1587 iota boundary thin token=228
t=1588 alpha gate open token=197
t=1589 eta drift low token=412
t=1590 kappa residue mark token=575
t=1591 lambda return path token=838
t=1592 gamma seam shift token=637
t=1593 lambda return path token=676
t=1594 lambda return path token=698
t=1595 lambda return path token=582
t=1596 eta drift low token=575
t=1597 delta carrier stable token=612
t=1598 eta drift low token=598
t=1599 theta drift high token=733
t=1600 epsilon pulse rise token=479
t=1601 kappa residue mark token=748
t=1602 mu local flicker token=129
t=1603 epsilon pulse rise token=749
t=1604 beta gate hold token=283
t=1605 alpha gate open token=223
t=1606 kappa residue mark token=471
t=1607 delta carrier stable token=997
t=1608 kappa residue mark token=781
t=1609 alpha gate open token=831
t=1610 beta gate hold token=942
t=1611 beta gate hold token=927
t=1612 gamma seam shift token=501
t=1613 beta gate hold token=801
t=1614 epsilon pulse rise token=309
t=1615 theta drift high token=363
t=1616 alpha gate open token=903
t=1617 iota boundary thin token=493
t=1618 zeta pulse fall token=290
t=1619 lambda return path token=730
t=1620 kappa residue mark token=300
t=1621 epsilon pulse rise token=593
t=1622 gamma seam shift token=808
t=1623 gamma seam shift token=108
t=1624 beta gate hold token=892
t=1625 epsilon pulse rise token=930
t=1626 lambda return path token=517
t=1627 lambda return path token=229
t=1628 alpha gate open token=621
t=1629 gamma seam shift token=925
t=1630 theta drift high token=241
t=1631 theta drift high token=142
t=1632 delta carrier stable token=393
t=1633 beta gate hold token=585
t=1634 theta drift high token=427
t=1635 eta drift low token=324
t=1636 delta carrier stable token=77
t=1637 zeta pulse fall token=615
t=1638 lambda return path token=265
t=1639 lambda return path token=356
t=1640 gamma seam shift token=888
t=1641 epsilon pulse rise token=338
t=1642 alpha gate open token=744
t=1643 kappa residue mark token=471
t=1644 alpha gate open token=501
t=1645 gamma seam shift token=932
t=1646 iota boundary thin token=68
t=1647 zeta pulse fall token=623
t=1648 beta gate hold token=334
t=1649 iota boundary thin token=320
t=1650 lambda return path token=45
t=1651 iota boundary thin token=810
t=1652 iota boundary thin token=228
t=1653 mu local flicker token=778
t=1654 mu local flicker token=107
t=1655 mu local flicker token=22
t=1656 gamma seam shift token=131
t=1657 theta drift high token=640
t=1658 delta carrier stable token=467
t=1659 lambda return path token=641
t=1660 iota boundary thin token=851
t=1661 iota boundary thin token=635
t=1662 epsilon pulse rise token=851
t=1663 lambda return path token=474
t=1664 theta drift high token=68
t=1665 gamma seam shift token=858
t=1666 epsilon pulse rise token=154
t=1667 epsilon pulse rise token=174
t=1668 iota boundary thin token=810
t=1669 kappa residue mark token=572
t=1670 zeta pulse fall token=758
t=1671 zeta pulse fall token=877
t=1672 alpha gate open token=807
t=1673 epsilon pulse rise token=435
t=1674 kappa residue mark token=262
t=1675 alpha gate open token=93
t=1676 zeta pulse fall token=717
t=1677 beta gate hold token=373
t=1678 theta drift high token=794
t=1679 mu local flicker token=65
t=1680 eta drift low token=466
t=1681 eta drift low token=466
t=1682 alpha gate open token=974
t=1683 kappa residue mark token=47
t=1684 epsilon pulse rise token=485
t=1685 zeta pulse fall token=296
t=1686 mu local flicker token=53
t=1687 alpha gate open token=204
t=1688 zeta pulse fall token=251
t=1689 iota boundary thin token=467
t=1690 kappa residue mark token=696
t=1691 lambda return path token=901
t=1692 eta drift low token=242
t=1693 alpha gate open token=75
t=1694 gamma seam shift token=857
t=1695 gamma seam shift token=903
t=1696 alpha gate open token=181
t=1697 delta carrier stable token=327
t=1698 theta drift high token=389
t=1699 beta gate hold token=790
t=1700 iota boundary thin token=817
t=1701 gamma seam shift token=791
t=1702 lambda return path token=453
t=1703 iota boundary thin token=781
t=1704 beta gate hold token=909
t=1705 zeta pulse fall token=948
t=1706 eta drift low token=632
t=1707 theta drift high token=195
t=1708 mu local flicker token=289
t=1709 alpha gate open token=28
t=1710 gamma seam shift token=394
t=1711 beta gate hold token=939
t=1712 zeta pulse fall token=168
t=1713 epsilon pulse rise token=292
t=1714 gamma seam shift token=100
t=1715 kappa residue mark token=510
t=1716 zeta pulse fall token=422
t=1717 eta drift low token=481
t=1718 beta gate hold token=277
t=1719 epsilon pulse rise token=188
t=1720 epsilon pulse rise token=764
t=1721 delta carrier stable token=289
t=1722 beta gate hold token=867
t=1723 theta drift high token=775
t=1724 delta carrier stable token=959
t=1725 iota boundary thin token=399
t=1726 mu local flicker token=369
t=1727 beta gate hold token=956
t=1728 beta gate hold token=617
t=1729 lambda return path token=361
t=1730 eta drift low token=400
t=1731 zeta pulse fall token=500
t=1732 eta drift low token=929
t=1733 eta drift low token=515
t=1734 gamma seam shift token=54
t=1735 mu local flicker token=392
t=1736 eta drift low token=664
t=1737 theta drift high token=606
t=1738 epsilon pulse rise token=623
t=1739 zeta pulse fall token=597
t=1740 lambda return path token=846
t=1741 kappa residue mark token=631
t=1742 gamma seam shift token=386
t=1743 theta drift high token=251
t=1744 theta drift high token=358
t=1745 mu local flicker token=193
t=1746 mu local flicker token=798
t=1747 mu local flicker token=918
t=1748 zeta pulse fall token=709
t=1749 lambda return path token=729
t=1750 eta drift low token=94
t=1751 mu local flicker token=447
t=1752 epsilon pulse rise token=959
t=1753 eta drift low token=301
t=1754 iota boundary thin token=248
t=1755 gamma seam shift token=60
t=1756 eta drift low token=682
t=1757 alpha gate open token=422
t=1758 mu local flicker token=415
t=1759 epsilon pulse rise token=405
t=1760 beta gate hold token=567
t=1761 lambda return path token=495
t=1762 lambda return path token=754
t=1763 eta drift low token=488
t=1764 lambda return path token=904
t=1765 beta gate hold token=508
t=1766 theta drift high token=21
t=1767 mu local flicker token=159
t=1768 beta gate hold token=910
t=1769 mu local flicker token=385
t=1770 epsilon pulse rise token=222
t=1771 lambda return path token=203
t=1772 lambda return path token=703
t=1773 alpha gate open token=502
t=1774 beta gate hold token=243
t=1775 zeta pulse fall token=754
t=1776 mu local flicker token=963
t=1777 iota boundary thin token=446
t=1778 zeta pulse fall token=822
t=1779 lambda return path token=164
t=1780 kappa residue mark token=217
t=1781 alpha gate open token=290
t=1782 alpha gate open token=694
t=1783 mu local flicker token=95
t=1784 delta carrier stable token=539
t=1785 beta gate hold token=404
t=1786 epsilon pulse rise token=282
t=1787 iota boundary thin token=323
t=1788 delta carrier stable token=3
t=1789 theta drift high token=899
t=1790 alpha gate open token=461
t=1791 alpha gate open token=476
t=1792 theta drift high token=145
t=1793 epsilon pulse rise token=788
t=1794 beta gate hold token=950
t=1795 theta drift high token=604
t=1796 beta gate hold token=726
t=1797 lambda return path token=528
t=1798 theta drift high token=843
t=1799 gamma seam shift token=802
t=1800 zeta pulse fall token=652
t=1801 delta carrier stable token=804
t=1802 alpha gate open token=459
t=1803 mu local flicker token=261
t=1804 zeta pulse fall token=2
t=1805 epsilon pulse rise token=988
t=1806 lambda return path token=529
t=1807 beta gate hold token=349
t=1808 gamma seam shift token=888
t=1809 epsilon pulse rise token=658
t=1810 gamma seam shift token=17
t=1811 delta carrier stable token=901
t=1812 gamma seam shift token=215
t=1813 alpha gate open token=576
t=1814 gamma seam shift token=988
t=1815 delta carrier stable token=668
t=1816 zeta pulse fall token=264
t=1817 alpha gate open token=524
t=1818 eta drift low token=916
t=1819 eta drift low token=39
t=1820 zeta pulse fall token=122
t=1821 delta carrier stable token=515
t=1822 mu local flicker token=192
t=1823 theta drift high token=515
t=1824 alpha gate open token=193
t=1825 epsilon pulse rise token=265
t=1826 zeta pulse fall token=494
t=1827 lambda return path token=694
t=1828 eta drift low token=761
t=1829 delta carrier stable token=302
t=1830 zeta pulse fall token=479
t=1831 eta drift low token=577
t=1832 beta gate hold token=282
t=1833 alpha gate open token=931
t=1834 zeta pulse fall token=105
t=1835 eta drift low token=642
t=1836 zeta pulse fall token=371
t=1837 iota boundary thin token=213
t=1838 eta drift low token=370
t=1839 zeta pulse fall token=786
t=1840 beta gate hold token=907
t=1841 alpha gate open token=410
t=1842 eta drift low token=603
t=1843 eta drift low token=127
t=1844 mu local flicker token=49
t=1845 zeta pulse fall token=169
t=1846 theta drift high token=649
t=1847 kappa residue mark token=512
t=1848 alpha gate open token=593
t=1849 kappa residue mark token=74
t=1850 epsilon pulse rise token=128
t=1851 beta gate hold token=321
t=1852 eta drift low token=485
t=1853 iota boundary thin token=525
t=1854 beta gate hold token=330
t=1855 theta drift high token=468
t=1856 eta drift low token=49
t=1857 gamma seam shift token=198
t=1858 eta drift low token=669
t=1859 lambda return path token=395
t=1860 mu local flicker token=979
t=1861 theta drift high token=145
t=1862 gamma seam shift token=247
t=1863 mu local flicker token=835
t=1864 beta gate hold token=811
t=1865 gamma seam shift token=891
t=1866 zeta pulse fall token=221
t=1867 epsilon pulse rise token=522
t=1868 theta drift high token=680
t=1869 epsilon pulse rise token=331
t=1870 iota boundary thin token=521
t=1871 beta gate hold token=675
t=1872 beta gate hold token=750
t=1873 kappa residue mark token=441
t=1874 zeta pulse fall token=508
t=1875 kappa residue mark token=821
t=1876 theta drift high token=364
t=1877 gamma seam shift token=380
t=1878 eta drift low token=199
t=1879 beta gate hold token=967
t=1880 iota boundary thin token=212
t=1881 delta carrier stable token=757
t=1882 zeta pulse fall token=200
t=1883 mu local flicker token=307
t=1884 zeta pulse fall token=680
t=1885 lambda return path token=741
t=1886 lambda return path token=424
t=1887 lambda return path token=92
t=1888 alpha gate open token=523
t=1889 epsilon pulse rise token=917
t=1890 lambda return path token=935
t=1891 iota boundary thin token=666
t=1892 theta drift high token=738
t=1893 delta carrier stable token=639
t=1894 lambda return path token=348
t=1895 zeta pulse fall token=287
t=1896 alpha gate open token=870
t=1897 alpha gate open token=705
t=1898 lambda return path token=617
t=1899 lambda return path token=785
t=1900 theta drift high token=631
t=1901 iota boundary thin token=234
t=1902 delta carrier stable token=839
t=1903 zeta pulse fall token=899
t=1904 lambda return path token=416
t=1905 theta drift high token=3
t=1906 mu local flicker token=404
t=1907 kappa residue mark token=367
t=1908 delta carrier stable token=748
t=1909 delta carrier stable token=485
t=1910 gamma seam shift token=643
t=1911 mu local flicker token=991
t=1912 beta gate hold token=192
t=1913 beta gate hold token=205
t=1914 beta gate hold token=547
t=1915 gamma seam shift token=5
t=1916 theta drift high token=100
t=1917 zeta pulse fall token=540
t=1918 alpha gate open token=160
t=1919 lambda return path token=83
t=1920 epsilon pulse rise token=261
t=1921 lambda return path token=480
t=1922 alpha gate open token=129
t=1923 iota boundary thin token=958
t=1924 lambda return path token=481
t=1925 mu local flicker token=209
t=1926 lambda return path token=587
t=1927 zeta pulse fall token=485
t=1928 zeta pulse fall token=924
t=1929 theta drift high token=596
t=1930 theta drift high token=988
t=1931 mu local flicker token=494
t=1932 mu local flicker token=632
t=1933 alpha gate open token=717
t=1934 lambda return path token=333
t=1935 eta drift low token=56
t=1936 delta carrier stable token=661
t=1937 mu local flicker token=205
t=1938 theta drift high token=610
t=1939 lambda return path token=789
t=1940 delta carrier stable token=827
t=1941 theta drift high token=124
t=1942 kappa residue mark token=985
t=1943 zeta pulse fall token=940
t=1944 kappa residue mark token=872
t=1945 gamma seam shift token=535
t=1946 lambda return path token=729
t=1947 lambda return path token=292
t=1948 zeta pulse fall token=344
t=1949 beta gate hold token=698
t=1950 alpha gate open token=315
t=1951 eta drift low token=848
t=1952 delta carrier stable token=892
t=1953 gamma seam shift token=26
t=1954 iota boundary thin token=95
t=1955 theta drift high token=521
t=1956 zeta pulse fall token=270
t=1957 mu local flicker token=967
t=1958 eta drift low token=427
t=1959 epsilon pulse rise token=955
t=1960 epsilon pulse rise token=70
t=1961 iota boundary thin token=433
t=1962 lambda return path token=600
t=1963 kappa residue mark token=152
t=1964 gamma seam shift token=62
t=1965 lambda return path token=584
t=1966 iota boundary thin token=14
t=1967 lambda return path token=986
t=1968 delta carrier stable token=573
t=1969 eta drift low token=626
t=1970 beta gate hold token=775
t=1971 gamma seam shift token=235
t=1972 theta drift high token=822
t=1973 delta carrier stable token=457
t=1974 gamma seam shift token=572
t=1975 alpha gate open token=176
t=1976 epsilon pulse rise token=431
t=1977 alpha gate open token=410
t=1978 zeta pulse fall token=835
t=1979 lambda return path token=987
t=1980 delta carrier stable token=819
t=1981 epsilon pulse rise token=989
t=1982 kappa residue mark token=668
t=1983 mu local flicker token=538
t=1984 beta gate hold token=864
t=1985 gamma seam shift token=620
t=1986 beta gate hold token=853
t=1987 lambda return path token=186
t=1988 mu local flicker token=346
t=1989 zeta pulse fall token=416
t=1990 epsilon pulse rise token=100
t=1991 delta carrier stable token=974
t=1992 zeta pulse fall token=866
t=1993 mu local flicker token=123
t=1994 iota boundary thin token=606
t=1995 eta drift low token=357
t=1996 iota boundary thin token=696
t=1997 beta gate hold token=651
t=1998 zeta pulse fall token=926
t=1999 eta drift low token=960
t=2000 kappa residue mark token=153
