STABLE_RETURN_PATH
STABLE_RETURN_PATH
STABLE_CARRIER_ALPHA
STABLE_RETURN_PATH
STABLE_RETURN_PATH
STABLE_CARRIER_ALPHA
STABLE_RETURN_PATH
STABLE_RETURN_PATH
STABLE_RETURN_PATH
STABLE_RETURN_PATH
STABLE_CARRIER_BETA
STABLE_RETURN_PATH
STABLE_CARRIER_BETA
STABLE_CARRIER_BETA
STABLE_CARRIER_BETA
STABLE_CARRIER_ALPHA
STABLE_RETURN_PATH
STABLE_CARRIER_BETA
STABLE_CARRIER_ALPHA
STABLE_RETURN_PATH
STABLE_CARRIER_ALPHA
STABLE_RETURN_PATH
STABLE_CARRIER_ALPHA
STABLE_RETURN_PATH
STABLE_RETURN_PATH
STABLE_CARRIER_BETA
STABLE_CARRIER_BETA
STABLE_CARRIER_BETA
STABLE_RETURN_PATH
STABLE_CARRIER_ALPHA
STABLE_RETURN_PATH
STABLE_CARRIER_ALPHA
STABLE_CARRIER_ALPHA
STABLE_CARRIER_ALPHA
STABLE_RETURN_PATH
STABLE_RETURN_PATH
STABLE_RETURN_PATH
STABLE_CARRIER_ALPHA
STABLE_CARRIER_ALPHA
STABLE_CARRIER_BETA
STABLE_RETURN_PATH
STABLE_RETURN_PATH
STABLE_CARRIER_BETA
STABLE_RETURN_PATH
STABLE_RETURN_PATH
STABLE_CARRIER_ALPHA
STABLE_CARRIER_ALPHA
STABLE_CARRIER_BETA
STABLE_RETURN_PATH
MIXED_BURST_uniq_0050_xray_853_node
MIDDLE_SEAM_LEFT
MIXED_BURST_uniq_0052_xray_927_node
MIDDLE_SEAM_RIGHT
MIDDLE_GATE_HOLD
MIXED_BURST_uniq_0055_xray_41_node
MIDDLE_PULSE_BRIDGE
MIDDLE_SEAM_LEFT
MIDDLE_SEAM_RIGHT
MIDDLE_SEAM_RIGHT
MIXED_BURST_uniq_0060_xray_226_node
MIXED_BURST_uniq_0061_xray_263_node
MIDDLE_GATE_HOLD
MIXED_BURST_uniq_0063_xray_337_node
MIXED_BURST_uniq_0064_xray_374_node
MIDDLE_PULSE_BRIDGE
MIXED_BURST_uniq_0066_xray_448_node
MIDDLE_SEAM_LEFT
MIDDLE_SEAM_LEFT
MIDDLE_PULSE_BRIDGE
MIDDLE_GATE_HOLD
MIXED_BURST_uniq_0071_xray_633_node
MIDDLE_SEAM_LEFT
MIDDLE_PULSE_BRIDGE
MIXED_BURST_uniq_0074_xray_744_node
MIXED_BURST_uniq_0075_xray_781_node
MIDDLE_SEAM_RIGHT
MIXED_BURST_uniq_0077_xray_855_node
MIXED_BURST_uniq_0078_xray_892_node
MIDDLE_PULSE_BRIDGE
MIDDLE_SEAM_LEFT
MIXED_BURST_uniq_0081_xray_6_node
MIDDLE_PULSE_BRIDGE
MIDDLE_PULSE_BRIDGE
MIXED_BURST_uniq_0084_xray_117_node
MIXED_BURST_uniq_0085_xray_154_node
MIXED_BURST_uniq_0086_xray_191_node
MIXED_BURST_uniq_0087_xray_228_node
MIXED_BURST_uniq_0088_xray_265_node
MIDDLE_PULSE_BRIDGE
MIDDLE_SEAM_LEFT
MIDDLE_SEAM_RIGHT
MIDDLE_SEAM_LEFT
MIXED_BURST_uniq_0093_xray_450_node
MIDDLE_PULSE_BRIDGE
MIXED_BURST_uniq_0095_xray_524_node
MIXED_BURST_uniq_0096_xray_561_node
MIDDLE_SEAM_RIGHT
MIXED_BURST_uniq_0098_xray_635_node
MIDDLE_SEAM_RIGHT
MIXED_BURST_uniq_0100_xray_709_node
MIXED_BURST_uniq_0101_xray_746_node
MIXED_BURST_uniq_0102_xray_783_node
MIXED_BURST_uniq_0103_xray_820_node
MIDDLE_SEAM_RIGHT
MIDDLE_SEAM_LEFT
MIDDLE_PULSE_BRIDGE
MIDDLE_PULSE_BRIDGE
MIXED_BURST_uniq_0108_xray_8_node
MIDDLE_SEAM_RIGHT
MIXED_BURST_uniq_0110_xray_82_node
MIXED_BURST_uniq_0111_xray_119_node
MIXED_BURST_uniq_0112_xray_156_node
MIDDLE_SEAM_LEFT
MIDDLE_SEAM_RIGHT
MIDDLE_GATE_HOLD
MIDDLE_PULSE_BRIDGE
MIDDLE_SEAM_LEFT
MIXED_BURST_uniq_0118_xray_378_node
MIXED_BURST_uniq_0119_xray_415_node
MIDDLE_GATE_HOLD
MIDDLE_SEAM_LEFT
MIDDLE_GATE_HOLD
MIDDLE_GATE_HOLD
MIDDLE_SEAM_RIGHT
MIDDLE_SEAM_LEFT
MIXED_BURST_uniq_0126_xray_674_node
MIDDLE_PULSE_BRIDGE
MIDDLE_GATE_HOLD
MIXED_BURST_uniq_0129_xray_785_node
MIXED_BURST_uniq_0130_xray_822_node
MIDDLE_GATE_HOLD
MIDDLE_SEAM_RIGHT
MIXED_BURST_uniq_0133_xray_933_node
MIXED_BURST_uniq_0134_xray_970_node
MIDDLE_GATE_HOLD
MIDDLE_SEAM_LEFT
MIXED_BURST_uniq_0137_xray_84_node
MIDDLE_PULSE_BRIDGE
MIDDLE_PULSE_BRIDGE
STABLE_CARRIER_BETA
STABLE_RETURN_PATH
STABLE_CARRIER_ALPHA
STABLE_CARRIER_BETA
STABLE_RETURN_PATH
STABLE_CARRIER_ALPHA
STABLE_RETURN_PATH
STABLE_CARRIER_ALPHA
STABLE_CARRIER_ALPHA
STABLE_RETURN_PATH
STABLE_CARRIER_ALPHA
STABLE_CARRIER_BETA
STABLE_CARRIER_ALPHA
STABLE_RETURN_PATH
STABLE_CARRIER_BETA
STABLE_CARRIER_ALPHA
STABLE_CARRIER_ALPHA
STABLE_CARRIER_ALPHA
STABLE_CARRIER_ALPHA
STABLE_CARRIER_ALPHA
STABLE_CARRIER_ALPHA
STABLE_CARRIER_BETA
STABLE_CARRIER_BETA
STABLE_RETURN_PATH
STABLE_RETURN_PATH
STABLE_CARRIER_ALPHA
STABLE_RETURN_PATH
STABLE_RETURN_PATH
STABLE_RETURN_PATH
STABLE_CARRIER_ALPHA
STABLE_CARRIER_ALPHA
STABLE_RETURN_PATH
STABLE_CARRIER_BETA
STABLE_RETURN_PATH
STABLE_RETURN_PATH
STABLE_CARRIER_BETA
STABLE_CARRIER_ALPHA
STABLE_CARRIER_BETA
STABLE_CARRIER_BETA
STABLE_RETURN_PATH
STABLE_CARRIER_BETA
STABLE_CARRIER_BETA
STABLE_CARRIER_BETA
STABLE_CARRIER_BETA
STABLE_CARRIER_BETA
STABLE_RETURN_PATH
STABLE_RETURN_PATH
STABLE_CARRIER_BETA
STABLE_CARRIER_BETA
STABLE_RETURN_PATH
STABLE_RETURN_PATH
STABLE_RETURN_PATH
STABLE_CARRIER_BETA
STABLE_RETURN_PATH
STABLE_RETURN_PATH
STABLE_CARRIER_BETA
STABLE_CARRIER_ALPHA
STABLE_CARRIER_BETA
STABLE_RETURN_PATH
STABLE_RETURN_PATH
STABLE_CARRIER_BETA
STABLE_CARRIER_BETA
STABLE_CARRIER_ALPHA
STABLE_CARRIER_BETA
STABLE_RETURN_PATH
STABLE_CARRIER_BETA
STABLE_CARRIER_BETA
STABLE_CARRIER_BETA
STABLE_CARRIER_ALPHA
STABLE_CARRIER_BETA
STABLE_RETURN_PATH
STABLE_CARRIER_ALPHA
STABLE_RETURN_PATH
STABLE_CARRIER_ALPHA
STABLE_RETURN_PATH
STABLE_CARRIER_BETA
STABLE_RETURN_PATH
STABLE_CARRIER_BETA
STABLE_CARRIER_ALPHA
STABLE_CARRIER_ALPHA
STABLE_RETURN_PATH
STABLE_CARRIER_ALPHA
STABLE_CARRIER_BETA
STABLE_CARRIER_ALPHA
STABLE_CARRIER_ALPHA
STABLE_CARRIER_BETA
STABLE_CARRIER_ALPHA
STABLE_CARRIER_ALPHA
STABLE_RETURN_PATH
STABLE_CARRIER_ALPHA
STABLE_CARRIER_ALPHA
STABLE_CARRIER_BETA
STABLE_CARRIER_ALPHA
STABLE_CARRIER_BETA
STABLE_CARRIER_BETA
STABLE_CARRIER_BETA
STABLE_RETURN_PATH
STABLE_CARRIER_ALPHA
STABLE_RETURN_PATH
STABLE_RETURN_PATH
STABLE_RETURN_PATH
STABLE_CARRIER_BETA
STABLE_CARRIER_ALPHA
STABLE_CARRIER_BETA
STABLE_RETURN_PATH
STABLE_CARRIER_BETA
STABLE_CARRIER_ALPHA
STABLE_CARRIER_BETA
STABLE_CARRIER_BETA
STABLE_RETURN_PATH
STABLE_CARRIER_ALPHA
STABLE_CARRIER_BETA
STABLE_CARRIER_ALPHA
STABLE_RETURN_PATH
STABLE_CARRIER_ALPHA
STABLE_CARRIER_ALPHA
STABLE_CARRIER_ALPHA
STABLE_CARRIER_BETA
STABLE_CARRIER_BETA
STABLE_CARRIER_BETA
STABLE_CARRIER_ALPHA
STABLE_CARRIER_BETA
STABLE_RETURN_PATH
STABLE_RETURN_PATH
STABLE_CARRIER_BETA
STABLE_RETURN_PATH
STABLE_RETURN_PATH
STABLE_CARRIER_ALPHA
STABLE_RETURN_PATH
STABLE_CARRIER_ALPHA
STABLE_CARRIER_ALPHA
STABLE_CARRIER_ALPHA
STABLE_CARRIER_ALPHA
STABLE_CARRIER_ALPHA
STABLE_RETURN_PATH
STABLE_CARRIER_ALPHA
STABLE_CARRIER_BETA
STABLE_RETURN_PATH
STABLE_CARRIER_ALPHA
STABLE_RETURN_PATH
STABLE_CARRIER_BETA
STABLE_CARRIER_ALPHA
STABLE_CARRIER_ALPHA
STABLE_CARRIER_BETA
STABLE_CARRIER_ALPHA
STABLE_RETURN_PATH
STABLE_CARRIER_BETA
STABLE_CARRIER_ALPHA
STABLE_RETURN_PATH
STABLE_CARRIER_ALPHA
STABLE_CARRIER_BETA
STABLE_CARRIER_ALPHA
STABLE_CARRIER_BETA
STABLE_CARRIER_BETA
STABLE_CARRIER_ALPHA
STABLE_RETURN_PATH
STABLE_RETURN_PATH
STABLE_CARRIER_BETA
STABLE_RETURN_PATH
STABLE_CARRIER_ALPHA
STABLE_CARRIER_ALPHA
STABLE_CARRIER_BETA
STABLE_CARRIER_ALPHA
STABLE_CARRIER_ALPHA
STABLE_RETURN_PATH
STABLE_CARRIER_BETA
STABLE_CARRIER_BETA
STABLE_CARRIER_BETA
STABLE_RETURN_PATH
STABLE_CARRIER_BETA
STABLE_RETURN_PATH
STABLE_CARRIER_ALPHA
STABLE_RETURN_PATH
STABLE_RETURN_PATH
STABLE_CARRIER_BETA
STABLE_RETURN_PATH
STABLE_CARRIER_ALPHA
STABLE_CARRIER_BETA
STABLE_CARRIER_BETA
STABLE_RETURN_PATH
STABLE_CARRIER_BETA
STABLE_CARRIER_ALPHA
STABLE_CARRIER_BETA
STABLE_CARRIER_ALPHA
STABLE_CARRIER_ALPHA
STABLE_CARRIER_ALPHA
STABLE_CARRIER_ALPHA
STABLE_CARRIER_BETA
STABLE_CARRIER_BETA
STABLE_CARRIER_ALPHA
STABLE_CARRIER_ALPHA
STABLE_CARRIER_ALPHA
STABLE_CARRIER_BETA
STABLE_CARRIER_BETA
STABLE_RETURN_PATH
STABLE_CARRIER_BETA
STABLE_RETURN_PATH
STABLE_RETURN_PATH
STABLE_RETURN_PATH
STABLE_CARRIER_ALPHA
STABLE_CARRIER_BETA
STABLE_CARRIER_BETA
STABLE_RETURN_PATH
STABLE_RETURN_PATH
STABLE_RETURN_PATH
STABLE_CARRIER_BETA
STABLE_CARRIER_BETA
STABLE_CARRIER_BETA
STABLE_RETURN_PATH
STABLE_CARRIER_ALPHA
STABLE_RETURN_PATH
STABLE_RETURN_PATH
STABLE_RETURN_PATH
STABLE_RETURN_PATH
STABLE_CARRIER_BETA
STABLE_CARRIER_ALPHA
STABLE_RETURN_PATH
STABLE_CARRIER_BETA
STABLE_CARRIER_BETA
STABLE_RETURN_PATH
STABLE_CARRIER_ALPHA
STABLE_CARRIER_BETA
STABLE_CARRIER_ALPHA
STABLE_CARRIER_ALPHA
STABLE_CARRIER_ALPHA
STABLE_CARRIER_ALPHA
STABLE_CARRIER_ALPHA
STABLE_RETURN_PATH
STABLE_CARRIER_ALPHA
STABLE_CARRIER_BETA
STABLE_RETURN_PATH
STABLE_RETURN_PATH
STABLE_RETURN_PATH
STABLE_CARRIER_ALPHA
STABLE_RETURN_PATH
STABLE_RETURN_PATH
STABLE_RETURN_PATH
STABLE_RETURN_PATH
STABLE_RETURN_PATH
STABLE_CARRIER_ALPHA
STABLE_CARRIER_BETA
STABLE_RETURN_PATH
STABLE_CARRIER_ALPHA
STABLE_CARRIER_BETA
STABLE_CARRIER_BETA
STABLE_RETURN_PATH
STABLE_RETURN_PATH
STABLE_CARRIER_ALPHA
STABLE_RETURN_PATH
STABLE_CARRIER_ALPHA
STABLE_CARRIER_ALPHA
STABLE_CARRIER_ALPHA
STABLE_CARRIER_BETA
STABLE_CARRIER_BETA
STABLE_CARRIER_BETA
STABLE_RETURN_PATH
STABLE_RETURN_PATH
STABLE_CARRIER_BETA
STABLE_RETURN_PATH
STABLE_CARRIER_ALPHA
STABLE_CARRIER_BETA
STABLE_RETURN_PATH
STABLE_CARRIER_ALPHA
STABLE_CARRIER_BETA
STABLE_RETURN_PATH
STABLE_CARRIER_BETA
STABLE_CARRIER_BETA
STABLE_CARRIER_ALPHA
STABLE_CARRIER_BETA
STABLE_CARRIER_ALPHA
STABLE_CARRIER_BETA
STABLE_RETURN_PATH
STABLE_RETURN_PATH
STABLE_CARRIER_ALPHA
STABLE_CARRIER_ALPHA
STABLE_CARRIER_ALPHA
STABLE_RETURN_PATH
STABLE_RETURN_PATH
STABLE_CARRIER_ALPHA
STABLE_CARRIER_ALPHA
STABLE_CARRIER_BETA
STABLE_RETURN_PATH
STABLE_RETURN_PATH
STABLE_RETURN_PATH
STABLE_RETURN_PATH
STABLE_CARRIER_ALPHA
STABLE_CARRIER_ALPHA
STABLE_RETURN_PATH
STABLE_RETURN_PATH
STABLE_CARRIER_BETA
STABLE_CARRIER_BETA
STABLE_RETURN_PATH
STABLE_RETURN_PATH
STABLE_RETURN_PATH
STABLE_RETURN_PATH
STABLE_CARRIER_BETA
STABLE_RETURN_PATH
STABLE_CARRIER_BETA
STABLE_CARRIER_BETA
STABLE_CARRIER_ALPHA
STABLE_CARRIER_ALPHA
STABLE_CARRIER_ALPHA
STABLE_CARRIER_ALPHA
STABLE_CARRIER_ALPHA
STABLE_RETURN_PATH
STABLE_CARRIER_BETA
STABLE_CARRIER_BETA
STABLE_CARRIER_BETA
STABLE_CARRIER_ALPHA
STABLE_CARRIER_BETA
STABLE_CARRIER_BETA
STABLE_CARRIER_ALPHA
STABLE_CARRIER_BETA
STABLE_CARRIER_ALPHA
STABLE_CARRIER_BETA
STABLE_CARRIER_BETA
STABLE_RETURN_PATH
STABLE_RETURN_PATH
STABLE_CARRIER_BETA
STABLE_RETURN_PATH
STABLE_CARRIER_BETA
STABLE_CARRIER_ALPHA
STABLE_CARRIER_BETA
STABLE_CARRIER_ALPHA
STABLE_CARRIER_ALPHA
STABLE_CARRIER_BETA
STABLE_CARRIER_ALPHA
STABLE_CARRIER_ALPHA
STABLE_CARRIER_ALPHA
STABLE_CARRIER_ALPHA
MIXED_BURST_uniq_0470_xray_441_node
MIDDLE_SEAM_RIGHT
MIDDLE_GATE_HOLD
MIDDLE_SEAM_RIGHT
MIDDLE_SEAM_RIGHT
MIXED_BURST_uniq_0475_xray_626_node
MIXED_BURST_uniq_0476_xray_663_node
MIDDLE_SEAM_RIGHT
MIXED_BURST_uniq_0478_xray_737_node
MIXED_BURST_uniq_0479_xray_774_node
MIDDLE_SEAM_RIGHT
MIXED_BURST_uniq_0481_xray_848_node
MIDDLE_PULSE_BRIDGE
MIDDLE_SEAM_RIGHT
MIDDLE_GATE_HOLD
MIDDLE_GATE_HOLD
MIXED_BURST_uniq_0486_xray_36_node
MIDDLE_PULSE_BRIDGE
MIDDLE_PULSE_BRIDGE
MIDDLE_SEAM_LEFT
MIXED_BURST_uniq_0490_xray_184_node
MIXED_BURST_uniq_0491_xray_221_node
MIDDLE_GATE_HOLD
MIXED_BURST_uniq_0493_xray_295_node
MIXED_BURST_uniq_0494_xray_332_node
MIDDLE_SEAM_RIGHT
MIXED_BURST_uniq_0496_xray_406_node
MIDDLE_SEAM_LEFT
MIDDLE_SEAM_LEFT
MIDDLE_SEAM_RIGHT
MIDDLE_PULSE_BRIDGE
MIDDLE_PULSE_BRIDGE
MIDDLE_SEAM_LEFT
MIDDLE_SEAM_LEFT
MIDDLE_SEAM_RIGHT
MIDDLE_GATE_HOLD
MIXED_BURST_uniq_0506_xray_776_node
MIXED_BURST_uniq_0507_xray_813_node
MIDDLE_PULSE_BRIDGE
MIXED_BURST_uniq_0509_xray_887_node
MIDDLE_GATE_HOLD
MIDDLE_SEAM_RIGHT
MIXED_BURST_uniq_0512_xray_1_node
MIDDLE_PULSE_BRIDGE
MIDDLE_SEAM_LEFT
MIDDLE_PULSE_BRIDGE
MIDDLE_SEAM_RIGHT
MIDDLE_SEAM_RIGHT
MIXED_BURST_uniq_0518_xray_223_node
MIDDLE_SEAM_RIGHT
MIXED_BURST_uniq_0520_xray_297_node
MIDDLE_SEAM_LEFT
MIXED_BURST_uniq_0522_xray_371_node
MIDDLE_SEAM_RIGHT
MIXED_BURST_uniq_0524_xray_445_node
MIXED_BURST_uniq_0525_xray_482_node
MIDDLE_PULSE_BRIDGE
MIDDLE_PULSE_BRIDGE
MIDDLE_SEAM_LEFT
MIXED_BURST_uniq_0529_xray_630_node
MIXED_BURST_uniq_0530_xray_667_node
MIDDLE_PULSE_BRIDGE
MIXED_BURST_uniq_0532_xray_741_node
MIDDLE_SEAM_RIGHT
MIDDLE_PULSE_BRIDGE
MIDDLE_PULSE_BRIDGE
MIDDLE_SEAM_RIGHT
MIXED_BURST_uniq_0537_xray_926_node
MIXED_BURST_uniq_0538_xray_963_node
MIXED_BURST_uniq_0539_xray_3_node
MIXED_BURST_uniq_0540_xray_40_node
MIDDLE_GATE_HOLD
MIDDLE_SEAM_LEFT
MIDDLE_SEAM_LEFT
MIXED_BURST_uniq_0544_xray_188_node
MIXED_BURST_uniq_0545_xray_225_node
MIDDLE_SEAM_RIGHT
MIDDLE_SEAM_RIGHT
MIXED_BURST_uniq_0548_xray_336_node
MIDDLE_GATE_HOLD
MIDDLE_PULSE_BRIDGE
MIDDLE_PULSE_BRIDGE
MIXED_BURST_uniq_0552_xray_484_node
MIXED_BURST_uniq_0553_xray_521_node
MIXED_BURST_uniq_0554_xray_558_node
MIDDLE_SEAM_LEFT
MIXED_BURST_uniq_0556_xray_632_node
MIDDLE_SEAM_LEFT
MIDDLE_SEAM_RIGHT
MIDDLE_GATE_HOLD
STABLE_RETURN_PATH
STABLE_CARRIER_BETA
STABLE_CARRIER_BETA
STABLE_RETURN_PATH
STABLE_CARRIER_BETA
STABLE_CARRIER_BETA
STABLE_CARRIER_ALPHA
STABLE_RETURN_PATH
STABLE_CARRIER_BETA
STABLE_RETURN_PATH
STABLE_CARRIER_BETA
STABLE_CARRIER_ALPHA
STABLE_CARRIER_ALPHA
STABLE_CARRIER_BETA
STABLE_CARRIER_ALPHA
STABLE_RETURN_PATH
STABLE_CARRIER_BETA
STABLE_CARRIER_ALPHA
STABLE_RETURN_PATH
STABLE_RETURN_PATH
STABLE_CARRIER_BETA
STABLE_RETURN_PATH
STABLE_CARRIER_BETA
STABLE_CARRIER_ALPHA
STABLE_CARRIER_BETA
STABLE_CARRIER_BETA
STABLE_CARRIER_BETA
STABLE_CARRIER_BETA
STABLE_CARRIER_BETA
STABLE_RETURN_PATH
STABLE_CARRIER_BETA
STABLE_CARRIER_BETA
STABLE_RETURN_PATH
STABLE_CARRIER_BETA
STABLE_RETURN_PATH
STABLE_CARRIER_ALPHA
STABLE_CARRIER_ALPHA
STABLE_RETURN_PATH
STABLE_CARRIER_BETA
STABLE_CARRIER_BETA
STABLE_CARRIER_BETA
STABLE_RETURN_PATH
STABLE_CARRIER_ALPHA
STABLE_CARRIER_ALPHA
STABLE_RETURN_PATH
STABLE_CARRIER_BETA
STABLE_CARRIER_ALPHA
STABLE_CARRIER_ALPHA
STABLE_CARRIER_ALPHA
STABLE_CARRIER_ALPHA
STABLE_CARRIER_ALPHA
STABLE_CARRIER_ALPHA
STABLE_CARRIER_ALPHA
STABLE_CARRIER_BETA
STABLE_CARRIER_BETA
STABLE_RETURN_PATH
STABLE_CARRIER_BETA
STABLE_CARRIER_ALPHA
STABLE_CARRIER_BETA
STABLE_RETURN_PATH
STABLE_CARRIER_ALPHA
STABLE_CARRIER_ALPHA
STABLE_CARRIER_ALPHA
STABLE_CARRIER_ALPHA
STABLE_RETURN_PATH
STABLE_RETURN_PATH
STABLE_CARRIER_BETA
STABLE_CARRIER_ALPHA
STABLE_CARRIER_BETA
STABLE_CARRIER_BETA
STABLE_RETURN_PATH
STABLE_CARRIER_BETA
STABLE_CARRIER_BETA
STABLE_CARRIER_BETA
STABLE_CARRIER_ALPHA
STABLE_CARRIER_ALPHA
STABLE_CARRIER_ALPHA
STABLE_RETURN_PATH
STABLE_RETURN_PATH
STABLE_CARRIER_BETA
STABLE_CARRIER_BETA
STABLE_CARRIER_BETA
STABLE_CARRIER_BETA
STABLE_CARRIER_ALPHA
STABLE_RETURN_PATH
STABLE_CARRIER_ALPHA
STABLE_CARRIER_ALPHA
STABLE_RETURN_PATH
STABLE_CARRIER_ALPHA
STABLE_RETURN_PATH
STABLE_RETURN_PATH
STABLE_RETURN_PATH
STABLE_CARRIER_BETA
STABLE_RETURN_PATH
STABLE_CARRIER_BETA
STABLE_RETURN_PATH
STABLE_CARRIER_ALPHA
STABLE_CARRIER_BETA
STABLE_CARRIER_BETA
STABLE_CARRIER_BETA
STABLE_CARRIER_BETA
STABLE_CARRIER_BETA
STABLE_CARRIER_ALPHA
STABLE_CARRIER_ALPHA
STABLE_RETURN_PATH
STABLE_CARRIER_ALPHA
STABLE_CARRIER_ALPHA
STABLE_CARRIER_BETA
STABLE_RETURN_PATH
STABLE_CARRIER_ALPHA
STABLE_CARRIER_ALPHA
STABLE_CARRIER_ALPHA
STABLE_CARRIER_BETA
STABLE_CARRIER_ALPHA
STABLE_CARRIER_BETA
STABLE_CARRIER_ALPHA
STABLE_CARRIER_BETA
STABLE_RETURN_PATH
STABLE_RETURN_PATH
STABLE_RETURN_PATH
STABLE_CARRIER_BETA
STABLE_CARRIER_ALPHA
STABLE_CARRIER_ALPHA
STABLE_CARRIER_BETA
STABLE_CARRIER_ALPHA
STABLE_CARRIER_ALPHA
STABLE_RETURN_PATH
STABLE_CARRIER_BETA
STABLE_CARRIER_ALPHA
STABLE_CARRIER_BETA
STABLE_CARRIER_BETA
STABLE_CARRIER_ALPHA
STABLE_RETURN_PATH
STABLE_CARRIER_BETA
STABLE_CARRIER_ALPHA
STABLE_CARRIER_ALPHA
STABLE_CARRIER_BETA
STABLE_RETURN_PATH
STABLE_CARRIER_BETA
STABLE_CARRIER_ALPHA
STABLE_CARRIER_BETA
STABLE_CARRIER_BETA
STABLE_CARRIER_ALPHA
STABLE_CARRIER_ALPHA
STABLE_CARRIER_BETA
STABLE_CARRIER_BETA
STABLE_CARRIER_BETA
STABLE_RETURN_PATH
STABLE_RETURN_PATH
STABLE_CARRIER_BETA
STABLE_CARRIER_BETA
STABLE_CARRIER_ALPHA
STABLE_CARRIER_ALPHA
STABLE_RETURN_PATH
STABLE_RETURN_PATH
STABLE_RETURN_PATH
STABLE_CARRIER_ALPHA
STABLE_RETURN_PATH
STABLE_CARRIER_BETA
STABLE_CARRIER_ALPHA
STABLE_RETURN_PATH
STABLE_CARRIER_BETA
STABLE_RETURN_PATH
STABLE_CARRIER_ALPHA
STABLE_RETURN_PATH
STABLE_RETURN_PATH
STABLE_CARRIER_ALPHA
STABLE_CARRIER_ALPHA
STABLE_RETURN_PATH
STABLE_CARRIER_BETA
STABLE_CARRIER_ALPHA
STABLE_CARRIER_BETA
STABLE_CARRIER_BETA
STABLE_RETURN_PATH
STABLE_RETURN_PATH
STABLE_CARRIER_ALPHA
STABLE_CARRIER_BETA
STABLE_CARRIER_BETA
STABLE_CARRIER_ALPHA
STABLE_CARRIER_BETA
STABLE_RETURN_PATH
STABLE_RETURN_PATH
STABLE_CARRIER_ALPHA
STABLE_CARRIER_BETA
STABLE_RETURN_PATH
STABLE_CARRIER_ALPHA
STABLE_RETURN_PATH
STABLE_CARRIER_BETA
STABLE_CARRIER_BETA
STABLE_CARRIER_BETA
STABLE_CARRIER_ALPHA
STABLE_RETURN_PATH
STABLE_CARRIER_ALPHA
STABLE_RETURN_PATH
STABLE_RETURN_PATH
STABLE_CARRIER_BETA
STABLE_RETURN_PATH
STABLE_CARRIER_ALPHA
STABLE_CARRIER_BETA
STABLE_CARRIER_BETA
STABLE_CARRIER_BETA
STABLE_CARRIER_ALPHA
STABLE_CARRIER_ALPHA
STABLE_CARRIER_BETA
STABLE_RETURN_PATH
STABLE_CARRIER_BETA
STABLE_CARRIER_BETA
STABLE_RETURN_PATH
STABLE_CARRIER_ALPHA
STABLE_RETURN_PATH
STABLE_CARRIER_BETA
STABLE_CARRIER_ALPHA
STABLE_CARRIER_ALPHA
STABLE_CARRIER_BETA
STABLE_RETURN_PATH
STABLE_CARRIER_BETA
STABLE_CARRIER_BETA
STABLE_RETURN_PATH
STABLE_CARRIER_ALPHA
STABLE_CARRIER_ALPHA
STABLE_CARRIER_ALPHA
STABLE_CARRIER_ALPHA
STABLE_CARRIER_BETA
STABLE_RETURN_PATH
STABLE_CARRIER_ALPHA
STABLE_CARRIER_BETA
STABLE_CARRIER_ALPHA
STABLE_RETURN_PATH
STABLE_RETURN_PATH
STABLE_CARRIER_ALPHA
STABLE_RETURN_PATH
STABLE_CARRIER_BETA
STABLE_RETURN_PATH
STABLE_CARRIER_BETA
STABLE_RETURN_PATH
STABLE_RETURN_PATH
STABLE_CARRIER_ALPHA
STABLE_CARRIER_ALPHA
STABLE_RETURN_PATH
STABLE_RETURN_PATH
STABLE_CARRIER_ALPHA
STABLE_CARRIER_ALPHA
STABLE_CARRIER_BETA
STABLE_RETURN_PATH
STABLE_CARRIER_ALPHA
STABLE_CARRIER_BETA
STABLE_CARRIER_BETA
STABLE_CARRIER_BETA
STABLE_RETURN_PATH
STABLE_CARRIER_ALPHA
STABLE_CARRIER_ALPHA
STABLE_CARRIER_ALPHA
STABLE_CARRIER_BETA
STABLE_CARRIER_BETA
STABLE_CARRIER_BETA
STABLE_RETURN_PATH
STABLE_RETURN_PATH
STABLE_RETURN_PATH
STABLE_CARRIER_BETA
STABLE_CARRIER_BETA
STABLE_CARRIER_BETA
STABLE_RETURN_PATH
STABLE_RETURN_PATH
STABLE_CARRIER_ALPHA
STABLE_RETURN_PATH
STABLE_RETURN_PATH
STABLE_CARRIER_ALPHA
STABLE_CARRIER_BETA
STABLE_CARRIER_ALPHA
STABLE_RETURN_PATH
STABLE_RETURN_PATH
STABLE_CARRIER_ALPHA
STABLE_CARRIER_BETA
STABLE_CARRIER_BETA
STABLE_CARRIER_BETA
STABLE_CARRIER_ALPHA
STABLE_CARRIER_ALPHA
STABLE_RETURN_PATH
STABLE_RETURN_PATH
STABLE_CARRIER_BETA
STABLE_CARRIER_BETA
STABLE_RETURN_PATH
STABLE_RETURN_PATH
STABLE_CARRIER_ALPHA
STABLE_RETURN_PATH
STABLE_RETURN_PATH
STABLE_CARRIER_BETA
STABLE_CARRIER_ALPHA
STABLE_RETURN_PATH
STABLE_RETURN_PATH
STABLE_RETURN_PATH
STABLE_CARRIER_BETA
STABLE_CARRIER_ALPHA
STABLE_RETURN_PATH
STABLE_CARRIER_BETA
STABLE_CARRIER_BETA
STABLE_RETURN_PATH
STABLE_RETURN_PATH
STABLE_CARRIER_BETA
STABLE_CARRIER_BETA
STABLE_RETURN_PATH
STABLE_CARRIER_ALPHA
STABLE_CARRIER_BETA
STABLE_CARRIER_ALPHA
STABLE_CARRIER_BETA
STABLE_RETURN_PATH
STABLE_CARRIER_BETA
STABLE_RETURN_PATH
STABLE_CARRIER_ALPHA
STABLE_CARRIER_ALPHA
STABLE_CARRIER_BETA
STABLE_RETURN_PATH
STABLE_CARRIER_ALPHA
STABLE_CARRIER_ALPHA
STABLE_RETURN_PATH
STABLE_RETURN_PATH
STABLE_CARRIER_BETA
STABLE_RETURN_PATH
STABLE_CARRIER_BETA
STABLE_CARRIER_ALPHA
STABLE_CARRIER_BETA
STABLE_RETURN_PATH
STABLE_CARRIER_ALPHA
STABLE_CARRIER_ALPHA
STABLE_RETURN_PATH
STABLE_CARRIER_ALPHA
STABLE_CARRIER_BETA
STABLE_CARRIER_BETA
STABLE_RETURN_PATH
STABLE_CARRIER_BETA
MIDDLE_SEAM_RIGHT
MIXED_BURST_uniq_0891_xray_66_node
MIDDLE_SEAM_RIGHT
MIXED_BURST_uniq_0893_xray_140_node
MIXED_BURST_uniq_0894_xray_177_node
MIDDLE_PULSE_BRIDGE
MIDDLE_SEAM_LEFT
MIXED_BURST_uniq_0897_xray_288_node
MIDDLE_SEAM_RIGHT
MIDDLE_SEAM_LEFT
MIXED_BURST_uniq_0900_xray_399_node
MIDDLE_PULSE_BRIDGE
MIXED_BURST_uniq_0902_xray_473_node
MIDDLE_SEAM_LEFT
MIXED_BURST_uniq_0904_xray_547_node
MIDDLE_SEAM_LEFT
MIXED_BURST_uniq_0906_xray_621_node
MIDDLE_SEAM_RIGHT
MIDDLE_SEAM_LEFT
MIXED_BURST_uniq_0909_xray_732_node
MIDDLE_SEAM_LEFT
MIXED_BURST_uniq_0911_xray_806_node
MIXED_BURST_uniq_0912_xray_843_node
MIXED_BURST_uniq_0913_xray_880_node
MIXED_BURST_uniq_0914_xray_917_node
MIDDLE_SEAM_LEFT
MIDDLE_SEAM_RIGHT
MIDDLE_PULSE_BRIDGE
MIDDLE_SEAM_RIGHT
MIXED_BURST_uniq_0919_xray_105_node
MIXED_BURST_uniq_0920_xray_142_node
MIXED_BURST_uniq_0921_xray_179_node
MIDDLE_SEAM_RIGHT
MIXED_BURST_uniq_0923_xray_253_node
MIXED_BURST_uniq_0924_xray_290_node
MIXED_BURST_uniq_0925_xray_327_node
MIDDLE_PULSE_BRIDGE
MIXED_BURST_uniq_0927_xray_401_node
MIDDLE_GATE_HOLD
MIDDLE_SEAM_LEFT
MIXED_BURST_uniq_0930_xray_512_node
MIXED_BURST_uniq_0931_xray_549_node
MIDDLE_GATE_HOLD
MIXED_BURST_uniq_0933_xray_623_node
MIXED_BURST_uniq_0934_xray_660_node
MIDDLE_GATE_HOLD
MIXED_BURST_uniq_0936_xray_734_node
MIDDLE_PULSE_BRIDGE
MIXED_BURST_uniq_0938_xray_808_node
MIXED_BURST_uniq_0939_xray_845_node
MIXED_BURST_uniq_0940_xray_882_node
MIXED_BURST_uniq_0941_xray_919_node
MIDDLE_SEAM_RIGHT
MIXED_BURST_uniq_0943_xray_993_node
MIXED_BURST_uniq_0944_xray_33_node
MIDDLE_PULSE_BRIDGE
MIDDLE_SEAM_RIGHT
MIDDLE_SEAM_LEFT
MIXED_BURST_uniq_0948_xray_181_node
MIXED_BURST_uniq_0949_xray_218_node
MIDDLE_SEAM_LEFT
MIDDLE_PULSE_BRIDGE
MIDDLE_PULSE_BRIDGE
MIXED_BURST_uniq_0953_xray_366_node
MIDDLE_GATE_HOLD
MIDDLE_GATE_HOLD
MIXED_BURST_uniq_0956_xray_477_node
MIXED_BURST_uniq_0957_xray_514_node
MIXED_BURST_uniq_0958_xray_551_node
MIDDLE_SEAM_RIGHT
MIXED_BURST_uniq_0960_xray_625_node
MIDDLE_SEAM_LEFT
MIXED_BURST_uniq_0962_xray_699_node
MIDDLE_SEAM_RIGHT
MIXED_BURST_uniq_0964_xray_773_node
MIDDLE_SEAM_LEFT
MIDDLE_GATE_HOLD
MIDDLE_SEAM_RIGHT
MIDDLE_PULSE_BRIDGE
MIXED_BURST_uniq_0969_xray_958_node
MIDDLE_SEAM_RIGHT
MIDDLE_PULSE_BRIDGE
MIXED_BURST_uniq_0972_xray_72_node
MIXED_BURST_uniq_0973_xray_109_node
MIXED_BURST_uniq_0974_xray_146_node
MIXED_BURST_uniq_0975_xray_183_node
MIDDLE_PULSE_BRIDGE
MIDDLE_GATE_HOLD
MIDDLE_PULSE_BRIDGE
MIDDLE_SEAM_RIGHT
STABLE_CARRIER_BETA
STABLE_RETURN_PATH
STABLE_RETURN_PATH
STABLE_RETURN_PATH
STABLE_CARRIER_ALPHA
STABLE_CARRIER_BETA
STABLE_CARRIER_BETA
STABLE_RETURN_PATH
STABLE_CARRIER_ALPHA
STABLE_CARRIER_BETA
STABLE_RETURN_PATH
STABLE_CARRIER_BETA
STABLE_RETURN_PATH
STABLE_CARRIER_ALPHA
STABLE_RETURN_PATH
STABLE_RETURN_PATH
STABLE_CARRIER_BETA
STABLE_CARRIER_ALPHA
STABLE_CARRIER_BETA
STABLE_CARRIER_ALPHA
STABLE_CARRIER_BETA
STABLE_CARRIER_ALPHA
STABLE_CARRIER_BETA
STABLE_CARRIER_BETA
STABLE_RETURN_PATH
STABLE_RETURN_PATH
STABLE_RETURN_PATH
STABLE_CARRIER_ALPHA
STABLE_RETURN_PATH
STABLE_RETURN_PATH
STABLE_CARRIER_ALPHA
STABLE_RETURN_PATH
STABLE_RETURN_PATH
STABLE_CARRIER_ALPHA
STABLE_CARRIER_BETA
STABLE_CARRIER_BETA
STABLE_CARRIER_ALPHA
STABLE_RETURN_PATH
STABLE_CARRIER_ALPHA
STABLE_CARRIER_ALPHA
STABLE_RETURN_PATH
STABLE_CARRIER_ALPHA
STABLE_CARRIER_BETA
STABLE_CARRIER_ALPHA
STABLE_RETURN_PATH
STABLE_CARRIER_BETA
STABLE_CARRIER_BETA
STABLE_CARRIER_BETA
STABLE_RETURN_PATH
STABLE_CARRIER_BETA
STABLE_CARRIER_ALPHA
STABLE_CARRIER_ALPHA
STABLE_CARRIER_ALPHA
STABLE_CARRIER_ALPHA
STABLE_RETURN_PATH
STABLE_RETURN_PATH
STABLE_RETURN_PATH
STABLE_RETURN_PATH
STABLE_RETURN_PATH
STABLE_RETURN_PATH
STABLE_RETURN_PATH
STABLE_RETURN_PATH
STABLE_RETURN_PATH
STABLE_CARRIER_ALPHA
STABLE_CARRIER_ALPHA
STABLE_CARRIER_BETA
STABLE_CARRIER_BETA
STABLE_CARRIER_BETA
STABLE_CARRIER_ALPHA
STABLE_CARRIER_ALPHA
STABLE_CARRIER_BETA
STABLE_CARRIER_ALPHA
STABLE_CARRIER_ALPHA
STABLE_CARRIER_ALPHA
STABLE_RETURN_PATH
STABLE_CARRIER_ALPHA
STABLE_RETURN_PATH
STABLE_CARRIER_ALPHA
STABLE_CARRIER_ALPHA
STABLE_CARRIER_BETA
STABLE_CARRIER_BETA
STABLE_RETURN_PATH
STABLE_CARRIER_ALPHA
STABLE_CARRIER_ALPHA
STABLE_CARRIER_ALPHA
STABLE_RETURN_PATH
STABLE_CARRIER_ALPHA
STABLE_RETURN_PATH
STABLE_CARRIER_BETA
STABLE_RETURN_PATH
STABLE_CARRIER_BETA
STABLE_CARRIER_ALPHA
STABLE_CARRIER_ALPHA
STABLE_CARRIER_BETA
STABLE_CARRIER_ALPHA
STABLE_RETURN_PATH
STABLE_RETURN_PATH
STABLE_CARRIER_BETA
STABLE_RETURN_PATH
STABLE_RETURN_PATH
STABLE_RETURN_PATH
STABLE_RETURN_PATH
STABLE_RETURN_PATH
STABLE_CARRIER_BETA
STABLE_CARRIER_BETA
STABLE_RETURN_PATH
STABLE_CARRIER_BETA
STABLE_CARRIER_BETA
STABLE_CARRIER_BETA
STABLE_CARRIER_BETA
STABLE_RETURN_PATH
STABLE_CARRIER_BETA
STABLE_RETURN_PATH
STABLE_RETURN_PATH
STABLE_CARRIER_BETA
STABLE_CARRIER_ALPHA
STABLE_CARRIER_BETA
STABLE_CARRIER_ALPHA
STABLE_CARRIER_BETA
STABLE_RETURN_PATH
STABLE_RETURN_PATH
STABLE_RETURN_PATH
STABLE_CARRIER_ALPHA
STABLE_CARRIER_ALPHA
STABLE_CARRIER_BETA
STABLE_CARRIER_ALPHA
STABLE_CARRIER_ALPHA
STABLE_RETURN_PATH
STABLE_CARRIER_ALPHA
STABLE_CARRIER_ALPHA
STABLE_RETURN_PATH
STABLE_CARRIER_BETA
STABLE_CARRIER_ALPHA
STABLE_CARRIER_BETA
STABLE_CARRIER_ALPHA
STABLE_RETURN_PATH
STABLE_CARRIER_ALPHA
STABLE_RETURN_PATH
STABLE_RETURN_PATH
STABLE_CARRIER_ALPHA
STABLE_CARRIER_ALPHA
STABLE_CARRIER_ALPHA
STABLE_CARRIER_BETA
STABLE_CARRIER_BETA
STABLE_CARRIER_ALPHA
STABLE_CARRIER_BETA
STABLE_CARRIER_BETA
STABLE_CARRIER_ALPHA
STABLE_CARRIER_ALPHA
STABLE_CARRIER_BETA
STABLE_RETURN_PATH
STABLE_CARRIER_ALPHA
STABLE_CARRIER_ALPHA
STABLE_CARRIER_ALPHA
STABLE_CARRIER_ALPHA
STABLE_CARRIER_BETA
STABLE_CARRIER_BETA
STABLE_CARRIER_BETA
STABLE_CARRIER_BETA
STABLE_RETURN_PATH
STABLE_CARRIER_BETA
STABLE_CARRIER_BETA
STABLE_RETURN_PATH
STABLE_RETURN_PATH
STABLE_RETURN_PATH
STABLE_RETURN_PATH
STABLE_CARRIER_ALPHA
STABLE_CARRIER_BETA
STABLE_RETURN_PATH
STABLE_CARRIER_ALPHA
STABLE_RETURN_PATH
STABLE_RETURN_PATH
STABLE_CARRIER_ALPHA
STABLE_RETURN_PATH
STABLE_CARRIER_BETA
STABLE_RETURN_PATH
STABLE_CARRIER_ALPHA
STABLE_CARRIER_ALPHA
STABLE_CARRIER_ALPHA
STABLE_RETURN_PATH
STABLE_CARRIER_ALPHA
STABLE_CARRIER_BETA
STABLE_CARRIER_ALPHA
STABLE_CARRIER_ALPHA
STABLE_CARRIER_ALPHA
STABLE_CARRIER_BETA
STABLE_CARRIER_BETA
STABLE_RETURN_PATH
STABLE_RETURN_PATH
STABLE_CARRIER_BETA
STABLE_CARRIER_BETA
STABLE_CARRIER_BETA
STABLE_RETURN_PATH
STABLE_CARRIER_ALPHA
STABLE_RETURN_PATH
STABLE_CARRIER_ALPHA
STABLE_CARRIER_ALPHA
STABLE_CARRIER_ALPHA
STABLE_CARRIER_ALPHA
STABLE_RETURN_PATH
STABLE_CARRIER_BETA
STABLE_RETURN_PATH
STABLE_RETURN_PATH
STABLE_RETURN_PATH
STABLE_CARRIER_ALPHA
STABLE_CARRIER_BETA
STABLE_CARRIER_BETA
STABLE_RETURN_PATH
STABLE_RETURN_PATH
STABLE_CARRIER_ALPHA
STABLE_CARRIER_BETA
STABLE_CARRIER_BETA
STABLE_CARRIER_BETA
STABLE_CARRIER_ALPHA
STABLE_CARRIER_ALPHA
STABLE_CARRIER_BETA
STABLE_RETURN_PATH
STABLE_CARRIER_ALPHA
STABLE_CARRIER_ALPHA
STABLE_CARRIER_BETA
STABLE_RETURN_PATH
STABLE_CARRIER_BETA
STABLE_CARRIER_BETA
STABLE_CARRIER_BETA
STABLE_RETURN_PATH
STABLE_CARRIER_BETA
STABLE_CARRIER_BETA
STABLE_CARRIER_ALPHA
STABLE_RETURN_PATH
STABLE_CARRIER_BETA
STABLE_CARRIER_BETA
STABLE_RETURN_PATH
STABLE_CARRIER_ALPHA
STABLE_CARRIER_BETA
STABLE_RETURN_PATH
STABLE_RETURN_PATH
STABLE_CARRIER_ALPHA
STABLE_RETURN_PATH
STABLE_CARRIER_BETA
STABLE_CARRIER_ALPHA
STABLE_RETURN_PATH
STABLE_CARRIER_ALPHA
STABLE_RETURN_PATH
STABLE_RETURN_PATH
STABLE_CARRIER_ALPHA
STABLE_CARRIER_ALPHA
STABLE_CARRIER_BETA
STABLE_RETURN_PATH
STABLE_CARRIER_BETA
STABLE_RETURN_PATH
STABLE_CARRIER_BETA
STABLE_CARRIER_BETA
STABLE_RETURN_PATH
STABLE_RETURN_PATH
STABLE_CARRIER_BETA
STABLE_RETURN_PATH
STABLE_CARRIER_ALPHA
STABLE_RETURN_PATH
STABLE_CARRIER_BETA
STABLE_RETURN_PATH
STABLE_RETURN_PATH
STABLE_CARRIER_ALPHA
STABLE_RETURN_PATH
STABLE_CARRIER_BETA
STABLE_CARRIER_ALPHA
STABLE_RETURN_PATH
STABLE_CARRIER_ALPHA
STABLE_CARRIER_BETA
STABLE_RETURN_PATH
STABLE_RETURN_PATH
STABLE_RETURN_PATH
STABLE_CARRIER_ALPHA
STABLE_CARRIER_BETA
STABLE_CARRIER_ALPHA
STABLE_RETURN_PATH
STABLE_CARRIER_ALPHA
STABLE_RETURN_PATH
STABLE_CARRIER_BETA
STABLE_CARRIER_BETA
STABLE_CARRIER_BETA
STABLE_RETURN_PATH
STABLE_CARRIER_ALPHA
STABLE_CARRIER_ALPHA
STABLE_CARRIER_BETA
STABLE_RETURN_PATH
STABLE_RETURN_PATH
STABLE_RETURN_PATH
STABLE_CARRIER_ALPHA
STABLE_CARRIER_ALPHA
STABLE_RETURN_PATH
STABLE_CARRIER_ALPHA
STABLE_RETURN_PATH
STABLE_RETURN_PATH
STABLE_CARRIER_ALPHA
STABLE_CARRIER_BETA
STABLE_CARRIER_ALPHA
STABLE_CARRIER_BETA
STABLE_CARRIER_ALPHA
STABLE_RETURN_PATH
STABLE_RETURN_PATH
STABLE_RETURN_PATH
STABLE_CARRIER_BETA
STABLE_CARRIER_ALPHA
STABLE_CARRIER_BETA
STABLE_RETURN_PATH
STABLE_RETURN_PATH
STABLE_CARRIER_BETA
STABLE_CARRIER_BETA
STABLE_RETURN_PATH
STABLE_CARRIER_BETA
STABLE_CARRIER_BETA
STABLE_RETURN_PATH
STABLE_CARRIER_ALPHA
STABLE_CARRIER_BETA
STABLE_CARRIER_ALPHA
STABLE_RETURN_PATH
STABLE_RETURN_PATH
STABLE_RETURN_PATH
STABLE_CARRIER_BETA
STABLE_CARRIER_BETA
STABLE_CARRIER_ALPHA
STABLE_CARRIER_ALPHA
STABLE_CARRIER_BETA
STABLE_CARRIER_BETA
STABLE_CARRIER_ALPHA
STABLE_RETURN_PATH
STABLE_RETURN_PATH
STABLE_CARRIER_BETA
STABLE_CARRIER_ALPHA
STABLE_RETURN_PATH
MIXED_BURST_uniq_1310_xray_614_node
MIXED_BURST_uniq_1311_xray_651_node
MIXED_BURST_uniq_1312_xray_688_node
MIDDLE_SEAM_LEFT
MIDDLE_SEAM_RIGHT
MIXED_BURST_uniq_1315_xray_799_node
MIDDLE_PULSE_BRIDGE
MIXED_BURST_uniq_1317_xray_873_node
MIDDLE_SEAM_RIGHT
MIDDLE_GATE_HOLD
MIDDLE_PULSE_BRIDGE
MIXED_BURST_uniq_1321_xray_24_node
MIXED_BURST_uniq_1322_xray_61_node
MIDDLE_PULSE_BRIDGE
MIXED_BURST_uniq_1324_xray_135_node
MIDDLE_SEAM_LEFT
MIDDLE_GATE_HOLD
MIXED_BURST_uniq_1327_xray_246_node
MIXED_BURST_uniq_1328_xray_283_node
MIXED_BURST_uniq_1329_xray_320_node
MIXED_BURST_uniq_1330_xray_357_node
MIXED_BURST_uniq_1331_xray_394_node
MIXED_BURST_uniq_1332_xray_431_node
MIDDLE_GATE_HOLD
MIDDLE_PULSE_BRIDGE
MIXED_BURST_uniq_1335_xray_542_node
MIXED_BURST_uniq_1336_xray_579_node
MIXED_BURST_uniq_1337_xray_616_node
MIXED_BURST_uniq_1338_xray_653_node
MIDDLE_SEAM_LEFT
MIDDLE_SEAM_LEFT
MIXED_BURST_uniq_1341_xray_764_node
MIDDLE_SEAM_LEFT
MIDDLE_GATE_HOLD
MIXED_BURST_uniq_1344_xray_875_node
MIXED_BURST_uniq_1345_xray_912_node
MIDDLE_SEAM_RIGHT
MIDDLE_SEAM_RIGHT
MIDDLE_SEAM_LEFT
MIDDLE_GATE_HOLD
MIDDLE_PULSE_BRIDGE
MIXED_BURST_uniq_1351_xray_137_node
MIDDLE_SEAM_LEFT
MIDDLE_SEAM_LEFT
MIDDLE_SEAM_LEFT
MIDDLE_GATE_HOLD
MIXED_BURST_uniq_1356_xray_322_node
MIXED_BURST_uniq_1357_xray_359_node
MIDDLE_SEAM_RIGHT
MIXED_BURST_uniq_1359_xray_433_node
MIDDLE_SEAM_LEFT
MIDDLE_GATE_HOLD
MIDDLE_SEAM_LEFT
MIXED_BURST_uniq_1363_xray_581_node
MIXED_BURST_uniq_1364_xray_618_node
MIDDLE_SEAM_LEFT
MIDDLE_SEAM_LEFT
MIXED_BURST_uniq_1367_xray_729_node
MIDDLE_GATE_HOLD
MIXED_BURST_uniq_1369_xray_803_node
MIDDLE_SEAM_RIGHT
MIDDLE_GATE_HOLD
MIDDLE_SEAM_LEFT
MIXED_BURST_uniq_1373_xray_951_node
MIXED_BURST_uniq_1374_xray_988_node
MIDDLE_SEAM_RIGHT
MIDDLE_SEAM_RIGHT
MIDDLE_SEAM_RIGHT
MIXED_BURST_uniq_1378_xray_139_node
MIDDLE_GATE_HOLD
MIDDLE_PULSE_BRIDGE
MIDDLE_SEAM_RIGHT
MIXED_BURST_uniq_1382_xray_287_node
MIDDLE_SEAM_LEFT
MIDDLE_SEAM_LEFT
MIDDLE_GATE_HOLD
MIXED_BURST_uniq_1386_xray_435_node
MIXED_BURST_uniq_1387_xray_472_node
MIDDLE_PULSE_BRIDGE
MIDDLE_PULSE_BRIDGE
MIDDLE_GATE_HOLD
MIXED_BURST_uniq_1391_xray_620_node
MIDDLE_SEAM_LEFT
MIDDLE_SEAM_RIGHT
MIDDLE_SEAM_LEFT
MIDDLE_SEAM_LEFT
MIXED_BURST_uniq_1396_xray_805_node
MIXED_BURST_uniq_1397_xray_842_node
MIXED_BURST_uniq_1398_xray_879_node
MIDDLE_PULSE_BRIDGE
STABLE_CARRIER_BETA
STABLE_CARRIER_BETA
STABLE_CARRIER_ALPHA
STABLE_CARRIER_ALPHA
STABLE_RETURN_PATH
STABLE_CARRIER_BETA
STABLE_RETURN_PATH
STABLE_RETURN_PATH
STABLE_RETURN_PATH
STABLE_CARRIER_BETA
STABLE_CARRIER_BETA
STABLE_CARRIER_BETA
STABLE_RETURN_PATH
STABLE_CARRIER_ALPHA
STABLE_CARRIER_ALPHA
STABLE_CARRIER_BETA
STABLE_CARRIER_BETA
STABLE_CARRIER_ALPHA
STABLE_CARRIER_BETA
STABLE_RETURN_PATH
STABLE_CARRIER_ALPHA
STABLE_CARRIER_BETA
STABLE_RETURN_PATH
STABLE_CARRIER_BETA
STABLE_CARRIER_ALPHA
STABLE_CARRIER_ALPHA
STABLE_CARRIER_ALPHA
STABLE_CARRIER_BETA
STABLE_CARRIER_ALPHA
STABLE_CARRIER_ALPHA
STABLE_RETURN_PATH
STABLE_CARRIER_BETA
STABLE_CARRIER_ALPHA
STABLE_RETURN_PATH
STABLE_RETURN_PATH
STABLE_RETURN_PATH
STABLE_CARRIER_BETA
STABLE_CARRIER_ALPHA
STABLE_CARRIER_BETA
STABLE_CARRIER_BETA
STABLE_RETURN_PATH
STABLE_CARRIER_ALPHA
STABLE_RETURN_PATH
STABLE_CARRIER_BETA
STABLE_CARRIER_ALPHA
STABLE_CARRIER_BETA
STABLE_CARRIER_ALPHA
STABLE_CARRIER_ALPHA
STABLE_RETURN_PATH
STABLE_CARRIER_BETA
STABLE_RETURN_PATH
STABLE_CARRIER_ALPHA
STABLE_CARRIER_ALPHA
STABLE_CARRIER_ALPHA
STABLE_CARRIER_BETA
STABLE_CARRIER_ALPHA
STABLE_CARRIER_BETA
STABLE_CARRIER_ALPHA
STABLE_RETURN_PATH
STABLE_RETURN_PATH
STABLE_RETURN_PATH
STABLE_RETURN_PATH
STABLE_RETURN_PATH
STABLE_RETURN_PATH
STABLE_RETURN_PATH
STABLE_CARRIER_BETA
STABLE_CARRIER_ALPHA
STABLE_RETURN_PATH
STABLE_CARRIER_ALPHA
STABLE_CARRIER_BETA
STABLE_CARRIER_BETA
STABLE_CARRIER_BETA
STABLE_CARRIER_ALPHA
STABLE_CARRIER_BETA
STABLE_CARRIER_ALPHA
STABLE_CARRIER_BETA
STABLE_CARRIER_BETA
STABLE_CARRIER_BETA
STABLE_CARRIER_BETA
STABLE_RETURN_PATH
STABLE_RETURN_PATH
STABLE_RETURN_PATH
STABLE_CARRIER_BETA
STABLE_CARRIER_ALPHA
STABLE_CARRIER_BETA
STABLE_RETURN_PATH
STABLE_CARRIER_BETA
STABLE_CARRIER_ALPHA
STABLE_CARRIER_BETA
STABLE_CARRIER_BETA
STABLE_CARRIER_ALPHA
STABLE_CARRIER_BETA
STABLE_CARRIER_ALPHA
STABLE_RETURN_PATH
STABLE_RETURN_PATH
STABLE_RETURN_PATH
STABLE_CARRIER_ALPHA
STABLE_CARRIER_ALPHA
STABLE_CARRIER_ALPHA
STABLE_CARRIER_BETA
STABLE_CARRIER_ALPHA
STABLE_CARRIER_BETA
STABLE_CARRIER_ALPHA
STABLE_CARRIER_BETA
STABLE_CARRIER_ALPHA
STABLE_CARRIER_BETA
STABLE_CARRIER_BETA
STABLE_CARRIER_BETA
STABLE_CARRIER_BETA
STABLE_RETURN_PATH
STABLE_CARRIER_ALPHA
STABLE_RETURN_PATH
STABLE_CARRIER_BETA
STABLE_RETURN_PATH
STABLE_CARRIER_ALPHA
STABLE_RETURN_PATH
STABLE_CARRIER_ALPHA
STABLE_CARRIER_ALPHA
STABLE_CARRIER_BETA
STABLE_RETURN_PATH
STABLE_CARRIER_BETA
STABLE_CARRIER_BETA
STABLE_CARRIER_BETA
STABLE_CARRIER_ALPHA
STABLE_RETURN_PATH
STABLE_RETURN_PATH
STABLE_CARRIER_BETA
STABLE_RETURN_PATH
STABLE_CARRIER_BETA
STABLE_RETURN_PATH
STABLE_CARRIER_BETA
STABLE_CARRIER_BETA
STABLE_CARRIER_ALPHA
STABLE_RETURN_PATH
STABLE_CARRIER_ALPHA
STABLE_CARRIER_BETA
STABLE_CARRIER_ALPHA
STABLE_CARRIER_ALPHA
STABLE_RETURN_PATH
STABLE_RETURN_PATH
STABLE_CARRIER_ALPHA
STABLE_RETURN_PATH
STABLE_RETURN_PATH
STABLE_RETURN_PATH
STABLE_CARRIER_ALPHA
STABLE_CARRIER_ALPHA
STABLE_RETURN_PATH
STABLE_RETURN_PATH
STABLE_RETURN_PATH
STABLE_CARRIER_ALPHA
STABLE_CARRIER_ALPHA
STABLE_RETURN_PATH
STABLE_CARRIER_ALPHA
STABLE_CARRIER_ALPHA
STABLE_CARRIER_BETA
STABLE_RETURN_PATH
STABLE_CARRIER_ALPHA
STABLE_CARRIER_ALPHA
STABLE_CARRIER_ALPHA
STABLE_CARRIER_BETA
STABLE_RETURN_PATH
STABLE_CARRIER_ALPHA
STABLE_CARRIER_BETA
STABLE_CARRIER_ALPHA
STABLE_RETURN_PATH
STABLE_CARRIER_BETA
STABLE_CARRIER_BETA
STABLE_CARRIER_ALPHA
STABLE_CARRIER_ALPHA
STABLE_CARRIER_ALPHA
STABLE_CARRIER_ALPHA
STABLE_CARRIER_ALPHA
STABLE_CARRIER_ALPHA
STABLE_CARRIER_ALPHA
STABLE_CARRIER_BETA
STABLE_CARRIER_ALPHA
STABLE_CARRIER_BETA
STABLE_CARRIER_BETA
STABLE_CARRIER_ALPHA
STABLE_CARRIER_BETA
STABLE_CARRIER_ALPHA
STABLE_CARRIER_ALPHA
STABLE_RETURN_PATH
STABLE_RETURN_PATH
STABLE_CARRIER_BETA
STABLE_CARRIER_ALPHA
STABLE_CARRIER_ALPHA
STABLE_RETURN_PATH
STABLE_CARRIER_ALPHA
STABLE_RETURN_PATH
STABLE_CARRIER_ALPHA
STABLE_RETURN_PATH
STABLE_CARRIER_ALPHA
STABLE_CARRIER_BETA
STABLE_CARRIER_ALPHA
STABLE_RETURN_PATH
STABLE_CARRIER_BETA
STABLE_RETURN_PATH
STABLE_RETURN_PATH
STABLE_CARRIER_BETA
STABLE_RETURN_PATH
STABLE_RETURN_PATH
STABLE_RETURN_PATH
STABLE_CARRIER_BETA
STABLE_CARRIER_ALPHA
STABLE_RETURN_PATH
STABLE_CARRIER_BETA
STABLE_CARRIER_BETA
STABLE_CARRIER_BETA
STABLE_RETURN_PATH
STABLE_RETURN_PATH
STABLE_RETURN_PATH
STABLE_RETURN_PATH
STABLE_CARRIER_BETA
STABLE_CARRIER_ALPHA
STABLE_CARRIER_ALPHA
STABLE_CARRIER_ALPHA
STABLE_CARRIER_BETA
STABLE_CARRIER_BETA
STABLE_CARRIER_ALPHA
STABLE_CARRIER_BETA
STABLE_CARRIER_BETA
STABLE_CARRIER_BETA
STABLE_CARRIER_BETA
STABLE_CARRIER_ALPHA
STABLE_RETURN_PATH
STABLE_CARRIER_ALPHA
STABLE_CARRIER_ALPHA
STABLE_CARRIER_BETA
STABLE_CARRIER_BETA
STABLE_CARRIER_BETA
STABLE_CARRIER_BETA
STABLE_CARRIER_ALPHA
STABLE_CARRIER_BETA
STABLE_CARRIER_BETA
STABLE_RETURN_PATH
STABLE_RETURN_PATH
STABLE_CARRIER_ALPHA
STABLE_CARRIER_ALPHA
STABLE_CARRIER_ALPHA
STABLE_CARRIER_ALPHA
STABLE_RETURN_PATH
STABLE_CARRIER_ALPHA
STABLE_RETURN_PATH
STABLE_RETURN_PATH
STABLE_CARRIER_ALPHA
STABLE_RETURN_PATH
STABLE_RETURN_PATH
STABLE_CARRIER_ALPHA
STABLE_CARRIER_ALPHA
STABLE_CARRIER_BETA
STABLE_CARRIER_BETA
STABLE_RETURN_PATH
STABLE_CARRIER_ALPHA
STABLE_RETURN_PATH
STABLE_CARRIER_BETA
STABLE_RETURN_PATH
STABLE_CARRIER_ALPHA
STABLE_CARRIER_ALPHA
STABLE_CARRIER_BETA
STABLE_RETURN_PATH
STABLE_CARRIER_BETA
STABLE_CARRIER_ALPHA
STABLE_CARRIER_ALPHA
STABLE_CARRIER_ALPHA
STABLE_RETURN_PATH
STABLE_CARRIER_ALPHA
STABLE_RETURN_PATH
STABLE_CARRIER_BETA
STABLE_RETURN_PATH
STABLE_CARRIER_BETA
STABLE_RETURN_PATH
STABLE_CARRIER_BETA
STABLE_RETURN_PATH
STABLE_CARRIER_ALPHA
STABLE_RETURN_PATH
STABLE_RETURN_PATH
STABLE_CARRIER_ALPHA
STABLE_CARRIER_ALPHA
STABLE_CARRIER_BETA
STABLE_CARRIER_ALPHA
STABLE_CARRIER_BETA
STABLE_CARRIER_ALPHA
STABLE_RETURN_PATH
STABLE_CARRIER_BETA
STABLE_RETURN_PATH
STABLE_RETURN_PATH
STABLE_RETURN_PATH
STABLE_RETURN_PATH
STABLE_CARRIER_BETA
STABLE_RETURN_PATH
STABLE_CARRIER_ALPHA
STABLE_RETURN_PATH
STABLE_CARRIER_BETA
STABLE_CARRIER_BETA
STABLE_RETURN_PATH
STABLE_CARRIER_BETA
STABLE_CARRIER_BETA
STABLE_CARRIER_BETA
STABLE_RETURN_PATH
STABLE_CARRIER_ALPHA
STABLE_CARRIER_ALPHA
STABLE_CARRIER_BETA
STABLE_CARRIER_BETA
STABLE_CARRIER_BETA
STABLE_RETURN_PATH
STABLE_RETURN_PATH
STABLE_CARRIER_BETA
STABLE_CARRIER_BETA
STABLE_CARRIER_BETA
STABLE_RETURN_PATH
STABLE_RETURN_PATH
STABLE_RETURN_PATH
STABLE_CARRIER_ALPHA
STABLE_RETURN_PATH
STABLE_CARRIER_BETA
STABLE_CARRIER_ALPHA
STABLE_RETURN_PATH
STABLE_RETURN_PATH
STABLE_CARRIER_BETA
STABLE_RETURN_PATH
STABLE_CARRIER_BETA
STABLE_RETURN_PATH
STABLE_RETURN_PATH
STABLE_CARRIER_ALPHA
STABLE_CARRIER_ALPHA
STABLE_CARRIER_ALPHA
STABLE_RETURN_PATH
STABLE_CARRIER_ALPHA
STABLE_RETURN_PATH
MIXED_BURST_uniq_1730_xray_202_node
MIXED_BURST_uniq_1731_xray_239_node
MIXED_BURST_uniq_1732_xray_276_node
MIDDLE_PULSE_BRIDGE
MIXED_BURST_uniq_1734_xray_350_node
MIDDLE_PULSE_BRIDGE
MIDDLE_SEAM_LEFT
MIDDLE_PULSE_BRIDGE
MIDDLE_SEAM_LEFT
MIXED_BURST_uniq_1739_xray_535_node
MIDDLE_SEAM_LEFT
MIXED_BURST_uniq_1741_xray_609_node
MIXED_BURST_uniq_1742_xray_646_node
MIDDLE_SEAM_RIGHT
MIDDLE_PULSE_BRIDGE
MIDDLE_GATE_HOLD
MIXED_BURST_uniq_1746_xray_794_node
MIXED_BURST_uniq_1747_xray_831_node
MIDDLE_PULSE_BRIDGE
MIXED_BURST_uniq_1749_xray_905_node
MIXED_BURST_uniq_1750_xray_942_node
MIDDLE_GATE_HOLD
MIDDLE_SEAM_LEFT
MIDDLE_PULSE_BRIDGE
MIDDLE_GATE_HOLD
MIXED_BURST_uniq_1755_xray_130_node
MIXED_BURST_uniq_1756_xray_167_node
MIDDLE_SEAM_LEFT
MIDDLE_PULSE_BRIDGE
MIXED_BURST_uniq_1759_xray_278_node
MIXED_BURST_uniq_1760_xray_315_node
MIXED_BURST_uniq_1761_xray_352_node
MIDDLE_SEAM_RIGHT
MIDDLE_PULSE_BRIDGE
MIXED_BURST_uniq_1764_xray_463_node
MIXED_BURST_uniq_1765_xray_500_node
MIXED_BURST_uniq_1766_xray_537_node
MIDDLE_PULSE_BRIDGE
MIXED_BURST_uniq_1768_xray_611_node
MIDDLE_GATE_HOLD
MIDDLE_SEAM_RIGHT
MIXED_BURST_uniq_1771_xray_722_node
MIDDLE_SEAM_LEFT
MIXED_BURST_uniq_1773_xray_796_node
MIXED_BURST_uniq_1774_xray_833_node
MIDDLE_SEAM_LEFT
MIDDLE_PULSE_BRIDGE
MIDDLE_PULSE_BRIDGE
MIDDLE_SEAM_LEFT
MIXED_BURST_uniq_1779_xray_21_node
MIXED_BURST_uniq_1780_xray_58_node
MIDDLE_SEAM_LEFT
MIDDLE_SEAM_RIGHT
MIXED_BURST_uniq_1783_xray_169_node
MIXED_BURST_uniq_1784_xray_206_node
MIDDLE_PULSE_BRIDGE
MIDDLE_SEAM_RIGHT
MIDDLE_SEAM_RIGHT
MIXED_BURST_uniq_1788_xray_354_node
MIDDLE_GATE_HOLD
MIXED_BURST_uniq_1790_xray_428_node
MIXED_BURST_uniq_1791_xray_465_node
MIXED_BURST_uniq_1792_xray_502_node
MIXED_BURST_uniq_1793_xray_539_node
MIDDLE_PULSE_BRIDGE
MIXED_BURST_uniq_1795_xray_613_node
MIDDLE_SEAM_RIGHT
MIDDLE_GATE_HOLD
MIDDLE_GATE_HOLD
MIDDLE_SEAM_LEFT
MIXED_BURST_uniq_1800_xray_798_node
MIXED_BURST_uniq_1801_xray_835_node
MIDDLE_SEAM_RIGHT
MIXED_BURST_uniq_1803_xray_909_node
MIDDLE_PULSE_BRIDGE
MIDDLE_SEAM_RIGHT
MIDDLE_SEAM_RIGHT
MIDDLE_SEAM_RIGHT
MIXED_BURST_uniq_1808_xray_97_node
MIDDLE_GATE_HOLD
MIDDLE_SEAM_LEFT
MIDDLE_GATE_HOLD
MIDDLE_SEAM_RIGHT
MIXED_BURST_uniq_1813_xray_282_node
MIXED_BURST_uniq_1814_xray_319_node
MIXED_BURST_uniq_1815_xray_356_node
MIXED_BURST_uniq_1816_xray_393_node
MIDDLE_PULSE_BRIDGE
MIDDLE_SEAM_RIGHT
MIXED_BURST_uniq_1819_xray_504_node
STABLE_CARRIER_ALPHA
STABLE_RETURN_PATH
STABLE_CARRIER_BETA
STABLE_RETURN_PATH
STABLE_CARRIER_BETA
STABLE_CARRIER_ALPHA
STABLE_RETURN_PATH
STABLE_CARRIER_BETA
STABLE_CARRIER_ALPHA
STABLE_CARRIER_ALPHA
STABLE_RETURN_PATH
STABLE_CARRIER_ALPHA
STABLE_CARRIER_BETA
STABLE_CARRIER_ALPHA
STABLE_RETURN_PATH
STABLE_CARRIER_ALPHA
STABLE_CARRIER_ALPHA
STABLE_CARRIER_BETA
STABLE_RETURN_PATH
STABLE_CARRIER_BETA
STABLE_CARRIER_ALPHA
STABLE_CARRIER_ALPHA
STABLE_CARRIER_ALPHA
STABLE_CARRIER_ALPHA
STABLE_CARRIER_ALPHA
STABLE_RETURN_PATH
STABLE_CARRIER_ALPHA
STABLE_RETURN_PATH
STABLE_CARRIER_BETA
STABLE_CARRIER_BETA
STABLE_CARRIER_BETA
STABLE_RETURN_PATH
STABLE_CARRIER_ALPHA
STABLE_CARRIER_BETA
STABLE_CARRIER_ALPHA
STABLE_CARRIER_ALPHA
STABLE_CARRIER_BETA
STABLE_CARRIER_ALPHA
STABLE_RETURN_PATH
STABLE_CARRIER_ALPHA
STABLE_CARRIER_BETA
STABLE_CARRIER_ALPHA
STABLE_CARRIER_BETA
STABLE_RETURN_PATH
STABLE_RETURN_PATH
STABLE_CARRIER_BETA
STABLE_CARRIER_ALPHA
STABLE_CARRIER_ALPHA
STABLE_CARRIER_ALPHA
STABLE_CARRIER_ALPHA
STABLE_CARRIER_BETA
STABLE_CARRIER_ALPHA
STABLE_CARRIER_ALPHA
STABLE_CARRIER_BETA
STABLE_CARRIER_ALPHA
STABLE_RETURN_PATH
STABLE_CARRIER_BETA
STABLE_CARRIER_ALPHA
STABLE_CARRIER_BETA
STABLE_CARRIER_ALPHA
STABLE_CARRIER_BETA
STABLE_CARRIER_BETA
STABLE_CARRIER_ALPHA
STABLE_RETURN_PATH
STABLE_RETURN_PATH
STABLE_RETURN_PATH
STABLE_RETURN_PATH
STABLE_CARRIER_BETA
STABLE_CARRIER_BETA
STABLE_CARRIER_BETA
STABLE_RETURN_PATH
STABLE_RETURN_PATH
STABLE_CARRIER_ALPHA
STABLE_CARRIER_BETA
STABLE_RETURN_PATH
STABLE_CARRIER_BETA
STABLE_CARRIER_BETA
STABLE_CARRIER_BETA
STABLE_CARRIER_ALPHA
STABLE_RETURN_PATH
STABLE_CARRIER_ALPHA
STABLE_CARRIER_BETA
STABLE_CARRIER_ALPHA
STABLE_RETURN_PATH
STABLE_RETURN_PATH
STABLE_CARRIER_BETA
STABLE_RETURN_PATH
STABLE_CARRIER_BETA
STABLE_CARRIER_BETA
STABLE_CARRIER_ALPHA
STABLE_CARRIER_ALPHA
STABLE_CARRIER_BETA
STABLE_CARRIER_ALPHA
STABLE_RETURN_PATH
STABLE_CARRIER_BETA
STABLE_CARRIER_ALPHA
STABLE_CARRIER_ALPHA
STABLE_CARRIER_ALPHA
STABLE_RETURN_PATH
STABLE_RETURN_PATH
STABLE_CARRIER_ALPHA
STABLE_CARRIER_BETA
STABLE_CARRIER_BETA
STABLE_CARRIER_ALPHA
STABLE_CARRIER_ALPHA
STABLE_RETURN_PATH
STABLE_CARRIER_ALPHA
STABLE_RETURN_PATH
STABLE_CARRIER_BETA
STABLE_RETURN_PATH
STABLE_CARRIER_ALPHA
STABLE_RETURN_PATH
STABLE_CARRIER_ALPHA
STABLE_CARRIER_BETA
STABLE_CARRIER_BETA
STABLE_CARRIER_BETA
STABLE_CARRIER_ALPHA
STABLE_CARRIER_ALPHA
STABLE_CARRIER_ALPHA
STABLE_CARRIER_BETA
STABLE_RETURN_PATH
STABLE_CARRIER_BETA
STABLE_RETURN_PATH
STABLE_CARRIER_BETA
STABLE_CARRIER_BETA
STABLE_RETURN_PATH
STABLE_RETURN_PATH
STABLE_CARRIER_BETA
STABLE_RETURN_PATH
STABLE_RETURN_PATH
STABLE_RETURN_PATH
STABLE_RETURN_PATH
STABLE_CARRIER_ALPHA
STABLE_RETURN_PATH
STABLE_CARRIER_ALPHA
STABLE_CARRIER_ALPHA
STABLE_CARRIER_BETA
STABLE_CARRIER_ALPHA
STABLE_RETURN_PATH
STABLE_CARRIER_ALPHA
STABLE_RETURN_PATH
STABLE_RETURN_PATH
STABLE_CARRIER_BETA
STABLE_CARRIER_ALPHA
STABLE_RETURN_PATH
STABLE_RETURN_PATH
STABLE_RETURN_PATH
STABLE_RETURN_PATH
STABLE_RETURN_PATH
STABLE_CARRIER_BETA
STABLE_CARRIER_ALPHA
STABLE_CARRIER_ALPHA
STABLE_CARRIER_ALPHA
STABLE_RETURN_PATH
STABLE_RETURN_PATH
STABLE_RETURN_PATH
STABLE_CARRIER_BETA
STABLE_RETURN_PATH
STABLE_RETURN_PATH
STABLE_CARRIER_ALPHA
STABLE_CARRIER_ALPHA
STABLE_CARRIER_ALPHA
STABLE_CARRIER_BETA
STABLE_CARRIER_BETA
STABLE_CARRIER_ALPHA
STABLE_CARRIER_ALPHA
STABLE_CARRIER_BETA
STABLE_CARRIER_BETA
STABLE_CARRIER_BETA
STABLE_CARRIER_ALPHA
STABLE_CARRIER_ALPHA
STABLE_RETURN_PATH
STABLE_CARRIER_BETA
STABLE_RETURN_PATH
STABLE_CARRIER_ALPHA
STABLE_RETURN_PATH
STABLE_RETURN_PATH
STABLE_CARRIER_BETA
STABLE_RETURN_PATH
STABLE_CARRIER_ALPHA
STABLE_RETURN_PATH
