t=0001 eta drift low regime=0
t=0002 eta drift low regime=0
t=0003 eta drift low regime=0
t=0004 eta drift low regime=0
t=0005 eta drift low regime=0
t=0006 eta drift low regime=0
t=0007 eta drift low regime=0
t=0008 eta drift low regime=0
t=0009 eta drift low regime=0
t=0010 eta drift low regime=0
t=0011 eta drift low regime=0
t=0012 eta drift low regime=0
t=0013 eta drift low regime=0
t=0014 eta drift low regime=0
t=0015 eta drift low regime=0
t=0016 mu local flicker regime=0
t=0017 eta drift low regime=0
t=0018 eta drift low regime=0
t=0019 eta drift low regime=0
t=0020 eta drift low regime=0
t=0021 eta drift low regime=0
t=0022 eta drift low regime=0
t=0023 eta drift low regime=0
t=0024 eta drift low regime=0
t=0025 eta drift low regime=0
t=0026 eta drift low regime=0
t=0027 eta drift low regime=0
t=0028 eta drift low regime=0
t=0029 eta drift low regime=0
t=0030 eta drift low regime=0
t=0031 iota boundary thin regime=0
t=0032 eta drift low regime=0
t=0033 eta drift low regime=0
t=0034 eta drift low regime=0
t=0035 eta drift low regime=0
t=0036 eta drift low regime=0
t=0037 eta drift low regime=0
t=0038 eta drift low regime=0
t=0039 eta drift low regime=0
t=0040 eta drift low regime=0
t=0041 eta drift low regime=0
t=0042 eta drift low regime=0
t=0043 eta drift low regime=0
t=0044 eta drift low regime=0
t=0045 eta drift low regime=0
t=0046 eta drift low regime=0
t=0047 eta drift low regime=0
t=0048 eta drift low regime=0
t=0049 eta drift low regime=0
t=0050 eta drift low regime=0
t=0051 eta drift low regime=0
t=0052 iota boundary thin regime=0
t=0053 eta drift low regime=0
t=0054 eta drift low regime=0
t=0055 mu local flicker regime=0
t=0056 eta drift low regime=0
t=0057 iota boundary thin regime=0
t=0058 eta drift low regime=0
t=0059 eta drift low regime=0
t=0060 eta drift low regime=0
t=0061 eta drift low regime=0
t=0062 eta drift low regime=0
t=0063 eta drift low regime=0
t=0064 eta drift low regime=0
t=0065 eta drift low regime=0
t=0066 eta drift low regime=0
t=0067 eta drift low regime=0
t=0068 eta drift low regime=0
t=0069 eta drift low regime=0
t=0070 eta drift low regime=0
t=0071 eta drift low regime=0
t=0072 eta drift low regime=0
t=0073 eta drift low regime=0
t=0074 eta drift low regime=0
t=0075 eta drift low regime=0
t=0076 eta drift low regime=0
t=0077 eta drift low regime=0
t=0078 eta drift low regime=0
t=0079 eta drift low regime=0
t=0080 eta drift low regime=0
t=0081 eta drift low regime=0
t=0082 eta drift low regime=0
t=0083 eta drift low regime=0
t=0084 eta drift low regime=0
t=0085 eta drift low regime=0
t=0086 eta drift low regime=0
t=0087 eta drift low regime=0
t=0088 eta drift low regime=0
t=0089 eta drift low regime=0
t=0090 eta drift low regime=0
t=0091 eta drift low regime=0
t=0092 eta drift low regime=0
t=0093 eta drift low regime=0
t=0094 eta drift low regime=0
t=0095 eta drift low regime=0
t=0096 eta drift low regime=0
t=0097 eta drift low regime=0
t=0098 eta drift low regime=0
t=0099 eta drift low regime=0
t=0100 eta drift low regime=0
t=0101 eta drift low regime=0
t=0102 eta drift low regime=0
t=0103 eta drift low regime=0
t=0104 eta drift low regime=0
t=0105 eta drift low regime=0
t=0106 eta drift low regime=0
t=0107 eta drift low regime=0
t=0108 eta drift low regime=0
t=0109 eta drift low regime=0
t=0110 eta drift low regime=0
t=0111 eta drift low regime=0
t=0112 eta drift low regime=0
t=0113 eta drift low regime=0
t=0114 eta drift low regime=0
t=0115 eta drift low regime=0
t=0116 eta drift low regime=0
t=0117 eta drift low regime=0
t=0118 eta drift low regime=0
t=0119 eta drift low regime=0
t=0120 eta drift low regime=0
t=0121 eta drift low regime=0
t=0122 mu local flicker regime=0
t=0123 eta drift low regime=0
t=0124 eta drift low regime=0
t=0125 eta drift low regime=0
t=0126 eta drift low regime=0
t=0127 eta drift low regime=0
t=0128 eta drift low regime=0
t=0129 eta drift low regime=0
t=0130 eta drift low regime=0
t=0131 eta drift low regime=0
t=0132 eta drift low regime=0
t=0133 eta drift low regime=0
t=0134 mu local flicker regime=0
t=0135 eta drift low regime=0
t=0136 eta drift low regime=0
t=0137 eta drift low regime=0
t=0138 eta drift low regime=0
t=0139 eta drift low regime=0
t=0140 eta drift low regime=0
t=0141 eta drift low regime=0
t=0142 eta drift low regime=0
t=0143 eta drift low regime=0
t=0144 eta drift low regime=0
t=0145 eta drift low regime=0
t=0146 eta drift low regime=0
t=0147 iota boundary thin regime=0
t=0148 eta drift low regime=0
t=0149 eta drift low regime=0
t=0150 eta drift low regime=0
t=0151 eta drift low regime=0
t=0152 eta drift low regime=0
t=0153 eta drift low regime=0
t=0154 eta drift low regime=0
t=0155 eta drift low regime=0
t=0156 eta drift low regime=0
t=0157 eta drift low regime=0
t=0158 eta drift low regime=0
t=0159 eta drift low regime=0
t=0160 eta drift low regime=0
t=0161 eta drift low regime=0
t=0162 eta drift low regime=0
t=0163 eta drift low regime=0
t=0164 eta drift low regime=0
t=0165 eta drift low regime=0
t=0166 eta drift low regime=0
t=0167 eta drift low regime=0
t=0168 eta drift low regime=0
t=0169 eta drift low regime=0
t=0170 eta drift low regime=0
t=0171 eta drift low regime=0
t=0172 eta drift low regime=0
t=0173 eta drift low regime=0
t=0174 eta drift low regime=0
t=0175 eta drift low regime=0
t=0176 eta drift low regime=0
t=0177 eta drift low regime=0
t=0178 eta drift low regime=0
t=0179 eta drift low regime=0
t=0180 eta drift low regime=0
t=0181 eta drift low regime=0
t=0182 eta drift low regime=0
t=0183 eta drift low regime=0
t=0184 eta drift low regime=0
t=0185 eta drift low regime=0
t=0186 eta drift low regime=0
t=0187 eta drift low regime=0
t=0188 eta drift low regime=0
t=0189 eta drift low regime=0
t=0190 eta drift low regime=0
t=0191 eta drift low regime=0
t=0192 eta drift low regime=0
t=0193 eta drift low regime=0
t=0194 eta drift low regime=0
t=0195 eta drift low regime=0
t=0196 eta drift low regime=0
t=0197 eta drift low regime=0
t=0198 eta drift low regime=0
t=0199 eta drift low regime=0
t=0200 eta drift low regime=0
t=0201 eta drift low regime=0
t=0202 mu local flicker regime=0
t=0203 eta drift low regime=0
t=0204 eta drift low regime=0
t=0205 eta drift low regime=0
t=0206 eta drift low regime=0
t=0207 eta drift low regime=0
t=0208 eta drift low regime=0
t=0209 eta drift low regime=0
t=0210 eta drift low regime=0
t=0211 eta drift low regime=0
t=0212 eta drift low regime=0
t=0213 eta drift low regime=0
t=0214 eta drift low regime=0
t=0215 mu local flicker regime=0
t=0216 eta drift low regime=0
t=0217 eta drift low regime=0
t=0218 eta drift low regime=0
t=0219 eta drift low regime=0
t=0220 eta drift low regime=0
t=0221 eta drift low regime=0
t=0222 eta drift low regime=0
t=0223 eta drift low regime=0
t=0224 eta drift low regime=0
t=0225 eta drift low regime=0
t=0226 eta drift low regime=0
t=0227 eta drift low regime=0
t=0228 eta drift low regime=0
t=0229 eta drift low regime=0
t=0230 eta drift low regime=0
t=0231 iota boundary thin regime=0
t=0232 eta drift low regime=0
t=0233 eta drift low regime=0
t=0234 eta drift low regime=0
t=0235 eta drift low regime=0
t=0236 eta drift low regime=0
t=0237 eta drift low regime=0
t=0238 eta drift low regime=0
t=0239 mu local flicker regime=0
t=0240 eta drift low regime=0
t=0241 eta drift low regime=0
t=0242 mu local flicker regime=0
t=0243 eta drift low regime=0
t=0244 eta drift low regime=0
t=0245 eta drift low regime=0
t=0246 eta drift low regime=0
t=0247 eta drift low regime=0
t=0248 eta drift low regime=0
t=0249 eta drift low regime=0
t=0250 delta carrier stable regime=1
t=0251 delta carrier stable regime=1
t=0252 delta carrier stable regime=1
t=0253 delta carrier stable regime=1
t=0254 delta carrier stable regime=1
t=0255 delta carrier stable regime=1
t=0256 delta carrier stable regime=1
t=0257 delta carrier stable regime=1
t=0258 delta carrier stable regime=1
t=0259 delta carrier stable regime=1
t=0260 delta carrier stable regime=1
t=0261 delta carrier stable regime=1
t=0262 delta carrier stable regime=1
t=0263 delta carrier stable regime=1
t=0264 delta carrier stable regime=1
t=0265 delta carrier stable regime=1
t=0266 delta carrier stable regime=1
t=0267 delta carrier stable regime=1
t=0268 delta carrier stable regime=1
t=0269 iota boundary thin regime=1
t=0270 delta carrier stable regime=1
t=0271 delta carrier stable regime=1
t=0272 delta carrier stable regime=1
t=0273 delta carrier stable regime=1
t=0274 delta carrier stable regime=1
t=0275 delta carrier stable regime=1
t=0276 delta carrier stable regime=1
t=0277 delta carrier stable regime=1
t=0278 delta carrier stable regime=1
t=0279 delta carrier stable regime=1
t=0280 delta carrier stable regime=1
t=0281 delta carrier stable regime=1
t=0282 delta carrier stable regime=1
t=0283 delta carrier stable regime=1
t=0284 mu local flicker regime=1
t=0285 delta carrier stable regime=1
t=0286 delta carrier stable regime=1
t=0287 delta carrier stable regime=1
t=0288 delta carrier stable regime=1
t=0289 delta carrier stable regime=1
t=0290 delta carrier stable regime=1
t=0291 delta carrier stable regime=1
t=0292 delta carrier stable regime=1
t=0293 delta carrier stable regime=1
t=0294 delta carrier stable regime=1
t=0295 delta carrier stable regime=1
t=0296 delta carrier stable regime=1
t=0297 delta carrier stable regime=1
t=0298 delta carrier stable regime=1
t=0299 delta carrier stable regime=1
t=0300 delta carrier stable regime=1
t=0301 delta carrier stable regime=1
t=0302 delta carrier stable regime=1
t=0303 delta carrier stable regime=1
t=0304 delta carrier stable regime=1
t=0305 delta carrier stable regime=1
t=0306 delta carrier stable regime=1
t=0307 delta carrier stable regime=1
t=0308 delta carrier stable regime=1
t=0309 delta carrier stable regime=1
t=0310 delta carrier stable regime=1
t=0311 delta carrier stable regime=1
t=0312 delta carrier stable regime=1
t=0313 delta carrier stable regime=1
t=0314 iota boundary thin regime=1
t=0315 delta carrier stable regime=1
t=0316 delta carrier stable regime=1
t=0317 delta carrier stable regime=1
t=0318 delta carrier stable regime=1
t=0319 delta carrier stable regime=1
t=0320 delta carrier stable regime=1
t=0321 delta carrier stable regime=1
t=0322 iota boundary thin regime=1
t=0323 delta carrier stable regime=1
t=0324 delta carrier stable regime=1
t=0325 delta carrier stable regime=1
t=0326 delta carrier stable regime=1
t=0327 mu local flicker regime=1
t=0328 delta carrier stable regime=1
t=0329 mu local flicker regime=1
t=0330 delta carrier stable regime=1
t=0331 delta carrier stable regime=1
t=0332 delta carrier stable regime=1
t=0333 delta carrier stable regime=1
t=0334 delta carrier stable regime=1
t=0335 delta carrier stable regime=1
t=0336 delta carrier stable regime=1
t=0337 delta carrier stable regime=1
t=0338 delta carrier stable regime=1
t=0339 delta carrier stable regime=1
t=0340 delta carrier stable regime=1
t=0341 delta carrier stable regime=1
t=0342 delta carrier stable regime=1
t=0343 delta carrier stable regime=1
t=0344 delta carrier stable regime=1
t=0345 delta carrier stable regime=1
t=0346 delta carrier stable regime=1
t=0347 delta carrier stable regime=1
t=0348 delta carrier stable regime=1
t=0349 delta carrier stable regime=1
t=0350 delta carrier stable regime=1
t=0351 delta carrier stable regime=1
t=0352 delta carrier stable regime=1
t=0353 delta carrier stable regime=1
t=0354 delta carrier stable regime=1
t=0355 delta carrier stable regime=1
t=0356 delta carrier stable regime=1
t=0357 delta carrier stable regime=1
t=0358 delta carrier stable regime=1
t=0359 delta carrier stable regime=1
t=0360 delta carrier stable regime=1
t=0361 delta carrier stable regime=1
t=0362 delta carrier stable regime=1
t=0363 delta carrier stable regime=1
t=0364 delta carrier stable regime=1
t=0365 delta carrier stable regime=1
t=0366 delta carrier stable regime=1
t=0367 delta carrier stable regime=1
t=0368 delta carrier stable regime=1
t=0369 delta carrier stable regime=1
t=0370 delta carrier stable regime=1
t=0371 delta carrier stable regime=1
t=0372 delta carrier stable regime=1
t=0373 delta carrier stable regime=1
t=0374 delta carrier stable regime=1
t=0375 delta carrier stable regime=1
t=0376 delta carrier stable regime=1
t=0377 delta carrier stable regime=1
t=0378 delta carrier stable regime=1
t=0379 delta carrier stable regime=1
t=0380 delta carrier stable regime=1
t=0381 delta carrier stable regime=1
t=0382 mu local flicker regime=1
t=0383 delta carrier stable regime=1
t=0384 delta carrier stable regime=1
t=0385 delta carrier stable regime=1
t=0386 delta carrier stable regime=1
t=0387 delta carrier stable regime=1
t=0388 delta carrier stable regime=1
t=0389 delta carrier stable regime=1
t=0390 delta carrier stable regime=1
t=0391 delta carrier stable regime=1
t=0392 delta carrier stable regime=1
t=0393 delta carrier stable regime=1
t=0394 delta carrier stable regime=1
t=0395 delta carrier stable regime=1
t=0396 delta carrier stable regime=1
t=0397 delta carrier stable regime=1
t=0398 delta carrier stable regime=1
t=0399 delta carrier stable regime=1
t=0400 delta carrier stable regime=1
t=0401 delta carrier stable regime=1
t=0402 delta carrier stable regime=1
t=0403 delta carrier stable regime=1
t=0404 delta carrier stable regime=1
t=0405 delta carrier stable regime=1
t=0406 delta carrier stable regime=1
t=0407 delta carrier stable regime=1
t=0408 delta carrier stable regime=1
t=0409 delta carrier stable regime=1
t=0410 delta carrier stable regime=1
t=0411 delta carrier stable regime=1
t=0412 delta carrier stable regime=1
t=0413 delta carrier stable regime=1
t=0414 delta carrier stable regime=1
t=0415 delta carrier stable regime=1
t=0416 delta carrier stable regime=1
t=0417 delta carrier stable regime=1
t=0418 delta carrier stable regime=1
t=0419 delta carrier stable regime=1
t=0420 delta carrier stable regime=1
t=0421 delta carrier stable regime=1
t=0422 delta carrier stable regime=1
t=0423 delta carrier stable regime=1
t=0424 delta carrier stable regime=1
t=0425 delta carrier stable regime=1
t=0426 delta carrier stable regime=1
t=0427 iota boundary thin regime=1
t=0428 delta carrier stable regime=1
t=0429 delta carrier stable regime=1
t=0430 delta carrier stable regime=1
t=0431 iota boundary thin regime=1
t=0432 delta carrier stable regime=1
t=0433 delta carrier stable regime=1
t=0434 delta carrier stable regime=1
t=0435 delta carrier stable regime=1
t=0436 delta carrier stable regime=1
t=0437 delta carrier stable regime=1
t=0438 delta carrier stable regime=1
t=0439 delta carrier stable regime=1
t=0440 delta carrier stable regime=1
t=0441 delta carrier stable regime=1
t=0442 delta carrier stable regime=1
t=0443 delta carrier stable regime=1
t=0444 delta carrier stable regime=1
t=0445 delta carrier stable regime=1
t=0446 delta carrier stable regime=1
t=0447 mu local flicker regime=1
t=0448 delta carrier stable regime=1
t=0449 delta carrier stable regime=1
t=0450 delta carrier stable regime=1
t=0451 delta carrier stable regime=1
t=0452 delta carrier stable regime=1
t=0453 delta carrier stable regime=1
t=0454 delta carrier stable regime=1
t=0455 delta carrier stable regime=1
t=0456 delta carrier stable regime=1
t=0457 delta carrier stable regime=1
t=0458 delta carrier stable regime=1
t=0459 delta carrier stable regime=1
t=0460 delta carrier stable regime=1
t=0461 delta carrier stable regime=1
t=0462 delta carrier stable regime=1
t=0463 delta carrier stable regime=1
t=0464 delta carrier stable regime=1
t=0465 delta carrier stable regime=1
t=0466 delta carrier stable regime=1
t=0467 delta carrier stable regime=1
t=0468 delta carrier stable regime=1
t=0469 delta carrier stable regime=1
t=0470 delta carrier stable regime=1
t=0471 delta carrier stable regime=1
t=0472 delta carrier stable regime=1
t=0473 delta carrier stable regime=1
t=0474 delta carrier stable regime=1
t=0475 delta carrier stable regime=1
t=0476 delta carrier stable regime=1
t=0477 delta carrier stable regime=1
t=0478 delta carrier stable regime=1
t=0479 delta carrier stable regime=1
t=0480 delta carrier stable regime=1
t=0481 delta carrier stable regime=1
t=0482 delta carrier stable regime=1
t=0483 delta carrier stable regime=1
t=0484 delta carrier stable regime=1
t=0485 delta carrier stable regime=1
t=0486 delta carrier stable regime=1
t=0487 delta carrier stable regime=1
t=0488 delta carrier stable regime=1
t=0489 delta carrier stable regime=1
t=0490 delta carrier stable regime=1
t=0491 iota boundary thin regime=1
t=0492 delta carrier stable regime=1
t=0493 delta carrier stable regime=1
t=0494 delta carrier stable regime=1
t=0495 delta carrier stable regime=1
t=0496 delta carrier stable regime=1
t=0497 delta carrier stable regime=1
t=0498 delta carrier stable regime=1
t=0499 mu local flicker regime=1
t=0500 theta drift high regime=2
t=0501 theta drift high regime=2
t=0502 theta drift high regime=2
t=0503 theta drift high regime=2
t=0504 theta drift high regime=2
t=0505 theta drift high regime=2
t=0506 theta drift high regime=2
t=0507 theta drift high regime=2
t=0508 theta drift high regime=2
t=0509 theta drift high regime=2
t=0510 theta drift high regime=2
t=0511 theta drift high regime=2
t=0512 theta drift high regime=2
t=0513 theta drift high regime=2
t=0514 theta drift high regime=2
t=0515 theta drift high regime=2
t=0516 theta drift high regime=2
t=0517 iota boundary thin regime=2
t=0518 theta drift high regime=2
t=0519 theta drift high regime=2
t=0520 theta drift high regime=2
t=0521 theta drift high regime=2
t=0522 theta drift high regime=2
t=0523 theta drift high regime=2
t=0524 theta drift high regime=2
t=0525 theta drift high regime=2
t=0526 theta drift high regime=2
t=0527 theta drift high regime=2
t=0528 theta drift high regime=2
t=0529 theta drift high regime=2
t=0530 theta drift high regime=2
t=0531 mu local flicker regime=2
t=0532 theta drift high regime=2
t=0533 theta drift high regime=2
t=0534 theta drift high regime=2
t=0535 theta drift high regime=2
t=0536 theta drift high regime=2
t=0537 theta drift high regime=2
t=0538 theta drift high regime=2
t=0539 theta drift high regime=2
t=0540 theta drift high regime=2
t=0541 theta drift high regime=2
t=0542 theta drift high regime=2
t=0543 theta drift high regime=2
t=0544 theta drift high regime=2
t=0545 theta drift high regime=2
t=0546 theta drift high regime=2
t=0547 theta drift high regime=2
t=0548 theta drift high regime=2
t=0549 theta drift high regime=2
t=0550 theta drift high regime=2
t=0551 iota boundary thin regime=2
t=0552 theta drift high regime=2
t=0553 theta drift high regime=2
t=0554 theta drift high regime=2
t=0555 theta drift high regime=2
t=0556 theta drift high regime=2
t=0557 theta drift high regime=2
t=0558 theta drift high regime=2
t=0559 mu local flicker regime=2
t=0560 theta drift high regime=2
t=0561 theta drift high regime=2
t=0562 theta drift high regime=2
t=0563 theta drift high regime=2
t=0564 theta drift high regime=2
t=0565 theta drift high regime=2
t=0566 theta drift high regime=2
t=0567 theta drift high regime=2
t=0568 theta drift high regime=2
t=0569 theta drift high regime=2
t=0570 theta drift high regime=2
t=0571 theta drift high regime=2
t=0572 theta drift high regime=2
t=0573 theta drift high regime=2
t=0574 theta drift high regime=2
t=0575 theta drift high regime=2
t=0576 theta drift high regime=2
t=0577 theta drift high regime=2
t=0578 theta drift high regime=2
t=0579 theta drift high regime=2
t=0580 theta drift high regime=2
t=0581 theta drift high regime=2
t=0582 theta drift high regime=2
t=0583 theta drift high regime=2
t=0584 theta drift high regime=2
t=0585 theta drift high regime=2
t=0586 theta drift high regime=2
t=0587 theta drift high regime=2
t=0588 theta drift high regime=2
t=0589 theta drift high regime=2
t=0590 theta drift high regime=2
t=0591 theta drift high regime=2
t=0592 theta drift high regime=2
t=0593 theta drift high regime=2
t=0594 theta drift high regime=2
t=0595 theta drift high regime=2
t=0596 theta drift high regime=2
t=0597 theta drift high regime=2
t=0598 theta drift high regime=2
t=0599 theta drift high regime=2
t=0600 theta drift high regime=2
t=0601 theta drift high regime=2
t=0602 theta drift high regime=2
t=0603 theta drift high regime=2
t=0604 theta drift high regime=2
t=0605 iota boundary thin regime=2
t=0606 theta drift high regime=2
t=0607 theta drift high regime=2
t=0608 theta drift high regime=2
t=0609 theta drift high regime=2
t=0610 theta drift high regime=2
t=0611 theta drift high regime=2
t=0612 theta drift high regime=2
t=0613 theta drift high regime=2
t=0614 theta drift high regime=2
t=0615 theta drift high regime=2
t=0616 theta drift high regime=2
t=0617 theta drift high regime=2
t=0618 theta drift high regime=2
t=0619 theta drift high regime=2
t=0620 theta drift high regime=2
t=0621 theta drift high regime=2
t=0622 theta drift high regime=2
t=0623 theta drift high regime=2
t=0624 theta drift high regime=2
t=0625 theta drift high regime=2
t=0626 theta drift high regime=2
t=0627 theta drift high regime=2
t=0628 theta drift high regime=2
t=0629 theta drift high regime=2
t=0630 theta drift high regime=2
t=0631 theta drift high regime=2
t=0632 theta drift high regime=2
t=0633 theta drift high regime=2
t=0634 theta drift high regime=2
t=0635 theta drift high regime=2
t=0636 theta drift high regime=2
t=0637 theta drift high regime=2
t=0638 theta drift high regime=2
t=0639 theta drift high regime=2
t=0640 theta drift high regime=2
t=0641 theta drift high regime=2
t=0642 theta drift high regime=2
t=0643 theta drift high regime=2
t=0644 theta drift high regime=2
t=0645 theta drift high regime=2
t=0646 theta drift high regime=2
t=0647 theta drift high regime=2
t=0648 theta drift high regime=2
t=0649 theta drift high regime=2
t=0650 theta drift high regime=2
t=0651 theta drift high regime=2
t=0652 theta drift high regime=2
t=0653 theta drift high regime=2
t=0654 theta drift high regime=2
t=0655 theta drift high regime=2
t=0656 theta drift high regime=2
t=0657 iota boundary thin regime=2
t=0658 theta drift high regime=2
t=0659 theta drift high regime=2
t=0660 theta drift high regime=2
t=0661 theta drift high regime=2
t=0662 theta drift high regime=2
t=0663 theta drift high regime=2
t=0664 theta drift high regime=2
t=0665 theta drift high regime=2
t=0666 theta drift high regime=2
t=0667 theta drift high regime=2
t=0668 theta drift high regime=2
t=0669 theta drift high regime=2
t=0670 theta drift high regime=2
t=0671 theta drift high regime=2
t=0672 mu local flicker regime=2
t=0673 theta drift high regime=2
t=0674 theta drift high regime=2
t=0675 theta drift high regime=2
t=0676 theta drift high regime=2
t=0677 theta drift high regime=2
t=0678 theta drift high regime=2
t=0679 theta drift high regime=2
t=0680 theta drift high regime=2
t=0681 theta drift high regime=2
t=0682 theta drift high regime=2
t=0683 theta drift high regime=2
t=0684 theta drift high regime=2
t=0685 theta drift high regime=2
t=0686 theta drift high regime=2
t=0687 theta drift high regime=2
t=0688 theta drift high regime=2
t=0689 theta drift high regime=2
t=0690 theta drift high regime=2
t=0691 theta drift high regime=2
t=0692 theta drift high regime=2
t=0693 theta drift high regime=2
t=0694 theta drift high regime=2
t=0695 theta drift high regime=2
t=0696 theta drift high regime=2
t=0697 theta drift high regime=2
t=0698 theta drift high regime=2
t=0699 theta drift high regime=2
t=0700 iota boundary thin regime=2
t=0701 theta drift high regime=2
t=0702 theta drift high regime=2
t=0703 theta drift high regime=2
t=0704 theta drift high regime=2
t=0705 theta drift high regime=2
t=0706 theta drift high regime=2
t=0707 theta drift high regime=2
t=0708 theta drift high regime=2
t=0709 theta drift high regime=2
t=0710 theta drift high regime=2
t=0711 theta drift high regime=2
t=0712 theta drift high regime=2
t=0713 theta drift high regime=2
t=0714 theta drift high regime=2
t=0715 theta drift high regime=2
t=0716 theta drift high regime=2
t=0717 theta drift high regime=2
t=0718 theta drift high regime=2
t=0719 theta drift high regime=2
t=0720 theta drift high regime=2
t=0721 theta drift high regime=2
t=0722 theta drift high regime=2
t=0723 theta drift high regime=2
t=0724 theta drift high regime=2
t=0725 theta drift high regime=2
t=0726 theta drift high regime=2
t=0727 theta drift high regime=2
t=0728 theta drift high regime=2
t=0729 theta drift high regime=2
t=0730 theta drift high regime=2
t=0731 theta drift high regime=2
t=0732 theta drift high regime=2
t=0733 theta drift high regime=2
t=0734 theta drift high regime=2
t=0735 theta drift high regime=2
t=0736 theta drift high regime=2
t=0737 theta drift high regime=2
t=0738 theta drift high regime=2
t=0739 theta drift high regime=2
t=0740 theta drift high regime=2
t=0741 theta drift high regime=2
t=0742 theta drift high regime=2
t=0743 theta drift high regime=2
t=0744 theta drift high regime=2
t=0745 theta drift high regime=2
t=0746 theta drift high regime=2
t=0747 theta drift high regime=2
t=0748 theta drift high regime=2
t=0749 mu local flicker regime=2
t=0750 lambda return path regime=3
t=0751 lambda return path regime=3
t=0752 lambda return path regime=3
t=0753 lambda return path regime=3
t=0754 lambda return path regime=3
t=0755 lambda return path regime=3
t=0756 lambda return path regime=3
t=0757 lambda return path regime=3
t=0758 lambda return path regime=3
t=0759 lambda return path regime=3
t=0760 lambda return path regime=3
t=0761 lambda return path regime=3
t=0762 lambda return path regime=3
t=0763 lambda return path regime=3
t=0764 lambda return path regime=3
t=0765 lambda return path regime=3
t=0766 lambda return path regime=3
t=0767 lambda return path regime=3
t=0768 lambda return path regime=3
t=0769 lambda return path regime=3
t=0770 lambda return path regime=3
t=0771 lambda return path regime=3
t=0772 lambda return path regime=3
t=0773 lambda return path regime=3
t=0774 lambda return path regime=3
t=0775 lambda return path regime=3
t=0776 lambda return path regime=3
t=0777 lambda return path regime=3
t=0778 lambda return path regime=3
t=0779 lambda return path regime=3
t=0780 lambda return path regime=3
t=0781 lambda return path regime=3
t=0782 lambda return path regime=3
t=0783 lambda return path regime=3
t=0784 lambda return path regime=3
t=0785 lambda return path regime=3
t=0786 mu local flicker regime=3
t=0787 lambda return path regime=3
t=0788 lambda return path regime=3
t=0789 lambda return path regime=3
t=0790 lambda return path regime=3
t=0791 lambda return path regime=3
t=0792 lambda return path regime=3
t=0793 lambda return path regime=3
t=0794 lambda return path regime=3
t=0795 lambda return path regime=3
t=0796 lambda return path regime=3
t=0797 lambda return path regime=3
t=0798 lambda return path regime=3
t=0799 lambda return path regime=3
t=0800 lambda return path regime=3
t=0801 lambda return path regime=3
t=0802 lambda return path regime=3
t=0803 lambda return path regime=3
t=0804 lambda return path regime=3
t=0805 lambda return path regime=3
t=0806 lambda return path regime=3
t=0807 lambda return path regime=3
t=0808 lambda return path regime=3
t=0809 lambda return path regime=3
t=0810 lambda return path regime=3
t=0811 lambda return path regime=3
t=0812 lambda return path regime=3
t=0813 lambda return path regime=3
t=0814 lambda return path regime=3
t=0815 lambda return path regime=3
t=0816 lambda return path regime=3
t=0817 lambda return path regime=3
t=0818 lambda return path regime=3
t=0819 lambda return path regime=3
t=0820 lambda return path regime=3
t=0821 lambda return path regime=3
t=0822 lambda return path regime=3
t=0823 lambda return path regime=3
t=0824 lambda return path regime=3
t=0825 lambda return path regime=3
t=0826 mu local flicker regime=3
t=0827 lambda return path regime=3
t=0828 lambda return path regime=3
t=0829 lambda return path regime=3
t=0830 lambda return path regime=3
t=0831 lambda return path regime=3
t=0832 lambda return path regime=3
t=0833 lambda return path regime=3
t=0834 lambda return path regime=3
t=0835 lambda return path regime=3
t=0836 lambda return path regime=3
t=0837 lambda return path regime=3
t=0838 lambda return path regime=3
t=0839 lambda return path regime=3
t=0840 lambda return path regime=3
t=0841 lambda return path regime=3
t=0842 lambda return path regime=3
t=0843 lambda return path regime=3
t=0844 lambda return path regime=3
t=0845 lambda return path regime=3
t=0846 lambda return path regime=3
t=0847 lambda return path regime=3
t=0848 lambda return path regime=3
t=0849 lambda return path regime=3
t=0850 lambda return path regime=3
t=0851 mu local flicker regime=3
t=0852 lambda return path regime=3
t=0853 lambda return path regime=3
t=0854 lambda return path regime=3
t=0855 lambda return path regime=3
t=0856 lambda return path regime=3
t=0857 iota boundary thin regime=3
t=0858 iota boundary thin regime=3
t=0859 mu local flicker regime=3
t=0860 lambda return path regime=3
t=0861 lambda return path regime=3
t=0862 lambda return path regime=3
t=0863 lambda return path regime=3
t=0864 lambda return path regime=3
t=0865 lambda return path regime=3
t=0866 lambda return path regime=3
t=0867 lambda return path regime=3
t=0868 lambda return path regime=3
t=0869 lambda return path regime=3
t=0870 lambda return path regime=3
t=0871 lambda return path regime=3
t=0872 lambda return path regime=3
t=0873 lambda return path regime=3
t=0874 lambda return path regime=3
t=0875 lambda return path regime=3
t=0876 lambda return path regime=3
t=0877 lambda return path regime=3
t=0878 lambda return path regime=3
t=0879 lambda return path regime=3
t=0880 lambda return path regime=3
t=0881 lambda return path regime=3
t=0882 lambda return path regime=3
t=0883 lambda return path regime=3
t=0884 lambda return path regime=3
t=0885 lambda return path regime=3
t=0886 lambda return path regime=3
t=0887 lambda return path regime=3
t=0888 lambda return path regime=3
t=0889 lambda return path regime=3
t=0890 lambda return path regime=3
t=0891 lambda return path regime=3
t=0892 lambda return path regime=3
t=0893 lambda return path regime=3
t=0894 mu local flicker regime=3
t=0895 lambda return path regime=3
t=0896 lambda return path regime=3
t=0897 iota boundary thin regime=3
t=0898 lambda return path regime=3
t=0899 lambda return path regime=3
t=0900 mu local flicker regime=3
t=0901 lambda return path regime=3
t=0902 lambda return path regime=3
t=0903 lambda return path regime=3
t=0904 lambda return path regime=3
t=0905 lambda return path regime=3
t=0906 lambda return path regime=3
t=0907 lambda return path regime=3
t=0908 lambda return path regime=3
t=0909 lambda return path regime=3
t=0910 lambda return path regime=3
t=0911 lambda return path regime=3
t=0912 lambda return path regime=3
t=0913 lambda return path regime=3
t=0914 lambda return path regime=3
t=0915 lambda return path regime=3
t=0916 lambda return path regime=3
t=0917 lambda return path regime=3
t=0918 lambda return path regime=3
t=0919 lambda return path regime=3
t=0920 lambda return path regime=3
t=0921 lambda return path regime=3
t=0922 lambda return path regime=3
t=0923 lambda return path regime=3
t=0924 lambda return path regime=3
t=0925 lambda return path regime=3
t=0926 lambda return path regime=3
t=0927 lambda return path regime=3
t=0928 lambda return path regime=3
t=0929 lambda return path regime=3
t=0930 lambda return path regime=3
t=0931 lambda return path regime=3
t=0932 lambda return path regime=3
t=0933 lambda return path regime=3
t=0934 iota boundary thin regime=3
t=0935 lambda return path regime=3
t=0936 lambda return path regime=3
t=0937 lambda return path regime=3
t=0938 lambda return path regime=3
t=0939 lambda return path regime=3
t=0940 lambda return path regime=3
t=0941 lambda return path regime=3
t=0942 lambda return path regime=3
t=0943 lambda return path regime=3
t=0944 lambda return path regime=3
t=0945 lambda return path regime=3
t=0946 lambda return path regime=3
t=0947 lambda return path regime=3
t=0948 lambda return path regime=3
t=0949 lambda return path regime=3
t=0950 lambda return path regime=3
t=0951 lambda return path regime=3
t=0952 lambda return path regime=3
t=0953 lambda return path regime=3
t=0954 lambda return path regime=3
t=0955 lambda return path regime=3
t=0956 lambda return path regime=3
t=0957 lambda return path regime=3
t=0958 lambda return path regime=3
t=0959 lambda return path regime=3
t=0960 lambda return path regime=3
t=0961 lambda return path regime=3
t=0962 lambda return path regime=3
t=0963 lambda return path regime=3
t=0964 lambda return path regime=3
t=0965 lambda return path regime=3
t=0966 lambda return path regime=3
t=0967 lambda return path regime=3
t=0968 lambda return path regime=3
t=0969 lambda return path regime=3
t=0970 lambda return path regime=3
t=0971 lambda return path regime=3
t=0972 lambda return path regime=3
t=0973 lambda return path regime=3
t=0974 lambda return path regime=3
t=0975 lambda return path regime=3
t=0976 lambda return path regime=3
t=0977 lambda return path regime=3
t=0978 lambda return path regime=3
t=0979 lambda return path regime=3
t=0980 lambda return path regime=3
t=0981 lambda return path regime=3
t=0982 lambda return path regime=3
t=0983 lambda return path regime=3
t=0984 lambda return path regime=3
t=0985 lambda return path regime=3
t=0986 lambda return path regime=3
t=0987 lambda return path regime=3
t=0988 lambda return path regime=3
t=0989 lambda return path regime=3
t=0990 lambda return path regime=3
t=0991 lambda return path regime=3
t=0992 lambda return path regime=3
t=0993 iota boundary thin regime=3
t=0994 lambda return path regime=3
t=0995 lambda return path regime=3
t=0996 lambda return path regime=3
t=0997 lambda return path regime=3
t=0998 lambda return path regime=3
t=0999 lambda return path regime=3
t=1000 eta drift low regime=0
t=1001 eta drift low regime=0
t=1002 eta drift low regime=0
t=1003 mu local flicker regime=0
t=1004 eta drift low regime=0
t=1005 eta drift low regime=0
t=1006 eta drift low regime=0
t=1007 eta drift low regime=0
t=1008 eta drift low regime=0
t=1009 eta drift low regime=0
t=1010 eta drift low regime=0
t=1011 eta drift low regime=0
t=1012 eta drift low regime=0
t=1013 eta drift low regime=0
t=1014 eta drift low regime=0
t=1015 eta drift low regime=0
t=1016 eta drift low regime=0
t=1017 eta drift low regime=0
t=1018 eta drift low regime=0
t=1019 eta drift low regime=0
t=1020 eta drift low regime=0
t=1021 eta drift low regime=0
t=1022 eta drift low regime=0
t=1023 eta drift low regime=0
t=1024 eta drift low regime=0
t=1025 eta drift low regime=0
t=1026 eta drift low regime=0
t=1027 eta drift low regime=0
t=1028 eta drift low regime=0
t=1029 eta drift low regime=0
t=1030 eta drift low regime=0
t=1031 eta drift low regime=0
t=1032 eta drift low regime=0
t=1033 eta drift low regime=0
t=1034 eta drift low regime=0
t=1035 eta drift low regime=0
t=1036 eta drift low regime=0
t=1037 eta drift low regime=0
t=1038 eta drift low regime=0
t=1039 eta drift low regime=0
t=1040 eta drift low regime=0
t=1041 eta drift low regime=0
t=1042 eta drift low regime=0
t=1043 eta drift low regime=0
t=1044 eta drift low regime=0
t=1045 eta drift low regime=0
t=1046 eta drift low regime=0
t=1047 eta drift low regime=0
t=1048 eta drift low regime=0
t=1049 eta drift low regime=0
t=1050 eta drift low regime=0
t=1051 eta drift low regime=0
t=1052 eta drift low regime=0
t=1053 eta drift low regime=0
t=1054 eta drift low regime=0
t=1055 eta drift low regime=0
t=1056 eta drift low regime=0
t=1057 eta drift low regime=0
t=1058 eta drift low regime=0
t=1059 eta drift low regime=0
t=1060 eta drift low regime=0
t=1061 eta drift low regime=0
t=1062 eta drift low regime=0
t=1063 eta drift low regime=0
t=1064 eta drift low regime=0
t=1065 eta drift low regime=0
t=1066 eta drift low regime=0
t=1067 eta drift low regime=0
t=1068 eta drift low regime=0
t=1069 eta drift low regime=0
t=1070 eta drift low regime=0
t=1071 eta drift low regime=0
t=1072 eta drift low regime=0
t=1073 eta drift low regime=0
t=1074 eta drift low regime=0
t=1075 eta drift low regime=0
t=1076 eta drift low regime=0
t=1077 eta drift low regime=0
t=1078 eta drift low regime=0
t=1079 eta drift low regime=0
t=1080 eta drift low regime=0
t=1081 eta drift low regime=0
t=1082 eta drift low regime=0
t=1083 eta drift low regime=0
t=1084 eta drift low regime=0
t=1085 eta drift low regime=0
t=1086 eta drift low regime=0
t=1087 eta drift low regime=0
t=1088 eta drift low regime=0
t=1089 eta drift low regime=0
t=1090 eta drift low regime=0
t=1091 eta drift low regime=0
t=1092 eta drift low regime=0
t=1093 eta drift low regime=0
t=1094 eta drift low regime=0
t=1095 eta drift low regime=0
t=1096 eta drift low regime=0
t=1097 eta drift low regime=0
t=1098 eta drift low regime=0
t=1099 eta drift low regime=0
t=1100 eta drift low regime=0
t=1101 eta drift low regime=0
t=1102 eta drift low regime=0
t=1103 eta drift low regime=0
t=1104 eta drift low regime=0
t=1105 eta drift low regime=0
t=1106 eta drift low regime=0
t=1107 eta drift low regime=0
t=1108 eta drift low regime=0
t=1109 eta drift low regime=0
t=1110 iota boundary thin regime=0
t=1111 eta drift low regime=0
t=1112 eta drift low regime=0
t=1113 eta drift low regime=0
t=1114 eta drift low regime=0
t=1115 eta drift low regime=0
t=1116 eta drift low regime=0
t=1117 eta drift low regime=0
t=1118 eta drift low regime=0
t=1119 eta drift low regime=0
t=1120 eta drift low regime=0
t=1121 eta drift low regime=0
t=1122 eta drift low regime=0
t=1123 eta drift low regime=0
t=1124 eta drift low regime=0
t=1125 eta drift low regime=0
t=1126 mu local flicker regime=0
t=1127 eta drift low regime=0
t=1128 eta drift low regime=0
t=1129 eta drift low regime=0
t=1130 eta drift low regime=0
t=1131 eta drift low regime=0
t=1132 eta drift low regime=0
t=1133 eta drift low regime=0
t=1134 eta drift low regime=0
t=1135 eta drift low regime=0
t=1136 eta drift low regime=0
t=1137 eta drift low regime=0
t=1138 eta drift low regime=0
t=1139 eta drift low regime=0
t=1140 eta drift low regime=0
t=1141 eta drift low regime=0
t=1142 eta drift low regime=0
t=1143 eta drift low regime=0
t=1144 eta drift low regime=0
t=1145 eta drift low regime=0
t=1146 eta drift low regime=0
t=1147 eta drift low regime=0
t=1148 eta drift low regime=0
t=1149 eta drift low regime=0
t=1150 eta drift low regime=0
t=1151 eta drift low regime=0
t=1152 eta drift low regime=0
t=1153 eta drift low regime=0
t=1154 eta drift low regime=0
t=1155 eta drift low regime=0
t=1156 eta drift low regime=0
t=1157 eta drift low regime=0
t=1158 iota boundary thin regime=0
t=1159 eta drift low regime=0
t=1160 eta drift low regime=0
t=1161 eta drift low regime=0
t=1162 eta drift low regime=0
t=1163 eta drift low regime=0
t=1164 eta drift low regime=0
t=1165 eta drift low regime=0
t=1166 eta drift low regime=0
t=1167 eta drift low regime=0
t=1168 eta drift low regime=0
t=1169 eta drift low regime=0
t=1170 eta drift low regime=0
t=1171 eta drift low regime=0
t=1172 eta drift low regime=0
t=1173 eta drift low regime=0
t=1174 eta drift low regime=0
t=1175 eta drift low regime=0
t=1176 eta drift low regime=0
t=1177 eta drift low regime=0
t=1178 eta drift low regime=0
t=1179 eta drift low regime=0
t=1180 eta drift low regime=0
t=1181 eta drift low regime=0
t=1182 eta drift low regime=0
t=1183 eta drift low regime=0
t=1184 eta drift low regime=0
t=1185 eta drift low regime=0
t=1186 eta drift low regime=0
t=1187 eta drift low regime=0
t=1188 eta drift low regime=0
t=1189 iota boundary thin regime=0
t=1190 eta drift low regime=0
t=1191 eta drift low regime=0
t=1192 eta drift low regime=0
t=1193 eta drift low regime=0
t=1194 eta drift low regime=0
t=1195 eta drift low regime=0
t=1196 eta drift low regime=0
t=1197 mu local flicker regime=0
t=1198 eta drift low regime=0
t=1199 eta drift low regime=0
t=1200 eta drift low regime=0
t=1201 eta drift low regime=0
t=1202 eta drift low regime=0
t=1203 eta drift low regime=0
t=1204 eta drift low regime=0
t=1205 eta drift low regime=0
t=1206 eta drift low regime=0
t=1207 eta drift low regime=0
t=1208 eta drift low regime=0
t=1209 eta drift low regime=0
t=1210 eta drift low regime=0
t=1211 eta drift low regime=0
t=1212 eta drift low regime=0
t=1213 eta drift low regime=0
t=1214 eta drift low regime=0
t=1215 eta drift low regime=0
t=1216 eta drift low regime=0
t=1217 eta drift low regime=0
t=1218 eta drift low regime=0
t=1219 eta drift low regime=0
t=1220 eta drift low regime=0
t=1221 eta drift low regime=0
t=1222 eta drift low regime=0
t=1223 eta drift low regime=0
t=1224 eta drift low regime=0
t=1225 eta drift low regime=0
t=1226 eta drift low regime=0
t=1227 eta drift low regime=0
t=1228 eta drift low regime=0
t=1229 eta drift low regime=0
t=1230 eta drift low regime=0
t=1231 eta drift low regime=0
t=1232 eta drift low regime=0
t=1233 eta drift low regime=0
t=1234 eta drift low regime=0
t=1235 eta drift low regime=0
t=1236 eta drift low regime=0
t=1237 eta drift low regime=0
t=1238 eta drift low regime=0
t=1239 eta drift low regime=0
t=1240 eta drift low regime=0
t=1241 eta drift low regime=0
t=1242 eta drift low regime=0
t=1243 eta drift low regime=0
t=1244 eta drift low regime=0
t=1245 eta drift low regime=0
t=1246 eta drift low regime=0
t=1247 eta drift low regime=0
t=1248 eta drift low regime=0
t=1249 eta drift low regime=0
t=1250 mu local flicker regime=1
t=1251 delta carrier stable regime=1
t=1252 delta carrier stable regime=1
t=1253 delta carrier stable regime=1
t=1254 delta carrier stable regime=1
t=1255 delta carrier stable regime=1
t=1256 delta carrier stable regime=1
t=1257 mu local flicker regime=1
t=1258 delta carrier stable regime=1
t=1259 delta carrier stable regime=1
t=1260 delta carrier stable regime=1
t=1261 delta carrier stable regime=1
t=1262 delta carrier stable regime=1
t=1263 delta carrier stable regime=1
t=1264 delta carrier stable regime=1
t=1265 delta carrier stable regime=1
t=1266 delta carrier stable regime=1
t=1267 delta carrier stable regime=1
t=1268 delta carrier stable regime=1
t=1269 delta carrier stable regime=1
t=1270 delta carrier stable regime=1
t=1271 delta carrier stable regime=1
t=1272 delta carrier stable regime=1
t=1273 delta carrier stable regime=1
t=1274 delta carrier stable regime=1
t=1275 delta carrier stable regime=1
t=1276 delta carrier stable regime=1
t=1277 delta carrier stable regime=1
t=1278 delta carrier stable regime=1
t=1279 delta carrier stable regime=1
t=1280 delta carrier stable regime=1
t=1281 delta carrier stable regime=1
t=1282 delta carrier stable regime=1
t=1283 delta carrier stable regime=1
t=1284 delta carrier stable regime=1
t=1285 delta carrier stable regime=1
t=1286 delta carrier stable regime=1
t=1287 delta carrier stable regime=1
t=1288 delta carrier stable regime=1
t=1289 delta carrier stable regime=1
t=1290 delta carrier stable regime=1
t=1291 delta carrier stable regime=1
t=1292 delta carrier stable regime=1
t=1293 delta carrier stable regime=1
t=1294 delta carrier stable regime=1
t=1295 delta carrier stable regime=1
t=1296 delta carrier stable regime=1
t=1297 delta carrier stable regime=1
t=1298 delta carrier stable regime=1
t=1299 delta carrier stable regime=1
t=1300 delta carrier stable regime=1
t=1301 delta carrier stable regime=1
t=1302 delta carrier stable regime=1
t=1303 delta carrier stable regime=1
t=1304 iota boundary thin regime=1
t=1305 delta carrier stable regime=1
t=1306 delta carrier stable regime=1
t=1307 delta carrier stable regime=1
t=1308 delta carrier stable regime=1
t=1309 delta carrier stable regime=1
t=1310 delta carrier stable regime=1
t=1311 delta carrier stable regime=1
t=1312 delta carrier stable regime=1
t=1313 delta carrier stable regime=1
t=1314 delta carrier stable regime=1
t=1315 delta carrier stable regime=1
t=1316 delta carrier stable regime=1
t=1317 delta carrier stable regime=1
t=1318 delta carrier stable regime=1
t=1319 delta carrier stable regime=1
t=1320 delta carrier stable regime=1
t=1321 delta carrier stable regime=1
t=1322 delta carrier stable regime=1
t=1323 delta carrier stable regime=1
t=1324 delta carrier stable regime=1
t=1325 delta carrier stable regime=1
t=1326 delta carrier stable regime=1
t=1327 delta carrier stable regime=1
t=1328 delta carrier stable regime=1
t=1329 delta carrier stable regime=1
t=1330 iota boundary thin regime=1
t=1331 delta carrier stable regime=1
t=1332 delta carrier stable regime=1
t=1333 delta carrier stable regime=1
t=1334 delta carrier stable regime=1
t=1335 delta carrier stable regime=1
t=1336 delta carrier stable regime=1
t=1337 delta carrier stable regime=1
t=1338 delta carrier stable regime=1
t=1339 delta carrier stable regime=1
t=1340 delta carrier stable regime=1
t=1341 delta carrier stable regime=1
t=1342 delta carrier stable regime=1
t=1343 delta carrier stable regime=1
t=1344 delta carrier stable regime=1
t=1345 delta carrier stable regime=1
t=1346 iota boundary thin regime=1
t=1347 delta carrier stable regime=1
t=1348 delta carrier stable regime=1
t=1349 delta carrier stable regime=1
t=1350 delta carrier stable regime=1
t=1351 delta carrier stable regime=1
t=1352 delta carrier stable regime=1
t=1353 delta carrier stable regime=1
t=1354 delta carrier stable regime=1
t=1355 delta carrier stable regime=1
t=1356 delta carrier stable regime=1
t=1357 delta carrier stable regime=1
t=1358 delta carrier stable regime=1
t=1359 delta carrier stable regime=1
t=1360 mu local flicker regime=1
t=1361 iota boundary thin regime=1
t=1362 delta carrier stable regime=1
t=1363 delta carrier stable regime=1
t=1364 delta carrier stable regime=1
t=1365 delta carrier stable regime=1
t=1366 delta carrier stable regime=1
t=1367 delta carrier stable regime=1
t=1368 delta carrier stable regime=1
t=1369 delta carrier stable regime=1
t=1370 delta carrier stable regime=1
t=1371 delta carrier stable regime=1
t=1372 delta carrier stable regime=1
t=1373 delta carrier stable regime=1
t=1374 delta carrier stable regime=1
t=1375 delta carrier stable regime=1
t=1376 delta carrier stable regime=1
t=1377 delta carrier stable regime=1
t=1378 delta carrier stable regime=1
t=1379 delta carrier stable regime=1
t=1380 delta carrier stable regime=1
t=1381 delta carrier stable regime=1
t=1382 delta carrier stable regime=1
t=1383 delta carrier stable regime=1
t=1384 delta carrier stable regime=1
t=1385 delta carrier stable regime=1
t=1386 delta carrier stable regime=1
t=1387 delta carrier stable regime=1
t=1388 delta carrier stable regime=1
t=1389 delta carrier stable regime=1
t=1390 delta carrier stable regime=1
t=1391 delta carrier stable regime=1
t=1392 delta carrier stable regime=1
t=1393 delta carrier stable regime=1
t=1394 delta carrier stable regime=1
t=1395 delta carrier stable regime=1
t=1396 delta carrier stable regime=1
t=1397 delta carrier stable regime=1
t=1398 delta carrier stable regime=1
t=1399 delta carrier stable regime=1
t=1400 delta carrier stable regime=1
t=1401 delta carrier stable regime=1
t=1402 delta carrier stable regime=1
t=1403 delta carrier stable regime=1
t=1404 delta carrier stable regime=1
t=1405 delta carrier stable regime=1
t=1406 delta carrier stable regime=1
t=1407 delta carrier stable regime=1
t=1408 delta carrier stable regime=1
t=1409 delta carrier stable regime=1
t=1410 iota boundary thin regime=1
t=1411 delta carrier stable regime=1
t=1412 delta carrier stable regime=1
t=1413 delta carrier stable regime=1
t=1414 delta carrier stable regime=1
t=1415 delta carrier stable regime=1
t=1416 delta carrier stable regime=1
t=1417 delta carrier stable regime=1
t=1418 delta carrier stable regime=1
t=1419 delta carrier stable regime=1
t=1420 delta carrier stable regime=1
t=1421 delta carrier stable regime=1
t=1422 delta carrier stable regime=1
t=1423 delta carrier stable regime=1
t=1424 delta carrier stable regime=1
t=1425 delta carrier stable regime=1
t=1426 iota boundary thin regime=1
t=1427 delta carrier stable regime=1
t=1428 delta carrier stable regime=1
t=1429 delta carrier stable regime=1
t=1430 delta carrier stable regime=1
t=1431 delta carrier stable regime=1
t=1432 delta carrier stable regime=1
t=1433 delta carrier stable regime=1
t=1434 delta carrier stable regime=1
t=1435 delta carrier stable regime=1
t=1436 delta carrier stable regime=1
t=1437 delta carrier stable regime=1
t=1438 delta carrier stable regime=1
t=1439 delta carrier stable regime=1
t=1440 delta carrier stable regime=1
t=1441 delta carrier stable regime=1
t=1442 delta carrier stable regime=1
t=1443 delta carrier stable regime=1
t=1444 delta carrier stable regime=1
t=1445 delta carrier stable regime=1
t=1446 delta carrier stable regime=1
t=1447 delta carrier stable regime=1
t=1448 delta carrier stable regime=1
t=1449 delta carrier stable regime=1
t=1450 delta carrier stable regime=1
t=1451 delta carrier stable regime=1
t=1452 delta carrier stable regime=1
t=1453 mu local flicker regime=1
t=1454 delta carrier stable regime=1
t=1455 delta carrier stable regime=1
t=1456 delta carrier stable regime=1
t=1457 delta carrier stable regime=1
t=1458 delta carrier stable regime=1
t=1459 delta carrier stable regime=1
t=1460 delta carrier stable regime=1
t=1461 delta carrier stable regime=1
t=1462 delta carrier stable regime=1
t=1463 delta carrier stable regime=1
t=1464 delta carrier stable regime=1
t=1465 delta carrier stable regime=1
t=1466 delta carrier stable regime=1
t=1467 delta carrier stable regime=1
t=1468 delta carrier stable regime=1
t=1469 delta carrier stable regime=1
t=1470 delta carrier stable regime=1
t=1471 delta carrier stable regime=1
t=1472 delta carrier stable regime=1
t=1473 delta carrier stable regime=1
t=1474 delta carrier stable regime=1
t=1475 iota boundary thin regime=1
t=1476 delta carrier stable regime=1
t=1477 delta carrier stable regime=1
t=1478 delta carrier stable regime=1
t=1479 delta carrier stable regime=1
t=1480 delta carrier stable regime=1
t=1481 delta carrier stable regime=1
t=1482 delta carrier stable regime=1
t=1483 mu local flicker regime=1
t=1484 delta carrier stable regime=1
t=1485 delta carrier stable regime=1
t=1486 delta carrier stable regime=1
t=1487 delta carrier stable regime=1
t=1488 delta carrier stable regime=1
t=1489 delta carrier stable regime=1
t=1490 delta carrier stable regime=1
t=1491 delta carrier stable regime=1
t=1492 delta carrier stable regime=1
t=1493 delta carrier stable regime=1
t=1494 delta carrier stable regime=1
t=1495 delta carrier stable regime=1
t=1496 delta carrier stable regime=1
t=1497 delta carrier stable regime=1
t=1498 delta carrier stable regime=1
t=1499 delta carrier stable regime=1
t=1500 theta drift high regime=2
t=1501 theta drift high regime=2
t=1502 theta drift high regime=2
t=1503 theta drift high regime=2
t=1504 theta drift high regime=2
t=1505 theta drift high regime=2
t=1506 theta drift high regime=2
t=1507 mu local flicker regime=2
t=1508 mu local flicker regime=2
t=1509 theta drift high regime=2
t=1510 theta drift high regime=2
t=1511 theta drift high regime=2
t=1512 theta drift high regime=2
t=1513 theta drift high regime=2
t=1514 theta drift high regime=2
t=1515 theta drift high regime=2
t=1516 theta drift high regime=2
t=1517 theta drift high regime=2
t=1518 theta drift high regime=2
t=1519 theta drift high regime=2
t=1520 theta drift high regime=2
t=1521 theta drift high regime=2
t=1522 theta drift high regime=2
t=1523 theta drift high regime=2
t=1524 theta drift high regime=2
t=1525 theta drift high regime=2
t=1526 theta drift high regime=2
t=1527 theta drift high regime=2
t=1528 theta drift high regime=2
t=1529 theta drift high regime=2
t=1530 theta drift high regime=2
t=1531 theta drift high regime=2
t=1532 theta drift high regime=2
t=1533 mu local flicker regime=2
t=1534 theta drift high regime=2
t=1535 theta drift high regime=2
t=1536 theta drift high regime=2
t=1537 theta drift high regime=2
t=1538 theta drift high regime=2
t=1539 theta drift high regime=2
t=1540 theta drift high regime=2
t=1541 theta drift high regime=2
t=1542 theta drift high regime=2
t=1543 theta drift high regime=2
t=1544 theta drift high regime=2
t=1545 theta drift high regime=2
t=1546 theta drift high regime=2
t=1547 theta drift high regime=2
t=1548 theta drift high regime=2
t=1549 theta drift high regime=2
t=1550 theta drift high regime=2
t=1551 theta drift high regime=2
t=1552 theta drift high regime=2
t=1553 theta drift high regime=2
t=1554 theta drift high regime=2
t=1555 theta drift high regime=2
t=1556 theta drift high regime=2
t=1557 theta drift high regime=2
t=1558 theta drift high regime=2
t=1559 theta drift high regime=2
t=1560 theta drift high regime=2
t=1561 theta drift high regime=2
t=1562 theta drift high regime=2
t=1563 theta drift high regime=2
t=1564 theta drift high regime=2
t=1565 iota boundary thin regime=2
t=1566 theta drift high regime=2
t=1567 theta drift high regime=2
t=1568 theta drift high regime=2
t=1569 theta drift high regime=2
t=1570 theta drift high regime=2
t=1571 theta drift high regime=2
t=1572 theta drift high regime=2
t=1573 theta drift high regime=2
t=1574 theta drift high regime=2
t=1575 theta drift high regime=2
t=1576 theta drift high regime=2
t=1577 theta drift high regime=2
t=1578 theta drift high regime=2
t=1579 theta drift high regime=2
t=1580 theta drift high regime=2
t=1581 theta drift high regime=2
t=1582 mu local flicker regime=2
t=1583 theta drift high regime=2
t=1584 theta drift high regime=2
t=1585 theta drift high regime=2
t=1586 theta drift high regime=2
t=1587 theta drift high regime=2
t=1588 theta drift high regime=2
t=1589 theta drift high regime=2
t=1590 theta drift high regime=2
t=1591 theta drift high regime=2
t=1592 theta drift high regime=2
t=1593 theta drift high regime=2
t=1594 theta drift high regime=2
t=1595 theta drift high regime=2
t=1596 theta drift high regime=2
t=1597 theta drift high regime=2
t=1598 theta drift high regime=2
t=1599 theta drift high regime=2
t=1600 theta drift high regime=2
t=1601 theta drift high regime=2
t=1602 theta drift high regime=2
t=1603 theta drift high regime=2
t=1604 mu local flicker regime=2
t=1605 iota boundary thin regime=2
t=1606 theta drift high regime=2
t=1607 theta drift high regime=2
t=1608 theta drift high regime=2
t=1609 theta drift high regime=2
t=1610 theta drift high regime=2
t=1611 mu local flicker regime=2
t=1612 theta drift high regime=2
t=1613 theta drift high regime=2
t=1614 iota boundary thin regime=2
t=1615 theta drift high regime=2
t=1616 theta drift high regime=2
t=1617 theta drift high regime=2
t=1618 theta drift high regime=2
t=1619 theta drift high regime=2
t=1620 theta drift high regime=2
t=1621 theta drift high regime=2
t=1622 theta drift high regime=2
t=1623 theta drift high regime=2
t=1624 theta drift high regime=2
t=1625 theta drift high regime=2
t=1626 theta drift high regime=2
t=1627 theta drift high regime=2
t=1628 theta drift high regime=2
t=1629 theta drift high regime=2
t=1630 theta drift high regime=2
t=1631 theta drift high regime=2
t=1632 theta drift high regime=2
t=1633 theta drift high regime=2
t=1634 theta drift high regime=2
t=1635 theta drift high regime=2
t=1636 theta drift high regime=2
t=1637 theta drift high regime=2
t=1638 theta drift high regime=2
t=1639 theta drift high regime=2
t=1640 theta drift high regime=2
t=1641 theta drift high regime=2
t=1642 theta drift high regime=2
t=1643 theta drift high regime=2
t=1644 theta drift high regime=2
t=1645 theta drift high regime=2
t=1646 theta drift high regime=2
t=1647 theta drift high regime=2
t=1648 theta drift high regime=2
t=1649 theta drift high regime=2
t=1650 theta drift high regime=2
t=1651 theta drift high regime=2
t=1652 theta drift high regime=2
t=1653 theta drift high regime=2
t=1654 theta drift high regime=2
t=1655 theta drift high regime=2
t=1656 theta drift high regime=2
t=1657 theta drift high regime=2
t=1658 theta drift high regime=2
t=1659 theta drift high regime=2
t=1660 theta drift high regime=2
t=1661 theta drift high regime=2
t=1662 theta drift high regime=2
t=1663 theta drift high regime=2
t=1664 theta drift high regime=2
t=1665 theta drift high regime=2
t=1666 theta drift high regime=2
t=1667 theta drift high regime=2
t=1668 theta drift high regime=2
t=1669 theta drift high regime=2
t=1670 theta drift high regime=2
t=1671 theta drift high regime=2
t=1672 theta drift high regime=2
t=1673 theta drift high regime=2
t=1674 theta drift high regime=2
t=1675 theta drift high regime=2
t=1676 theta drift high regime=2
t=1677 theta drift high regime=2
t=1678 theta drift high regime=2
t=1679 theta drift high regime=2
t=1680 theta drift high regime=2
t=1681 theta drift high regime=2
t=1682 theta drift high regime=2
t=1683 theta drift high regime=2
t=1684 theta drift high regime=2
t=1685 theta drift high regime=2
t=1686 theta drift high regime=2
t=1687 theta drift high regime=2
t=1688 theta drift high regime=2
t=1689 theta drift high regime=2
t=1690 theta drift high regime=2
t=1691 theta drift high regime=2
t=1692 theta drift high regime=2
t=1693 theta drift high regime=2
t=1694 theta drift high regime=2
t=1695 theta drift high regime=2
t=1696 theta drift high regime=2
t=1697 mu local flicker regime=2
t=1698 theta drift high regime=2
t=1699 theta drift high regime=2
t=1700 theta drift high regime=2
t=1701 theta drift high regime=2
t=1702 theta drift high regime=2
t=1703 theta drift high regime=2
t=1704 theta drift high regime=2
t=1705 theta drift high regime=2
t=1706 theta drift high regime=2
t=1707 theta drift high regime=2
t=1708 theta drift high regime=2
t=1709 theta drift high regime=2
t=1710 theta drift high regime=2
t=1711 theta drift high regime=2
t=1712 theta drift high regime=2
t=1713 theta drift high regime=2
t=1714 theta drift high regime=2
t=1715 theta drift high regime=2
t=1716 theta drift high regime=2
t=1717 theta drift high regime=2
t=1718 theta drift high regime=2
t=1719 theta drift high regime=2
t=1720 theta drift high regime=2
t=1721 theta drift high regime=2
t=1722 theta drift high regime=2
t=1723 theta drift high regime=2
t=1724 theta drift high regime=2
t=1725 theta drift high regime=2
t=1726 theta drift high regime=2
t=1727 theta drift high regime=2
t=1728 iota boundary thin regime=2
t=1729 theta drift high regime=2
t=1730 theta drift high regime=2
t=1731 theta drift high regime=2
t=1732 theta drift high regime=2
t=1733 theta drift high regime=2
t=1734 theta drift high regime=2
t=1735 theta drift high regime=2
t=1736 theta drift high regime=2
t=1737 theta drift high regime=2
t=1738 theta drift high regime=2
t=1739 iota boundary thin regime=2
t=1740 theta drift high regime=2
t=1741 mu local flicker regime=2
t=1742 theta drift high regime=2
t=1743 theta drift high regime=2
t=1744 theta drift high regime=2
t=1745 theta drift high regime=2
t=1746 theta drift high regime=2
t=1747 theta drift high regime=2
t=1748 theta drift high regime=2
t=1749 theta drift high regime=2
t=1750 lambda return path regime=3
t=1751 lambda return path regime=3
t=1752 lambda return path regime=3
t=1753 lambda return path regime=3
t=1754 lambda return path regime=3
t=1755 lambda return path regime=3
t=1756 lambda return path regime=3
t=1757 lambda return path regime=3
t=1758 lambda return path regime=3
t=1759 lambda return path regime=3
t=1760 lambda return path regime=3
t=1761 lambda return path regime=3
t=1762 lambda return path regime=3
t=1763 lambda return path regime=3
t=1764 lambda return path regime=3
t=1765 lambda return path regime=3
t=1766 lambda return path regime=3
t=1767 lambda return path regime=3
t=1768 lambda return path regime=3
t=1769 lambda return path regime=3
t=1770 lambda return path regime=3
t=1771 lambda return path regime=3
t=1772 lambda return path regime=3
t=1773 lambda return path regime=3
t=1774 lambda return path regime=3
t=1775 lambda return path regime=3
t=1776 lambda return path regime=3
t=1777 lambda return path regime=3
t=1778 lambda return path regime=3
t=1779 lambda return path regime=3
t=1780 lambda return path regime=3
t=1781 lambda return path regime=3
t=1782 lambda return path regime=3
t=1783 lambda return path regime=3
t=1784 lambda return path regime=3
t=1785 lambda return path regime=3
t=1786 lambda return path regime=3
t=1787 lambda return path regime=3
t=1788 lambda return path regime=3
t=1789 lambda return path regime=3
t=1790 lambda return path regime=3
t=1791 lambda return path regime=3
t=1792 lambda return path regime=3
t=1793 lambda return path regime=3
t=1794 lambda return path regime=3
t=1795 lambda return path regime=3
t=1796 lambda return path regime=3
t=1797 lambda return path regime=3
t=1798 lambda return path regime=3
t=1799 lambda return path regime=3
t=1800 lambda return path regime=3
t=1801 lambda return path regime=3
t=1802 lambda return path regime=3
t=1803 iota boundary thin regime=3
t=1804 lambda return path regime=3
t=1805 lambda return path regime=3
t=1806 lambda return path regime=3
t=1807 lambda return path regime=3
t=1808 lambda return path regime=3
t=1809 lambda return path regime=3
t=1810 lambda return path regime=3
t=1811 lambda return path regime=3
t=1812 lambda return path regime=3
t=1813 lambda return path regime=3
t=1814 lambda return path regime=3
t=1815 lambda return path regime=3
t=1816 iota boundary thin regime=3
t=1817 lambda return path regime=3
t=1818 lambda return path regime=3
t=1819 lambda return path regime=3
t=1820 lambda return path regime=3
t=1821 lambda return path regime=3
t=1822 lambda return path regime=3
t=1823 lambda return path regime=3
t=1824 lambda return path regime=3
t=1825 lambda return path regime=3
t=1826 lambda return path regime=3
t=1827 lambda return path regime=3
t=1828 lambda return path regime=3
t=1829 lambda return path regime=3
t=1830 lambda return path regime=3
t=1831 lambda return path regime=3
t=1832 lambda return path regime=3
t=1833 lambda return path regime=3
t=1834 lambda return path regime=3
t=1835 lambda return path regime=3
t=1836 lambda return path regime=3
t=1837 lambda return path regime=3
t=1838 lambda return path regime=3
t=1839 lambda return path regime=3
t=1840 lambda return path regime=3
t=1841 lambda return path regime=3
t=1842 lambda return path regime=3
t=1843 lambda return path regime=3
t=1844 lambda return path regime=3
t=1845 lambda return path regime=3
t=1846 lambda return path regime=3
t=1847 lambda return path regime=3
t=1848 lambda return path regime=3
t=1849 lambda return path regime=3
t=1850 lambda return path regime=3
t=1851 lambda return path regime=3
t=1852 lambda return path regime=3
t=1853 lambda return path regime=3
t=1854 lambda return path regime=3
t=1855 lambda return path regime=3
t=1856 iota boundary thin regime=3
t=1857 lambda return path regime=3
t=1858 lambda return path regime=3
t=1859 lambda return path regime=3
t=1860 lambda return path regime=3
t=1861 lambda return path regime=3
t=1862 lambda return path regime=3
t=1863 lambda return path regime=3
t=1864 lambda return path regime=3
t=1865 iota boundary thin regime=3
t=1866 lambda return path regime=3
t=1867 lambda return path regime=3
t=1868 lambda return path regime=3
t=1869 lambda return path regime=3
t=1870 lambda return path regime=3
t=1871 lambda return path regime=3
t=1872 lambda return path regime=3
t=1873 lambda return path regime=3
t=1874 lambda return path regime=3
t=1875 mu local flicker regime=3
t=1876 iota boundary thin regime=3
t=1877 lambda return path regime=3
t=1878 lambda return path regime=3
t=1879 lambda return path regime=3
t=1880 lambda return path regime=3
t=1881 lambda return path regime=3
t=1882 lambda return path regime=3
t=1883 lambda return path regime=3
t=1884 lambda return path regime=3
t=1885 lambda return path regime=3
t=1886 lambda return path regime=3
t=1887 lambda return path regime=3
t=1888 lambda return path regime=3
t=1889 lambda return path regime=3
t=1890 lambda return path regime=3
t=1891 lambda return path regime=3
t=1892 lambda return path regime=3
t=1893 lambda return path regime=3
t=1894 lambda return path regime=3
t=1895 lambda return path regime=3
t=1896 lambda return path regime=3
t=1897 lambda return path regime=3
t=1898 lambda return path regime=3
t=1899 lambda return path regime=3
t=1900 lambda return path regime=3
t=1901 lambda return path regime=3
t=1902 lambda return path regime=3
t=1903 lambda return path regime=3
t=1904 iota boundary thin regime=3
t=1905 lambda return path regime=3
t=1906 lambda return path regime=3
t=1907 lambda return path regime=3
t=1908 lambda return path regime=3
t=1909 lambda return path regime=3
t=1910 lambda return path regime=3
t=1911 lambda return path regime=3
t=1912 lambda return path regime=3
t=1913 lambda return path regime=3
t=1914 lambda return path regime=3
t=1915 lambda return path regime=3
t=1916 lambda return path regime=3
t=1917 lambda return path regime=3
t=1918 lambda return path regime=3
t=1919 lambda return path regime=3
t=1920 iota boundary thin regime=3
t=1921 lambda return path regime=3
t=1922 lambda return path regime=3
t=1923 lambda return path regime=3
t=1924 lambda return path regime=3
t=1925 lambda return path regime=3
t=1926 lambda return path regime=3
t=1927 lambda return path regime=3
t=1928 lambda return path regime=3
t=1929 lambda return path regime=3
t=1930 lambda return path regime=3
t=1931 lambda return path regime=3
t=1932 lambda return path regime=3
t=1933 lambda return path regime=3
t=1934 lambda return path regime=3
t=1935 lambda return path regime=3
t=1936 lambda return path regime=3
t=1937 lambda return path regime=3
t=1938 lambda return path regime=3
t=1939 lambda return path regime=3
t=1940 lambda return path regime=3
t=1941 lambda return path regime=3
t=1942 lambda return path regime=3
t=1943 lambda return path regime=3
t=1944 lambda return path regime=3
t=1945 lambda return path regime=3
t=1946 lambda return path regime=3
t=1947 lambda return path regime=3
t=1948 lambda return path regime=3
t=1949 lambda return path regime=3
t=1950 lambda return path regime=3
t=1951 lambda return path regime=3
t=1952 lambda return path regime=3
t=1953 lambda return path regime=3
t=1954 lambda return path regime=3
t=1955 lambda return path regime=3
t=1956 lambda return path regime=3
t=1957 lambda return path regime=3
t=1958 lambda return path regime=3
t=1959 lambda return path regime=3
t=1960 lambda return path regime=3
t=1961 lambda return path regime=3
t=1962 lambda return path regime=3
t=1963 lambda return path regime=3
t=1964 lambda return path regime=3
t=1965 lambda return path regime=3
t=1966 lambda return path regime=3
t=1967 lambda return path regime=3
t=1968 lambda return path regime=3
t=1969 lambda return path regime=3
t=1970 lambda return path regime=3
t=1971 lambda return path regime=3
t=1972 lambda return path regime=3
t=1973 lambda return path regime=3
t=1974 lambda return path regime=3
t=1975 lambda return path regime=3
t=1976 lambda return path regime=3
t=1977 lambda return path regime=3
t=1978 lambda return path regime=3
t=1979 mu local flicker regime=3
t=1980 lambda return path regime=3
t=1981 lambda return path regime=3
t=1982 lambda return path regime=3
t=1983 lambda return path regime=3
t=1984 lambda return path regime=3
t=1985 mu local flicker regime=3
t=1986 lambda return path regime=3
t=1987 lambda return path regime=3
t=1988 lambda return path regime=3
t=1989 lambda return path regime=3
t=1990 lambda return path regime=3
t=1991 lambda return path regime=3
t=1992 lambda return path regime=3
t=1993 lambda return path regime=3
t=1994 lambda return path regime=3
t=1995 lambda return path regime=3
t=1996 lambda return path regime=3
t=1997 lambda return path regime=3
t=1998 lambda return path regime=3
t=1999 lambda return path regime=3
t=2000 eta drift low regime=0
