t=0001 delta carrier stable mixed_context
t=0002 lambda return path mixed_context
t=0003 lambda return path mixed_context
t=0004 delta carrier stable mixed_context
t=0005 lambda return path mixed_context
t=0006 delta carrier stable mixed_context
t=0007 delta carrier stable mixed_context
t=0008 beta gate hold mixed_context
t=0009 delta carrier stable mixed_context
t=0010 lambda return path mixed_context
t=0011 beta gate hold mixed_context
t=0012 beta gate hold mixed_context
t=0013 beta gate hold mixed_context
t=0014 delta carrier stable mixed_context
t=0015 beta gate hold mixed_context
t=0016 delta carrier stable mixed_context
t=0017 beta gate hold mixed_context
t=0018 lambda return path mixed_context
t=0019 lambda return path mixed_context
t=0020 delta carrier stable mixed_context
t=0021 beta gate hold mixed_context
t=0022 delta carrier stable mixed_context
t=0023 delta carrier stable mixed_context
t=0024 beta gate hold mixed_context
t=0025 beta gate hold mixed_context
t=0026 delta carrier stable mixed_context
t=0027 lambda return path mixed_context
t=0028 delta carrier stable mixed_context
t=0029 delta carrier stable mixed_context
t=0030 lambda return path mixed_context
t=0031 lambda return path mixed_context
t=0032 beta gate hold mixed_context
t=0033 beta gate hold mixed_context
t=0034 lambda return path mixed_context
t=0035 beta gate hold mixed_context
t=0036 lambda return path mixed_context
t=0037 beta gate hold mixed_context
t=0038 delta carrier stable mixed_context
t=0039 lambda return path mixed_context
t=0040 beta gate hold mixed_context
t=0041 beta gate hold mixed_context
t=0042 delta carrier stable mixed_context
t=0043 beta gate hold mixed_context
t=0044 lambda return path mixed_context
t=0045 lambda return path mixed_context
t=0046 lambda return path mixed_context
t=0047 delta carrier stable mixed_context
t=0048 beta gate hold mixed_context
t=0049 delta carrier stable mixed_context
t=0050 iota boundary thin mixed_context
t=0051 mu local flicker mixed_context
t=0052 eta drift low mixed_context
t=0053 alpha gate open mixed_context
t=0054 theta drift high mixed_context
t=0055 gamma seam shift mixed_context
t=0056 zeta pulse fall mixed_context
t=0057 eta drift low mixed_context
t=0058 kappa residue mark mixed_context
t=0059 kappa residue mark mixed_context
t=0060 eta drift low mixed_context
t=0061 beta gate hold mixed_context
t=0062 zeta pulse fall mixed_context
t=0063 eta drift low mixed_context
t=0064 epsilon pulse rise mixed_context
t=0065 delta carrier stable mixed_context
t=0066 zeta pulse fall mixed_context
t=0067 iota boundary thin mixed_context
t=0068 alpha gate open mixed_context
t=0069 eta drift low mixed_context
t=0070 beta gate hold mixed_context
t=0071 lambda return path mixed_context
t=0072 delta carrier stable mixed_context
t=0073 gamma seam shift mixed_context
t=0074 lambda return path mixed_context
t=0075 epsilon pulse rise mixed_context
t=0076 zeta pulse fall mixed_context
t=0077 kappa residue mark mixed_context
t=0078 lambda return path mixed_context
t=0079 delta carrier stable mixed_context
t=0080 zeta pulse fall mixed_context
t=0081 lambda return path mixed_context
t=0082 theta drift high mixed_context
t=0083 lambda return path mixed_context
t=0084 alpha gate open mixed_context
t=0085 lambda return path mixed_context
t=0086 mu local flicker mixed_context
t=0087 delta carrier stable mixed_context
t=0088 gamma seam shift mixed_context
t=0089 lambda return path mixed_context
t=0090 kappa residue mark mixed_context
t=0091 delta carrier stable mixed_context
t=0092 epsilon pulse rise mixed_context
t=0093 iota boundary thin mixed_context
t=0094 iota boundary thin mixed_context
t=0095 lambda return path mixed_context
t=0096 gamma seam shift mixed_context
t=0097 mu local flicker mixed_context
t=0098 delta carrier stable mixed_context
t=0099 zeta pulse fall mixed_context
t=0100 zeta pulse fall mixed_context
t=0101 iota boundary thin mixed_context
t=0102 iota boundary thin mixed_context
t=0103 mu local flicker mixed_context
t=0104 delta carrier stable mixed_context
t=0105 alpha gate open mixed_context
t=0106 mu local flicker mixed_context
t=0107 gamma seam shift mixed_context
t=0108 eta drift low mixed_context
t=0109 theta drift high mixed_context
t=0110 kappa residue mark mixed_context
t=0111 delta carrier stable mixed_context
t=0112 kappa residue mark mixed_context
t=0113 epsilon pulse rise mixed_context
t=0114 theta drift high mixed_context
t=0115 delta carrier stable mixed_context
t=0116 iota boundary thin mixed_context
t=0117 iota boundary thin mixed_context
t=0118 delta carrier stable mixed_context
t=0119 alpha gate open mixed_context
t=0120 lambda return path mixed_context
t=0121 beta gate hold mixed_context
t=0122 lambda return path mixed_context
t=0123 delta carrier stable mixed_context
t=0124 beta gate hold mixed_context
t=0125 delta carrier stable mixed_context
t=0126 delta carrier stable mixed_context
t=0127 beta gate hold mixed_context
t=0128 beta gate hold mixed_context
t=0129 delta carrier stable mixed_context
t=0130 beta gate hold mixed_context
t=0131 delta carrier stable mixed_context
t=0132 beta gate hold mixed_context
t=0133 beta gate hold mixed_context
t=0134 lambda return path mixed_context
t=0135 delta carrier stable mixed_context
t=0136 lambda return path mixed_context
t=0137 beta gate hold mixed_context
t=0138 lambda return path mixed_context
t=0139 delta carrier stable mixed_context
t=0140 lambda return path mixed_context
t=0141 beta gate hold mixed_context
t=0142 delta carrier stable mixed_context
t=0143 delta carrier stable mixed_context
t=0144 delta carrier stable mixed_context
t=0145 beta gate hold mixed_context
t=0146 beta gate hold mixed_context
t=0147 lambda return path mixed_context
t=0148 lambda return path mixed_context
t=0149 delta carrier stable mixed_context
t=0150 beta gate hold mixed_context
t=0151 beta gate hold mixed_context
t=0152 beta gate hold mixed_context
t=0153 beta gate hold mixed_context
t=0154 delta carrier stable mixed_context
t=0155 lambda return path mixed_context
t=0156 lambda return path mixed_context
t=0157 beta gate hold mixed_context
t=0158 delta carrier stable mixed_context
t=0159 delta carrier stable mixed_context
t=0160 beta gate hold mixed_context
t=0161 delta carrier stable mixed_context
t=0162 delta carrier stable mixed_context
t=0163 lambda return path mixed_context
t=0164 lambda return path mixed_context
t=0165 lambda return path mixed_context
t=0166 lambda return path mixed_context
t=0167 delta carrier stable mixed_context
t=0168 delta carrier stable mixed_context
t=0169 delta carrier stable mixed_context
t=0170 beta gate hold mixed_context
t=0171 beta gate hold mixed_context
t=0172 beta gate hold mixed_context
t=0173 beta gate hold mixed_context
t=0174 delta carrier stable mixed_context
t=0175 lambda return path mixed_context
t=0176 delta carrier stable mixed_context
t=0177 lambda return path mixed_context
t=0178 lambda return path mixed_context
t=0179 lambda return path mixed_context
t=0180 delta carrier stable mixed_context
t=0181 delta carrier stable mixed_context
t=0182 beta gate hold mixed_context
t=0183 delta carrier stable mixed_context
t=0184 delta carrier stable mixed_context
t=0185 delta carrier stable mixed_context
t=0186 beta gate hold mixed_context
t=0187 beta gate hold mixed_context
t=0188 beta gate hold mixed_context
t=0189 lambda return path mixed_context
t=0190 delta carrier stable mixed_context
t=0191 beta gate hold mixed_context
t=0192 delta carrier stable mixed_context
t=0193 delta carrier stable mixed_context
t=0194 lambda return path mixed_context
t=0195 delta carrier stable mixed_context
t=0196 delta carrier stable mixed_context
t=0197 delta carrier stable mixed_context
t=0198 beta gate hold mixed_context
t=0199 beta gate hold mixed_context
t=0200 lambda return path mixed_context
t=0201 lambda return path mixed_context
t=0202 beta gate hold mixed_context
t=0203 lambda return path mixed_context
t=0204 beta gate hold mixed_context
t=0205 lambda return path mixed_context
t=0206 lambda return path mixed_context
t=0207 delta carrier stable mixed_context
t=0208 delta carrier stable mixed_context
t=0209 lambda return path mixed_context
t=0210 delta carrier stable mixed_context
t=0211 beta gate hold mixed_context
t=0212 beta gate hold mixed_context
t=0213 beta gate hold mixed_context
t=0214 lambda return path mixed_context
t=0215 beta gate hold mixed_context
t=0216 lambda return path mixed_context
t=0217 beta gate hold mixed_context
t=0218 lambda return path mixed_context
t=0219 delta carrier stable mixed_context
t=0220 lambda return path mixed_context
t=0221 delta carrier stable mixed_context
t=0222 lambda return path mixed_context
t=0223 beta gate hold mixed_context
t=0224 lambda return path mixed_context
t=0225 lambda return path mixed_context
t=0226 lambda return path mixed_context
t=0227 beta gate hold mixed_context
t=0228 lambda return path mixed_context
t=0229 delta carrier stable mixed_context
t=0230 delta carrier stable mixed_context
t=0231 lambda return path mixed_context
t=0232 delta carrier stable mixed_context
t=0233 lambda return path mixed_context
t=0234 beta gate hold mixed_context
t=0235 lambda return path mixed_context
t=0236 lambda return path mixed_context
t=0237 lambda return path mixed_context
t=0238 lambda return path mixed_context
t=0239 beta gate hold mixed_context
t=0240 lambda return path mixed_context
t=0241 delta carrier stable mixed_context
t=0242 delta carrier stable mixed_context
t=0243 lambda return path mixed_context
t=0244 beta gate hold mixed_context
t=0245 delta carrier stable mixed_context
t=0246 delta carrier stable mixed_context
t=0247 lambda return path mixed_context
t=0248 delta carrier stable mixed_context
t=0249 beta gate hold mixed_context
t=0250 lambda return path mixed_context
t=0251 delta carrier stable mixed_context
t=0252 lambda return path mixed_context
t=0253 delta carrier stable mixed_context
t=0254 delta carrier stable mixed_context
t=0255 beta gate hold mixed_context
t=0256 lambda return path mixed_context
t=0257 delta carrier stable mixed_context
t=0258 delta carrier stable mixed_context
t=0259 lambda return path mixed_context
t=0260 beta gate hold mixed_context
t=0261 beta gate hold mixed_context
t=0262 delta carrier stable mixed_context
t=0263 lambda return path mixed_context
t=0264 delta carrier stable mixed_context
t=0265 lambda return path mixed_context
t=0266 beta gate hold mixed_context
t=0267 beta gate hold mixed_context
t=0268 beta gate hold mixed_context
t=0269 beta gate hold mixed_context
t=0270 lambda return path mixed_context
t=0271 delta carrier stable mixed_context
t=0272 lambda return path mixed_context
t=0273 delta carrier stable mixed_context
t=0274 delta carrier stable mixed_context
t=0275 delta carrier stable mixed_context
t=0276 beta gate hold mixed_context
t=0277 delta carrier stable mixed_context
t=0278 beta gate hold mixed_context
t=0279 delta carrier stable mixed_context
t=0280 delta carrier stable mixed_context
t=0281 beta gate hold mixed_context
t=0282 lambda return path mixed_context
t=0283 lambda return path mixed_context
t=0284 delta carrier stable mixed_context
t=0285 lambda return path mixed_context
t=0286 beta gate hold mixed_context
t=0287 beta gate hold mixed_context
t=0288 lambda return path mixed_context
t=0289 lambda return path mixed_context
t=0290 lambda return path mixed_context
t=0291 lambda return path mixed_context
t=0292 beta gate hold mixed_context
t=0293 lambda return path mixed_context
t=0294 beta gate hold mixed_context
t=0295 beta gate hold mixed_context
t=0296 delta carrier stable mixed_context
t=0297 delta carrier stable mixed_context
t=0298 delta carrier stable mixed_context
t=0299 lambda return path mixed_context
t=0300 delta carrier stable mixed_context
t=0301 lambda return path mixed_context
t=0302 beta gate hold mixed_context
t=0303 beta gate hold mixed_context
t=0304 lambda return path mixed_context
t=0305 delta carrier stable mixed_context
t=0306 beta gate hold mixed_context
t=0307 beta gate hold mixed_context
t=0308 delta carrier stable mixed_context
t=0309 lambda return path mixed_context
t=0310 lambda return path mixed_context
t=0311 beta gate hold mixed_context
t=0312 lambda return path mixed_context
t=0313 lambda return path mixed_context
t=0314 lambda return path mixed_context
t=0315 delta carrier stable mixed_context
t=0316 delta carrier stable mixed_context
t=0317 delta carrier stable mixed_context
t=0318 delta carrier stable mixed_context
t=0319 lambda return path mixed_context
t=0320 beta gate hold mixed_context
t=0321 delta carrier stable mixed_context
t=0322 beta gate hold mixed_context
t=0323 delta carrier stable mixed_context
t=0324 delta carrier stable mixed_context
t=0325 lambda return path mixed_context
t=0326 beta gate hold mixed_context
t=0327 lambda return path mixed_context
t=0328 delta carrier stable mixed_context
t=0329 delta carrier stable mixed_context
t=0330 delta carrier stable mixed_context
t=0331 beta gate hold mixed_context
t=0332 beta gate hold mixed_context
t=0333 beta gate hold mixed_context
t=0334 delta carrier stable mixed_context
t=0335 beta gate hold mixed_context
t=0336 lambda return path mixed_context
t=0337 lambda return path mixed_context
t=0338 beta gate hold mixed_context
t=0339 delta carrier stable mixed_context
t=0340 beta gate hold mixed_context
t=0341 lambda return path mixed_context
t=0342 lambda return path mixed_context
t=0343 beta gate hold mixed_context
t=0344 beta gate hold mixed_context
t=0345 beta gate hold mixed_context
t=0346 delta carrier stable mixed_context
t=0347 lambda return path mixed_context
t=0348 delta carrier stable mixed_context
t=0349 beta gate hold mixed_context
t=0350 lambda return path mixed_context
t=0351 beta gate hold mixed_context
t=0352 lambda return path mixed_context
t=0353 delta carrier stable mixed_context
t=0354 beta gate hold mixed_context
t=0355 lambda return path mixed_context
t=0356 lambda return path mixed_context
t=0357 beta gate hold mixed_context
t=0358 lambda return path mixed_context
t=0359 beta gate hold mixed_context
t=0360 lambda return path mixed_context
t=0361 beta gate hold mixed_context
t=0362 beta gate hold mixed_context
t=0363 lambda return path mixed_context
t=0364 delta carrier stable mixed_context
t=0365 delta carrier stable mixed_context
t=0366 delta carrier stable mixed_context
t=0367 beta gate hold mixed_context
t=0368 beta gate hold mixed_context
t=0369 delta carrier stable mixed_context
t=0370 lambda return path mixed_context
t=0371 delta carrier stable mixed_context
t=0372 delta carrier stable mixed_context
t=0373 beta gate hold mixed_context
t=0374 delta carrier stable mixed_context
t=0375 delta carrier stable mixed_context
t=0376 lambda return path mixed_context
t=0377 beta gate hold mixed_context
t=0378 delta carrier stable mixed_context
t=0379 lambda return path mixed_context
t=0380 beta gate hold mixed_context
t=0381 delta carrier stable mixed_context
t=0382 beta gate hold mixed_context
t=0383 beta gate hold mixed_context
t=0384 lambda return path mixed_context
t=0385 beta gate hold mixed_context
t=0386 lambda return path mixed_context
t=0387 lambda return path mixed_context
t=0388 lambda return path mixed_context
t=0389 lambda return path mixed_context
t=0390 beta gate hold mixed_context
t=0391 beta gate hold mixed_context
t=0392 delta carrier stable mixed_context
t=0393 delta carrier stable mixed_context
t=0394 lambda return path mixed_context
t=0395 lambda return path mixed_context
t=0396 delta carrier stable mixed_context
t=0397 delta carrier stable mixed_context
t=0398 delta carrier stable mixed_context
t=0399 lambda return path mixed_context
t=0400 delta carrier stable mixed_context
t=0401 beta gate hold mixed_context
t=0402 beta gate hold mixed_context
t=0403 delta carrier stable mixed_context
t=0404 lambda return path mixed_context
t=0405 beta gate hold mixed_context
t=0406 delta carrier stable mixed_context
t=0407 delta carrier stable mixed_context
t=0408 delta carrier stable mixed_context
t=0409 delta carrier stable mixed_context
t=0410 lambda return path mixed_context
t=0411 delta carrier stable mixed_context
t=0412 delta carrier stable mixed_context
t=0413 delta carrier stable mixed_context
t=0414 delta carrier stable mixed_context
t=0415 delta carrier stable mixed_context
t=0416 delta carrier stable mixed_context
t=0417 lambda return path mixed_context
t=0418 beta gate hold mixed_context
t=0419 delta carrier stable mixed_context
t=0420 beta gate hold mixed_context
t=0421 lambda return path mixed_context
t=0422 beta gate hold mixed_context
t=0423 beta gate hold mixed_context
t=0424 delta carrier stable mixed_context
t=0425 beta gate hold mixed_context
t=0426 delta carrier stable mixed_context
t=0427 beta gate hold mixed_context
t=0428 delta carrier stable mixed_context
t=0429 lambda return path mixed_context
t=0430 lambda return path mixed_context
t=0431 delta carrier stable mixed_context
t=0432 beta gate hold mixed_context
t=0433 beta gate hold mixed_context
t=0434 beta gate hold mixed_context
t=0435 beta gate hold mixed_context
t=0436 beta gate hold mixed_context
t=0437 delta carrier stable mixed_context
t=0438 delta carrier stable mixed_context
t=0439 delta carrier stable mixed_context
t=0440 beta gate hold mixed_context
t=0441 lambda return path mixed_context
t=0442 delta carrier stable mixed_context
t=0443 lambda return path mixed_context
t=0444 beta gate hold mixed_context
t=0445 lambda return path mixed_context
t=0446 lambda return path mixed_context
t=0447 beta gate hold mixed_context
t=0448 lambda return path mixed_context
t=0449 delta carrier stable mixed_context
t=0450 delta carrier stable mixed_context
t=0451 lambda return path mixed_context
t=0452 delta carrier stable mixed_context
t=0453 lambda return path mixed_context
t=0454 beta gate hold mixed_context
t=0455 beta gate hold mixed_context
t=0456 beta gate hold mixed_context
t=0457 lambda return path mixed_context
t=0458 lambda return path mixed_context
t=0459 delta carrier stable mixed_context
t=0460 delta carrier stable mixed_context
t=0461 beta gate hold mixed_context
t=0462 delta carrier stable mixed_context
t=0463 beta gate hold mixed_context
t=0464 delta carrier stable mixed_context
t=0465 beta gate hold mixed_context
t=0466 lambda return path mixed_context
t=0467 lambda return path mixed_context
t=0468 delta carrier stable mixed_context
t=0469 delta carrier stable mixed_context
t=0470 zeta pulse fall mixed_context
t=0471 eta drift low mixed_context
t=0472 zeta pulse fall mixed_context
t=0473 iota boundary thin mixed_context
t=0474 iota boundary thin mixed_context
t=0475 kappa residue mark mixed_context
t=0476 epsilon pulse rise mixed_context
t=0477 beta gate hold mixed_context
t=0478 delta carrier stable mixed_context
t=0479 lambda return path mixed_context
t=0480 iota boundary thin mixed_context
t=0481 iota boundary thin mixed_context
t=0482 lambda return path mixed_context
t=0483 beta gate hold mixed_context
t=0484 iota boundary thin mixed_context
t=0485 iota boundary thin mixed_context
t=0486 beta gate hold mixed_context
t=0487 epsilon pulse rise mixed_context
t=0488 gamma seam shift mixed_context
t=0489 eta drift low mixed_context
t=0490 eta drift low mixed_context
t=0491 delta carrier stable mixed_context
t=0492 kappa residue mark mixed_context
t=0493 epsilon pulse rise mixed_context
t=0494 kappa residue mark mixed_context
t=0495 mu local flicker mixed_context
t=0496 theta drift high mixed_context
t=0497 eta drift low mixed_context
t=0498 eta drift low mixed_context
t=0499 zeta pulse fall mixed_context
t=0500 eta drift low mixed_context
t=0501 iota boundary thin mixed_context
t=0502 eta drift low mixed_context
t=0503 epsilon pulse rise mixed_context
t=0504 delta carrier stable mixed_context
t=0505 gamma seam shift mixed_context
t=0506 epsilon pulse rise mixed_context
t=0507 beta gate hold mixed_context
t=0508 epsilon pulse rise mixed_context
t=0509 theta drift high mixed_context
t=0510 lambda return path mixed_context
t=0511 kappa residue mark mixed_context
t=0512 beta gate hold mixed_context
t=0513 mu local flicker mixed_context
t=0514 alpha gate open mixed_context
t=0515 alpha gate open mixed_context
t=0516 iota boundary thin mixed_context
t=0517 eta drift low mixed_context
t=0518 zeta pulse fall mixed_context
t=0519 beta gate hold mixed_context
t=0520 kappa residue mark mixed_context
t=0521 zeta pulse fall mixed_context
t=0522 delta carrier stable mixed_context
t=0523 iota boundary thin mixed_context
t=0524 kappa residue mark mixed_context
t=0525 iota boundary thin mixed_context
t=0526 beta gate hold mixed_context
t=0527 iota boundary thin mixed_context
t=0528 lambda return path mixed_context
t=0529 zeta pulse fall mixed_context
t=0530 mu local flicker mixed_context
t=0531 beta gate hold mixed_context
t=0532 lambda return path mixed_context
t=0533 lambda return path mixed_context
t=0534 eta drift low mixed_context
t=0535 mu local flicker mixed_context
t=0536 eta drift low mixed_context
t=0537 epsilon pulse rise mixed_context
t=0538 iota boundary thin mixed_context
t=0539 iota boundary thin mixed_context
t=0540 beta gate hold mixed_context
t=0541 lambda return path mixed_context
t=0542 delta carrier stable mixed_context
t=0543 delta carrier stable mixed_context
t=0544 lambda return path mixed_context
t=0545 delta carrier stable mixed_context
t=0546 lambda return path mixed_context
t=0547 beta gate hold mixed_context
t=0548 lambda return path mixed_context
t=0549 delta carrier stable mixed_context
t=0550 delta carrier stable mixed_context
t=0551 lambda return path mixed_context
t=0552 beta gate hold mixed_context
t=0553 beta gate hold mixed_context
t=0554 delta carrier stable mixed_context
t=0555 beta gate hold mixed_context
t=0556 lambda return path mixed_context
t=0557 lambda return path mixed_context
t=0558 lambda return path mixed_context
t=0559 delta carrier stable mixed_context
t=0560 delta carrier stable mixed_context
t=0561 delta carrier stable mixed_context
t=0562 lambda return path mixed_context
t=0563 lambda return path mixed_context
t=0564 beta gate hold mixed_context
t=0565 lambda return path mixed_context
t=0566 lambda return path mixed_context
t=0567 lambda return path mixed_context
t=0568 beta gate hold mixed_context
t=0569 delta carrier stable mixed_context
t=0570 delta carrier stable mixed_context
t=0571 lambda return path mixed_context
t=0572 lambda return path mixed_context
t=0573 delta carrier stable mixed_context
t=0574 lambda return path mixed_context
t=0575 beta gate hold mixed_context
t=0576 beta gate hold mixed_context
t=0577 beta gate hold mixed_context
t=0578 lambda return path mixed_context
t=0579 delta carrier stable mixed_context
t=0580 delta carrier stable mixed_context
t=0581 delta carrier stable mixed_context
t=0582 delta carrier stable mixed_context
t=0583 lambda return path mixed_context
t=0584 lambda return path mixed_context
t=0585 beta gate hold mixed_context
t=0586 beta gate hold mixed_context
t=0587 delta carrier stable mixed_context
t=0588 delta carrier stable mixed_context
t=0589 delta carrier stable mixed_context
t=0590 delta carrier stable mixed_context
t=0591 beta gate hold mixed_context
t=0592 delta carrier stable mixed_context
t=0593 beta gate hold mixed_context
t=0594 lambda return path mixed_context
t=0595 delta carrier stable mixed_context
t=0596 delta carrier stable mixed_context
t=0597 delta carrier stable mixed_context
t=0598 beta gate hold mixed_context
t=0599 lambda return path mixed_context
t=0600 beta gate hold mixed_context
t=0601 beta gate hold mixed_context
t=0602 delta carrier stable mixed_context
t=0603 lambda return path mixed_context
t=0604 delta carrier stable mixed_context
t=0605 lambda return path mixed_context
t=0606 delta carrier stable mixed_context
t=0607 beta gate hold mixed_context
t=0608 delta carrier stable mixed_context
t=0609 delta carrier stable mixed_context
t=0610 beta gate hold mixed_context
t=0611 lambda return path mixed_context
t=0612 lambda return path mixed_context
t=0613 lambda return path mixed_context
t=0614 lambda return path mixed_context
t=0615 delta carrier stable mixed_context
t=0616 delta carrier stable mixed_context
t=0617 beta gate hold mixed_context
t=0618 beta gate hold mixed_context
t=0619 beta gate hold mixed_context
t=0620 delta carrier stable mixed_context
t=0621 delta carrier stable mixed_context
t=0622 lambda return path mixed_context
t=0623 beta gate hold mixed_context
t=0624 lambda return path mixed_context
t=0625 lambda return path mixed_context
t=0626 lambda return path mixed_context
t=0627 beta gate hold mixed_context
t=0628 beta gate hold mixed_context
t=0629 lambda return path mixed_context
t=0630 lambda return path mixed_context
t=0631 beta gate hold mixed_context
t=0632 lambda return path mixed_context
t=0633 delta carrier stable mixed_context
t=0634 beta gate hold mixed_context
t=0635 beta gate hold mixed_context
t=0636 delta carrier stable mixed_context
t=0637 lambda return path mixed_context
t=0638 delta carrier stable mixed_context
t=0639 beta gate hold mixed_context
t=0640 delta carrier stable mixed_context
t=0641 lambda return path mixed_context
t=0642 delta carrier stable mixed_context
t=0643 delta carrier stable mixed_context
t=0644 delta carrier stable mixed_context
t=0645 lambda return path mixed_context
t=0646 lambda return path mixed_context
t=0647 lambda return path mixed_context
t=0648 lambda return path mixed_context
t=0649 beta gate hold mixed_context
t=0650 beta gate hold mixed_context
t=0651 lambda return path mixed_context
t=0652 delta carrier stable mixed_context
t=0653 beta gate hold mixed_context
t=0654 delta carrier stable mixed_context
t=0655 lambda return path mixed_context
t=0656 lambda return path mixed_context
t=0657 beta gate hold mixed_context
t=0658 delta carrier stable mixed_context
t=0659 beta gate hold mixed_context
t=0660 beta gate hold mixed_context
t=0661 delta carrier stable mixed_context
t=0662 beta gate hold mixed_context
t=0663 beta gate hold mixed_context
t=0664 delta carrier stable mixed_context
t=0665 beta gate hold mixed_context
t=0666 beta gate hold mixed_context
t=0667 delta carrier stable mixed_context
t=0668 beta gate hold mixed_context
t=0669 beta gate hold mixed_context
t=0670 delta carrier stable mixed_context
t=0671 lambda return path mixed_context
t=0672 delta carrier stable mixed_context
t=0673 lambda return path mixed_context
t=0674 lambda return path mixed_context
t=0675 delta carrier stable mixed_context
t=0676 lambda return path mixed_context
t=0677 lambda return path mixed_context
t=0678 beta gate hold mixed_context
t=0679 delta carrier stable mixed_context
t=0680 delta carrier stable mixed_context
t=0681 beta gate hold mixed_context
t=0682 lambda return path mixed_context
t=0683 lambda return path mixed_context
t=0684 beta gate hold mixed_context
t=0685 delta carrier stable mixed_context
t=0686 lambda return path mixed_context
t=0687 beta gate hold mixed_context
t=0688 beta gate hold mixed_context
t=0689 lambda return path mixed_context
t=0690 lambda return path mixed_context
t=0691 beta gate hold mixed_context
t=0692 beta gate hold mixed_context
t=0693 beta gate hold mixed_context
t=0694 lambda return path mixed_context
t=0695 beta gate hold mixed_context
t=0696 delta carrier stable mixed_context
t=0697 delta carrier stable mixed_context
t=0698 lambda return path mixed_context
t=0699 beta gate hold mixed_context
t=0700 beta gate hold mixed_context
t=0701 lambda return path mixed_context
t=0702 delta carrier stable mixed_context
t=0703 lambda return path mixed_context
t=0704 delta carrier stable mixed_context
t=0705 delta carrier stable mixed_context
t=0706 beta gate hold mixed_context
t=0707 beta gate hold mixed_context
t=0708 beta gate hold mixed_context
t=0709 delta carrier stable mixed_context
t=0710 beta gate hold mixed_context
t=0711 delta carrier stable mixed_context
t=0712 beta gate hold mixed_context
t=0713 beta gate hold mixed_context
t=0714 beta gate hold mixed_context
t=0715 beta gate hold mixed_context
t=0716 beta gate hold mixed_context
t=0717 lambda return path mixed_context
t=0718 lambda return path mixed_context
t=0719 beta gate hold mixed_context
t=0720 delta carrier stable mixed_context
t=0721 delta carrier stable mixed_context
t=0722 beta gate hold mixed_context
t=0723 lambda return path mixed_context
t=0724 beta gate hold mixed_context
t=0725 delta carrier stable mixed_context
t=0726 delta carrier stable mixed_context
t=0727 delta carrier stable mixed_context
t=0728 delta carrier stable mixed_context
t=0729 delta carrier stable mixed_context
t=0730 delta carrier stable mixed_context
t=0731 delta carrier stable mixed_context
t=0732 lambda return path mixed_context
t=0733 delta carrier stable mixed_context
t=0734 lambda return path mixed_context
t=0735 lambda return path mixed_context
t=0736 lambda return path mixed_context
t=0737 beta gate hold mixed_context
t=0738 beta gate hold mixed_context
t=0739 beta gate hold mixed_context
t=0740 lambda return path mixed_context
t=0741 delta carrier stable mixed_context
t=0742 delta carrier stable mixed_context
t=0743 beta gate hold mixed_context
t=0744 delta carrier stable mixed_context
t=0745 beta gate hold mixed_context
t=0746 beta gate hold mixed_context
t=0747 lambda return path mixed_context
t=0748 delta carrier stable mixed_context
t=0749 delta carrier stable mixed_context
t=0750 beta gate hold mixed_context
t=0751 delta carrier stable mixed_context
t=0752 delta carrier stable mixed_context
t=0753 beta gate hold mixed_context
t=0754 lambda return path mixed_context
t=0755 delta carrier stable mixed_context
t=0756 delta carrier stable mixed_context
t=0757 lambda return path mixed_context
t=0758 lambda return path mixed_context
t=0759 beta gate hold mixed_context
t=0760 delta carrier stable mixed_context
t=0761 lambda return path mixed_context
t=0762 delta carrier stable mixed_context
t=0763 lambda return path mixed_context
t=0764 lambda return path mixed_context
t=0765 beta gate hold mixed_context
t=0766 delta carrier stable mixed_context
t=0767 lambda return path mixed_context
t=0768 beta gate hold mixed_context
t=0769 beta gate hold mixed_context
t=0770 beta gate hold mixed_context
t=0771 delta carrier stable mixed_context
t=0772 delta carrier stable mixed_context
t=0773 beta gate hold mixed_context
t=0774 delta carrier stable mixed_context
t=0775 delta carrier stable mixed_context
t=0776 lambda return path mixed_context
t=0777 lambda return path mixed_context
t=0778 delta carrier stable mixed_context
t=0779 lambda return path mixed_context
t=0780 beta gate hold mixed_context
t=0781 delta carrier stable mixed_context
t=0782 delta carrier stable mixed_context
t=0783 delta carrier stable mixed_context
t=0784 lambda return path mixed_context
t=0785 lambda return path mixed_context
t=0786 lambda return path mixed_context
t=0787 beta gate hold mixed_context
t=0788 beta gate hold mixed_context
t=0789 beta gate hold mixed_context
t=0790 lambda return path mixed_context
t=0791 beta gate hold mixed_context
t=0792 delta carrier stable mixed_context
t=0793 beta gate hold mixed_context
t=0794 lambda return path mixed_context
t=0795 lambda return path mixed_context
t=0796 delta carrier stable mixed_context
t=0797 beta gate hold mixed_context
t=0798 delta carrier stable mixed_context
t=0799 beta gate hold mixed_context
t=0800 delta carrier stable mixed_context
t=0801 delta carrier stable mixed_context
t=0802 delta carrier stable mixed_context
t=0803 beta gate hold mixed_context
t=0804 beta gate hold mixed_context
t=0805 delta carrier stable mixed_context
t=0806 beta gate hold mixed_context
t=0807 delta carrier stable mixed_context
t=0808 lambda return path mixed_context
t=0809 delta carrier stable mixed_context
t=0810 lambda return path mixed_context
t=0811 beta gate hold mixed_context
t=0812 lambda return path mixed_context
t=0813 delta carrier stable mixed_context
t=0814 beta gate hold mixed_context
t=0815 beta gate hold mixed_context
t=0816 lambda return path mixed_context
t=0817 beta gate hold mixed_context
t=0818 delta carrier stable mixed_context
t=0819 delta carrier stable mixed_context
t=0820 beta gate hold mixed_context
t=0821 beta gate hold mixed_context
t=0822 delta carrier stable mixed_context
t=0823 lambda return path mixed_context
t=0824 delta carrier stable mixed_context
t=0825 beta gate hold mixed_context
t=0826 delta carrier stable mixed_context
t=0827 lambda return path mixed_context
t=0828 lambda return path mixed_context
t=0829 delta carrier stable mixed_context
t=0830 beta gate hold mixed_context
t=0831 beta gate hold mixed_context
t=0832 beta gate hold mixed_context
t=0833 lambda return path mixed_context
t=0834 delta carrier stable mixed_context
t=0835 delta carrier stable mixed_context
t=0836 beta gate hold mixed_context
t=0837 delta carrier stable mixed_context
t=0838 delta carrier stable mixed_context
t=0839 delta carrier stable mixed_context
t=0840 lambda return path mixed_context
t=0841 lambda return path mixed_context
t=0842 lambda return path mixed_context
t=0843 beta gate hold mixed_context
t=0844 beta gate hold mixed_context
t=0845 lambda return path mixed_context
t=0846 beta gate hold mixed_context
t=0847 delta carrier stable mixed_context
t=0848 beta gate hold mixed_context
t=0849 delta carrier stable mixed_context
t=0850 lambda return path mixed_context
t=0851 beta gate hold mixed_context
t=0852 lambda return path mixed_context
t=0853 delta carrier stable mixed_context
t=0854 lambda return path mixed_context
t=0855 beta gate hold mixed_context
t=0856 lambda return path mixed_context
t=0857 beta gate hold mixed_context
t=0858 lambda return path mixed_context
t=0859 beta gate hold mixed_context
t=0860 lambda return path mixed_context
t=0861 lambda return path mixed_context
t=0862 lambda return path mixed_context
t=0863 delta carrier stable mixed_context
t=0864 delta carrier stable mixed_context
t=0865 lambda return path mixed_context
t=0866 delta carrier stable mixed_context
t=0867 delta carrier stable mixed_context
t=0868 lambda return path mixed_context
t=0869 beta gate hold mixed_context
t=0870 beta gate hold mixed_context
t=0871 lambda return path mixed_context
t=0872 lambda return path mixed_context
t=0873 lambda return path mixed_context
t=0874 beta gate hold mixed_context
t=0875 lambda return path mixed_context
t=0876 beta gate hold mixed_context
t=0877 lambda return path mixed_context
t=0878 lambda return path mixed_context
t=0879 beta gate hold mixed_context
t=0880 beta gate hold mixed_context
t=0881 beta gate hold mixed_context
t=0882 beta gate hold mixed_context
t=0883 beta gate hold mixed_context
t=0884 delta carrier stable mixed_context
t=0885 beta gate hold mixed_context
t=0886 lambda return path mixed_context
t=0887 delta carrier stable mixed_context
t=0888 lambda return path mixed_context
t=0889 delta carrier stable mixed_context
t=0890 mu local flicker mixed_context
t=0891 kappa residue mark mixed_context
t=0892 iota boundary thin mixed_context
t=0893 beta gate hold mixed_context
t=0894 epsilon pulse rise mixed_context
t=0895 alpha gate open mixed_context
t=0896 gamma seam shift mixed_context
t=0897 epsilon pulse rise mixed_context
t=0898 beta gate hold mixed_context
t=0899 gamma seam shift mixed_context
t=0900 eta drift low mixed_context
t=0901 iota boundary thin mixed_context
t=0902 beta gate hold mixed_context
t=0903 delta carrier stable mixed_context
t=0904 epsilon pulse rise mixed_context
t=0905 lambda return path mixed_context
t=0906 mu local flicker mixed_context
t=0907 lambda return path mixed_context
t=0908 lambda return path mixed_context
t=0909 kappa residue mark mixed_context
t=0910 iota boundary thin mixed_context
t=0911 beta gate hold mixed_context
t=0912 epsilon pulse rise mixed_context
t=0913 alpha gate open mixed_context
t=0914 beta gate hold mixed_context
t=0915 beta gate hold mixed_context
t=0916 mu local flicker mixed_context
t=0917 eta drift low mixed_context
t=0918 alpha gate open mixed_context
t=0919 epsilon pulse rise mixed_context
t=0920 delta carrier stable mixed_context
t=0921 iota boundary thin mixed_context
t=0922 delta carrier stable mixed_context
t=0923 alpha gate open mixed_context
t=0924 alpha gate open mixed_context
t=0925 zeta pulse fall mixed_context
t=0926 beta gate hold mixed_context
t=0927 theta drift high mixed_context
t=0928 iota boundary thin mixed_context
t=0929 epsilon pulse rise mixed_context
t=0930 epsilon pulse rise mixed_context
t=0931 zeta pulse fall mixed_context
t=0932 epsilon pulse rise mixed_context
t=0933 delta carrier stable mixed_context
t=0934 alpha gate open mixed_context
t=0935 iota boundary thin mixed_context
t=0936 mu local flicker mixed_context
t=0937 theta drift high mixed_context
t=0938 epsilon pulse rise mixed_context
t=0939 beta gate hold mixed_context
t=0940 iota boundary thin mixed_context
t=0941 delta carrier stable mixed_context
t=0942 beta gate hold mixed_context
t=0943 beta gate hold mixed_context
t=0944 mu local flicker mixed_context
t=0945 gamma seam shift mixed_context
t=0946 zeta pulse fall mixed_context
t=0947 theta drift high mixed_context
t=0948 delta carrier stable mixed_context
t=0949 beta gate hold mixed_context
t=0950 epsilon pulse rise mixed_context
t=0951 lambda return path mixed_context
t=0952 alpha gate open mixed_context
t=0953 mu local flicker mixed_context
t=0954 delta carrier stable mixed_context
t=0955 mu local flicker mixed_context
t=0956 eta drift low mixed_context
t=0957 lambda return path mixed_context
t=0958 lambda return path mixed_context
t=0959 theta drift high mixed_context
t=0960 delta carrier stable mixed_context
t=0961 delta carrier stable mixed_context
t=0962 lambda return path mixed_context
t=0963 delta carrier stable mixed_context
t=0964 lambda return path mixed_context
t=0965 lambda return path mixed_context
t=0966 beta gate hold mixed_context
t=0967 beta gate hold mixed_context
t=0968 lambda return path mixed_context
t=0969 beta gate hold mixed_context
t=0970 delta carrier stable mixed_context
t=0971 delta carrier stable mixed_context
t=0972 delta carrier stable mixed_context
t=0973 lambda return path mixed_context
t=0974 delta carrier stable mixed_context
t=0975 delta carrier stable mixed_context
t=0976 lambda return path mixed_context
t=0977 beta gate hold mixed_context
t=0978 lambda return path mixed_context
t=0979 delta carrier stable mixed_context
t=0980 lambda return path mixed_context
t=0981 beta gate hold mixed_context
t=0982 delta carrier stable mixed_context
t=0983 lambda return path mixed_context
t=0984 beta gate hold mixed_context
t=0985 lambda return path mixed_context
t=0986 beta gate hold mixed_context
t=0987 lambda return path mixed_context
t=0988 beta gate hold mixed_context
t=0989 lambda return path mixed_context
t=0990 lambda return path mixed_context
t=0991 lambda return path mixed_context
t=0992 lambda return path mixed_context
t=0993 delta carrier stable mixed_context
t=0994 lambda return path mixed_context
t=0995 beta gate hold mixed_context
t=0996 beta gate hold mixed_context
t=0997 beta gate hold mixed_context
t=0998 beta gate hold mixed_context
t=0999 beta gate hold mixed_context
t=1000 delta carrier stable mixed_context
t=1001 beta gate hold mixed_context
t=1002 delta carrier stable mixed_context
t=1003 lambda return path mixed_context
t=1004 beta gate hold mixed_context
t=1005 beta gate hold mixed_context
t=1006 delta carrier stable mixed_context
t=1007 beta gate hold mixed_context
t=1008 beta gate hold mixed_context
t=1009 beta gate hold mixed_context
t=1010 lambda return path mixed_context
t=1011 lambda return path mixed_context
t=1012 beta gate hold mixed_context
t=1013 delta carrier stable mixed_context
t=1014 delta carrier stable mixed_context
t=1015 beta gate hold mixed_context
t=1016 lambda return path mixed_context
t=1017 beta gate hold mixed_context
t=1018 delta carrier stable mixed_context
t=1019 beta gate hold mixed_context
t=1020 beta gate hold mixed_context
t=1021 beta gate hold mixed_context
t=1022 lambda return path mixed_context
t=1023 lambda return path mixed_context
t=1024 lambda return path mixed_context
t=1025 beta gate hold mixed_context
t=1026 lambda return path mixed_context
t=1027 delta carrier stable mixed_context
t=1028 lambda return path mixed_context
t=1029 beta gate hold mixed_context
t=1030 beta gate hold mixed_context
t=1031 delta carrier stable mixed_context
t=1032 beta gate hold mixed_context
t=1033 lambda return path mixed_context
t=1034 beta gate hold mixed_context
t=1035 delta carrier stable mixed_context
t=1036 lambda return path mixed_context
t=1037 lambda return path mixed_context
t=1038 lambda return path mixed_context
t=1039 lambda return path mixed_context
t=1040 lambda return path mixed_context
t=1041 beta gate hold mixed_context
t=1042 lambda return path mixed_context
t=1043 delta carrier stable mixed_context
t=1044 delta carrier stable mixed_context
t=1045 lambda return path mixed_context
t=1046 lambda return path mixed_context
t=1047 beta gate hold mixed_context
t=1048 lambda return path mixed_context
t=1049 delta carrier stable mixed_context
t=1050 beta gate hold mixed_context
t=1051 beta gate hold mixed_context
t=1052 lambda return path mixed_context
t=1053 delta carrier stable mixed_context
t=1054 beta gate hold mixed_context
t=1055 delta carrier stable mixed_context
t=1056 lambda return path mixed_context
t=1057 delta carrier stable mixed_context
t=1058 delta carrier stable mixed_context
t=1059 delta carrier stable mixed_context
t=1060 beta gate hold mixed_context
t=1061 delta carrier stable mixed_context
t=1062 beta gate hold mixed_context
t=1063 delta carrier stable mixed_context
t=1064 lambda return path mixed_context
t=1065 delta carrier stable mixed_context
t=1066 lambda return path mixed_context
t=1067 delta carrier stable mixed_context
t=1068 delta carrier stable mixed_context
t=1069 delta carrier stable mixed_context
t=1070 lambda return path mixed_context
t=1071 beta gate hold mixed_context
t=1072 beta gate hold mixed_context
t=1073 delta carrier stable mixed_context
t=1074 delta carrier stable mixed_context
t=1075 beta gate hold mixed_context
t=1076 beta gate hold mixed_context
t=1077 delta carrier stable mixed_context
t=1078 delta carrier stable mixed_context
t=1079 lambda return path mixed_context
t=1080 beta gate hold mixed_context
t=1081 lambda return path mixed_context
t=1082 beta gate hold mixed_context
t=1083 delta carrier stable mixed_context
t=1084 delta carrier stable mixed_context
t=1085 beta gate hold mixed_context
t=1086 delta carrier stable mixed_context
t=1087 lambda return path mixed_context
t=1088 lambda return path mixed_context
t=1089 delta carrier stable mixed_context
t=1090 beta gate hold mixed_context
t=1091 delta carrier stable mixed_context
t=1092 delta carrier stable mixed_context
t=1093 beta gate hold mixed_context
t=1094 lambda return path mixed_context
t=1095 beta gate hold mixed_context
t=1096 lambda return path mixed_context
t=1097 delta carrier stable mixed_context
t=1098 beta gate hold mixed_context
t=1099 beta gate hold mixed_context
t=1100 lambda return path mixed_context
t=1101 delta carrier stable mixed_context
t=1102 lambda return path mixed_context
t=1103 beta gate hold mixed_context
t=1104 delta carrier stable mixed_context
t=1105 lambda return path mixed_context
t=1106 beta gate hold mixed_context
t=1107 beta gate hold mixed_context
t=1108 beta gate hold mixed_context
t=1109 beta gate hold mixed_context
t=1110 delta carrier stable mixed_context
t=1111 lambda return path mixed_context
t=1112 beta gate hold mixed_context
t=1113 delta carrier stable mixed_context
t=1114 lambda return path mixed_context
t=1115 beta gate hold mixed_context
t=1116 delta carrier stable mixed_context
t=1117 delta carrier stable mixed_context
t=1118 beta gate hold mixed_context
t=1119 delta carrier stable mixed_context
t=1120 delta carrier stable mixed_context
t=1121 beta gate hold mixed_context
t=1122 beta gate hold mixed_context
t=1123 beta gate hold mixed_context
t=1124 lambda return path mixed_context
t=1125 beta gate hold mixed_context
t=1126 delta carrier stable mixed_context
t=1127 lambda return path mixed_context
t=1128 beta gate hold mixed_context
t=1129 beta gate hold mixed_context
t=1130 delta carrier stable mixed_context
t=1131 delta carrier stable mixed_context
t=1132 delta carrier stable mixed_context
t=1133 lambda return path mixed_context
t=1134 lambda return path mixed_context
t=1135 lambda return path mixed_context
t=1136 delta carrier stable mixed_context
t=1137 lambda return path mixed_context
t=1138 delta carrier stable mixed_context
t=1139 beta gate hold mixed_context
t=1140 lambda return path mixed_context
t=1141 beta gate hold mixed_context
t=1142 beta gate hold mixed_context
t=1143 beta gate hold mixed_context
t=1144 beta gate hold mixed_context
t=1145 beta gate hold mixed_context
t=1146 lambda return path mixed_context
t=1147 beta gate hold mixed_context
t=1148 delta carrier stable mixed_context
t=1149 delta carrier stable mixed_context
t=1150 beta gate hold mixed_context
t=1151 delta carrier stable mixed_context
t=1152 lambda return path mixed_context
t=1153 delta carrier stable mixed_context
t=1154 lambda return path mixed_context
t=1155 lambda return path mixed_context
t=1156 beta gate hold mixed_context
t=1157 beta gate hold mixed_context
t=1158 delta carrier stable mixed_context
t=1159 delta carrier stable mixed_context
t=1160 delta carrier stable mixed_context
t=1161 lambda return path mixed_context
t=1162 beta gate hold mixed_context
t=1163 delta carrier stable mixed_context
t=1164 delta carrier stable mixed_context
t=1165 lambda return path mixed_context
t=1166 beta gate hold mixed_context
t=1167 beta gate hold mixed_context
t=1168 lambda return path mixed_context
t=1169 lambda return path mixed_context
t=1170 lambda return path mixed_context
t=1171 lambda return path mixed_context
t=1172 lambda return path mixed_context
t=1173 delta carrier stable mixed_context
t=1174 beta gate hold mixed_context
t=1175 beta gate hold mixed_context
t=1176 beta gate hold mixed_context
t=1177 lambda return path mixed_context
t=1178 lambda return path mixed_context
t=1179 lambda return path mixed_context
t=1180 lambda return path mixed_context
t=1181 lambda return path mixed_context
t=1182 lambda return path mixed_context
t=1183 lambda return path mixed_context
t=1184 lambda return path mixed_context
t=1185 lambda return path mixed_context
t=1186 lambda return path mixed_context
t=1187 lambda return path mixed_context
t=1188 lambda return path mixed_context
t=1189 beta gate hold mixed_context
t=1190 beta gate hold mixed_context
t=1191 delta carrier stable mixed_context
t=1192 delta carrier stable mixed_context
t=1193 beta gate hold mixed_context
t=1194 lambda return path mixed_context
t=1195 delta carrier stable mixed_context
t=1196 delta carrier stable mixed_context
t=1197 beta gate hold mixed_context
t=1198 delta carrier stable mixed_context
t=1199 delta carrier stable mixed_context
t=1200 lambda return path mixed_context
t=1201 delta carrier stable mixed_context
t=1202 beta gate hold mixed_context
t=1203 delta carrier stable mixed_context
t=1204 beta gate hold mixed_context
t=1205 beta gate hold mixed_context
t=1206 lambda return path mixed_context
t=1207 lambda return path mixed_context
t=1208 delta carrier stable mixed_context
t=1209 delta carrier stable mixed_context
t=1210 lambda return path mixed_context
t=1211 delta carrier stable mixed_context
t=1212 beta gate hold mixed_context
t=1213 beta gate hold mixed_context
t=1214 beta gate hold mixed_context
t=1215 beta gate hold mixed_context
t=1216 lambda return path mixed_context
t=1217 lambda return path mixed_context
t=1218 lambda return path mixed_context
t=1219 delta carrier stable mixed_context
t=1220 lambda return path mixed_context
t=1221 beta gate hold mixed_context
t=1222 delta carrier stable mixed_context
t=1223 lambda return path mixed_context
t=1224 lambda return path mixed_context
t=1225 lambda return path mixed_context
t=1226 delta carrier stable mixed_context
t=1227 beta gate hold mixed_context
t=1228 delta carrier stable mixed_context
t=1229 delta carrier stable mixed_context
t=1230 beta gate hold mixed_context
t=1231 lambda return path mixed_context
t=1232 delta carrier stable mixed_context
t=1233 delta carrier stable mixed_context
t=1234 lambda return path mixed_context
t=1235 delta carrier stable mixed_context
t=1236 beta gate hold mixed_context
t=1237 delta carrier stable mixed_context
t=1238 lambda return path mixed_context
t=1239 beta gate hold mixed_context
t=1240 lambda return path mixed_context
t=1241 delta carrier stable mixed_context
t=1242 delta carrier stable mixed_context
t=1243 beta gate hold mixed_context
t=1244 delta carrier stable mixed_context
t=1245 delta carrier stable mixed_context
t=1246 beta gate hold mixed_context
t=1247 delta carrier stable mixed_context
t=1248 lambda return path mixed_context
t=1249 delta carrier stable mixed_context
t=1250 delta carrier stable mixed_context
t=1251 lambda return path mixed_context
t=1252 lambda return path mixed_context
t=1253 lambda return path mixed_context
t=1254 delta carrier stable mixed_context
t=1255 delta carrier stable mixed_context
t=1256 lambda return path mixed_context
t=1257 delta carrier stable mixed_context
t=1258 delta carrier stable mixed_context
t=1259 delta carrier stable mixed_context
t=1260 beta gate hold mixed_context
t=1261 beta gate hold mixed_context
t=1262 delta carrier stable mixed_context
t=1263 beta gate hold mixed_context
t=1264 lambda return path mixed_context
t=1265 beta gate hold mixed_context
t=1266 lambda return path mixed_context
t=1267 lambda return path mixed_context
t=1268 lambda return path mixed_context
t=1269 beta gate hold mixed_context
t=1270 beta gate hold mixed_context
t=1271 delta carrier stable mixed_context
t=1272 delta carrier stable mixed_context
t=1273 delta carrier stable mixed_context
t=1274 lambda return path mixed_context
t=1275 beta gate hold mixed_context
t=1276 beta gate hold mixed_context
t=1277 lambda return path mixed_context
t=1278 delta carrier stable mixed_context
t=1279 lambda return path mixed_context
t=1280 lambda return path mixed_context
t=1281 delta carrier stable mixed_context
t=1282 delta carrier stable mixed_context
t=1283 beta gate hold mixed_context
t=1284 lambda return path mixed_context
t=1285 beta gate hold mixed_context
t=1286 lambda return path mixed_context
t=1287 beta gate hold mixed_context
t=1288 lambda return path mixed_context
t=1289 lambda return path mixed_context
t=1290 lambda return path mixed_context
t=1291 lambda return path mixed_context
t=1292 beta gate hold mixed_context
t=1293 beta gate hold mixed_context
t=1294 delta carrier stable mixed_context
t=1295 beta gate hold mixed_context
t=1296 delta carrier stable mixed_context
t=1297 beta gate hold mixed_context
t=1298 delta carrier stable mixed_context
t=1299 lambda return path mixed_context
t=1300 lambda return path mixed_context
t=1301 beta gate hold mixed_context
t=1302 beta gate hold mixed_context
t=1303 delta carrier stable mixed_context
t=1304 beta gate hold mixed_context
t=1305 beta gate hold mixed_context
t=1306 delta carrier stable mixed_context
t=1307 delta carrier stable mixed_context
t=1308 delta carrier stable mixed_context
t=1309 beta gate hold mixed_context
t=1310 zeta pulse fall mixed_context
t=1311 mu local flicker mixed_context
t=1312 kappa residue mark mixed_context
t=1313 delta carrier stable mixed_context
t=1314 gamma seam shift mixed_context
t=1315 iota boundary thin mixed_context
t=1316 eta drift low mixed_context
t=1317 theta drift high mixed_context
t=1318 delta carrier stable mixed_context
t=1319 epsilon pulse rise mixed_context
t=1320 epsilon pulse rise mixed_context
t=1321 kappa residue mark mixed_context
t=1322 lambda return path mixed_context
t=1323 lambda return path mixed_context
t=1324 beta gate hold mixed_context
t=1325 lambda return path mixed_context
t=1326 delta carrier stable mixed_context
t=1327 delta carrier stable mixed_context
t=1328 epsilon pulse rise mixed_context
t=1329 eta drift low mixed_context
t=1330 beta gate hold mixed_context
t=1331 gamma seam shift mixed_context
t=1332 kappa residue mark mixed_context
t=1333 kappa residue mark mixed_context
t=1334 delta carrier stable mixed_context
t=1335 eta drift low mixed_context
t=1336 eta drift low mixed_context
t=1337 epsilon pulse rise mixed_context
t=1338 eta drift low mixed_context
t=1339 iota boundary thin mixed_context
t=1340 zeta pulse fall mixed_context
t=1341 eta drift low mixed_context
t=1342 zeta pulse fall mixed_context
t=1343 epsilon pulse rise mixed_context
t=1344 lambda return path mixed_context
t=1345 iota boundary thin mixed_context
t=1346 epsilon pulse rise mixed_context
t=1347 delta carrier stable mixed_context
t=1348 zeta pulse fall mixed_context
t=1349 lambda return path mixed_context
t=1350 theta drift high mixed_context
t=1351 gamma seam shift mixed_context
t=1352 epsilon pulse rise mixed_context
t=1353 eta drift low mixed_context
t=1354 kappa residue mark mixed_context
t=1355 zeta pulse fall mixed_context
t=1356 delta carrier stable mixed_context
t=1357 alpha gate open mixed_context
t=1358 lambda return path mixed_context
t=1359 alpha gate open mixed_context
t=1360 kappa residue mark mixed_context
t=1361 iota boundary thin mixed_context
t=1362 iota boundary thin mixed_context
t=1363 beta gate hold mixed_context
t=1364 eta drift low mixed_context
t=1365 epsilon pulse rise mixed_context
t=1366 eta drift low mixed_context
t=1367 alpha gate open mixed_context
t=1368 theta drift high mixed_context
t=1369 lambda return path mixed_context
t=1370 mu local flicker mixed_context
t=1371 iota boundary thin mixed_context
t=1372 lambda return path mixed_context
t=1373 beta gate hold mixed_context
t=1374 alpha gate open mixed_context
t=1375 iota boundary thin mixed_context
t=1376 alpha gate open mixed_context
t=1377 theta drift high mixed_context
t=1378 theta drift high mixed_context
t=1379 alpha gate open mixed_context
t=1380 lambda return path mixed_context
t=1381 lambda return path mixed_context
t=1382 delta carrier stable mixed_context
t=1383 beta gate hold mixed_context
t=1384 beta gate hold mixed_context
t=1385 delta carrier stable mixed_context
t=1386 delta carrier stable mixed_context
t=1387 delta carrier stable mixed_context
t=1388 delta carrier stable mixed_context
t=1389 delta carrier stable mixed_context
t=1390 delta carrier stable mixed_context
t=1391 lambda return path mixed_context
t=1392 beta gate hold mixed_context
t=1393 beta gate hold mixed_context
t=1394 delta carrier stable mixed_context
t=1395 lambda return path mixed_context
t=1396 beta gate hold mixed_context
t=1397 delta carrier stable mixed_context
t=1398 beta gate hold mixed_context
t=1399 lambda return path mixed_context
t=1400 delta carrier stable mixed_context
t=1401 delta carrier stable mixed_context
t=1402 delta carrier stable mixed_context
t=1403 delta carrier stable mixed_context
t=1404 beta gate hold mixed_context
t=1405 delta carrier stable mixed_context
t=1406 delta carrier stable mixed_context
t=1407 lambda return path mixed_context
t=1408 beta gate hold mixed_context
t=1409 beta gate hold mixed_context
t=1410 lambda return path mixed_context
t=1411 beta gate hold mixed_context
t=1412 beta gate hold mixed_context
t=1413 delta carrier stable mixed_context
t=1414 beta gate hold mixed_context
t=1415 lambda return path mixed_context
t=1416 lambda return path mixed_context
t=1417 delta carrier stable mixed_context
t=1418 delta carrier stable mixed_context
t=1419 delta carrier stable mixed_context
t=1420 delta carrier stable mixed_context
t=1421 lambda return path mixed_context
t=1422 delta carrier stable mixed_context
t=1423 delta carrier stable mixed_context
t=1424 delta carrier stable mixed_context
t=1425 lambda return path mixed_context
t=1426 lambda return path mixed_context
t=1427 lambda return path mixed_context
t=1428 lambda return path mixed_context
t=1429 delta carrier stable mixed_context
t=1430 beta gate hold mixed_context
t=1431 lambda return path mixed_context
t=1432 beta gate hold mixed_context
t=1433 beta gate hold mixed_context
t=1434 lambda return path mixed_context
t=1435 lambda return path mixed_context
t=1436 beta gate hold mixed_context
t=1437 lambda return path mixed_context
t=1438 lambda return path mixed_context
t=1439 lambda return path mixed_context
t=1440 delta carrier stable mixed_context
t=1441 beta gate hold mixed_context
t=1442 beta gate hold mixed_context
t=1443 beta gate hold mixed_context
t=1444 delta carrier stable mixed_context
t=1445 lambda return path mixed_context
t=1446 lambda return path mixed_context
t=1447 beta gate hold mixed_context
t=1448 lambda return path mixed_context
t=1449 lambda return path mixed_context
t=1450 delta carrier stable mixed_context
t=1451 delta carrier stable mixed_context
t=1452 delta carrier stable mixed_context
t=1453 delta carrier stable mixed_context
t=1454 delta carrier stable mixed_context
t=1455 lambda return path mixed_context
t=1456 lambda return path mixed_context
t=1457 beta gate hold mixed_context
t=1458 lambda return path mixed_context
t=1459 delta carrier stable mixed_context
t=1460 beta gate hold mixed_context
t=1461 beta gate hold mixed_context
t=1462 lambda return path mixed_context
t=1463 lambda return path mixed_context
t=1464 delta carrier stable mixed_context
t=1465 delta carrier stable mixed_context
t=1466 beta gate hold mixed_context
t=1467 beta gate hold mixed_context
t=1468 beta gate hold mixed_context
t=1469 lambda return path mixed_context
t=1470 lambda return path mixed_context
t=1471 delta carrier stable mixed_context
t=1472 delta carrier stable mixed_context
t=1473 delta carrier stable mixed_context
t=1474 delta carrier stable mixed_context
t=1475 delta carrier stable mixed_context
t=1476 delta carrier stable mixed_context
t=1477 delta carrier stable mixed_context
t=1478 lambda return path mixed_context
t=1479 lambda return path mixed_context
t=1480 lambda return path mixed_context
t=1481 lambda return path mixed_context
t=1482 beta gate hold mixed_context
t=1483 lambda return path mixed_context
t=1484 delta carrier stable mixed_context
t=1485 delta carrier stable mixed_context
t=1486 delta carrier stable mixed_context
t=1487 delta carrier stable mixed_context
t=1488 delta carrier stable mixed_context
t=1489 lambda return path mixed_context
t=1490 delta carrier stable mixed_context
t=1491 beta gate hold mixed_context
t=1492 lambda return path mixed_context
t=1493 delta carrier stable mixed_context
t=1494 delta carrier stable mixed_context
t=1495 beta gate hold mixed_context
t=1496 lambda return path mixed_context
t=1497 lambda return path mixed_context
t=1498 lambda return path mixed_context
t=1499 beta gate hold mixed_context
t=1500 delta carrier stable mixed_context
t=1501 lambda return path mixed_context
t=1502 delta carrier stable mixed_context
t=1503 beta gate hold mixed_context
t=1504 lambda return path mixed_context
t=1505 delta carrier stable mixed_context
t=1506 beta gate hold mixed_context
t=1507 lambda return path mixed_context
t=1508 lambda return path mixed_context
t=1509 lambda return path mixed_context
t=1510 delta carrier stable mixed_context
t=1511 lambda return path mixed_context
t=1512 lambda return path mixed_context
t=1513 beta gate hold mixed_context
t=1514 lambda return path mixed_context
t=1515 lambda return path mixed_context
t=1516 delta carrier stable mixed_context
t=1517 delta carrier stable mixed_context
t=1518 delta carrier stable mixed_context
t=1519 beta gate hold mixed_context
t=1520 beta gate hold mixed_context
t=1521 delta carrier stable mixed_context
t=1522 beta gate hold mixed_context
t=1523 beta gate hold mixed_context
t=1524 beta gate hold mixed_context
t=1525 delta carrier stable mixed_context
t=1526 delta carrier stable mixed_context
t=1527 lambda return path mixed_context
t=1528 beta gate hold mixed_context
t=1529 lambda return path mixed_context
t=1530 lambda return path mixed_context
t=1531 beta gate hold mixed_context
t=1532 lambda return path mixed_context
t=1533 lambda return path mixed_context
t=1534 lambda return path mixed_context
t=1535 beta gate hold mixed_context
t=1536 beta gate hold mixed_context
t=1537 lambda return path mixed_context
t=1538 lambda return path mixed_context
t=1539 delta carrier stable mixed_context
t=1540 delta carrier stable mixed_context
t=1541 lambda return path mixed_context
t=1542 delta carrier stable mixed_context
t=1543 delta carrier stable mixed_context
t=1544 beta gate hold mixed_context
t=1545 lambda return path mixed_context
t=1546 lambda return path mixed_context
t=1547 lambda return path mixed_context
t=1548 beta gate hold mixed_context
t=1549 lambda return path mixed_context
t=1550 lambda return path mixed_context
t=1551 delta carrier stable mixed_context
t=1552 beta gate hold mixed_context
t=1553 delta carrier stable mixed_context
t=1554 beta gate hold mixed_context
t=1555 delta carrier stable mixed_context
t=1556 beta gate hold mixed_context
t=1557 beta gate hold mixed_context
t=1558 lambda return path mixed_context
t=1559 lambda return path mixed_context
t=1560 beta gate hold mixed_context
t=1561 delta carrier stable mixed_context
t=1562 beta gate hold mixed_context
t=1563 delta carrier stable mixed_context
t=1564 beta gate hold mixed_context
t=1565 lambda return path mixed_context
t=1566 beta gate hold mixed_context
t=1567 delta carrier stable mixed_context
t=1568 lambda return path mixed_context
t=1569 delta carrier stable mixed_context
t=1570 beta gate hold mixed_context
t=1571 delta carrier stable mixed_context
t=1572 lambda return path mixed_context
t=1573 beta gate hold mixed_context
t=1574 delta carrier stable mixed_context
t=1575 lambda return path mixed_context
t=1576 beta gate hold mixed_context
t=1577 beta gate hold mixed_context
t=1578 beta gate hold mixed_context
t=1579 beta gate hold mixed_context
t=1580 beta gate hold mixed_context
t=1581 lambda return path mixed_context
t=1582 beta gate hold mixed_context
t=1583 delta carrier stable mixed_context
t=1584 lambda return path mixed_context
t=1585 lambda return path mixed_context
t=1586 beta gate hold mixed_context
t=1587 lambda return path mixed_context
t=1588 lambda return path mixed_context
t=1589 delta carrier stable mixed_context
t=1590 delta carrier stable mixed_context
t=1591 lambda return path mixed_context
t=1592 beta gate hold mixed_context
t=1593 lambda return path mixed_context
t=1594 beta gate hold mixed_context
t=1595 beta gate hold mixed_context
t=1596 lambda return path mixed_context
t=1597 delta carrier stable mixed_context
t=1598 lambda return path mixed_context
t=1599 lambda return path mixed_context
t=1600 beta gate hold mixed_context
t=1601 lambda return path mixed_context
t=1602 beta gate hold mixed_context
t=1603 beta gate hold mixed_context
t=1604 beta gate hold mixed_context
t=1605 delta carrier stable mixed_context
t=1606 beta gate hold mixed_context
t=1607 beta gate hold mixed_context
t=1608 beta gate hold mixed_context
t=1609 delta carrier stable mixed_context
t=1610 delta carrier stable mixed_context
t=1611 delta carrier stable mixed_context
t=1612 beta gate hold mixed_context
t=1613 beta gate hold mixed_context
t=1614 delta carrier stable mixed_context
t=1615 delta carrier stable mixed_context
t=1616 beta gate hold mixed_context
t=1617 beta gate hold mixed_context
t=1618 lambda return path mixed_context
t=1619 lambda return path mixed_context
t=1620 lambda return path mixed_context
t=1621 beta gate hold mixed_context
t=1622 lambda return path mixed_context
t=1623 beta gate hold mixed_context
t=1624 delta carrier stable mixed_context
t=1625 delta carrier stable mixed_context
t=1626 lambda return path mixed_context
t=1627 lambda return path mixed_context
t=1628 beta gate hold mixed_context
t=1629 lambda return path mixed_context
t=1630 lambda return path mixed_context
t=1631 delta carrier stable mixed_context
t=1632 lambda return path mixed_context
t=1633 beta gate hold mixed_context
t=1634 delta carrier stable mixed_context
t=1635 lambda return path mixed_context
t=1636 beta gate hold mixed_context
t=1637 lambda return path mixed_context
t=1638 beta gate hold mixed_context
t=1639 beta gate hold mixed_context
t=1640 beta gate hold mixed_context
t=1641 beta gate hold mixed_context
t=1642 beta gate hold mixed_context
t=1643 beta gate hold mixed_context
t=1644 beta gate hold mixed_context
t=1645 beta gate hold mixed_context
t=1646 lambda return path mixed_context
t=1647 lambda return path mixed_context
t=1648 lambda return path mixed_context
t=1649 beta gate hold mixed_context
t=1650 beta gate hold mixed_context
t=1651 lambda return path mixed_context
t=1652 beta gate hold mixed_context
t=1653 delta carrier stable mixed_context
t=1654 delta carrier stable mixed_context
t=1655 beta gate hold mixed_context
t=1656 beta gate hold mixed_context
t=1657 lambda return path mixed_context
t=1658 lambda return path mixed_context
t=1659 delta carrier stable mixed_context
t=1660 lambda return path mixed_context
t=1661 delta carrier stable mixed_context
t=1662 delta carrier stable mixed_context
t=1663 lambda return path mixed_context
t=1664 beta gate hold mixed_context
t=1665 delta carrier stable mixed_context
t=1666 delta carrier stable mixed_context
t=1667 lambda return path mixed_context
t=1668 lambda return path mixed_context
t=1669 delta carrier stable mixed_context
t=1670 lambda return path mixed_context
t=1671 lambda return path mixed_context
t=1672 delta carrier stable mixed_context
t=1673 delta carrier stable mixed_context
t=1674 delta carrier stable mixed_context
t=1675 lambda return path mixed_context
t=1676 delta carrier stable mixed_context
t=1677 beta gate hold mixed_context
t=1678 lambda return path mixed_context
t=1679 delta carrier stable mixed_context
t=1680 lambda return path mixed_context
t=1681 delta carrier stable mixed_context
t=1682 beta gate hold mixed_context
t=1683 delta carrier stable mixed_context
t=1684 lambda return path mixed_context
t=1685 lambda return path mixed_context
t=1686 lambda return path mixed_context
t=1687 beta gate hold mixed_context
t=1688 delta carrier stable mixed_context
t=1689 lambda return path mixed_context
t=1690 lambda return path mixed_context
t=1691 beta gate hold mixed_context
t=1692 lambda return path mixed_context
t=1693 delta carrier stable mixed_context
t=1694 lambda return path mixed_context
t=1695 lambda return path mixed_context
t=1696 lambda return path mixed_context
t=1697 lambda return path mixed_context
t=1698 delta carrier stable mixed_context
t=1699 beta gate hold mixed_context
t=1700 beta gate hold mixed_context
t=1701 beta gate hold mixed_context
t=1702 beta gate hold mixed_context
t=1703 lambda return path mixed_context
t=1704 beta gate hold mixed_context
t=1705 beta gate hold mixed_context
t=1706 delta carrier stable mixed_context
t=1707 beta gate hold mixed_context
t=1708 delta carrier stable mixed_context
t=1709 beta gate hold mixed_context
t=1710 beta gate hold mixed_context
t=1711 beta gate hold mixed_context
t=1712 delta carrier stable mixed_context
t=1713 delta carrier stable mixed_context
t=1714 delta carrier stable mixed_context
t=1715 beta gate hold mixed_context
t=1716 lambda return path mixed_context
t=1717 beta gate hold mixed_context
t=1718 lambda return path mixed_context
t=1719 delta carrier stable mixed_context
t=1720 delta carrier stable mixed_context
t=1721 lambda return path mixed_context
t=1722 lambda return path mixed_context
t=1723 delta carrier stable mixed_context
t=1724 lambda return path mixed_context
t=1725 lambda return path mixed_context
t=1726 beta gate hold mixed_context
t=1727 beta gate hold mixed_context
t=1728 lambda return path mixed_context
t=1729 delta carrier stable mixed_context
t=1730 eta drift low mixed_context
t=1731 beta gate hold mixed_context
t=1732 delta carrier stable mixed_context
t=1733 zeta pulse fall mixed_context
t=1734 delta carrier stable mixed_context
t=1735 eta drift low mixed_context
t=1736 mu local flicker mixed_context
t=1737 zeta pulse fall mixed_context
t=1738 lambda return path mixed_context
t=1739 iota boundary thin mixed_context
t=1740 alpha gate open mixed_context
t=1741 beta gate hold mixed_context
t=1742 delta carrier stable mixed_context
t=1743 lambda return path mixed_context
t=1744 lambda return path mixed_context
t=1745 delta carrier stable mixed_context
t=1746 gamma seam shift mixed_context
t=1747 eta drift low mixed_context
t=1748 lambda return path mixed_context
t=1749 epsilon pulse rise mixed_context
t=1750 alpha gate open mixed_context
t=1751 beta gate hold mixed_context
t=1752 gamma seam shift mixed_context
t=1753 iota boundary thin mixed_context
t=1754 mu local flicker mixed_context
t=1755 beta gate hold mixed_context
t=1756 beta gate hold mixed_context
t=1757 mu local flicker mixed_context
t=1758 theta drift high mixed_context
t=1759 zeta pulse fall mixed_context
t=1760 alpha gate open mixed_context
t=1761 epsilon pulse rise mixed_context
t=1762 epsilon pulse rise mixed_context
t=1763 eta drift low mixed_context
t=1764 theta drift high mixed_context
t=1765 gamma seam shift mixed_context
t=1766 beta gate hold mixed_context
t=1767 eta drift low mixed_context
t=1768 lambda return path mixed_context
t=1769 epsilon pulse rise mixed_context
t=1770 lambda return path mixed_context
t=1771 theta drift high mixed_context
t=1772 gamma seam shift mixed_context
t=1773 eta drift low mixed_context
t=1774 gamma seam shift mixed_context
t=1775 beta gate hold mixed_context
t=1776 beta gate hold mixed_context
t=1777 theta drift high mixed_context
t=1778 alpha gate open mixed_context
t=1779 lambda return path mixed_context
t=1780 zeta pulse fall mixed_context
t=1781 lambda return path mixed_context
t=1782 iota boundary thin mixed_context
t=1783 epsilon pulse rise mixed_context
t=1784 kappa residue mark mixed_context
t=1785 lambda return path mixed_context
t=1786 iota boundary thin mixed_context
t=1787 gamma seam shift mixed_context
t=1788 kappa residue mark mixed_context
t=1789 alpha gate open mixed_context
t=1790 eta drift low mixed_context
t=1791 zeta pulse fall mixed_context
t=1792 delta carrier stable mixed_context
t=1793 delta carrier stable mixed_context
t=1794 beta gate hold mixed_context
t=1795 lambda return path mixed_context
t=1796 alpha gate open mixed_context
t=1797 kappa residue mark mixed_context
t=1798 gamma seam shift mixed_context
t=1799 mu local flicker mixed_context
t=1800 lambda return path mixed_context
t=1801 lambda return path mixed_context
t=1802 lambda return path mixed_context
t=1803 delta carrier stable mixed_context
t=1804 beta gate hold mixed_context
t=1805 delta carrier stable mixed_context
t=1806 delta carrier stable mixed_context
t=1807 lambda return path mixed_context
t=1808 beta gate hold mixed_context
t=1809 beta gate hold mixed_context
t=1810 delta carrier stable mixed_context
t=1811 delta carrier stable mixed_context
t=1812 delta carrier stable mixed_context
t=1813 delta carrier stable mixed_context
t=1814 beta gate hold mixed_context
t=1815 beta gate hold mixed_context
t=1816 lambda return path mixed_context
t=1817 beta gate hold mixed_context
t=1818 delta carrier stable mixed_context
t=1819 lambda return path mixed_context
t=1820 lambda return path mixed_context
t=1821 delta carrier stable mixed_context
t=1822 delta carrier stable mixed_context
t=1823 beta gate hold mixed_context
t=1824 beta gate hold mixed_context
t=1825 delta carrier stable mixed_context
t=1826 lambda return path mixed_context
t=1827 lambda return path mixed_context
t=1828 beta gate hold mixed_context
t=1829 lambda return path mixed_context
t=1830 delta carrier stable mixed_context
t=1831 beta gate hold mixed_context
t=1832 lambda return path mixed_context
t=1833 lambda return path mixed_context
t=1834 delta carrier stable mixed_context
t=1835 delta carrier stable mixed_context
t=1836 delta carrier stable mixed_context
t=1837 beta gate hold mixed_context
t=1838 lambda return path mixed_context
t=1839 delta carrier stable mixed_context
t=1840 lambda return path mixed_context
t=1841 beta gate hold mixed_context
t=1842 delta carrier stable mixed_context
t=1843 lambda return path mixed_context
t=1844 beta gate hold mixed_context
t=1845 beta gate hold mixed_context
t=1846 delta carrier stable mixed_context
t=1847 beta gate hold mixed_context
t=1848 delta carrier stable mixed_context
t=1849 beta gate hold mixed_context
t=1850 beta gate hold mixed_context
t=1851 beta gate hold mixed_context
t=1852 lambda return path mixed_context
t=1853 beta gate hold mixed_context
t=1854 lambda return path mixed_context
t=1855 lambda return path mixed_context
t=1856 lambda return path mixed_context
t=1857 beta gate hold mixed_context
t=1858 lambda return path mixed_context
t=1859 lambda return path mixed_context
t=1860 delta carrier stable mixed_context
t=1861 delta carrier stable mixed_context
t=1862 delta carrier stable mixed_context
t=1863 delta carrier stable mixed_context
t=1864 beta gate hold mixed_context
t=1865 delta carrier stable mixed_context
t=1866 beta gate hold mixed_context
t=1867 beta gate hold mixed_context
t=1868 beta gate hold mixed_context
t=1869 delta carrier stable mixed_context
t=1870 delta carrier stable mixed_context
t=1871 beta gate hold mixed_context
t=1872 beta gate hold mixed_context
t=1873 delta carrier stable mixed_context
t=1874 lambda return path mixed_context
t=1875 lambda return path mixed_context
t=1876 lambda return path mixed_context
t=1877 lambda return path mixed_context
t=1878 beta gate hold mixed_context
t=1879 delta carrier stable mixed_context
t=1880 beta gate hold mixed_context
t=1881 beta gate hold mixed_context
t=1882 lambda return path mixed_context
t=1883 beta gate hold mixed_context
t=1884 lambda return path mixed_context
t=1885 lambda return path mixed_context
t=1886 lambda return path mixed_context
t=1887 delta carrier stable mixed_context
t=1888 lambda return path mixed_context
t=1889 lambda return path mixed_context
t=1890 delta carrier stable mixed_context
t=1891 lambda return path mixed_context
t=1892 lambda return path mixed_context
t=1893 delta carrier stable mixed_context
t=1894 beta gate hold mixed_context
t=1895 beta gate hold mixed_context
t=1896 beta gate hold mixed_context
t=1897 delta carrier stable mixed_context
t=1898 beta gate hold mixed_context
t=1899 lambda return path mixed_context
t=1900 lambda return path mixed_context
t=1901 lambda return path mixed_context
t=1902 lambda return path mixed_context
t=1903 beta gate hold mixed_context
t=1904 delta carrier stable mixed_context
t=1905 delta carrier stable mixed_context
t=1906 beta gate hold mixed_context
t=1907 lambda return path mixed_context
t=1908 beta gate hold mixed_context
t=1909 lambda return path mixed_context
t=1910 lambda return path mixed_context
t=1911 delta carrier stable mixed_context
t=1912 lambda return path mixed_context
t=1913 delta carrier stable mixed_context
t=1914 lambda return path mixed_context
t=1915 lambda return path mixed_context
t=1916 beta gate hold mixed_context
t=1917 delta carrier stable mixed_context
t=1918 lambda return path mixed_context
t=1919 beta gate hold mixed_context
t=1920 beta gate hold mixed_context
t=1921 delta carrier stable mixed_context
t=1922 delta carrier stable mixed_context
t=1923 lambda return path mixed_context
t=1924 beta gate hold mixed_context
t=1925 delta carrier stable mixed_context
t=1926 beta gate hold mixed_context
t=1927 delta carrier stable mixed_context
t=1928 delta carrier stable mixed_context
t=1929 lambda return path mixed_context
t=1930 delta carrier stable mixed_context
t=1931 beta gate hold mixed_context
t=1932 lambda return path mixed_context
t=1933 beta gate hold mixed_context
t=1934 delta carrier stable mixed_context
t=1935 beta gate hold mixed_context
t=1936 lambda return path mixed_context
t=1937 lambda return path mixed_context
t=1938 beta gate hold mixed_context
t=1939 lambda return path mixed_context
t=1940 lambda return path mixed_context
t=1941 beta gate hold mixed_context
t=1942 beta gate hold mixed_context
t=1943 delta carrier stable mixed_context
t=1944 beta gate hold mixed_context
t=1945 beta gate hold mixed_context
t=1946 beta gate hold mixed_context
t=1947 lambda return path mixed_context
t=1948 lambda return path mixed_context
t=1949 lambda return path mixed_context
t=1950 delta carrier stable mixed_context
t=1951 lambda return path mixed_context
t=1952 beta gate hold mixed_context
t=1953 delta carrier stable mixed_context
t=1954 beta gate hold mixed_context
t=1955 delta carrier stable mixed_context
t=1956 beta gate hold mixed_context
t=1957 delta carrier stable mixed_context
t=1958 lambda return path mixed_context
t=1959 lambda return path mixed_context
t=1960 delta carrier stable mixed_context
t=1961 delta carrier stable mixed_context
t=1962 lambda return path mixed_context
t=1963 lambda return path mixed_context
t=1964 lambda return path mixed_context
t=1965 delta carrier stable mixed_context
t=1966 lambda return path mixed_context
t=1967 beta gate hold mixed_context
t=1968 beta gate hold mixed_context
t=1969 lambda return path mixed_context
t=1970 lambda return path mixed_context
t=1971 beta gate hold mixed_context
t=1972 delta carrier stable mixed_context
t=1973 beta gate hold mixed_context
t=1974 delta carrier stable mixed_context
t=1975 delta carrier stable mixed_context
t=1976 delta carrier stable mixed_context
t=1977 beta gate hold mixed_context
t=1978 beta gate hold mixed_context
t=1979 lambda return path mixed_context
t=1980 beta gate hold mixed_context
t=1981 beta gate hold mixed_context
t=1982 delta carrier stable mixed_context
t=1983 beta gate hold mixed_context
t=1984 delta carrier stable mixed_context
t=1985 delta carrier stable mixed_context
t=1986 lambda return path mixed_context
t=1987 delta carrier stable mixed_context
t=1988 delta carrier stable mixed_context
t=1989 beta gate hold mixed_context
t=1990 beta gate hold mixed_context
t=1991 beta gate hold mixed_context
t=1992 delta carrier stable mixed_context
t=1993 delta carrier stable mixed_context
t=1994 lambda return path mixed_context
t=1995 lambda return path mixed_context
t=1996 lambda return path mixed_context
t=1997 delta carrier stable mixed_context
t=1998 beta gate hold mixed_context
t=1999 delta carrier stable mixed_context
t=2000 lambda return path mixed_context
