t=0001 delta carrier stable sparse_field
t=0002 delta carrier stable sparse_field
t=0003 delta carrier stable sparse_field
t=0004 delta carrier stable sparse_field
t=0005 delta carrier stable sparse_field
t=0006 delta carrier stable sparse_field
t=0007 delta carrier stable sparse_field
t=0008 delta carrier stable sparse_field
t=0009 delta carrier stable sparse_field
t=0010 delta carrier stable sparse_field
t=0011 delta carrier stable sparse_field
t=0012 delta carrier stable sparse_field
t=0013 delta carrier stable sparse_field
t=0014 delta carrier stable sparse_field
t=0015 delta carrier stable sparse_field
t=0016 delta carrier stable sparse_field
t=0017 delta carrier stable sparse_field
t=0018 delta carrier stable sparse_field
t=0019 delta carrier stable sparse_field
t=0020 delta carrier stable sparse_field
t=0021 delta carrier stable sparse_field
t=0022 delta carrier stable sparse_field
t=0023 delta carrier stable sparse_field
t=0024 delta carrier stable sparse_field
t=0025 delta carrier stable sparse_field
t=0026 delta carrier stable sparse_field
t=0027 delta carrier stable sparse_field
t=0028 delta carrier stable sparse_field
t=0029 delta carrier stable sparse_field
t=0030 delta carrier stable sparse_field
t=0031 delta carrier stable sparse_field
t=0032 delta carrier stable sparse_field
t=0033 delta carrier stable sparse_field
t=0034 delta carrier stable sparse_field
t=0035 delta carrier stable sparse_field
t=0036 delta carrier stable sparse_field
t=0037 delta carrier stable sparse_field
t=0038 delta carrier stable sparse_field
t=0039 delta carrier stable sparse_field
t=0040 epsilon pulse rise sparse_field
t=0041 epsilon pulse rise sparse_field
t=0042 zeta pulse fall sparse_field
t=0043 zeta pulse fall sparse_field
t=0044 zeta pulse fall sparse_field
t=0045 kappa residue mark sparse_field
t=0046 zeta pulse fall sparse_field
t=0047 epsilon pulse rise sparse_field
t=0048 zeta pulse fall sparse_field
t=0049 kappa residue mark sparse_field
t=0050 epsilon pulse rise sparse_field
t=0051 zeta pulse fall sparse_field
t=0052 kappa residue mark sparse_field
t=0053 zeta pulse fall sparse_field
t=0054 epsilon pulse rise sparse_field
t=0055 kappa residue mark sparse_field
t=0056 kappa residue mark sparse_field
t=0057 zeta pulse fall sparse_field
t=0058 epsilon pulse rise sparse_field
t=0059 epsilon pulse rise sparse_field
t=0060 kappa residue mark sparse_field
t=0061 zeta pulse fall sparse_field
t=0062 zeta pulse fall sparse_field
t=0063 epsilon pulse rise sparse_field
t=0064 zeta pulse fall sparse_field
t=0065 kappa residue mark sparse_field
t=0066 epsilon pulse rise sparse_field
t=0067 zeta pulse fall sparse_field
t=0068 zeta pulse fall sparse_field
t=0069 epsilon pulse rise sparse_field
t=0070 kappa residue mark sparse_field
t=0071 zeta pulse fall sparse_field
t=0072 delta carrier stable sparse_field
t=0073 delta carrier stable sparse_field
t=0074 delta carrier stable sparse_field
t=0075 delta carrier stable sparse_field
t=0076 delta carrier stable sparse_field
t=0077 delta carrier stable sparse_field
t=0078 delta carrier stable sparse_field
t=0079 delta carrier stable sparse_field
t=0080 delta carrier stable sparse_field
t=0081 delta carrier stable sparse_field
t=0082 delta carrier stable sparse_field
t=0083 delta carrier stable sparse_field
t=0084 delta carrier stable sparse_field
t=0085 delta carrier stable sparse_field
t=0086 delta carrier stable sparse_field
t=0087 delta carrier stable sparse_field
t=0088 delta carrier stable sparse_field
t=0089 delta carrier stable sparse_field
t=0090 delta carrier stable sparse_field
t=0091 delta carrier stable sparse_field
t=0092 delta carrier stable sparse_field
t=0093 delta carrier stable sparse_field
t=0094 delta carrier stable sparse_field
t=0095 delta carrier stable sparse_field
t=0096 delta carrier stable sparse_field
t=0097 delta carrier stable sparse_field
t=0098 delta carrier stable sparse_field
t=0099 delta carrier stable sparse_field
t=0100 delta carrier stable sparse_field
t=0101 delta carrier stable sparse_field
t=0102 delta carrier stable sparse_field
t=0103 delta carrier stable sparse_field
t=0104 delta carrier stable sparse_field
t=0105 delta carrier stable sparse_field
t=0106 delta carrier stable sparse_field
t=0107 delta carrier stable sparse_field
t=0108 delta carrier stable sparse_field
t=0109 delta carrier stable sparse_field
t=0110 delta carrier stable sparse_field
t=0111 delta carrier stable sparse_field
t=0112 delta carrier stable sparse_field
t=0113 delta carrier stable sparse_field
t=0114 delta carrier stable sparse_field
t=0115 delta carrier stable sparse_field
t=0116 delta carrier stable sparse_field
t=0117 delta carrier stable sparse_field
t=0118 delta carrier stable sparse_field
t=0119 delta carrier stable sparse_field
t=0120 delta carrier stable sparse_field
t=0121 delta carrier stable sparse_field
t=0122 delta carrier stable sparse_field
t=0123 delta carrier stable sparse_field
t=0124 delta carrier stable sparse_field
t=0125 delta carrier stable sparse_field
t=0126 delta carrier stable sparse_field
t=0127 delta carrier stable sparse_field
t=0128 delta carrier stable sparse_field
t=0129 delta carrier stable sparse_field
t=0130 delta carrier stable sparse_field
t=0131 delta carrier stable sparse_field
t=0132 delta carrier stable sparse_field
t=0133 delta carrier stable sparse_field
t=0134 delta carrier stable sparse_field
t=0135 delta carrier stable sparse_field
t=0136 delta carrier stable sparse_field
t=0137 delta carrier stable sparse_field
t=0138 delta carrier stable sparse_field
t=0139 delta carrier stable sparse_field
t=0140 delta carrier stable sparse_field
t=0141 delta carrier stable sparse_field
t=0142 delta carrier stable sparse_field
t=0143 delta carrier stable sparse_field
t=0144 delta carrier stable sparse_field
t=0145 delta carrier stable sparse_field
t=0146 delta carrier stable sparse_field
t=0147 delta carrier stable sparse_field
t=0148 delta carrier stable sparse_field
t=0149 delta carrier stable sparse_field
t=0150 delta carrier stable sparse_field
t=0151 delta carrier stable sparse_field
t=0152 delta carrier stable sparse_field
t=0153 delta carrier stable sparse_field
t=0154 delta carrier stable sparse_field
t=0155 delta carrier stable sparse_field
t=0156 delta carrier stable sparse_field
t=0157 delta carrier stable sparse_field
t=0158 delta carrier stable sparse_field
t=0159 delta carrier stable sparse_field
t=0160 delta carrier stable sparse_field
t=0161 delta carrier stable sparse_field
t=0162 delta carrier stable sparse_field
t=0163 delta carrier stable sparse_field
t=0164 delta carrier stable sparse_field
t=0165 delta carrier stable sparse_field
t=0166 delta carrier stable sparse_field
t=0167 delta carrier stable sparse_field
t=0168 delta carrier stable sparse_field
t=0169 delta carrier stable sparse_field
t=0170 delta carrier stable sparse_field
t=0171 delta carrier stable sparse_field
t=0172 delta carrier stable sparse_field
t=0173 delta carrier stable sparse_field
t=0174 delta carrier stable sparse_field
t=0175 delta carrier stable sparse_field
t=0176 delta carrier stable sparse_field
t=0177 delta carrier stable sparse_field
t=0178 delta carrier stable sparse_field
t=0179 delta carrier stable sparse_field
t=0180 delta carrier stable sparse_field
t=0181 delta carrier stable sparse_field
t=0182 delta carrier stable sparse_field
t=0183 delta carrier stable sparse_field
t=0184 delta carrier stable sparse_field
t=0185 delta carrier stable sparse_field
t=0186 delta carrier stable sparse_field
t=0187 delta carrier stable sparse_field
t=0188 delta carrier stable sparse_field
t=0189 delta carrier stable sparse_field
t=0190 delta carrier stable sparse_field
t=0191 delta carrier stable sparse_field
t=0192 delta carrier stable sparse_field
t=0193 delta carrier stable sparse_field
t=0194 delta carrier stable sparse_field
t=0195 delta carrier stable sparse_field
t=0196 delta carrier stable sparse_field
t=0197 delta carrier stable sparse_field
t=0198 delta carrier stable sparse_field
t=0199 delta carrier stable sparse_field
t=0200 delta carrier stable sparse_field
t=0201 delta carrier stable sparse_field
t=0202 delta carrier stable sparse_field
t=0203 delta carrier stable sparse_field
t=0204 delta carrier stable sparse_field
t=0205 delta carrier stable sparse_field
t=0206 delta carrier stable sparse_field
t=0207 delta carrier stable sparse_field
t=0208 delta carrier stable sparse_field
t=0209 delta carrier stable sparse_field
t=0210 delta carrier stable sparse_field
t=0211 delta carrier stable sparse_field
t=0212 delta carrier stable sparse_field
t=0213 delta carrier stable sparse_field
t=0214 delta carrier stable sparse_field
t=0215 delta carrier stable sparse_field
t=0216 delta carrier stable sparse_field
t=0217 delta carrier stable sparse_field
t=0218 delta carrier stable sparse_field
t=0219 delta carrier stable sparse_field
t=0220 delta carrier stable sparse_field
t=0221 delta carrier stable sparse_field
t=0222 delta carrier stable sparse_field
t=0223 delta carrier stable sparse_field
t=0224 delta carrier stable sparse_field
t=0225 delta carrier stable sparse_field
t=0226 delta carrier stable sparse_field
t=0227 delta carrier stable sparse_field
t=0228 delta carrier stable sparse_field
t=0229 delta carrier stable sparse_field
t=0230 delta carrier stable sparse_field
t=0231 delta carrier stable sparse_field
t=0232 delta carrier stable sparse_field
t=0233 delta carrier stable sparse_field
t=0234 delta carrier stable sparse_field
t=0235 delta carrier stable sparse_field
t=0236 delta carrier stable sparse_field
t=0237 delta carrier stable sparse_field
t=0238 delta carrier stable sparse_field
t=0239 delta carrier stable sparse_field
t=0240 delta carrier stable sparse_field
t=0241 delta carrier stable sparse_field
t=0242 delta carrier stable sparse_field
t=0243 delta carrier stable sparse_field
t=0244 delta carrier stable sparse_field
t=0245 delta carrier stable sparse_field
t=0246 delta carrier stable sparse_field
t=0247 delta carrier stable sparse_field
t=0248 delta carrier stable sparse_field
t=0249 delta carrier stable sparse_field
t=0250 delta carrier stable sparse_field
t=0251 delta carrier stable sparse_field
t=0252 delta carrier stable sparse_field
t=0253 delta carrier stable sparse_field
t=0254 delta carrier stable sparse_field
t=0255 delta carrier stable sparse_field
t=0256 delta carrier stable sparse_field
t=0257 delta carrier stable sparse_field
t=0258 delta carrier stable sparse_field
t=0259 delta carrier stable sparse_field
t=0260 delta carrier stable sparse_field
t=0261 delta carrier stable sparse_field
t=0262 delta carrier stable sparse_field
t=0263 delta carrier stable sparse_field
t=0264 delta carrier stable sparse_field
t=0265 delta carrier stable sparse_field
t=0266 delta carrier stable sparse_field
t=0267 delta carrier stable sparse_field
t=0268 delta carrier stable sparse_field
t=0269 delta carrier stable sparse_field
t=0270 delta carrier stable sparse_field
t=0271 delta carrier stable sparse_field
t=0272 delta carrier stable sparse_field
t=0273 delta carrier stable sparse_field
t=0274 delta carrier stable sparse_field
t=0275 delta carrier stable sparse_field
t=0276 delta carrier stable sparse_field
t=0277 delta carrier stable sparse_field
t=0278 delta carrier stable sparse_field
t=0279 delta carrier stable sparse_field
t=0280 delta carrier stable sparse_field
t=0281 delta carrier stable sparse_field
t=0282 delta carrier stable sparse_field
t=0283 delta carrier stable sparse_field
t=0284 delta carrier stable sparse_field
t=0285 delta carrier stable sparse_field
t=0286 delta carrier stable sparse_field
t=0287 delta carrier stable sparse_field
t=0288 delta carrier stable sparse_field
t=0289 delta carrier stable sparse_field
t=0290 delta carrier stable sparse_field
t=0291 delta carrier stable sparse_field
t=0292 delta carrier stable sparse_field
t=0293 delta carrier stable sparse_field
t=0294 delta carrier stable sparse_field
t=0295 delta carrier stable sparse_field
t=0296 delta carrier stable sparse_field
t=0297 delta carrier stable sparse_field
t=0298 delta carrier stable sparse_field
t=0299 delta carrier stable sparse_field
t=0300 delta carrier stable sparse_field
t=0301 delta carrier stable sparse_field
t=0302 delta carrier stable sparse_field
t=0303 delta carrier stable sparse_field
t=0304 delta carrier stable sparse_field
t=0305 delta carrier stable sparse_field
t=0306 delta carrier stable sparse_field
t=0307 delta carrier stable sparse_field
t=0308 delta carrier stable sparse_field
t=0309 delta carrier stable sparse_field
t=0310 delta carrier stable sparse_field
t=0311 delta carrier stable sparse_field
t=0312 delta carrier stable sparse_field
t=0313 delta carrier stable sparse_field
t=0314 delta carrier stable sparse_field
t=0315 delta carrier stable sparse_field
t=0316 delta carrier stable sparse_field
t=0317 delta carrier stable sparse_field
t=0318 delta carrier stable sparse_field
t=0319 delta carrier stable sparse_field
t=0320 delta carrier stable sparse_field
t=0321 delta carrier stable sparse_field
t=0322 delta carrier stable sparse_field
t=0323 delta carrier stable sparse_field
t=0324 delta carrier stable sparse_field
t=0325 delta carrier stable sparse_field
t=0326 delta carrier stable sparse_field
t=0327 delta carrier stable sparse_field
t=0328 delta carrier stable sparse_field
t=0329 delta carrier stable sparse_field
t=0330 delta carrier stable sparse_field
t=0331 delta carrier stable sparse_field
t=0332 delta carrier stable sparse_field
t=0333 delta carrier stable sparse_field
t=0334 delta carrier stable sparse_field
t=0335 delta carrier stable sparse_field
t=0336 delta carrier stable sparse_field
t=0337 delta carrier stable sparse_field
t=0338 delta carrier stable sparse_field
t=0339 delta carrier stable sparse_field
t=0340 delta carrier stable sparse_field
t=0341 delta carrier stable sparse_field
t=0342 delta carrier stable sparse_field
t=0343 delta carrier stable sparse_field
t=0344 delta carrier stable sparse_field
t=0345 delta carrier stable sparse_field
t=0346 delta carrier stable sparse_field
t=0347 delta carrier stable sparse_field
t=0348 delta carrier stable sparse_field
t=0349 delta carrier stable sparse_field
t=0350 delta carrier stable sparse_field
t=0351 delta carrier stable sparse_field
t=0352 delta carrier stable sparse_field
t=0353 delta carrier stable sparse_field
t=0354 delta carrier stable sparse_field
t=0355 delta carrier stable sparse_field
t=0356 delta carrier stable sparse_field
t=0357 delta carrier stable sparse_field
t=0358 delta carrier stable sparse_field
t=0359 delta carrier stable sparse_field
t=0360 delta carrier stable sparse_field
t=0361 delta carrier stable sparse_field
t=0362 delta carrier stable sparse_field
t=0363 delta carrier stable sparse_field
t=0364 delta carrier stable sparse_field
t=0365 delta carrier stable sparse_field
t=0366 delta carrier stable sparse_field
t=0367 delta carrier stable sparse_field
t=0368 delta carrier stable sparse_field
t=0369 delta carrier stable sparse_field
t=0370 kappa residue mark sparse_field
t=0371 zeta pulse fall sparse_field
t=0372 epsilon pulse rise sparse_field
t=0373 zeta pulse fall sparse_field
t=0374 zeta pulse fall sparse_field
t=0375 epsilon pulse rise sparse_field
t=0376 kappa residue mark sparse_field
t=0377 zeta pulse fall sparse_field
t=0378 epsilon pulse rise sparse_field
t=0379 epsilon pulse rise sparse_field
t=0380 kappa residue mark sparse_field
t=0381 epsilon pulse rise sparse_field
t=0382 zeta pulse fall sparse_field
t=0383 epsilon pulse rise sparse_field
t=0384 zeta pulse fall sparse_field
t=0385 epsilon pulse rise sparse_field
t=0386 kappa residue mark sparse_field
t=0387 zeta pulse fall sparse_field
t=0388 zeta pulse fall sparse_field
t=0389 kappa residue mark sparse_field
t=0390 kappa residue mark sparse_field
t=0391 kappa residue mark sparse_field
t=0392 epsilon pulse rise sparse_field
t=0393 epsilon pulse rise sparse_field
t=0394 zeta pulse fall sparse_field
t=0395 zeta pulse fall sparse_field
t=0396 epsilon pulse rise sparse_field
t=0397 zeta pulse fall sparse_field
t=0398 kappa residue mark sparse_field
t=0399 kappa residue mark sparse_field
t=0400 epsilon pulse rise sparse_field
t=0401 zeta pulse fall sparse_field
t=0402 delta carrier stable sparse_field
t=0403 delta carrier stable sparse_field
t=0404 delta carrier stable sparse_field
t=0405 delta carrier stable sparse_field
t=0406 delta carrier stable sparse_field
t=0407 delta carrier stable sparse_field
t=0408 delta carrier stable sparse_field
t=0409 delta carrier stable sparse_field
t=0410 delta carrier stable sparse_field
t=0411 delta carrier stable sparse_field
t=0412 delta carrier stable sparse_field
t=0413 delta carrier stable sparse_field
t=0414 delta carrier stable sparse_field
t=0415 delta carrier stable sparse_field
t=0416 delta carrier stable sparse_field
t=0417 delta carrier stable sparse_field
t=0418 delta carrier stable sparse_field
t=0419 delta carrier stable sparse_field
t=0420 delta carrier stable sparse_field
t=0421 delta carrier stable sparse_field
t=0422 delta carrier stable sparse_field
t=0423 delta carrier stable sparse_field
t=0424 delta carrier stable sparse_field
t=0425 delta carrier stable sparse_field
t=0426 delta carrier stable sparse_field
t=0427 delta carrier stable sparse_field
t=0428 delta carrier stable sparse_field
t=0429 delta carrier stable sparse_field
t=0430 delta carrier stable sparse_field
t=0431 delta carrier stable sparse_field
t=0432 delta carrier stable sparse_field
t=0433 delta carrier stable sparse_field
t=0434 delta carrier stable sparse_field
t=0435 delta carrier stable sparse_field
t=0436 delta carrier stable sparse_field
t=0437 delta carrier stable sparse_field
t=0438 delta carrier stable sparse_field
t=0439 delta carrier stable sparse_field
t=0440 delta carrier stable sparse_field
t=0441 delta carrier stable sparse_field
t=0442 delta carrier stable sparse_field
t=0443 delta carrier stable sparse_field
t=0444 delta carrier stable sparse_field
t=0445 delta carrier stable sparse_field
t=0446 delta carrier stable sparse_field
t=0447 delta carrier stable sparse_field
t=0448 delta carrier stable sparse_field
t=0449 delta carrier stable sparse_field
t=0450 delta carrier stable sparse_field
t=0451 delta carrier stable sparse_field
t=0452 delta carrier stable sparse_field
t=0453 delta carrier stable sparse_field
t=0454 delta carrier stable sparse_field
t=0455 delta carrier stable sparse_field
t=0456 delta carrier stable sparse_field
t=0457 delta carrier stable sparse_field
t=0458 delta carrier stable sparse_field
t=0459 delta carrier stable sparse_field
t=0460 delta carrier stable sparse_field
t=0461 delta carrier stable sparse_field
t=0462 delta carrier stable sparse_field
t=0463 delta carrier stable sparse_field
t=0464 delta carrier stable sparse_field
t=0465 delta carrier stable sparse_field
t=0466 delta carrier stable sparse_field
t=0467 delta carrier stable sparse_field
t=0468 delta carrier stable sparse_field
t=0469 delta carrier stable sparse_field
t=0470 delta carrier stable sparse_field
t=0471 delta carrier stable sparse_field
t=0472 delta carrier stable sparse_field
t=0473 delta carrier stable sparse_field
t=0474 delta carrier stable sparse_field
t=0475 delta carrier stable sparse_field
t=0476 delta carrier stable sparse_field
t=0477 delta carrier stable sparse_field
t=0478 delta carrier stable sparse_field
t=0479 delta carrier stable sparse_field
t=0480 delta carrier stable sparse_field
t=0481 delta carrier stable sparse_field
t=0482 delta carrier stable sparse_field
t=0483 delta carrier stable sparse_field
t=0484 delta carrier stable sparse_field
t=0485 delta carrier stable sparse_field
t=0486 delta carrier stable sparse_field
t=0487 delta carrier stable sparse_field
t=0488 delta carrier stable sparse_field
t=0489 delta carrier stable sparse_field
t=0490 delta carrier stable sparse_field
t=0491 delta carrier stable sparse_field
t=0492 delta carrier stable sparse_field
t=0493 delta carrier stable sparse_field
t=0494 delta carrier stable sparse_field
t=0495 delta carrier stable sparse_field
t=0496 delta carrier stable sparse_field
t=0497 delta carrier stable sparse_field
t=0498 delta carrier stable sparse_field
t=0499 delta carrier stable sparse_field
t=0500 delta carrier stable sparse_field
t=0501 delta carrier stable sparse_field
t=0502 delta carrier stable sparse_field
t=0503 delta carrier stable sparse_field
t=0504 delta carrier stable sparse_field
t=0505 delta carrier stable sparse_field
t=0506 delta carrier stable sparse_field
t=0507 delta carrier stable sparse_field
t=0508 delta carrier stable sparse_field
t=0509 delta carrier stable sparse_field
t=0510 delta carrier stable sparse_field
t=0511 delta carrier stable sparse_field
t=0512 delta carrier stable sparse_field
t=0513 delta carrier stable sparse_field
t=0514 delta carrier stable sparse_field
t=0515 delta carrier stable sparse_field
t=0516 delta carrier stable sparse_field
t=0517 delta carrier stable sparse_field
t=0518 delta carrier stable sparse_field
t=0519 delta carrier stable sparse_field
t=0520 delta carrier stable sparse_field
t=0521 delta carrier stable sparse_field
t=0522 delta carrier stable sparse_field
t=0523 delta carrier stable sparse_field
t=0524 delta carrier stable sparse_field
t=0525 delta carrier stable sparse_field
t=0526 delta carrier stable sparse_field
t=0527 delta carrier stable sparse_field
t=0528 delta carrier stable sparse_field
t=0529 delta carrier stable sparse_field
t=0530 delta carrier stable sparse_field
t=0531 delta carrier stable sparse_field
t=0532 delta carrier stable sparse_field
t=0533 delta carrier stable sparse_field
t=0534 delta carrier stable sparse_field
t=0535 delta carrier stable sparse_field
t=0536 delta carrier stable sparse_field
t=0537 delta carrier stable sparse_field
t=0538 delta carrier stable sparse_field
t=0539 delta carrier stable sparse_field
t=0540 delta carrier stable sparse_field
t=0541 delta carrier stable sparse_field
t=0542 delta carrier stable sparse_field
t=0543 delta carrier stable sparse_field
t=0544 delta carrier stable sparse_field
t=0545 delta carrier stable sparse_field
t=0546 delta carrier stable sparse_field
t=0547 delta carrier stable sparse_field
t=0548 delta carrier stable sparse_field
t=0549 delta carrier stable sparse_field
t=0550 delta carrier stable sparse_field
t=0551 delta carrier stable sparse_field
t=0552 delta carrier stable sparse_field
t=0553 delta carrier stable sparse_field
t=0554 delta carrier stable sparse_field
t=0555 delta carrier stable sparse_field
t=0556 delta carrier stable sparse_field
t=0557 delta carrier stable sparse_field
t=0558 delta carrier stable sparse_field
t=0559 delta carrier stable sparse_field
t=0560 delta carrier stable sparse_field
t=0561 delta carrier stable sparse_field
t=0562 delta carrier stable sparse_field
t=0563 delta carrier stable sparse_field
t=0564 delta carrier stable sparse_field
t=0565 delta carrier stable sparse_field
t=0566 delta carrier stable sparse_field
t=0567 delta carrier stable sparse_field
t=0568 delta carrier stable sparse_field
t=0569 delta carrier stable sparse_field
t=0570 delta carrier stable sparse_field
t=0571 delta carrier stable sparse_field
t=0572 delta carrier stable sparse_field
t=0573 delta carrier stable sparse_field
t=0574 delta carrier stable sparse_field
t=0575 delta carrier stable sparse_field
t=0576 delta carrier stable sparse_field
t=0577 delta carrier stable sparse_field
t=0578 delta carrier stable sparse_field
t=0579 delta carrier stable sparse_field
t=0580 delta carrier stable sparse_field
t=0581 delta carrier stable sparse_field
t=0582 delta carrier stable sparse_field
t=0583 delta carrier stable sparse_field
t=0584 delta carrier stable sparse_field
t=0585 delta carrier stable sparse_field
t=0586 delta carrier stable sparse_field
t=0587 delta carrier stable sparse_field
t=0588 delta carrier stable sparse_field
t=0589 delta carrier stable sparse_field
t=0590 delta carrier stable sparse_field
t=0591 delta carrier stable sparse_field
t=0592 delta carrier stable sparse_field
t=0593 delta carrier stable sparse_field
t=0594 delta carrier stable sparse_field
t=0595 delta carrier stable sparse_field
t=0596 delta carrier stable sparse_field
t=0597 delta carrier stable sparse_field
t=0598 delta carrier stable sparse_field
t=0599 delta carrier stable sparse_field
t=0600 delta carrier stable sparse_field
t=0601 delta carrier stable sparse_field
t=0602 delta carrier stable sparse_field
t=0603 delta carrier stable sparse_field
t=0604 delta carrier stable sparse_field
t=0605 delta carrier stable sparse_field
t=0606 delta carrier stable sparse_field
t=0607 delta carrier stable sparse_field
t=0608 delta carrier stable sparse_field
t=0609 delta carrier stable sparse_field
t=0610 delta carrier stable sparse_field
t=0611 delta carrier stable sparse_field
t=0612 delta carrier stable sparse_field
t=0613 delta carrier stable sparse_field
t=0614 delta carrier stable sparse_field
t=0615 delta carrier stable sparse_field
t=0616 delta carrier stable sparse_field
t=0617 delta carrier stable sparse_field
t=0618 delta carrier stable sparse_field
t=0619 delta carrier stable sparse_field
t=0620 delta carrier stable sparse_field
t=0621 delta carrier stable sparse_field
t=0622 delta carrier stable sparse_field
t=0623 delta carrier stable sparse_field
t=0624 delta carrier stable sparse_field
t=0625 delta carrier stable sparse_field
t=0626 delta carrier stable sparse_field
t=0627 delta carrier stable sparse_field
t=0628 delta carrier stable sparse_field
t=0629 delta carrier stable sparse_field
t=0630 delta carrier stable sparse_field
t=0631 delta carrier stable sparse_field
t=0632 delta carrier stable sparse_field
t=0633 delta carrier stable sparse_field
t=0634 delta carrier stable sparse_field
t=0635 delta carrier stable sparse_field
t=0636 delta carrier stable sparse_field
t=0637 delta carrier stable sparse_field
t=0638 delta carrier stable sparse_field
t=0639 delta carrier stable sparse_field
t=0640 delta carrier stable sparse_field
t=0641 delta carrier stable sparse_field
t=0642 delta carrier stable sparse_field
t=0643 delta carrier stable sparse_field
t=0644 delta carrier stable sparse_field
t=0645 delta carrier stable sparse_field
t=0646 delta carrier stable sparse_field
t=0647 delta carrier stable sparse_field
t=0648 delta carrier stable sparse_field
t=0649 delta carrier stable sparse_field
t=0650 delta carrier stable sparse_field
t=0651 delta carrier stable sparse_field
t=0652 delta carrier stable sparse_field
t=0653 delta carrier stable sparse_field
t=0654 delta carrier stable sparse_field
t=0655 delta carrier stable sparse_field
t=0656 delta carrier stable sparse_field
t=0657 delta carrier stable sparse_field
t=0658 delta carrier stable sparse_field
t=0659 delta carrier stable sparse_field
t=0660 delta carrier stable sparse_field
t=0661 delta carrier stable sparse_field
t=0662 delta carrier stable sparse_field
t=0663 delta carrier stable sparse_field
t=0664 delta carrier stable sparse_field
t=0665 delta carrier stable sparse_field
t=0666 delta carrier stable sparse_field
t=0667 delta carrier stable sparse_field
t=0668 delta carrier stable sparse_field
t=0669 delta carrier stable sparse_field
t=0670 delta carrier stable sparse_field
t=0671 delta carrier stable sparse_field
t=0672 delta carrier stable sparse_field
t=0673 delta carrier stable sparse_field
t=0674 delta carrier stable sparse_field
t=0675 delta carrier stable sparse_field
t=0676 delta carrier stable sparse_field
t=0677 delta carrier stable sparse_field
t=0678 delta carrier stable sparse_field
t=0679 delta carrier stable sparse_field
t=0680 delta carrier stable sparse_field
t=0681 delta carrier stable sparse_field
t=0682 delta carrier stable sparse_field
t=0683 delta carrier stable sparse_field
t=0684 delta carrier stable sparse_field
t=0685 delta carrier stable sparse_field
t=0686 delta carrier stable sparse_field
t=0687 delta carrier stable sparse_field
t=0688 delta carrier stable sparse_field
t=0689 delta carrier stable sparse_field
t=0690 delta carrier stable sparse_field
t=0691 delta carrier stable sparse_field
t=0692 delta carrier stable sparse_field
t=0693 delta carrier stable sparse_field
t=0694 delta carrier stable sparse_field
t=0695 delta carrier stable sparse_field
t=0696 delta carrier stable sparse_field
t=0697 delta carrier stable sparse_field
t=0698 delta carrier stable sparse_field
t=0699 delta carrier stable sparse_field
t=0700 epsilon pulse rise sparse_field
t=0701 kappa residue mark sparse_field
t=0702 epsilon pulse rise sparse_field
t=0703 kappa residue mark sparse_field
t=0704 epsilon pulse rise sparse_field
t=0705 zeta pulse fall sparse_field
t=0706 zeta pulse fall sparse_field
t=0707 epsilon pulse rise sparse_field
t=0708 kappa residue mark sparse_field
t=0709 epsilon pulse rise sparse_field
t=0710 epsilon pulse rise sparse_field
t=0711 zeta pulse fall sparse_field
t=0712 zeta pulse fall sparse_field
t=0713 epsilon pulse rise sparse_field
t=0714 epsilon pulse rise sparse_field
t=0715 zeta pulse fall sparse_field
t=0716 kappa residue mark sparse_field
t=0717 epsilon pulse rise sparse_field
t=0718 zeta pulse fall sparse_field
t=0719 zeta pulse fall sparse_field
t=0720 kappa residue mark sparse_field
t=0721 epsilon pulse rise sparse_field
t=0722 kappa residue mark sparse_field
t=0723 epsilon pulse rise sparse_field
t=0724 kappa residue mark sparse_field
t=0725 zeta pulse fall sparse_field
t=0726 kappa residue mark sparse_field
t=0727 kappa residue mark sparse_field
t=0728 zeta pulse fall sparse_field
t=0729 epsilon pulse rise sparse_field
t=0730 zeta pulse fall sparse_field
t=0731 kappa residue mark sparse_field
t=0732 delta carrier stable sparse_field
t=0733 delta carrier stable sparse_field
t=0734 delta carrier stable sparse_field
t=0735 delta carrier stable sparse_field
t=0736 delta carrier stable sparse_field
t=0737 delta carrier stable sparse_field
t=0738 delta carrier stable sparse_field
t=0739 delta carrier stable sparse_field
t=0740 delta carrier stable sparse_field
t=0741 delta carrier stable sparse_field
t=0742 delta carrier stable sparse_field
t=0743 delta carrier stable sparse_field
t=0744 delta carrier stable sparse_field
t=0745 delta carrier stable sparse_field
t=0746 delta carrier stable sparse_field
t=0747 delta carrier stable sparse_field
t=0748 delta carrier stable sparse_field
t=0749 delta carrier stable sparse_field
t=0750 delta carrier stable sparse_field
t=0751 delta carrier stable sparse_field
t=0752 delta carrier stable sparse_field
t=0753 delta carrier stable sparse_field
t=0754 delta carrier stable sparse_field
t=0755 delta carrier stable sparse_field
t=0756 delta carrier stable sparse_field
t=0757 delta carrier stable sparse_field
t=0758 delta carrier stable sparse_field
t=0759 delta carrier stable sparse_field
t=0760 delta carrier stable sparse_field
t=0761 delta carrier stable sparse_field
t=0762 delta carrier stable sparse_field
t=0763 delta carrier stable sparse_field
t=0764 delta carrier stable sparse_field
t=0765 delta carrier stable sparse_field
t=0766 delta carrier stable sparse_field
t=0767 delta carrier stable sparse_field
t=0768 delta carrier stable sparse_field
t=0769 delta carrier stable sparse_field
t=0770 delta carrier stable sparse_field
t=0771 delta carrier stable sparse_field
t=0772 delta carrier stable sparse_field
t=0773 delta carrier stable sparse_field
t=0774 delta carrier stable sparse_field
t=0775 delta carrier stable sparse_field
t=0776 delta carrier stable sparse_field
t=0777 delta carrier stable sparse_field
t=0778 delta carrier stable sparse_field
t=0779 delta carrier stable sparse_field
t=0780 delta carrier stable sparse_field
t=0781 delta carrier stable sparse_field
t=0782 delta carrier stable sparse_field
t=0783 delta carrier stable sparse_field
t=0784 delta carrier stable sparse_field
t=0785 delta carrier stable sparse_field
t=0786 delta carrier stable sparse_field
t=0787 delta carrier stable sparse_field
t=0788 delta carrier stable sparse_field
t=0789 delta carrier stable sparse_field
t=0790 delta carrier stable sparse_field
t=0791 delta carrier stable sparse_field
t=0792 delta carrier stable sparse_field
t=0793 delta carrier stable sparse_field
t=0794 delta carrier stable sparse_field
t=0795 delta carrier stable sparse_field
t=0796 delta carrier stable sparse_field
t=0797 delta carrier stable sparse_field
t=0798 delta carrier stable sparse_field
t=0799 delta carrier stable sparse_field
t=0800 delta carrier stable sparse_field
t=0801 delta carrier stable sparse_field
t=0802 delta carrier stable sparse_field
t=0803 delta carrier stable sparse_field
t=0804 delta carrier stable sparse_field
t=0805 delta carrier stable sparse_field
t=0806 delta carrier stable sparse_field
t=0807 delta carrier stable sparse_field
t=0808 delta carrier stable sparse_field
t=0809 delta carrier stable sparse_field
t=0810 delta carrier stable sparse_field
t=0811 delta carrier stable sparse_field
t=0812 delta carrier stable sparse_field
t=0813 delta carrier stable sparse_field
t=0814 delta carrier stable sparse_field
t=0815 delta carrier stable sparse_field
t=0816 delta carrier stable sparse_field
t=0817 delta carrier stable sparse_field
t=0818 delta carrier stable sparse_field
t=0819 delta carrier stable sparse_field
t=0820 delta carrier stable sparse_field
t=0821 delta carrier stable sparse_field
t=0822 delta carrier stable sparse_field
t=0823 delta carrier stable sparse_field
t=0824 delta carrier stable sparse_field
t=0825 delta carrier stable sparse_field
t=0826 delta carrier stable sparse_field
t=0827 delta carrier stable sparse_field
t=0828 delta carrier stable sparse_field
t=0829 delta carrier stable sparse_field
t=0830 delta carrier stable sparse_field
t=0831 delta carrier stable sparse_field
t=0832 delta carrier stable sparse_field
t=0833 delta carrier stable sparse_field
t=0834 delta carrier stable sparse_field
t=0835 delta carrier stable sparse_field
t=0836 delta carrier stable sparse_field
t=0837 delta carrier stable sparse_field
t=0838 delta carrier stable sparse_field
t=0839 delta carrier stable sparse_field
t=0840 delta carrier stable sparse_field
t=0841 delta carrier stable sparse_field
t=0842 delta carrier stable sparse_field
t=0843 delta carrier stable sparse_field
t=0844 delta carrier stable sparse_field
t=0845 delta carrier stable sparse_field
t=0846 delta carrier stable sparse_field
t=0847 delta carrier stable sparse_field
t=0848 delta carrier stable sparse_field
t=0849 delta carrier stable sparse_field
t=0850 delta carrier stable sparse_field
t=0851 delta carrier stable sparse_field
t=0852 delta carrier stable sparse_field
t=0853 delta carrier stable sparse_field
t=0854 delta carrier stable sparse_field
t=0855 delta carrier stable sparse_field
t=0856 delta carrier stable sparse_field
t=0857 delta carrier stable sparse_field
t=0858 delta carrier stable sparse_field
t=0859 delta carrier stable sparse_field
t=0860 delta carrier stable sparse_field
t=0861 delta carrier stable sparse_field
t=0862 delta carrier stable sparse_field
t=0863 delta carrier stable sparse_field
t=0864 delta carrier stable sparse_field
t=0865 delta carrier stable sparse_field
t=0866 delta carrier stable sparse_field
t=0867 delta carrier stable sparse_field
t=0868 delta carrier stable sparse_field
t=0869 delta carrier stable sparse_field
t=0870 delta carrier stable sparse_field
t=0871 delta carrier stable sparse_field
t=0872 delta carrier stable sparse_field
t=0873 delta carrier stable sparse_field
t=0874 delta carrier stable sparse_field
t=0875 delta carrier stable sparse_field
t=0876 delta carrier stable sparse_field
t=0877 delta carrier stable sparse_field
t=0878 delta carrier stable sparse_field
t=0879 delta carrier stable sparse_field
t=0880 delta carrier stable sparse_field
t=0881 delta carrier stable sparse_field
t=0882 delta carrier stable sparse_field
t=0883 delta carrier stable sparse_field
t=0884 delta carrier stable sparse_field
t=0885 delta carrier stable sparse_field
t=0886 delta carrier stable sparse_field
t=0887 delta carrier stable sparse_field
t=0888 delta carrier stable sparse_field
t=0889 delta carrier stable sparse_field
t=0890 delta carrier stable sparse_field
t=0891 delta carrier stable sparse_field
t=0892 delta carrier stable sparse_field
t=0893 delta carrier stable sparse_field
t=0894 delta carrier stable sparse_field
t=0895 delta carrier stable sparse_field
t=0896 delta carrier stable sparse_field
t=0897 delta carrier stable sparse_field
t=0898 delta carrier stable sparse_field
t=0899 delta carrier stable sparse_field
t=0900 delta carrier stable sparse_field
t=0901 delta carrier stable sparse_field
t=0902 delta carrier stable sparse_field
t=0903 delta carrier stable sparse_field
t=0904 delta carrier stable sparse_field
t=0905 delta carrier stable sparse_field
t=0906 delta carrier stable sparse_field
t=0907 delta carrier stable sparse_field
t=0908 delta carrier stable sparse_field
t=0909 delta carrier stable sparse_field
t=0910 delta carrier stable sparse_field
t=0911 delta carrier stable sparse_field
t=0912 delta carrier stable sparse_field
t=0913 delta carrier stable sparse_field
t=0914 delta carrier stable sparse_field
t=0915 delta carrier stable sparse_field
t=0916 delta carrier stable sparse_field
t=0917 delta carrier stable sparse_field
t=0918 delta carrier stable sparse_field
t=0919 delta carrier stable sparse_field
t=0920 delta carrier stable sparse_field
t=0921 delta carrier stable sparse_field
t=0922 delta carrier stable sparse_field
t=0923 delta carrier stable sparse_field
t=0924 delta carrier stable sparse_field
t=0925 delta carrier stable sparse_field
t=0926 delta carrier stable sparse_field
t=0927 delta carrier stable sparse_field
t=0928 delta carrier stable sparse_field
t=0929 delta carrier stable sparse_field
t=0930 delta carrier stable sparse_field
t=0931 delta carrier stable sparse_field
t=0932 delta carrier stable sparse_field
t=0933 delta carrier stable sparse_field
t=0934 delta carrier stable sparse_field
t=0935 delta carrier stable sparse_field
t=0936 delta carrier stable sparse_field
t=0937 delta carrier stable sparse_field
t=0938 delta carrier stable sparse_field
t=0939 delta carrier stable sparse_field
t=0940 delta carrier stable sparse_field
t=0941 delta carrier stable sparse_field
t=0942 delta carrier stable sparse_field
t=0943 delta carrier stable sparse_field
t=0944 delta carrier stable sparse_field
t=0945 delta carrier stable sparse_field
t=0946 delta carrier stable sparse_field
t=0947 delta carrier stable sparse_field
t=0948 delta carrier stable sparse_field
t=0949 delta carrier stable sparse_field
t=0950 delta carrier stable sparse_field
t=0951 delta carrier stable sparse_field
t=0952 delta carrier stable sparse_field
t=0953 delta carrier stable sparse_field
t=0954 delta carrier stable sparse_field
t=0955 delta carrier stable sparse_field
t=0956 delta carrier stable sparse_field
t=0957 delta carrier stable sparse_field
t=0958 delta carrier stable sparse_field
t=0959 delta carrier stable sparse_field
t=0960 delta carrier stable sparse_field
t=0961 delta carrier stable sparse_field
t=0962 delta carrier stable sparse_field
t=0963 delta carrier stable sparse_field
t=0964 delta carrier stable sparse_field
t=0965 delta carrier stable sparse_field
t=0966 delta carrier stable sparse_field
t=0967 delta carrier stable sparse_field
t=0968 delta carrier stable sparse_field
t=0969 delta carrier stable sparse_field
t=0970 delta carrier stable sparse_field
t=0971 delta carrier stable sparse_field
t=0972 delta carrier stable sparse_field
t=0973 delta carrier stable sparse_field
t=0974 delta carrier stable sparse_field
t=0975 delta carrier stable sparse_field
t=0976 delta carrier stable sparse_field
t=0977 delta carrier stable sparse_field
t=0978 delta carrier stable sparse_field
t=0979 delta carrier stable sparse_field
t=0980 delta carrier stable sparse_field
t=0981 delta carrier stable sparse_field
t=0982 delta carrier stable sparse_field
t=0983 delta carrier stable sparse_field
t=0984 delta carrier stable sparse_field
t=0985 delta carrier stable sparse_field
t=0986 delta carrier stable sparse_field
t=0987 delta carrier stable sparse_field
t=0988 delta carrier stable sparse_field
t=0989 delta carrier stable sparse_field
t=0990 delta carrier stable sparse_field
t=0991 delta carrier stable sparse_field
t=0992 delta carrier stable sparse_field
t=0993 delta carrier stable sparse_field
t=0994 delta carrier stable sparse_field
t=0995 delta carrier stable sparse_field
t=0996 delta carrier stable sparse_field
t=0997 delta carrier stable sparse_field
t=0998 delta carrier stable sparse_field
t=0999 delta carrier stable sparse_field
t=1000 delta carrier stable sparse_field
t=1001 delta carrier stable sparse_field
t=1002 delta carrier stable sparse_field
t=1003 delta carrier stable sparse_field
t=1004 delta carrier stable sparse_field
t=1005 delta carrier stable sparse_field
t=1006 delta carrier stable sparse_field
t=1007 delta carrier stable sparse_field
t=1008 delta carrier stable sparse_field
t=1009 delta carrier stable sparse_field
t=1010 delta carrier stable sparse_field
t=1011 delta carrier stable sparse_field
t=1012 delta carrier stable sparse_field
t=1013 delta carrier stable sparse_field
t=1014 delta carrier stable sparse_field
t=1015 delta carrier stable sparse_field
t=1016 delta carrier stable sparse_field
t=1017 delta carrier stable sparse_field
t=1018 delta carrier stable sparse_field
t=1019 delta carrier stable sparse_field
t=1020 delta carrier stable sparse_field
t=1021 delta carrier stable sparse_field
t=1022 delta carrier stable sparse_field
t=1023 delta carrier stable sparse_field
t=1024 delta carrier stable sparse_field
t=1025 delta carrier stable sparse_field
t=1026 delta carrier stable sparse_field
t=1027 delta carrier stable sparse_field
t=1028 delta carrier stable sparse_field
t=1029 delta carrier stable sparse_field
t=1030 zeta pulse fall sparse_field
t=1031 kappa residue mark sparse_field
t=1032 kappa residue mark sparse_field
t=1033 kappa residue mark sparse_field
t=1034 epsilon pulse rise sparse_field
t=1035 epsilon pulse rise sparse_field
t=1036 kappa residue mark sparse_field
t=1037 zeta pulse fall sparse_field
t=1038 epsilon pulse rise sparse_field
t=1039 kappa residue mark sparse_field
t=1040 epsilon pulse rise sparse_field
t=1041 kappa residue mark sparse_field
t=1042 kappa residue mark sparse_field
t=1043 kappa residue mark sparse_field
t=1044 kappa residue mark sparse_field
t=1045 epsilon pulse rise sparse_field
t=1046 zeta pulse fall sparse_field
t=1047 epsilon pulse rise sparse_field
t=1048 kappa residue mark sparse_field
t=1049 kappa residue mark sparse_field
t=1050 zeta pulse fall sparse_field
t=1051 epsilon pulse rise sparse_field
t=1052 zeta pulse fall sparse_field
t=1053 kappa residue mark sparse_field
t=1054 zeta pulse fall sparse_field
t=1055 epsilon pulse rise sparse_field
t=1056 epsilon pulse rise sparse_field
t=1057 kappa residue mark sparse_field
t=1058 epsilon pulse rise sparse_field
t=1059 zeta pulse fall sparse_field
t=1060 kappa residue mark sparse_field
t=1061 epsilon pulse rise sparse_field
t=1062 delta carrier stable sparse_field
t=1063 delta carrier stable sparse_field
t=1064 delta carrier stable sparse_field
t=1065 delta carrier stable sparse_field
t=1066 delta carrier stable sparse_field
t=1067 delta carrier stable sparse_field
t=1068 delta carrier stable sparse_field
t=1069 delta carrier stable sparse_field
t=1070 delta carrier stable sparse_field
t=1071 delta carrier stable sparse_field
t=1072 delta carrier stable sparse_field
t=1073 delta carrier stable sparse_field
t=1074 delta carrier stable sparse_field
t=1075 delta carrier stable sparse_field
t=1076 delta carrier stable sparse_field
t=1077 delta carrier stable sparse_field
t=1078 delta carrier stable sparse_field
t=1079 delta carrier stable sparse_field
t=1080 delta carrier stable sparse_field
t=1081 delta carrier stable sparse_field
t=1082 delta carrier stable sparse_field
t=1083 delta carrier stable sparse_field
t=1084 delta carrier stable sparse_field
t=1085 delta carrier stable sparse_field
t=1086 delta carrier stable sparse_field
t=1087 delta carrier stable sparse_field
t=1088 delta carrier stable sparse_field
t=1089 delta carrier stable sparse_field
t=1090 delta carrier stable sparse_field
t=1091 delta carrier stable sparse_field
t=1092 delta carrier stable sparse_field
t=1093 delta carrier stable sparse_field
t=1094 delta carrier stable sparse_field
t=1095 delta carrier stable sparse_field
t=1096 delta carrier stable sparse_field
t=1097 delta carrier stable sparse_field
t=1098 delta carrier stable sparse_field
t=1099 delta carrier stable sparse_field
t=1100 delta carrier stable sparse_field
t=1101 delta carrier stable sparse_field
t=1102 delta carrier stable sparse_field
t=1103 delta carrier stable sparse_field
t=1104 delta carrier stable sparse_field
t=1105 delta carrier stable sparse_field
t=1106 delta carrier stable sparse_field
t=1107 delta carrier stable sparse_field
t=1108 delta carrier stable sparse_field
t=1109 delta carrier stable sparse_field
t=1110 delta carrier stable sparse_field
t=1111 delta carrier stable sparse_field
t=1112 delta carrier stable sparse_field
t=1113 delta carrier stable sparse_field
t=1114 delta carrier stable sparse_field
t=1115 delta carrier stable sparse_field
t=1116 delta carrier stable sparse_field
t=1117 delta carrier stable sparse_field
t=1118 delta carrier stable sparse_field
t=1119 delta carrier stable sparse_field
t=1120 delta carrier stable sparse_field
t=1121 delta carrier stable sparse_field
t=1122 delta carrier stable sparse_field
t=1123 delta carrier stable sparse_field
t=1124 delta carrier stable sparse_field
t=1125 delta carrier stable sparse_field
t=1126 delta carrier stable sparse_field
t=1127 delta carrier stable sparse_field
t=1128 delta carrier stable sparse_field
t=1129 delta carrier stable sparse_field
t=1130 delta carrier stable sparse_field
t=1131 delta carrier stable sparse_field
t=1132 delta carrier stable sparse_field
t=1133 delta carrier stable sparse_field
t=1134 delta carrier stable sparse_field
t=1135 delta carrier stable sparse_field
t=1136 delta carrier stable sparse_field
t=1137 delta carrier stable sparse_field
t=1138 delta carrier stable sparse_field
t=1139 delta carrier stable sparse_field
t=1140 delta carrier stable sparse_field
t=1141 delta carrier stable sparse_field
t=1142 delta carrier stable sparse_field
t=1143 delta carrier stable sparse_field
t=1144 delta carrier stable sparse_field
t=1145 delta carrier stable sparse_field
t=1146 delta carrier stable sparse_field
t=1147 delta carrier stable sparse_field
t=1148 delta carrier stable sparse_field
t=1149 delta carrier stable sparse_field
t=1150 delta carrier stable sparse_field
t=1151 delta carrier stable sparse_field
t=1152 delta carrier stable sparse_field
t=1153 delta carrier stable sparse_field
t=1154 delta carrier stable sparse_field
t=1155 delta carrier stable sparse_field
t=1156 delta carrier stable sparse_field
t=1157 delta carrier stable sparse_field
t=1158 delta carrier stable sparse_field
t=1159 delta carrier stable sparse_field
t=1160 delta carrier stable sparse_field
t=1161 delta carrier stable sparse_field
t=1162 delta carrier stable sparse_field
t=1163 delta carrier stable sparse_field
t=1164 delta carrier stable sparse_field
t=1165 delta carrier stable sparse_field
t=1166 delta carrier stable sparse_field
t=1167 delta carrier stable sparse_field
t=1168 delta carrier stable sparse_field
t=1169 delta carrier stable sparse_field
t=1170 delta carrier stable sparse_field
t=1171 delta carrier stable sparse_field
t=1172 delta carrier stable sparse_field
t=1173 delta carrier stable sparse_field
t=1174 delta carrier stable sparse_field
t=1175 delta carrier stable sparse_field
t=1176 delta carrier stable sparse_field
t=1177 delta carrier stable sparse_field
t=1178 delta carrier stable sparse_field
t=1179 delta carrier stable sparse_field
t=1180 delta carrier stable sparse_field
t=1181 delta carrier stable sparse_field
t=1182 delta carrier stable sparse_field
t=1183 delta carrier stable sparse_field
t=1184 delta carrier stable sparse_field
t=1185 delta carrier stable sparse_field
t=1186 delta carrier stable sparse_field
t=1187 delta carrier stable sparse_field
t=1188 delta carrier stable sparse_field
t=1189 delta carrier stable sparse_field
t=1190 delta carrier stable sparse_field
t=1191 delta carrier stable sparse_field
t=1192 delta carrier stable sparse_field
t=1193 delta carrier stable sparse_field
t=1194 delta carrier stable sparse_field
t=1195 delta carrier stable sparse_field
t=1196 delta carrier stable sparse_field
t=1197 delta carrier stable sparse_field
t=1198 delta carrier stable sparse_field
t=1199 delta carrier stable sparse_field
t=1200 delta carrier stable sparse_field
t=1201 delta carrier stable sparse_field
t=1202 delta carrier stable sparse_field
t=1203 delta carrier stable sparse_field
t=1204 delta carrier stable sparse_field
t=1205 delta carrier stable sparse_field
t=1206 delta carrier stable sparse_field
t=1207 delta carrier stable sparse_field
t=1208 delta carrier stable sparse_field
t=1209 delta carrier stable sparse_field
t=1210 delta carrier stable sparse_field
t=1211 delta carrier stable sparse_field
t=1212 delta carrier stable sparse_field
t=1213 delta carrier stable sparse_field
t=1214 delta carrier stable sparse_field
t=1215 delta carrier stable sparse_field
t=1216 delta carrier stable sparse_field
t=1217 delta carrier stable sparse_field
t=1218 delta carrier stable sparse_field
t=1219 delta carrier stable sparse_field
t=1220 delta carrier stable sparse_field
t=1221 delta carrier stable sparse_field
t=1222 delta carrier stable sparse_field
t=1223 delta carrier stable sparse_field
t=1224 delta carrier stable sparse_field
t=1225 delta carrier stable sparse_field
t=1226 delta carrier stable sparse_field
t=1227 delta carrier stable sparse_field
t=1228 delta carrier stable sparse_field
t=1229 delta carrier stable sparse_field
t=1230 delta carrier stable sparse_field
t=1231 delta carrier stable sparse_field
t=1232 delta carrier stable sparse_field
t=1233 delta carrier stable sparse_field
t=1234 delta carrier stable sparse_field
t=1235 delta carrier stable sparse_field
t=1236 delta carrier stable sparse_field
t=1237 delta carrier stable sparse_field
t=1238 delta carrier stable sparse_field
t=1239 delta carrier stable sparse_field
t=1240 delta carrier stable sparse_field
t=1241 delta carrier stable sparse_field
t=1242 delta carrier stable sparse_field
t=1243 delta carrier stable sparse_field
t=1244 delta carrier stable sparse_field
t=1245 delta carrier stable sparse_field
t=1246 delta carrier stable sparse_field
t=1247 delta carrier stable sparse_field
t=1248 delta carrier stable sparse_field
t=1249 delta carrier stable sparse_field
t=1250 delta carrier stable sparse_field
t=1251 delta carrier stable sparse_field
t=1252 delta carrier stable sparse_field
t=1253 delta carrier stable sparse_field
t=1254 delta carrier stable sparse_field
t=1255 delta carrier stable sparse_field
t=1256 delta carrier stable sparse_field
t=1257 delta carrier stable sparse_field
t=1258 delta carrier stable sparse_field
t=1259 delta carrier stable sparse_field
t=1260 delta carrier stable sparse_field
t=1261 delta carrier stable sparse_field
t=1262 delta carrier stable sparse_field
t=1263 delta carrier stable sparse_field
t=1264 delta carrier stable sparse_field
t=1265 delta carrier stable sparse_field
t=1266 delta carrier stable sparse_field
t=1267 delta carrier stable sparse_field
t=1268 delta carrier stable sparse_field
t=1269 delta carrier stable sparse_field
t=1270 delta carrier stable sparse_field
t=1271 delta carrier stable sparse_field
t=1272 delta carrier stable sparse_field
t=1273 delta carrier stable sparse_field
t=1274 delta carrier stable sparse_field
t=1275 delta carrier stable sparse_field
t=1276 delta carrier stable sparse_field
t=1277 delta carrier stable sparse_field
t=1278 delta carrier stable sparse_field
t=1279 delta carrier stable sparse_field
t=1280 delta carrier stable sparse_field
t=1281 delta carrier stable sparse_field
t=1282 delta carrier stable sparse_field
t=1283 delta carrier stable sparse_field
t=1284 delta carrier stable sparse_field
t=1285 delta carrier stable sparse_field
t=1286 delta carrier stable sparse_field
t=1287 delta carrier stable sparse_field
t=1288 delta carrier stable sparse_field
t=1289 delta carrier stable sparse_field
t=1290 delta carrier stable sparse_field
t=1291 delta carrier stable sparse_field
t=1292 delta carrier stable sparse_field
t=1293 delta carrier stable sparse_field
t=1294 delta carrier stable sparse_field
t=1295 delta carrier stable sparse_field
t=1296 delta carrier stable sparse_field
t=1297 delta carrier stable sparse_field
t=1298 delta carrier stable sparse_field
t=1299 delta carrier stable sparse_field
t=1300 delta carrier stable sparse_field
t=1301 delta carrier stable sparse_field
t=1302 delta carrier stable sparse_field
t=1303 delta carrier stable sparse_field
t=1304 delta carrier stable sparse_field
t=1305 delta carrier stable sparse_field
t=1306 delta carrier stable sparse_field
t=1307 delta carrier stable sparse_field
t=1308 delta carrier stable sparse_field
t=1309 delta carrier stable sparse_field
t=1310 delta carrier stable sparse_field
t=1311 delta carrier stable sparse_field
t=1312 delta carrier stable sparse_field
t=1313 delta carrier stable sparse_field
t=1314 delta carrier stable sparse_field
t=1315 delta carrier stable sparse_field
t=1316 delta carrier stable sparse_field
t=1317 delta carrier stable sparse_field
t=1318 delta carrier stable sparse_field
t=1319 delta carrier stable sparse_field
t=1320 delta carrier stable sparse_field
t=1321 delta carrier stable sparse_field
t=1322 delta carrier stable sparse_field
t=1323 delta carrier stable sparse_field
t=1324 delta carrier stable sparse_field
t=1325 delta carrier stable sparse_field
t=1326 delta carrier stable sparse_field
t=1327 delta carrier stable sparse_field
t=1328 delta carrier stable sparse_field
t=1329 delta carrier stable sparse_field
t=1330 delta carrier stable sparse_field
t=1331 delta carrier stable sparse_field
t=1332 delta carrier stable sparse_field
t=1333 delta carrier stable sparse_field
t=1334 delta carrier stable sparse_field
t=1335 delta carrier stable sparse_field
t=1336 delta carrier stable sparse_field
t=1337 delta carrier stable sparse_field
t=1338 delta carrier stable sparse_field
t=1339 delta carrier stable sparse_field
t=1340 delta carrier stable sparse_field
t=1341 delta carrier stable sparse_field
t=1342 delta carrier stable sparse_field
t=1343 delta carrier stable sparse_field
t=1344 delta carrier stable sparse_field
t=1345 delta carrier stable sparse_field
t=1346 delta carrier stable sparse_field
t=1347 delta carrier stable sparse_field
t=1348 delta carrier stable sparse_field
t=1349 delta carrier stable sparse_field
t=1350 delta carrier stable sparse_field
t=1351 delta carrier stable sparse_field
t=1352 delta carrier stable sparse_field
t=1353 delta carrier stable sparse_field
t=1354 delta carrier stable sparse_field
t=1355 delta carrier stable sparse_field
t=1356 delta carrier stable sparse_field
t=1357 delta carrier stable sparse_field
t=1358 delta carrier stable sparse_field
t=1359 delta carrier stable sparse_field
t=1360 zeta pulse fall sparse_field
t=1361 kappa residue mark sparse_field
t=1362 kappa residue mark sparse_field
t=1363 zeta pulse fall sparse_field
t=1364 kappa residue mark sparse_field
t=1365 zeta pulse fall sparse_field
t=1366 zeta pulse fall sparse_field
t=1367 kappa residue mark sparse_field
t=1368 epsilon pulse rise sparse_field
t=1369 zeta pulse fall sparse_field
t=1370 epsilon pulse rise sparse_field
t=1371 zeta pulse fall sparse_field
t=1372 epsilon pulse rise sparse_field
t=1373 kappa residue mark sparse_field
t=1374 kappa residue mark sparse_field
t=1375 epsilon pulse rise sparse_field
t=1376 zeta pulse fall sparse_field
t=1377 kappa residue mark sparse_field
t=1378 kappa residue mark sparse_field
t=1379 kappa residue mark sparse_field
t=1380 epsilon pulse rise sparse_field
t=1381 zeta pulse fall sparse_field
t=1382 epsilon pulse rise sparse_field
t=1383 epsilon pulse rise sparse_field
t=1384 kappa residue mark sparse_field
t=1385 zeta pulse fall sparse_field
t=1386 zeta pulse fall sparse_field
t=1387 kappa residue mark sparse_field
t=1388 zeta pulse fall sparse_field
t=1389 zeta pulse fall sparse_field
t=1390 kappa residue mark sparse_field
t=1391 epsilon pulse rise sparse_field
t=1392 delta carrier stable sparse_field
t=1393 delta carrier stable sparse_field
t=1394 delta carrier stable sparse_field
t=1395 delta carrier stable sparse_field
t=1396 delta carrier stable sparse_field
t=1397 delta carrier stable sparse_field
t=1398 delta carrier stable sparse_field
t=1399 delta carrier stable sparse_field
t=1400 delta carrier stable sparse_field
t=1401 delta carrier stable sparse_field
t=1402 delta carrier stable sparse_field
t=1403 delta carrier stable sparse_field
t=1404 delta carrier stable sparse_field
t=1405 delta carrier stable sparse_field
t=1406 delta carrier stable sparse_field
t=1407 delta carrier stable sparse_field
t=1408 delta carrier stable sparse_field
t=1409 delta carrier stable sparse_field
t=1410 delta carrier stable sparse_field
t=1411 delta carrier stable sparse_field
t=1412 delta carrier stable sparse_field
t=1413 delta carrier stable sparse_field
t=1414 delta carrier stable sparse_field
t=1415 delta carrier stable sparse_field
t=1416 delta carrier stable sparse_field
t=1417 delta carrier stable sparse_field
t=1418 delta carrier stable sparse_field
t=1419 delta carrier stable sparse_field
t=1420 delta carrier stable sparse_field
t=1421 delta carrier stable sparse_field
t=1422 delta carrier stable sparse_field
t=1423 delta carrier stable sparse_field
t=1424 delta carrier stable sparse_field
t=1425 delta carrier stable sparse_field
t=1426 delta carrier stable sparse_field
t=1427 delta carrier stable sparse_field
t=1428 delta carrier stable sparse_field
t=1429 delta carrier stable sparse_field
t=1430 delta carrier stable sparse_field
t=1431 delta carrier stable sparse_field
t=1432 delta carrier stable sparse_field
t=1433 delta carrier stable sparse_field
t=1434 delta carrier stable sparse_field
t=1435 delta carrier stable sparse_field
t=1436 delta carrier stable sparse_field
t=1437 delta carrier stable sparse_field
t=1438 delta carrier stable sparse_field
t=1439 delta carrier stable sparse_field
t=1440 delta carrier stable sparse_field
t=1441 delta carrier stable sparse_field
t=1442 delta carrier stable sparse_field
t=1443 delta carrier stable sparse_field
t=1444 delta carrier stable sparse_field
t=1445 delta carrier stable sparse_field
t=1446 delta carrier stable sparse_field
t=1447 delta carrier stable sparse_field
t=1448 delta carrier stable sparse_field
t=1449 delta carrier stable sparse_field
t=1450 delta carrier stable sparse_field
t=1451 delta carrier stable sparse_field
t=1452 delta carrier stable sparse_field
t=1453 delta carrier stable sparse_field
t=1454 delta carrier stable sparse_field
t=1455 delta carrier stable sparse_field
t=1456 delta carrier stable sparse_field
t=1457 delta carrier stable sparse_field
t=1458 delta carrier stable sparse_field
t=1459 delta carrier stable sparse_field
t=1460 delta carrier stable sparse_field
t=1461 delta carrier stable sparse_field
t=1462 delta carrier stable sparse_field
t=1463 delta carrier stable sparse_field
t=1464 delta carrier stable sparse_field
t=1465 delta carrier stable sparse_field
t=1466 delta carrier stable sparse_field
t=1467 delta carrier stable sparse_field
t=1468 delta carrier stable sparse_field
t=1469 delta carrier stable sparse_field
t=1470 delta carrier stable sparse_field
t=1471 delta carrier stable sparse_field
t=1472 delta carrier stable sparse_field
t=1473 delta carrier stable sparse_field
t=1474 delta carrier stable sparse_field
t=1475 delta carrier stable sparse_field
t=1476 delta carrier stable sparse_field
t=1477 delta carrier stable sparse_field
t=1478 delta carrier stable sparse_field
t=1479 delta carrier stable sparse_field
t=1480 delta carrier stable sparse_field
t=1481 delta carrier stable sparse_field
t=1482 delta carrier stable sparse_field
t=1483 delta carrier stable sparse_field
t=1484 delta carrier stable sparse_field
t=1485 delta carrier stable sparse_field
t=1486 delta carrier stable sparse_field
t=1487 delta carrier stable sparse_field
t=1488 delta carrier stable sparse_field
t=1489 delta carrier stable sparse_field
t=1490 delta carrier stable sparse_field
t=1491 delta carrier stable sparse_field
t=1492 delta carrier stable sparse_field
t=1493 delta carrier stable sparse_field
t=1494 delta carrier stable sparse_field
t=1495 delta carrier stable sparse_field
t=1496 delta carrier stable sparse_field
t=1497 delta carrier stable sparse_field
t=1498 delta carrier stable sparse_field
t=1499 delta carrier stable sparse_field
t=1500 delta carrier stable sparse_field
t=1501 delta carrier stable sparse_field
t=1502 delta carrier stable sparse_field
t=1503 delta carrier stable sparse_field
t=1504 delta carrier stable sparse_field
t=1505 delta carrier stable sparse_field
t=1506 delta carrier stable sparse_field
t=1507 delta carrier stable sparse_field
t=1508 delta carrier stable sparse_field
t=1509 delta carrier stable sparse_field
t=1510 delta carrier stable sparse_field
t=1511 delta carrier stable sparse_field
t=1512 delta carrier stable sparse_field
t=1513 delta carrier stable sparse_field
t=1514 delta carrier stable sparse_field
t=1515 delta carrier stable sparse_field
t=1516 delta carrier stable sparse_field
t=1517 delta carrier stable sparse_field
t=1518 delta carrier stable sparse_field
t=1519 delta carrier stable sparse_field
t=1520 delta carrier stable sparse_field
t=1521 delta carrier stable sparse_field
t=1522 delta carrier stable sparse_field
t=1523 delta carrier stable sparse_field
t=1524 delta carrier stable sparse_field
t=1525 delta carrier stable sparse_field
t=1526 delta carrier stable sparse_field
t=1527 delta carrier stable sparse_field
t=1528 delta carrier stable sparse_field
t=1529 delta carrier stable sparse_field
t=1530 delta carrier stable sparse_field
t=1531 delta carrier stable sparse_field
t=1532 delta carrier stable sparse_field
t=1533 delta carrier stable sparse_field
t=1534 delta carrier stable sparse_field
t=1535 delta carrier stable sparse_field
t=1536 delta carrier stable sparse_field
t=1537 delta carrier stable sparse_field
t=1538 delta carrier stable sparse_field
t=1539 delta carrier stable sparse_field
t=1540 delta carrier stable sparse_field
t=1541 delta carrier stable sparse_field
t=1542 delta carrier stable sparse_field
t=1543 delta carrier stable sparse_field
t=1544 delta carrier stable sparse_field
t=1545 delta carrier stable sparse_field
t=1546 delta carrier stable sparse_field
t=1547 delta carrier stable sparse_field
t=1548 delta carrier stable sparse_field
t=1549 delta carrier stable sparse_field
t=1550 delta carrier stable sparse_field
t=1551 delta carrier stable sparse_field
t=1552 delta carrier stable sparse_field
t=1553 delta carrier stable sparse_field
t=1554 delta carrier stable sparse_field
t=1555 delta carrier stable sparse_field
t=1556 delta carrier stable sparse_field
t=1557 delta carrier stable sparse_field
t=1558 delta carrier stable sparse_field
t=1559 delta carrier stable sparse_field
t=1560 delta carrier stable sparse_field
t=1561 delta carrier stable sparse_field
t=1562 delta carrier stable sparse_field
t=1563 delta carrier stable sparse_field
t=1564 delta carrier stable sparse_field
t=1565 delta carrier stable sparse_field
t=1566 delta carrier stable sparse_field
t=1567 delta carrier stable sparse_field
t=1568 delta carrier stable sparse_field
t=1569 delta carrier stable sparse_field
t=1570 delta carrier stable sparse_field
t=1571 delta carrier stable sparse_field
t=1572 delta carrier stable sparse_field
t=1573 delta carrier stable sparse_field
t=1574 delta carrier stable sparse_field
t=1575 delta carrier stable sparse_field
t=1576 delta carrier stable sparse_field
t=1577 delta carrier stable sparse_field
t=1578 delta carrier stable sparse_field
t=1579 delta carrier stable sparse_field
t=1580 delta carrier stable sparse_field
t=1581 delta carrier stable sparse_field
t=1582 delta carrier stable sparse_field
t=1583 delta carrier stable sparse_field
t=1584 delta carrier stable sparse_field
t=1585 delta carrier stable sparse_field
t=1586 delta carrier stable sparse_field
t=1587 delta carrier stable sparse_field
t=1588 delta carrier stable sparse_field
t=1589 delta carrier stable sparse_field
t=1590 delta carrier stable sparse_field
t=1591 delta carrier stable sparse_field
t=1592 delta carrier stable sparse_field
t=1593 delta carrier stable sparse_field
t=1594 delta carrier stable sparse_field
t=1595 delta carrier stable sparse_field
t=1596 delta carrier stable sparse_field
t=1597 delta carrier stable sparse_field
t=1598 delta carrier stable sparse_field
t=1599 delta carrier stable sparse_field
t=1600 delta carrier stable sparse_field
t=1601 delta carrier stable sparse_field
t=1602 delta carrier stable sparse_field
t=1603 delta carrier stable sparse_field
t=1604 delta carrier stable sparse_field
t=1605 delta carrier stable sparse_field
t=1606 delta carrier stable sparse_field
t=1607 delta carrier stable sparse_field
t=1608 delta carrier stable sparse_field
t=1609 delta carrier stable sparse_field
t=1610 delta carrier stable sparse_field
t=1611 delta carrier stable sparse_field
t=1612 delta carrier stable sparse_field
t=1613 delta carrier stable sparse_field
t=1614 delta carrier stable sparse_field
t=1615 delta carrier stable sparse_field
t=1616 delta carrier stable sparse_field
t=1617 delta carrier stable sparse_field
t=1618 delta carrier stable sparse_field
t=1619 delta carrier stable sparse_field
t=1620 delta carrier stable sparse_field
t=1621 delta carrier stable sparse_field
t=1622 delta carrier stable sparse_field
t=1623 delta carrier stable sparse_field
t=1624 delta carrier stable sparse_field
t=1625 delta carrier stable sparse_field
t=1626 delta carrier stable sparse_field
t=1627 delta carrier stable sparse_field
t=1628 delta carrier stable sparse_field
t=1629 delta carrier stable sparse_field
t=1630 delta carrier stable sparse_field
t=1631 delta carrier stable sparse_field
t=1632 delta carrier stable sparse_field
t=1633 delta carrier stable sparse_field
t=1634 delta carrier stable sparse_field
t=1635 delta carrier stable sparse_field
t=1636 delta carrier stable sparse_field
t=1637 delta carrier stable sparse_field
t=1638 delta carrier stable sparse_field
t=1639 delta carrier stable sparse_field
t=1640 delta carrier stable sparse_field
t=1641 delta carrier stable sparse_field
t=1642 delta carrier stable sparse_field
t=1643 delta carrier stable sparse_field
t=1644 delta carrier stable sparse_field
t=1645 delta carrier stable sparse_field
t=1646 delta carrier stable sparse_field
t=1647 delta carrier stable sparse_field
t=1648 delta carrier stable sparse_field
t=1649 delta carrier stable sparse_field
t=1650 delta carrier stable sparse_field
t=1651 delta carrier stable sparse_field
t=1652 delta carrier stable sparse_field
t=1653 delta carrier stable sparse_field
t=1654 delta carrier stable sparse_field
t=1655 delta carrier stable sparse_field
t=1656 delta carrier stable sparse_field
t=1657 delta carrier stable sparse_field
t=1658 delta carrier stable sparse_field
t=1659 delta carrier stable sparse_field
t=1660 delta carrier stable sparse_field
t=1661 delta carrier stable sparse_field
t=1662 delta carrier stable sparse_field
t=1663 delta carrier stable sparse_field
t=1664 delta carrier stable sparse_field
t=1665 delta carrier stable sparse_field
t=1666 delta carrier stable sparse_field
t=1667 delta carrier stable sparse_field
t=1668 delta carrier stable sparse_field
t=1669 delta carrier stable sparse_field
t=1670 delta carrier stable sparse_field
t=1671 delta carrier stable sparse_field
t=1672 delta carrier stable sparse_field
t=1673 delta carrier stable sparse_field
t=1674 delta carrier stable sparse_field
t=1675 delta carrier stable sparse_field
t=1676 delta carrier stable sparse_field
t=1677 delta carrier stable sparse_field
t=1678 delta carrier stable sparse_field
t=1679 delta carrier stable sparse_field
t=1680 delta carrier stable sparse_field
t=1681 delta carrier stable sparse_field
t=1682 delta carrier stable sparse_field
t=1683 delta carrier stable sparse_field
t=1684 delta carrier stable sparse_field
t=1685 delta carrier stable sparse_field
t=1686 delta carrier stable sparse_field
t=1687 delta carrier stable sparse_field
t=1688 delta carrier stable sparse_field
t=1689 delta carrier stable sparse_field
t=1690 kappa residue mark sparse_field
t=1691 zeta pulse fall sparse_field
t=1692 kappa residue mark sparse_field
t=1693 zeta pulse fall sparse_field
t=1694 zeta pulse fall sparse_field
t=1695 epsilon pulse rise sparse_field
t=1696 epsilon pulse rise sparse_field
t=1697 epsilon pulse rise sparse_field
t=1698 zeta pulse fall sparse_field
t=1699 kappa residue mark sparse_field
t=1700 kappa residue mark sparse_field
t=1701 zeta pulse fall sparse_field
t=1702 epsilon pulse rise sparse_field
t=1703 epsilon pulse rise sparse_field
t=1704 zeta pulse fall sparse_field
t=1705 kappa residue mark sparse_field
t=1706 epsilon pulse rise sparse_field
t=1707 epsilon pulse rise sparse_field
t=1708 kappa residue mark sparse_field
t=1709 kappa residue mark sparse_field
t=1710 zeta pulse fall sparse_field
t=1711 zeta pulse fall sparse_field
t=1712 zeta pulse fall sparse_field
t=1713 epsilon pulse rise sparse_field
t=1714 zeta pulse fall sparse_field
t=1715 zeta pulse fall sparse_field
t=1716 epsilon pulse rise sparse_field
t=1717 kappa residue mark sparse_field
t=1718 epsilon pulse rise sparse_field
t=1719 epsilon pulse rise sparse_field
t=1720 zeta pulse fall sparse_field
t=1721 zeta pulse fall sparse_field
t=1722 delta carrier stable sparse_field
t=1723 delta carrier stable sparse_field
t=1724 delta carrier stable sparse_field
t=1725 delta carrier stable sparse_field
t=1726 delta carrier stable sparse_field
t=1727 delta carrier stable sparse_field
t=1728 delta carrier stable sparse_field
t=1729 delta carrier stable sparse_field
t=1730 delta carrier stable sparse_field
t=1731 delta carrier stable sparse_field
t=1732 delta carrier stable sparse_field
t=1733 delta carrier stable sparse_field
t=1734 delta carrier stable sparse_field
t=1735 delta carrier stable sparse_field
t=1736 delta carrier stable sparse_field
t=1737 delta carrier stable sparse_field
t=1738 delta carrier stable sparse_field
t=1739 delta carrier stable sparse_field
t=1740 delta carrier stable sparse_field
t=1741 delta carrier stable sparse_field
t=1742 delta carrier stable sparse_field
t=1743 delta carrier stable sparse_field
t=1744 delta carrier stable sparse_field
t=1745 delta carrier stable sparse_field
t=1746 delta carrier stable sparse_field
t=1747 delta carrier stable sparse_field
t=1748 delta carrier stable sparse_field
t=1749 delta carrier stable sparse_field
t=1750 delta carrier stable sparse_field
t=1751 delta carrier stable sparse_field
t=1752 delta carrier stable sparse_field
t=1753 delta carrier stable sparse_field
t=1754 delta carrier stable sparse_field
t=1755 delta carrier stable sparse_field
t=1756 delta carrier stable sparse_field
t=1757 delta carrier stable sparse_field
t=1758 delta carrier stable sparse_field
t=1759 delta carrier stable sparse_field
t=1760 delta carrier stable sparse_field
t=1761 delta carrier stable sparse_field
t=1762 delta carrier stable sparse_field
t=1763 delta carrier stable sparse_field
t=1764 delta carrier stable sparse_field
t=1765 delta carrier stable sparse_field
t=1766 delta carrier stable sparse_field
t=1767 delta carrier stable sparse_field
t=1768 delta carrier stable sparse_field
t=1769 delta carrier stable sparse_field
t=1770 delta carrier stable sparse_field
t=1771 delta carrier stable sparse_field
t=1772 delta carrier stable sparse_field
t=1773 delta carrier stable sparse_field
t=1774 delta carrier stable sparse_field
t=1775 delta carrier stable sparse_field
t=1776 delta carrier stable sparse_field
t=1777 delta carrier stable sparse_field
t=1778 delta carrier stable sparse_field
t=1779 delta carrier stable sparse_field
t=1780 delta carrier stable sparse_field
t=1781 delta carrier stable sparse_field
t=1782 delta carrier stable sparse_field
t=1783 delta carrier stable sparse_field
t=1784 delta carrier stable sparse_field
t=1785 delta carrier stable sparse_field
t=1786 delta carrier stable sparse_field
t=1787 delta carrier stable sparse_field
t=1788 delta carrier stable sparse_field
t=1789 delta carrier stable sparse_field
t=1790 delta carrier stable sparse_field
t=1791 delta carrier stable sparse_field
t=1792 delta carrier stable sparse_field
t=1793 delta carrier stable sparse_field
t=1794 delta carrier stable sparse_field
t=1795 delta carrier stable sparse_field
t=1796 delta carrier stable sparse_field
t=1797 delta carrier stable sparse_field
t=1798 delta carrier stable sparse_field
t=1799 delta carrier stable sparse_field
t=1800 delta carrier stable sparse_field
t=1801 delta carrier stable sparse_field
t=1802 delta carrier stable sparse_field
t=1803 delta carrier stable sparse_field
t=1804 delta carrier stable sparse_field
t=1805 delta carrier stable sparse_field
t=1806 delta carrier stable sparse_field
t=1807 delta carrier stable sparse_field
t=1808 delta carrier stable sparse_field
t=1809 delta carrier stable sparse_field
t=1810 delta carrier stable sparse_field
t=1811 delta carrier stable sparse_field
t=1812 delta carrier stable sparse_field
t=1813 delta carrier stable sparse_field
t=1814 delta carrier stable sparse_field
t=1815 delta carrier stable sparse_field
t=1816 delta carrier stable sparse_field
t=1817 delta carrier stable sparse_field
t=1818 delta carrier stable sparse_field
t=1819 delta carrier stable sparse_field
t=1820 delta carrier stable sparse_field
t=1821 delta carrier stable sparse_field
t=1822 delta carrier stable sparse_field
t=1823 delta carrier stable sparse_field
t=1824 delta carrier stable sparse_field
t=1825 delta carrier stable sparse_field
t=1826 delta carrier stable sparse_field
t=1827 delta carrier stable sparse_field
t=1828 delta carrier stable sparse_field
t=1829 delta carrier stable sparse_field
t=1830 delta carrier stable sparse_field
t=1831 delta carrier stable sparse_field
t=1832 delta carrier stable sparse_field
t=1833 delta carrier stable sparse_field
t=1834 delta carrier stable sparse_field
t=1835 delta carrier stable sparse_field
t=1836 delta carrier stable sparse_field
t=1837 delta carrier stable sparse_field
t=1838 delta carrier stable sparse_field
t=1839 delta carrier stable sparse_field
t=1840 delta carrier stable sparse_field
t=1841 delta carrier stable sparse_field
t=1842 delta carrier stable sparse_field
t=1843 delta carrier stable sparse_field
t=1844 delta carrier stable sparse_field
t=1845 delta carrier stable sparse_field
t=1846 delta carrier stable sparse_field
t=1847 delta carrier stable sparse_field
t=1848 delta carrier stable sparse_field
t=1849 delta carrier stable sparse_field
t=1850 delta carrier stable sparse_field
t=1851 delta carrier stable sparse_field
t=1852 delta carrier stable sparse_field
t=1853 delta carrier stable sparse_field
t=1854 delta carrier stable sparse_field
t=1855 delta carrier stable sparse_field
t=1856 delta carrier stable sparse_field
t=1857 delta carrier stable sparse_field
t=1858 delta carrier stable sparse_field
t=1859 delta carrier stable sparse_field
t=1860 delta carrier stable sparse_field
t=1861 delta carrier stable sparse_field
t=1862 delta carrier stable sparse_field
t=1863 delta carrier stable sparse_field
t=1864 delta carrier stable sparse_field
t=1865 delta carrier stable sparse_field
t=1866 delta carrier stable sparse_field
t=1867 delta carrier stable sparse_field
t=1868 delta carrier stable sparse_field
t=1869 delta carrier stable sparse_field
t=1870 delta carrier stable sparse_field
t=1871 delta carrier stable sparse_field
t=1872 delta carrier stable sparse_field
t=1873 delta carrier stable sparse_field
t=1874 delta carrier stable sparse_field
t=1875 delta carrier stable sparse_field
t=1876 delta carrier stable sparse_field
t=1877 delta carrier stable sparse_field
t=1878 delta carrier stable sparse_field
t=1879 delta carrier stable sparse_field
t=1880 delta carrier stable sparse_field
t=1881 delta carrier stable sparse_field
t=1882 delta carrier stable sparse_field
t=1883 delta carrier stable sparse_field
t=1884 delta carrier stable sparse_field
t=1885 delta carrier stable sparse_field
t=1886 delta carrier stable sparse_field
t=1887 delta carrier stable sparse_field
t=1888 delta carrier stable sparse_field
t=1889 delta carrier stable sparse_field
t=1890 delta carrier stable sparse_field
t=1891 delta carrier stable sparse_field
t=1892 delta carrier stable sparse_field
t=1893 delta carrier stable sparse_field
t=1894 delta carrier stable sparse_field
t=1895 delta carrier stable sparse_field
t=1896 delta carrier stable sparse_field
t=1897 delta carrier stable sparse_field
t=1898 delta carrier stable sparse_field
t=1899 delta carrier stable sparse_field
t=1900 delta carrier stable sparse_field
t=1901 delta carrier stable sparse_field
t=1902 delta carrier stable sparse_field
t=1903 delta carrier stable sparse_field
t=1904 delta carrier stable sparse_field
t=1905 delta carrier stable sparse_field
t=1906 delta carrier stable sparse_field
t=1907 delta carrier stable sparse_field
t=1908 delta carrier stable sparse_field
t=1909 delta carrier stable sparse_field
t=1910 delta carrier stable sparse_field
t=1911 delta carrier stable sparse_field
t=1912 delta carrier stable sparse_field
t=1913 delta carrier stable sparse_field
t=1914 delta carrier stable sparse_field
t=1915 delta carrier stable sparse_field
t=1916 delta carrier stable sparse_field
t=1917 delta carrier stable sparse_field
t=1918 delta carrier stable sparse_field
t=1919 delta carrier stable sparse_field
t=1920 delta carrier stable sparse_field
t=1921 delta carrier stable sparse_field
t=1922 delta carrier stable sparse_field
t=1923 delta carrier stable sparse_field
t=1924 delta carrier stable sparse_field
t=1925 delta carrier stable sparse_field
t=1926 delta carrier stable sparse_field
t=1927 delta carrier stable sparse_field
t=1928 delta carrier stable sparse_field
t=1929 delta carrier stable sparse_field
t=1930 delta carrier stable sparse_field
t=1931 delta carrier stable sparse_field
t=1932 delta carrier stable sparse_field
t=1933 delta carrier stable sparse_field
t=1934 delta carrier stable sparse_field
t=1935 delta carrier stable sparse_field
t=1936 delta carrier stable sparse_field
t=1937 delta carrier stable sparse_field
t=1938 delta carrier stable sparse_field
t=1939 delta carrier stable sparse_field
t=1940 delta carrier stable sparse_field
t=1941 delta carrier stable sparse_field
t=1942 delta carrier stable sparse_field
t=1943 delta carrier stable sparse_field
t=1944 delta carrier stable sparse_field
t=1945 delta carrier stable sparse_field
t=1946 delta carrier stable sparse_field
t=1947 delta carrier stable sparse_field
t=1948 delta carrier stable sparse_field
t=1949 delta carrier stable sparse_field
t=1950 delta carrier stable sparse_field
t=1951 delta carrier stable sparse_field
t=1952 delta carrier stable sparse_field
t=1953 delta carrier stable sparse_field
t=1954 delta carrier stable sparse_field
t=1955 delta carrier stable sparse_field
t=1956 delta carrier stable sparse_field
t=1957 delta carrier stable sparse_field
t=1958 delta carrier stable sparse_field
t=1959 delta carrier stable sparse_field
t=1960 delta carrier stable sparse_field
t=1961 delta carrier stable sparse_field
t=1962 delta carrier stable sparse_field
t=1963 delta carrier stable sparse_field
t=1964 delta carrier stable sparse_field
t=1965 delta carrier stable sparse_field
t=1966 delta carrier stable sparse_field
t=1967 delta carrier stable sparse_field
t=1968 delta carrier stable sparse_field
t=1969 delta carrier stable sparse_field
t=1970 delta carrier stable sparse_field
t=1971 delta carrier stable sparse_field
t=1972 delta carrier stable sparse_field
t=1973 delta carrier stable sparse_field
t=1974 delta carrier stable sparse_field
t=1975 delta carrier stable sparse_field
t=1976 delta carrier stable sparse_field
t=1977 delta carrier stable sparse_field
t=1978 delta carrier stable sparse_field
t=1979 delta carrier stable sparse_field
t=1980 delta carrier stable sparse_field
t=1981 delta carrier stable sparse_field
t=1982 delta carrier stable sparse_field
t=1983 delta carrier stable sparse_field
t=1984 delta carrier stable sparse_field
t=1985 delta carrier stable sparse_field
t=1986 delta carrier stable sparse_field
t=1987 delta carrier stable sparse_field
t=1988 delta carrier stable sparse_field
t=1989 delta carrier stable sparse_field
t=1990 delta carrier stable sparse_field
t=1991 delta carrier stable sparse_field
t=1992 delta carrier stable sparse_field
t=1993 delta carrier stable sparse_field
t=1994 delta carrier stable sparse_field
t=1995 delta carrier stable sparse_field
t=1996 delta carrier stable sparse_field
t=1997 delta carrier stable sparse_field
t=1998 delta carrier stable sparse_field
t=1999 delta carrier stable sparse_field
t=2000 delta carrier stable sparse_field
